Initialized native services in: /Users/akurait/.gradle/native
Initialized jansi services in: /Users/akurait/.gradle/native
To honour the JVM settings for this build a single-use Daemon process will be forked. For more on this, please refer to https://docs.gradle.org/8.12.1/userguide/gradle_daemon.html#sec:disabling_the_daemon in the Gradle documentation.
Starting process 'Gradle build daemon'. Working directory: /Users/akurait/.gradle/daemon/8.12.1 Command: /Users/akurait/.local/share/mise/installs/java/corretto-21.0.9.10.1/bin/java --add-opens=java.base/java.lang=ALL-UNNAMED --add-opens=java.base/java.lang.invoke=ALL-UNNAMED --add-opens=java.base/java.util=ALL-UNNAMED --add-opens=java.prefs/java.util.prefs=ALL-UNNAMED --add-exports=jdk.compiler/com.sun.tools.javac.api=ALL-UNNAMED --add-exports=jdk.compiler/com.sun.tools.javac.util=ALL-UNNAMED --add-opens=java.base/java.util=ALL-UNNAMED --add-opens=java.prefs/java.util.prefs=ALL-UNNAMED --add-opens=java.base/java.nio.charset=ALL-UNNAMED --add-opens=java.base/java.net=ALL-UNNAMED --add-opens=java.base/java.util.concurrent.atomic=ALL-UNNAMED --add-opens=java.xml/javax.xml.namespace=ALL-UNNAMED -XX:MaxMetaspaceSize=512m -XX:+HeapDumpOnOutOfMemoryError -Xmx2g -Dfile.encoding=UTF-8 -Duser.country=US -Duser.language=en -Duser.variant -cp /Users/akurait/.gradle/wrapper/dists/gradle-8.12.1-bin/eumc4uhoysa37zql93vfjkxy0/gradle-8.12.1/lib/gradle-daemon-main-8.12.1.jar -javaagent:/Users/akurait/.gradle/wrapper/dists/gradle-8.12.1-bin/eumc4uhoysa37zql93vfjkxy0/gradle-8.12.1/lib/agents/gradle-instrumentation-agent-8.12.1.jar org.gradle.launcher.daemon.bootstrap.GradleDaemon 8.12.1
Successfully started process 'Gradle build daemon'
An attempt to start the daemon took 0.708 secs.
The client will now receive all logging from the daemon (pid: 57729). The daemon log file: /Users/akurait/.gradle/daemon/8.12.1/daemon-57729.out.log
Daemon will be stopped at the end of the build 
Using 12 worker leases.
Received JVM installation metadata from '/Users/akurait/.local/share/mise/installs/java/corretto-21.0.9.10.1': {JAVA_HOME=/Users/akurait/.local/share/mise/installs/java/corretto-21.0.9.10.1, JAVA_VERSION=21.0.9, JAVA_VENDOR=Amazon.com Inc., RUNTIME_NAME=OpenJDK Runtime Environment, RUNTIME_VERSION=21.0.9+10-LTS, VM_NAME=OpenJDK 64-Bit Server VM, VM_VERSION=21.0.9+10-LTS, VM_VENDOR=Amazon.com Inc., OS_ARCH=aarch64}
Calculating task graph as configuration cache cannot be reused because an input to build file 'build.gradle' has changed.
Watching the file system is configured to be enabled if available
Now considering [/Users/akurait/workplace/synthetic_source] as hierarchies to watch
Now considering [/Users/akurait/workplace/synthetic_source/buildSrc, /Users/akurait/workplace/synthetic_source] as hierarchies to watch
File system watching is active
Starting Build
Resolved plugin [id: 'com.gradle.develocity', version: '3.18.1']
Resolved plugin [id: 'org.gradle.toolchains.foojay-resolver-convention', version: '0.10.0']
Settings evaluated using settings file '/Users/akurait/workplace/synthetic_source/settings.gradle'.
Using local directory build cache for the root build (location = /Users/akurait/.gradle/caches/build-cache-1, remove unused entries = after 7 days).
Projects loaded. Root project using build file '/Users/akurait/workplace/synthetic_source/build.gradle'.
Included projects: [root project 'OpensearchMigrations', project ':awsUtilities', project ':buildImages', project ':console_link', project ':coreUtilities', project ':CreateSnapshot', project ':dashboardsSanitizer', project ':DataGenerator', project ':deployment', project ':DocumentsFromSnapshotMigration', project ':frontend', project ':jenkinsTests', project ':kiro-cli', project ':libraries', project ':MetadataMigration', project ':migrationConsole', project ':RFS', project ':testHelperFixtures', project ':TrafficCapture', project ':transformation', project ':deployment:migration-assistant-solution', project ':libraries:kafkaCommandLineFormatter', project ':libraries:kafkaUtils', project ':TrafficCapture:captureKafkaOffloader', project ':TrafficCapture:captureOffloader', project ':TrafficCapture:captureProtobufs', project ':TrafficCapture:dockerSolution', project ':TrafficCapture:nettyWireLogging', project ':TrafficCapture:trafficCaptureProxyServer', project ':TrafficCapture:trafficReplayer', project ':transformation:standardJavascriptTransforms', project ':transformation:transformationPlugins', project ':transformation:transformationPlugins:jsonMessageTransformers', project ':transformation:transformationPlugins:jsonMessageTransformers:jsonJMESPathMessageTransformer', project ':transformation:transformationPlugins:jsonMessageTransformers:jsonJMESPathMessageTransformerProvider', project ':transformation:transformationPlugins:jsonMessageTransformers:jsonJoltMessageTransformer', project ':transformation:transformationPlugins:jsonMessageTransformers:jsonJoltMessageTransformerProvider', project ':transformation:transformationPlugins:jsonMessageTransformers:jsonJSTransformer', project ':transformation:transformationPlugins:jsonMessageTransformers:jsonJSTransformerProvider', project ':transformation:transformationPlugins:jsonMessageTransformers:jsonMessageTransformerInterface', project ':transformation:transformationPlugins:jsonMessageTransformers:jsonMessageTransformerLoaders', project ':transformation:transformationPlugins:jsonMessageTransformers:jsonTypeMappingsSanitizationTransformer', project ':transformation:transformationPlugins:jsonMessageTransformers:jsonTypeMappingsSanitizationTransformerProvider']

> Configure project :buildSrc
Evaluating project ':buildSrc' using build file '/Users/akurait/workplace/synthetic_source/buildSrc/build.gradle'.
Resolved plugin [id: 'groovy-gradle-plugin']
file or directory '/Users/akurait/workplace/synthetic_source/buildSrc/src/main/resources', not found
file or directory '/Users/akurait/workplace/synthetic_source/buildSrc/src/main/java', not found
file or directory '/Users/akurait/workplace/synthetic_source/buildSrc/src/main/resources', not found
file or directory '/Users/akurait/workplace/synthetic_source/buildSrc/src/main/java', not found
file or directory '/Users/akurait/workplace/synthetic_source/buildSrc/src/main/resources', not found
file or directory '/Users/akurait/workplace/synthetic_source/buildSrc/src/main/java', not found
Resolve mutations for :buildSrc:extractPluginRequests (Thread[#87,Execution worker,5,main]) started.
:buildSrc:extractPluginRequests (Thread[#87,Execution worker,5,main]) started.

> Task :buildSrc:extractPluginRequests UP-TO-DATE
Build cache key for task ':buildSrc:extractPluginRequests' is eedfcd530b663d62d4edb17d30d2f844
Skipping task ':buildSrc:extractPluginRequests' as it is up-to-date.
Resolve mutations for :buildSrc:generatePluginAdapters (Thread[#87,Execution worker,5,main]) started.
:buildSrc:generatePluginAdapters (Thread[#87,Execution worker,5,main]) started.

> Task :buildSrc:generatePluginAdapters UP-TO-DATE
Build cache key for task ':buildSrc:generatePluginAdapters' is 8b3ca000e7eec34e7b059bec9daaa0b5
Skipping task ':buildSrc:generatePluginAdapters' as it is up-to-date.
Resolve mutations for :buildSrc:compileJava (Thread[#87,Execution worker,5,main]) started.
:buildSrc:compileJava (Thread[#87,Execution worker,5,main]) started.

> Task :buildSrc:compileJava UP-TO-DATE
Build cache key for task ':buildSrc:compileJava' is b85682362bd9124f4a2872fb8c16f492
Skipping task ':buildSrc:compileJava' as it is up-to-date.
Resolve mutations for :buildSrc:compileGroovy (Thread[#87,Execution worker,5,main]) started.
:buildSrc:compileGroovy (Thread[#87,Execution worker,5,main]) started.

> Task :buildSrc:compileGroovy UP-TO-DATE
Build cache key for task ':buildSrc:compileGroovy' is 8c0ad811cae29e2cf84653b133760776
Skipping task ':buildSrc:compileGroovy' as it is up-to-date.
Resolve mutations for :buildSrc:compileGroovyPlugins (Thread[#87,Execution worker,5,main]) started.
:buildSrc:compileGroovyPlugins (Thread[#87,Execution worker,5,main]) started.

> Task :buildSrc:compileGroovyPlugins UP-TO-DATE
Build cache key for task ':buildSrc:compileGroovyPlugins' is 61723fac476cba16f1f3910c00ce106a
Skipping task ':buildSrc:compileGroovyPlugins' as it is up-to-date.
Resolve mutations for :buildSrc:pluginDescriptors (Thread[#87,Execution worker,5,main]) started.
:buildSrc:pluginDescriptors (Thread[#87,Execution worker,5,main]) started.

> Task :buildSrc:pluginDescriptors UP-TO-DATE
Caching disabled for task ':buildSrc:pluginDescriptors' because:
  Not worth caching
Skipping task ':buildSrc:pluginDescriptors' as it is up-to-date.
Resolve mutations for :buildSrc:processResources (Thread[#90,Execution worker Thread 4,5,main]) started.
:buildSrc:processResources (Thread[#90,Execution worker Thread 4,5,main]) started.

> Task :buildSrc:processResources UP-TO-DATE
Caching disabled for task ':buildSrc:processResources' because:
  Not worth caching
Skipping task ':buildSrc:processResources' as it is up-to-date.
Resolve mutations for :buildSrc:classes (Thread[#90,Execution worker Thread 4,5,main]) started.
:buildSrc:classes (Thread[#90,Execution worker Thread 4,5,main]) started.

> Task :buildSrc:classes UP-TO-DATE
Skipping task ':buildSrc:classes' as it has no actions.
Resolve mutations for :buildSrc:jar (Thread[#90,Execution worker Thread 4,5,main]) started.
:buildSrc:jar (Thread[#90,Execution worker Thread 4,5,main]) started.

> Task :buildSrc:jar UP-TO-DATE
Caching disabled for task ':buildSrc:jar' because:
  Not worth caching
Skipping task ':buildSrc:jar' as it is up-to-date.

> Configure project :
Evaluating root project 'OpensearchMigrations' using build file '/Users/akurait/workplace/synthetic_source/build.gradle'.
Resolved plugin [id: 'com.diffplug.spotless', version: '7.2.1']
Resolved plugin [id: 'io.freefair.lombok', version: '8.14.3', apply: false]
Resolved plugin [id: 'me.champeau.jmh', version: '0.7.3', apply: false]
Resolved plugin [id: 'com.gradleup.shadow', version: '8.3.8', apply: false]
Resolved plugin [id: 'com.avast.gradle.docker-compose', version: '0.17.12', apply: false]
Resolved plugin [id: 'com.github.node-gradle.node', version: '7.1.0', apply: false]
Resolved plugin [id: 'com.google.protobuf', version: '0.9.6', apply: false]
Resolved plugin [id: 'com.google.cloud.tools.jib', apply: false]
Resolved plugin [id: 'jacoco']

> Configure project :awsUtilities
Evaluating project ':awsUtilities' using build file '/Users/akurait/workplace/synthetic_source/awsUtilities/build.gradle'.
Resolved plugin [id: 'org.opensearch.migrations.java-library-conventions']
Resolved plugin [id: 'io.freefair.lombok']

> Configure project :buildImages
Evaluating project ':buildImages' using build file '/Users/akurait/workplace/synthetic_source/buildImages/build.gradle'.

> Configure project :console_link
Evaluating project ':console_link' using build file '/Users/akurait/workplace/synthetic_source/migrationConsole/lib/console_link/build.gradle'.
Resolved plugin [id: 'base']

> Configure project :coreUtilities
Evaluating project ':coreUtilities' using build file '/Users/akurait/workplace/synthetic_source/coreUtilities/build.gradle'.
Resolved plugin [id: 'org.opensearch.migrations.java-library-conventions']
Resolved plugin [id: 'io.freefair.lombok']
Resolved plugin [id: 'java-test-fixtures']

> Configure project :CreateSnapshot
Evaluating project ':CreateSnapshot' using build file '/Users/akurait/workplace/synthetic_source/CreateSnapshot/build.gradle'.
Resolved plugin [id: 'io.freefair.lombok']
Resolved plugin [id: 'org.opensearch.migrations.java-application-conventions']

> Configure project :dashboardsSanitizer
Evaluating project ':dashboardsSanitizer' using build file '/Users/akurait/workplace/synthetic_source/dashboardsSanitizer/build.gradle'.
Resolved plugin [id: 'org.opensearch.migrations.java-application-conventions']
Resolved plugin [id: 'io.freefair.lombok']

> Configure project :DataGenerator
Evaluating project ':DataGenerator' using build file '/Users/akurait/workplace/synthetic_source/DataGenerator/build.gradle'.
Resolved plugin [id: 'org.opensearch.migrations.java-application-conventions']
Resolved plugin [id: 'io.freefair.lombok']

> Configure project :deployment
Evaluating project ':deployment' using build file '/Users/akurait/workplace/synthetic_source/deployment/build.gradle'.

> Configure project :DocumentsFromSnapshotMigration
Evaluating project ':DocumentsFromSnapshotMigration' using build file '/Users/akurait/workplace/synthetic_source/DocumentsFromSnapshotMigration/build.gradle'.
Resolved plugin [id: 'org.opensearch.migrations.java-application-conventions']
Resolved plugin [id: 'io.freefair.lombok']
Resolved plugin [id: 'com.avast.gradle.docker-compose']
Resolved plugin [id: 'com.bmuschko.docker-remote-api']

> Configure project :frontend
Evaluating project ':frontend' using build file '/Users/akurait/workplace/synthetic_source/frontend/build.gradle'.
Resolved plugin [id: 'com.github.node-gradle.node', version: '7.1.0']
Resolved plugin [id: 'com.bmuschko.docker-remote-api']
Starting process 'command 'uname''. Working directory: /Users/akurait/workplace/synthetic_source Command: uname -m
Successfully started process 'command 'uname''

> Configure project :jenkinsTests
Evaluating project ':jenkinsTests' using build file '/Users/akurait/workplace/synthetic_source/jenkinsTests/build.gradle'.
Resolved plugin [id: 'groovy']
Resolved plugin [id: 'java']
file or directory '/Users/akurait/workplace/synthetic_source/jenkinsTests/src/test/resources', not found
file or directory '/Users/akurait/workplace/synthetic_source/jenkinsTests/src/test/java', not found

> Configure project :kiro-cli
Evaluating project ':kiro-cli' using build file '/Users/akurait/workplace/synthetic_source/kiro-cli/build.gradle'.
Resolved plugin [id: 'base']

> Configure project :libraries
Evaluating project ':libraries' using build file '/Users/akurait/workplace/synthetic_source/libraries/build.gradle'.

> Configure project :MetadataMigration
Evaluating project ':MetadataMigration' using build file '/Users/akurait/workplace/synthetic_source/MetadataMigration/build.gradle'.
Resolved plugin [id: 'org.opensearch.migrations.java-application-conventions']
Resolved plugin [id: 'io.freefair.lombok']

> Configure project :migrationConsole
Evaluating project ':migrationConsole' using build file '/Users/akurait/workplace/synthetic_source/migrationConsole/build.gradle'.
Resolved plugin [id: 'org.opensearch.migrations.java-library-conventions']
Resolved plugin [id: 'com.bmuschko.docker-remote-api']
Resolved plugin [id: 'com.github.node-gradle.node']
file or directory '/Users/akurait/workplace/synthetic_source/migrationConsole/src/test/resources', not found
file or directory '/Users/akurait/workplace/synthetic_source/migrationConsole/src/test/java', not found
Starting process 'command 'uname''. Working directory: /Users/akurait/workplace/synthetic_source Command: uname -m
Successfully started process 'command 'uname''

> Configure project :RFS
Evaluating project ':RFS' using build file '/Users/akurait/workplace/synthetic_source/RFS/build.gradle'.
Resolved plugin [id: 'org.opensearch.migrations.java-library-conventions']
Resolved plugin [id: 'io.freefair.lombok']
Resolved plugin [id: 'java-test-fixtures']
Resolved plugin [id: 'me.champeau.jmh']
Resolved plugin [id: 'com.gradleup.shadow']

> Configure project :testHelperFixtures
Evaluating project ':testHelperFixtures' using build file '/Users/akurait/workplace/synthetic_source/testHelperFixtures/build.gradle'.
Resolved plugin [id: 'org.opensearch.migrations.java-library-conventions']
Resolved plugin [id: 'io.freefair.lombok']
Resolved plugin [id: 'java-test-fixtures']
file or directory '/Users/akurait/workplace/synthetic_source/testHelperFixtures/src/test/resources', not found

> Configure project :TrafficCapture
Evaluating project ':TrafficCapture' using build file '/Users/akurait/workplace/synthetic_source/TrafficCapture/build.gradle'.
file or directory '/Users/akurait/workplace/synthetic_source/TrafficCapture/captureProtobufs/src/test/resources', not found
file or directory '/Users/akurait/workplace/synthetic_source/TrafficCapture/captureProtobufs/src/test/java', not found
file or directory '/Users/akurait/workplace/synthetic_source/TrafficCapture/dockerSolution/src/test/resources', not found
file or directory '/Users/akurait/workplace/synthetic_source/TrafficCapture/dockerSolution/src/test/java', not found
file or directory '/Users/akurait/workplace/synthetic_source/TrafficCapture/src/test/resources', not found
file or directory '/Users/akurait/workplace/synthetic_source/TrafficCapture/src/test/java', not found

> Configure project :transformation
Evaluating project ':transformation' using build file '/Users/akurait/workplace/synthetic_source/transformation/build.gradle'.
Resolved plugin [id: 'org.opensearch.migrations.java-library-conventions']
Resolved plugin [id: 'io.freefair.lombok']
Resolved plugin [id: 'java-test-fixtures']

> Configure project :deployment:migration-assistant-solution
Evaluating project ':deployment:migration-assistant-solution' using build file '/Users/akurait/workplace/synthetic_source/deployment/migration-assistant-solution/build.gradle'.
Resolved plugin [id: 'org.opensearch.migrations.java-library-conventions']
Resolved plugin [id: 'com.bmuschko.docker-remote-api']
Resolved plugin [id: 'com.github.node-gradle.node']
file or directory '/Users/akurait/workplace/synthetic_source/deployment/migration-assistant-solution/src/test/resources', not found
file or directory '/Users/akurait/workplace/synthetic_source/deployment/migration-assistant-solution/src/test/java', not found
Starting process 'command 'uname''. Working directory: /Users/akurait/workplace/synthetic_source Command: uname -m
Successfully started process 'command 'uname''

> Configure project :libraries:kafkaCommandLineFormatter
Evaluating project ':libraries:kafkaCommandLineFormatter' using build file '/Users/akurait/workplace/synthetic_source/libraries/kafkaCommandLineFormatter/build.gradle'.
Resolved plugin [id: 'org.opensearch.migrations.java-library-conventions']
Resolved plugin [id: 'io.freefair.lombok']
file or directory '/Users/akurait/workplace/synthetic_source/libraries/kafkaCommandLineFormatter/src/test/resources', not found
file or directory '/Users/akurait/workplace/synthetic_source/libraries/kafkaCommandLineFormatter/src/test/java', not found

> Configure project :libraries:kafkaUtils
Evaluating project ':libraries:kafkaUtils' using build file '/Users/akurait/workplace/synthetic_source/libraries/kafkaUtils/build.gradle'.
Resolved plugin [id: 'org.opensearch.migrations.java-application-conventions']
Resolved plugin [id: 'io.freefair.lombok']
file or directory '/Users/akurait/workplace/synthetic_source/libraries/kafkaUtils/src/test/resources', not found
file or directory '/Users/akurait/workplace/synthetic_source/libraries/kafkaUtils/src/test/java', not found

> Configure project :TrafficCapture:captureKafkaOffloader
Evaluating project ':TrafficCapture:captureKafkaOffloader' using build file '/Users/akurait/workplace/synthetic_source/TrafficCapture/captureKafkaOffloader/build.gradle'.
Resolved plugin [id: 'org.opensearch.migrations.java-library-conventions']
Resolved plugin [id: 'io.freefair.lombok']

> Configure project :TrafficCapture:captureOffloader
Evaluating project ':TrafficCapture:captureOffloader' using build file '/Users/akurait/workplace/synthetic_source/TrafficCapture/captureOffloader/build.gradle'.
Resolved plugin [id: 'org.opensearch.migrations.java-library-conventions']
Resolved plugin [id: 'io.freefair.lombok']
Resolved plugin [id: 'java-test-fixtures']

> Configure project :TrafficCapture:captureProtobufs
Evaluating project ':TrafficCapture:captureProtobufs' using build file '/Users/akurait/workplace/synthetic_source/TrafficCapture/captureProtobufs/build.gradle'.
Resolved plugin [id: 'org.opensearch.migrations.java-library-conventions']
Resolved plugin [id: 'com.google.protobuf']
The com.google.protobuf plugin was already applied to the project: :TrafficCapture:captureProtobufs and will not be applied again after plugin: java-library
------------------------------------------------------------------------
Detecting the operating system and CPU architecture
------------------------------------------------------------------------
os.detected.name=osx
os.detected.arch=aarch_64
os.detected.bitness=64
os.detected.version=26.2
os.detected.version.major=26
os.detected.version.minor=2
os.detected.classifier=osx-aarch_64

> Configure project :TrafficCapture:dockerSolution
Evaluating project ':TrafficCapture:dockerSolution' using build file '/Users/akurait/workplace/synthetic_source/TrafficCapture/dockerSolution/build.gradle'.
Resolved plugin [id: 'org.opensearch.migrations.java-library-conventions']
Resolved plugin [id: 'com.avast.gradle.docker-compose']
Resolved plugin [id: 'com.bmuschko.docker-remote-api']

> Configure project :TrafficCapture:nettyWireLogging
Evaluating project ':TrafficCapture:nettyWireLogging' using build file '/Users/akurait/workplace/synthetic_source/TrafficCapture/nettyWireLogging/build.gradle'.
Resolved plugin [id: 'org.opensearch.migrations.java-library-conventions']
Resolved plugin [id: 'io.freefair.lombok']

> Configure project :TrafficCapture:trafficCaptureProxyServer
Evaluating project ':TrafficCapture:trafficCaptureProxyServer' using build file '/Users/akurait/workplace/synthetic_source/TrafficCapture/trafficCaptureProxyServer/build.gradle'.
Resolved plugin [id: 'org.opensearch.migrations.java-application-conventions']
Resolved plugin [id: 'io.freefair.lombok']
Resolved plugin [id: 'com.google.cloud.tools.jib']

> Configure project :TrafficCapture:trafficReplayer
Evaluating project ':TrafficCapture:trafficReplayer' using build file '/Users/akurait/workplace/synthetic_source/TrafficCapture/trafficReplayer/build.gradle'.
Resolved plugin [id: 'org.opensearch.migrations.java-application-conventions']
Resolved plugin [id: 'io.freefair.lombok']
Resolved plugin [id: 'java-test-fixtures']
Resolved plugin [id: 'com.google.cloud.tools.jib']

> Configure project :transformation:standardJavascriptTransforms
Evaluating project ':transformation:standardJavascriptTransforms' using build file '/Users/akurait/workplace/synthetic_source/transformation/standardJavascriptTransforms/build.gradle'.
Resolved plugin [id: 'base']
Resolved plugin [id: 'com.github.node-gradle.node', version: '7.1.0']
Starting process 'command 'uname''. Working directory: /Users/akurait/workplace/synthetic_source Command: uname -m
Successfully started process 'command 'uname''

> Configure project :transformation:transformationPlugins
Evaluating project ':transformation:transformationPlugins' using build file '/Users/akurait/workplace/synthetic_source/transformation/transformationPlugins/build.gradle'.

> Configure project :transformation:transformationPlugins:jsonMessageTransformers
Evaluating project ':transformation:transformationPlugins:jsonMessageTransformers' using build file '/Users/akurait/workplace/synthetic_source/transformation/transformationPlugins/jsonMessageTransformers/build.gradle'.

> Configure project :transformation:transformationPlugins:jsonMessageTransformers:jsonJMESPathMessageTransformer
Evaluating project ':transformation:transformationPlugins:jsonMessageTransformers:jsonJMESPathMessageTransformer' using build file '/Users/akurait/workplace/synthetic_source/transformation/transformationPlugins/jsonMessageTransformers/jsonJMESPathMessageTransformer/build.gradle'.
Resolved plugin [id: 'org.opensearch.migrations.java-library-conventions']
Resolved plugin [id: 'io.freefair.lombok']
file or directory '/Users/akurait/workplace/synthetic_source/transformation/transformationPlugins/jsonMessageTransformers/jsonJMESPathMessageTransformer/src/test/resources', not found
file or directory '/Users/akurait/workplace/synthetic_source/transformation/transformationPlugins/jsonMessageTransformers/jsonJMESPathMessageTransformer/src/test/java', not found

> Configure project :transformation:transformationPlugins:jsonMessageTransformers:jsonJMESPathMessageTransformerProvider
Evaluating project ':transformation:transformationPlugins:jsonMessageTransformers:jsonJMESPathMessageTransformerProvider' using build file '/Users/akurait/workplace/synthetic_source/transformation/transformationPlugins/jsonMessageTransformers/jsonJMESPathMessageTransformerProvider/build.gradle'.
Resolved plugin [id: 'org.opensearch.migrations.java-library-conventions']
Resolved plugin [id: 'io.freefair.lombok']

> Configure project :transformation:transformationPlugins:jsonMessageTransformers:jsonJoltMessageTransformer
Evaluating project ':transformation:transformationPlugins:jsonMessageTransformers:jsonJoltMessageTransformer' using build file '/Users/akurait/workplace/synthetic_source/transformation/transformationPlugins/jsonMessageTransformers/jsonJoltMessageTransformer/build.gradle'.
Resolved plugin [id: 'org.opensearch.migrations.java-library-conventions']
Resolved plugin [id: 'io.freefair.lombok']
file or directory '/Users/akurait/workplace/synthetic_source/transformation/transformationPlugins/jsonMessageTransformers/jsonJoltMessageTransformer/src/test/resources', not found
file or directory '/Users/akurait/workplace/synthetic_source/transformation/transformationPlugins/jsonMessageTransformers/jsonJoltMessageTransformer/src/test/java', not found

> Configure project :transformation:transformationPlugins:jsonMessageTransformers:jsonJoltMessageTransformerProvider
Evaluating project ':transformation:transformationPlugins:jsonMessageTransformers:jsonJoltMessageTransformerProvider' using build file '/Users/akurait/workplace/synthetic_source/transformation/transformationPlugins/jsonMessageTransformers/jsonJoltMessageTransformerProvider/build.gradle'.
Resolved plugin [id: 'org.opensearch.migrations.java-library-conventions']
Resolved plugin [id: 'io.freefair.lombok']

> Configure project :transformation:transformationPlugins:jsonMessageTransformers:jsonJSTransformer
Evaluating project ':transformation:transformationPlugins:jsonMessageTransformers:jsonJSTransformer' using build file '/Users/akurait/workplace/synthetic_source/transformation/transformationPlugins/jsonMessageTransformers/jsonJSTransformer/build.gradle'.
Resolved plugin [id: 'org.opensearch.migrations.java-library-conventions']
Resolved plugin [id: 'io.freefair.lombok']
Resolved plugin [id: 'de.undercouch.download', version: '5.4.0']
file or directory '/Users/akurait/workplace/synthetic_source/transformation/transformationPlugins/jsonMessageTransformers/jsonJSTransformer/src/test/resources', not found

> Configure project :transformation:transformationPlugins:jsonMessageTransformers:jsonJSTransformerProvider
Evaluating project ':transformation:transformationPlugins:jsonMessageTransformers:jsonJSTransformerProvider' using build file '/Users/akurait/workplace/synthetic_source/transformation/transformationPlugins/jsonMessageTransformers/jsonJSTransformerProvider/build.gradle'.
Resolved plugin [id: 'org.opensearch.migrations.java-library-conventions']
Resolved plugin [id: 'io.freefair.lombok']
file or directory '/Users/akurait/workplace/synthetic_source/transformation/transformationPlugins/jsonMessageTransformers/jsonJSTransformerProvider/src/test/resources', not found

> Configure project :transformation:transformationPlugins:jsonMessageTransformers:jsonMessageTransformerInterface
Evaluating project ':transformation:transformationPlugins:jsonMessageTransformers:jsonMessageTransformerInterface' using build file '/Users/akurait/workplace/synthetic_source/transformation/transformationPlugins/jsonMessageTransformers/jsonMessageTransformerInterface/build.gradle'.
Resolved plugin [id: 'org.opensearch.migrations.java-library-conventions']
Resolved plugin [id: 'io.freefair.lombok']
file or directory '/Users/akurait/workplace/synthetic_source/transformation/transformationPlugins/jsonMessageTransformers/jsonMessageTransformerInterface/src/test/resources', not found

> Configure project :transformation:transformationPlugins:jsonMessageTransformers:jsonMessageTransformerLoaders
Evaluating project ':transformation:transformationPlugins:jsonMessageTransformers:jsonMessageTransformerLoaders' using build file '/Users/akurait/workplace/synthetic_source/transformation/transformationPlugins/jsonMessageTransformers/jsonMessageTransformerLoaders/build.gradle'.
Resolved plugin [id: 'org.opensearch.migrations.java-library-conventions']
Resolved plugin [id: 'io.freefair.lombok']

> Configure project :transformation:transformationPlugins:jsonMessageTransformers:jsonTypeMappingsSanitizationTransformer
Evaluating project ':transformation:transformationPlugins:jsonMessageTransformers:jsonTypeMappingsSanitizationTransformer' using build file '/Users/akurait/workplace/synthetic_source/transformation/transformationPlugins/jsonMessageTransformers/jsonTypeMappingsSanitizationTransformer/build.gradle'.
Resolved plugin [id: 'io.freefair.lombok']
Resolved plugin [id: 'org.opensearch.migrations.java-library-conventions']
Resolved plugin [id: 'java-test-fixtures']
file or directory '/Users/akurait/workplace/synthetic_source/transformation/transformationPlugins/jsonMessageTransformers/jsonTypeMappingsSanitizationTransformer/src/test/resources', not found

> Configure project :transformation:transformationPlugins:jsonMessageTransformers:jsonTypeMappingsSanitizationTransformerProvider
Evaluating project ':transformation:transformationPlugins:jsonMessageTransformers:jsonTypeMappingsSanitizationTransformerProvider' using build file '/Users/akurait/workplace/synthetic_source/transformation/transformationPlugins/jsonMessageTransformers/jsonTypeMappingsSanitizationTransformerProvider/build.gradle'.
Resolved plugin [id: 'org.opensearch.migrations.java-library-conventions']
Resolved plugin [id: 'io.freefair.lombok']
All projects evaluated.
Configuring Jib builds for architecture: multi
Task path ':DocumentsFromSnapshotMigration:isolatedTest' matched project ':DocumentsFromSnapshotMigration'
Task name matched 'isolatedTest'
Selected primary task 'isolatedTest' from project :DocumentsFromSnapshotMigration
Starting process 'command '/usr/libexec/java_home''. Working directory: /Users/akurait/.gradle/daemon/8.12.1 Command: /usr/libexec/java_home -V
Successfully started process 'command '/usr/libexec/java_home''
Starting process 'command '/Library/Java/JavaVirtualMachines/amazon-corretto-17.jdk/Contents/Home/bin/java''. Working directory: /Users/akurait/.gradle/.tmp/tmp-jvm17757438457177938438probe Command: /Library/Java/JavaVirtualMachines/amazon-corretto-17.jdk/Contents/Home/bin/java -Xmx32m -Xms32m -cp . JavaProbe
Successfully started process 'command '/Library/Java/JavaVirtualMachines/amazon-corretto-17.jdk/Contents/Home/bin/java''
Received JVM installation metadata from '/Library/Java/JavaVirtualMachines/amazon-corretto-17.jdk/Contents/Home': {JAVA_HOME=/Library/Java/JavaVirtualMachines/amazon-corretto-17.jdk/Contents/Home, JAVA_VERSION=17.0.16, JAVA_VENDOR=Amazon.com Inc., RUNTIME_NAME=OpenJDK Runtime Environment, RUNTIME_VERSION=17.0.16+8-LTS, VM_NAME=OpenJDK 64-Bit Server VM, VM_VERSION=17.0.16+8-LTS, VM_VENDOR=Amazon.com Inc., OS_ARCH=aarch64}
Starting process 'command '/Library/Java/JavaVirtualMachines/jbr_jcef-21.0.7-osx-aarch64-b1038.58/Contents/Home/bin/java''. Working directory: /Users/akurait/.gradle/.tmp/tmp-jvm14354022090297463767probe Command: /Library/Java/JavaVirtualMachines/jbr_jcef-21.0.7-osx-aarch64-b1038.58/Contents/Home/bin/java -Xmx32m -Xms32m -cp . JavaProbe
Successfully started process 'command '/Library/Java/JavaVirtualMachines/jbr_jcef-21.0.7-osx-aarch64-b1038.58/Contents/Home/bin/java''
Received JVM installation metadata from '/Library/Java/JavaVirtualMachines/jbr_jcef-21.0.7-osx-aarch64-b1038.58/Contents/Home': {JAVA_HOME=/Library/Java/JavaVirtualMachines/jbr_jcef-21.0.7-osx-aarch64-b1038.58/Contents/Home, JAVA_VERSION=21.0.7, JAVA_VENDOR=JetBrains s.r.o., RUNTIME_NAME=OpenJDK Runtime Environment, RUNTIME_VERSION=21.0.7+6-b1038.58, VM_NAME=OpenJDK 64-Bit Server VM, VM_VERSION=21.0.7+6-b1038.58, VM_VENDOR=JetBrains s.r.o., OS_ARCH=aarch64}
Starting process 'command '/Library/Java/JavaVirtualMachines/temurin-21.jdk/Contents/Home/bin/java''. Working directory: /Users/akurait/.gradle/.tmp/tmp-jvm4137877755747739623probe Command: /Library/Java/JavaVirtualMachines/temurin-21.jdk/Contents/Home/bin/java -Xmx32m -Xms32m -cp . JavaProbe
Successfully started process 'command '/Library/Java/JavaVirtualMachines/temurin-21.jdk/Contents/Home/bin/java''
Received JVM installation metadata from '/Library/Java/JavaVirtualMachines/temurin-21.jdk/Contents/Home': {JAVA_HOME=/Library/Java/JavaVirtualMachines/temurin-21.jdk/Contents/Home, JAVA_VERSION=21.0.9, JAVA_VENDOR=Eclipse Adoptium, RUNTIME_NAME=OpenJDK Runtime Environment, RUNTIME_VERSION=21.0.9+10-LTS, VM_NAME=OpenJDK 64-Bit Server VM, VM_VERSION=21.0.9+10-LTS, VM_VENDOR=Eclipse Adoptium, OS_ARCH=aarch64}
Starting process 'command '/Library/Java/JavaVirtualMachines/amazon-corretto-11.jdk/Contents/Home/bin/java''. Working directory: /Users/akurait/.gradle/.tmp/tmp-jvm15989686344433658660probe Command: /Library/Java/JavaVirtualMachines/amazon-corretto-11.jdk/Contents/Home/bin/java -Xmx32m -Xms32m -cp . JavaProbe
Successfully started process 'command '/Library/Java/JavaVirtualMachines/amazon-corretto-11.jdk/Contents/Home/bin/java''
Received JVM installation metadata from '/Library/Java/JavaVirtualMachines/amazon-corretto-11.jdk/Contents/Home': {JAVA_HOME=/Library/Java/JavaVirtualMachines/amazon-corretto-11.jdk/Contents/Home, JAVA_VERSION=11.0.28, JAVA_VENDOR=Amazon.com Inc., RUNTIME_NAME=OpenJDK Runtime Environment, RUNTIME_VERSION=11.0.28+6-LTS, VM_NAME=OpenJDK 64-Bit Server VM, VM_VERSION=11.0.28+6-LTS, VM_VENDOR=Amazon.com Inc., OS_ARCH=aarch64}
Starting process 'command '/Library/Java/JavaVirtualMachines/jbr_jcef-17.0.12-osx-aarch64-b1207.37/Contents/Home/bin/java''. Working directory: /Users/akurait/.gradle/.tmp/tmp-jvm8985525245720813841probe Command: /Library/Java/JavaVirtualMachines/jbr_jcef-17.0.12-osx-aarch64-b1207.37/Contents/Home/bin/java -Xmx32m -Xms32m -cp . JavaProbe
Successfully started process 'command '/Library/Java/JavaVirtualMachines/jbr_jcef-17.0.12-osx-aarch64-b1207.37/Contents/Home/bin/java''
Received JVM installation metadata from '/Library/Java/JavaVirtualMachines/jbr_jcef-17.0.12-osx-aarch64-b1207.37/Contents/Home': {JAVA_HOME=/Library/Java/JavaVirtualMachines/jbr_jcef-17.0.12-osx-aarch64-b1207.37/Contents/Home, JAVA_VERSION=17.0.12, JAVA_VENDOR=JetBrains s.r.o., RUNTIME_NAME=OpenJDK Runtime Environment, RUNTIME_VERSION=17.0.12+1-b1207.37, VM_NAME=OpenJDK 64-Bit Server VM, VM_VERSION=17.0.12+1-b1207.37, VM_VENDOR=JetBrains s.r.o., OS_ARCH=aarch64}
Starting process 'command '/Library/Java/JavaVirtualMachines/temurin-25.jdk/Contents/Home/bin/java''. Working directory: /Users/akurait/.gradle/.tmp/tmp-jvm2015414638930805512probe Command: /Library/Java/JavaVirtualMachines/temurin-25.jdk/Contents/Home/bin/java -Xmx32m -Xms32m -cp . JavaProbe
Successfully started process 'command '/Library/Java/JavaVirtualMachines/temurin-25.jdk/Contents/Home/bin/java''
Received JVM installation metadata from '/Library/Java/JavaVirtualMachines/temurin-25.jdk/Contents/Home': {JAVA_HOME=/Library/Java/JavaVirtualMachines/temurin-25.jdk/Contents/Home, JAVA_VERSION=25.0.1, JAVA_VENDOR=Eclipse Adoptium, RUNTIME_NAME=OpenJDK Runtime Environment, RUNTIME_VERSION=25.0.1+8-LTS, VM_NAME=OpenJDK 64-Bit Server VM, VM_VERSION=25.0.1+8-LTS, VM_VENDOR=Eclipse Adoptium, OS_ARCH=aarch64}
Starting process 'command '/Library/Java/JavaVirtualMachines/amazon-corretto-21.jdk/Contents/Home/bin/java''. Working directory: /Users/akurait/.gradle/.tmp/tmp-jvm8051477278114535720probe Command: /Library/Java/JavaVirtualMachines/amazon-corretto-21.jdk/Contents/Home/bin/java -Xmx32m -Xms32m -cp . JavaProbe
Successfully started process 'command '/Library/Java/JavaVirtualMachines/amazon-corretto-21.jdk/Contents/Home/bin/java''
Received JVM installation metadata from '/Library/Java/JavaVirtualMachines/amazon-corretto-21.jdk/Contents/Home': {JAVA_HOME=/Library/Java/JavaVirtualMachines/amazon-corretto-21.jdk/Contents/Home, JAVA_VERSION=21.0.8, JAVA_VENDOR=Amazon.com Inc., RUNTIME_NAME=OpenJDK Runtime Environment, RUNTIME_VERSION=21.0.8+9-LTS, VM_NAME=OpenJDK 64-Bit Server VM, VM_VERSION=21.0.8+9-LTS, VM_VENDOR=Amazon.com Inc., OS_ARCH=aarch64}
Tasks to be executed: [task ':coreUtilities:generateEffectiveLombokConfig', task ':coreUtilities:compileJava', task ':DocumentsFromSnapshotMigration:generateEffectiveLombokConfig', task ':awsUtilities:generateEffectiveLombokConfig', task ':awsUtilities:compileJava', task ':RFS:generateEffectiveLombokConfig', task ':RFS:shadowLucene5', task ':RFS:shadowLucene6', task ':RFS:shadowLucene7', task ':RFS:shadowLucene9', task ':transformation:generateEffectiveLombokConfig', task ':transformation:transformationPlugins:jsonMessageTransformers:jsonMessageTransformerInterface:generateEffectiveLombokConfig', task ':transformation:transformationPlugins:jsonMessageTransformers:jsonMessageTransformerInterface:compileJava', task ':transformation:compileJava', task ':RFS:compileJava', task ':transformation:transformationPlugins:jsonMessageTransformers:jsonMessageTransformerLoaders:generateEffectiveLombokConfig', task ':transformation:transformationPlugins:jsonMessageTransformers:jsonMessageTransformerLoaders:compileJava', task ':DocumentsFromSnapshotMigration:compileJava', task ':DocumentsFromSnapshotMigration:processResources', task ':DocumentsFromSnapshotMigration:classes', task ':DocumentsFromSnapshotMigration:jar', task ':DocumentsFromSnapshotMigration:generateTestFixturesEffectiveLombokConfig', task ':DocumentsFromSnapshotMigration:compileTestFixturesJava', task ':DocumentsFromSnapshotMigration:processTestFixturesResources', task ':DocumentsFromSnapshotMigration:testFixturesClasses', task ':DocumentsFromSnapshotMigration:testFixturesJar', task ':awsUtilities:processResources', task ':awsUtilities:classes', task ':awsUtilities:jar', task ':coreUtilities:processResources', task ':coreUtilities:classes', task ':coreUtilities:jar', task ':coreUtilities:generateTestFixturesEffectiveLombokConfig', task ':coreUtilities:compileTestFixturesJava', task ':coreUtilities:processTestFixturesResources', task ':coreUtilities:testFixturesClasses', task ':coreUtilities:testFixturesJar', task ':CreateSnapshot:generateEffectiveLombokConfig', task ':CreateSnapshot:compileJava', task ':CreateSnapshot:processResources', task ':CreateSnapshot:classes', task ':CreateSnapshot:jar', task ':DataGenerator:generateEffectiveLombokConfig', task ':DataGenerator:compileJava', task ':DataGenerator:processResources', task ':DataGenerator:classes', task ':DataGenerator:jar', task ':DocumentsFromSnapshotMigration:generateTestEffectiveLombokConfig', task ':MetadataMigration:generateEffectiveLombokConfig', task ':MetadataMigration:compileJava', task ':MetadataMigration:processResources', task ':MetadataMigration:classes', task ':MetadataMigration:jar', task ':RFS:generateTestFixturesEffectiveLombokConfig', task ':RFS:compileTestFixturesJava', task ':testHelperFixtures:generateEffectiveLombokConfig', task ':testHelperFixtures:compileJava', task ':testHelperFixtures:generateTestFixturesEffectiveLombokConfig', task ':testHelperFixtures:compileTestFixturesJava', task ':DocumentsFromSnapshotMigration:compileTestJava', task ':DocumentsFromSnapshotMigration:delombok', task ':DocumentsFromSnapshotMigration:javadoc', task ':DocumentsFromSnapshotMigration:processTestResources', task ':DocumentsFromSnapshotMigration:testClasses', task ':RFS:processResources', task ':RFS:classes', task ':RFS:jar', task ':RFS:processTestFixturesResources', task ':RFS:testFixturesClasses', task ':RFS:testFixturesJar', task ':testHelperFixtures:processResources', task ':testHelperFixtures:classes', task ':testHelperFixtures:jar', task ':testHelperFixtures:processTestFixturesResources', task ':testHelperFixtures:testFixturesClasses', task ':testHelperFixtures:testFixturesJar', task ':transformation:processResources', task ':transformation:classes', task ':transformation:jar', task ':transformation:transformationPlugins:jsonMessageTransformers:jsonJMESPathMessageTransformer:generateEffectiveLombokConfig', task ':transformation:transformationPlugins:jsonMessageTransformers:jsonJMESPathMessageTransformer:compileJava', task ':transformation:transformationPlugins:jsonMessageTransformers:jsonJMESPathMessageTransformer:processResources', task ':transformation:transformationPlugins:jsonMessageTransformers:jsonJMESPathMessageTransformer:classes', task ':transformation:transformationPlugins:jsonMessageTransformers:jsonJMESPathMessageTransformer:jar', task ':transformation:transformationPlugins:jsonMessageTransformers:jsonJMESPathMessageTransformerProvider:generateEffectiveLombokConfig', task ':transformation:transformationPlugins:jsonMessageTransformers:jsonJMESPathMessageTransformerProvider:compileJava', task ':transformation:transformationPlugins:jsonMessageTransformers:jsonJMESPathMessageTransformerProvider:processResources', task ':transformation:transformationPlugins:jsonMessageTransformers:jsonJMESPathMessageTransformerProvider:classes', task ':transformation:transformationPlugins:jsonMessageTransformers:jsonJMESPathMessageTransformerProvider:jar', task ':transformation:transformationPlugins:jsonMessageTransformers:jsonJoltMessageTransformer:generateEffectiveLombokConfig', task ':transformation:transformationPlugins:jsonMessageTransformers:jsonJoltMessageTransformer:compileJava', task ':transformation:transformationPlugins:jsonMessageTransformers:jsonJoltMessageTransformer:processResources', task ':transformation:transformationPlugins:jsonMessageTransformers:jsonJoltMessageTransformer:classes', task ':transformation:transformationPlugins:jsonMessageTransformers:jsonJoltMessageTransformer:jar', task ':transformation:transformationPlugins:jsonMessageTransformers:jsonJoltMessageTransformerProvider:generateEffectiveLombokConfig', task ':transformation:transformationPlugins:jsonMessageTransformers:jsonJoltMessageTransformerProvider:compileJava', task ':transformation:transformationPlugins:jsonMessageTransformers:jsonJoltMessageTransformerProvider:processResources', task ':transformation:transformationPlugins:jsonMessageTransformers:jsonJoltMessageTransformerProvider:classes', task ':transformation:transformationPlugins:jsonMessageTransformers:jsonJoltMessageTransformerProvider:jar', task ':transformation:standardJavascriptTransforms:packageJs', task ':transformation:transformationPlugins:jsonMessageTransformers:jsonJSTransformer:generateEffectiveLombokConfig', task ':transformation:transformationPlugins:jsonMessageTransformers:jsonJSTransformer:compileJava', task ':transformation:transformationPlugins:jsonMessageTransformers:jsonJSTransformer:processResources', task ':transformation:transformationPlugins:jsonMessageTransformers:jsonJSTransformer:classes', task ':transformation:transformationPlugins:jsonMessageTransformers:jsonJSTransformer:jar', task ':transformation:transformationPlugins:jsonMessageTransformers:jsonJSTransformerProvider:generateEffectiveLombokConfig', task ':transformation:transformationPlugins:jsonMessageTransformers:jsonJSTransformerProvider:compileJava', task ':transformation:transformationPlugins:jsonMessageTransformers:jsonJSTransformerProvider:processResources', task ':transformation:transformationPlugins:jsonMessageTransformers:jsonJSTransformerProvider:classes', task ':transformation:transformationPlugins:jsonMessageTransformers:jsonJSTransformerProvider:jar', task ':transformation:transformationPlugins:jsonMessageTransformers:jsonMessageTransformerInterface:processResources', task ':transformation:transformationPlugins:jsonMessageTransformers:jsonMessageTransformerInterface:classes', task ':transformation:transformationPlugins:jsonMessageTransformers:jsonMessageTransformerInterface:jar', task ':transformation:transformationPlugins:jsonMessageTransformers:jsonMessageTransformerLoaders:processResources', task ':transformation:transformationPlugins:jsonMessageTransformers:jsonMessageTransformerLoaders:classes', task ':transformation:transformationPlugins:jsonMessageTransformers:jsonMessageTransformerLoaders:jar', task ':transformation:transformationPlugins:jsonMessageTransformers:jsonTypeMappingsSanitizationTransformer:generateEffectiveLombokConfig', task ':transformation:transformationPlugins:jsonMessageTransformers:jsonTypeMappingsSanitizationTransformer:compileJava', task ':transformation:transformationPlugins:jsonMessageTransformers:jsonTypeMappingsSanitizationTransformer:processResources', task ':transformation:transformationPlugins:jsonMessageTransformers:jsonTypeMappingsSanitizationTransformer:classes', task ':transformation:transformationPlugins:jsonMessageTransformers:jsonTypeMappingsSanitizationTransformer:jar', task ':transformation:transformationPlugins:jsonMessageTransformers:jsonTypeMappingsSanitizationTransformerProvider:generateEffectiveLombokConfig', task ':transformation:transformationPlugins:jsonMessageTransformers:jsonTypeMappingsSanitizationTransformerProvider:compileJava', task ':transformation:transformationPlugins:jsonMessageTransformers:jsonTypeMappingsSanitizationTransformerProvider:processResources', task ':transformation:transformationPlugins:jsonMessageTransformers:jsonTypeMappingsSanitizationTransformerProvider:classes', task ':transformation:transformationPlugins:jsonMessageTransformers:jsonTypeMappingsSanitizationTransformerProvider:jar', task ':DocumentsFromSnapshotMigration:isolatedTest']
Tasks that were excluded: []
Using local directory build cache for the root build (location = /Users/akurait/.gradle/caches/build-cache-1, remove unused entries = after 7 days).
Ignoring listeners of task graph ready event, as this build (:) has already executed work.
Resolve mutations for :coreUtilities:generateEffectiveLombokConfig (Thread[#90,Execution worker Thread 4,5,main]) started.
Resolve mutations for :DocumentsFromSnapshotMigration:generateEffectiveLombokConfig (Thread[#86,included builds,5,main]) started.
Resolve mutations for :awsUtilities:generateEffectiveLombokConfig (Thread[#88,Execution worker Thread 2,5,main]) started.
Resolve mutations for :RFS:shadowLucene5 (Thread[#87,Execution worker,5,main]) started.
Resolve mutations for :RFS:generateEffectiveLombokConfig (Thread[#91,Execution worker Thread 5,5,main]) started.
Resolve mutations for :RFS:shadowLucene7 (Thread[#93,Execution worker Thread 7,5,main]) started.
Resolve mutations for :transformation:generateEffectiveLombokConfig (Thread[#92,Execution worker Thread 6,5,main]) started.
Resolve mutations for :RFS:shadowLucene6 (Thread[#97,Execution worker Thread 11,5,main]) started.
:DocumentsFromSnapshotMigration:generateEffectiveLombokConfig (Thread[#86,included builds,5,main]) started.
Resolve mutations for :RFS:shadowLucene9 (Thread[#94,Execution worker Thread 8,5,main]) started.
:RFS:generateEffectiveLombokConfig (Thread[#91,Execution worker Thread 5,5,main]) started.
Resolve mutations for :transformation:transformationPlugins:jsonMessageTransformers:jsonMessageTransformerInterface:generateEffectiveLombokConfig (Thread[#96,Execution worker Thread 10,5,main]) started.
:RFS:shadowLucene5 (Thread[#95,Execution worker Thread 9,5,main]) started.
:RFS:shadowLucene6 (Thread[#89,Execution worker Thread 3,5,main]) started.
:RFS:shadowLucene7 (Thread[#97,Execution worker Thread 11,5,main]) started.
:coreUtilities:generateEffectiveLombokConfig (Thread[#93,Execution worker Thread 7,5,main]) started.
:transformation:generateEffectiveLombokConfig (Thread[#87,Execution worker,5,main]) started.
:RFS:shadowLucene9 (Thread[#94,Execution worker Thread 8,5,main]) started.
Resolve mutations for :transformation:transformationPlugins:jsonMessageTransformers:jsonMessageTransformerLoaders:generateEffectiveLombokConfig (Thread[#90,Execution worker Thread 4,5,main]) started.
Resolve mutations for :DocumentsFromSnapshotMigration:processResources (Thread[#92,Execution worker Thread 6,5,main]) started.
:awsUtilities:generateEffectiveLombokConfig (Thread[#88,Execution worker Thread 2,5,main]) started.
:transformation:transformationPlugins:jsonMessageTransformers:jsonMessageTransformerInterface:generateEffectiveLombokConfig (Thread[#96,Execution worker Thread 10,5,main]) started.
:DocumentsFromSnapshotMigration:processResources (Thread[#92,Execution worker Thread 6,5,main]) started.
:transformation:transformationPlugins:jsonMessageTransformers:jsonMessageTransformerLoaders:generateEffectiveLombokConfig (Thread[#90,Execution worker Thread 4,5,main]) started.

> Task :transformation:transformationPlugins:jsonMessageTransformers:jsonMessageTransformerLoaders:generateEffectiveLombokConfig UP-TO-DATE
Build cache key for task ':transformation:transformationPlugins:jsonMessageTransformers:jsonMessageTransformerLoaders:generateEffectiveLombokConfig' is 4b152d8fc3f999ef355a710c0ea27f07
Skipping task ':transformation:transformationPlugins:jsonMessageTransformers:jsonMessageTransformerLoaders:generateEffectiveLombokConfig' as it is up-to-date.

> Task :coreUtilities:generateEffectiveLombokConfig UP-TO-DATE
Build cache key for task ':coreUtilities:generateEffectiveLombokConfig' is 4b152d8fc3f999ef355a710c0ea27f07
Skipping task ':coreUtilities:generateEffectiveLombokConfig' as it is up-to-date.

> Task :transformation:generateEffectiveLombokConfig UP-TO-DATE
Build cache key for task ':transformation:generateEffectiveLombokConfig' is 4b152d8fc3f999ef355a710c0ea27f07
Skipping task ':transformation:generateEffectiveLombokConfig' as it is up-to-date.

> Task :RFS:generateEffectiveLombokConfig UP-TO-DATE
Build cache key for task ':RFS:generateEffectiveLombokConfig' is 4b152d8fc3f999ef355a710c0ea27f07
Skipping task ':RFS:generateEffectiveLombokConfig' as it is up-to-date.

> Task :awsUtilities:generateEffectiveLombokConfig UP-TO-DATE
Build cache key for task ':awsUtilities:generateEffectiveLombokConfig' is 4b152d8fc3f999ef355a710c0ea27f07
Skipping task ':awsUtilities:generateEffectiveLombokConfig' as it is up-to-date.

> Task :DocumentsFromSnapshotMigration:processResources NO-SOURCE
Skipping task ':DocumentsFromSnapshotMigration:processResources' as it has no source files and no previous output files.

> Task :DocumentsFromSnapshotMigration:generateEffectiveLombokConfig UP-TO-DATE
Build cache key for task ':DocumentsFromSnapshotMigration:generateEffectiveLombokConfig' is 4b152d8fc3f999ef355a710c0ea27f07
Skipping task ':DocumentsFromSnapshotMigration:generateEffectiveLombokConfig' as it is up-to-date.

> Task :transformation:transformationPlugins:jsonMessageTransformers:jsonMessageTransformerInterface:generateEffectiveLombokConfig UP-TO-DATE
Build cache key for task ':transformation:transformationPlugins:jsonMessageTransformers:jsonMessageTransformerInterface:generateEffectiveLombokConfig' is 4b152d8fc3f999ef355a710c0ea27f07
Skipping task ':transformation:transformationPlugins:jsonMessageTransformers:jsonMessageTransformerInterface:generateEffectiveLombokConfig' as it is up-to-date.
Resolve mutations for :coreUtilities:compileJava (Thread[#88,Execution worker Thread 2,5,main]) started.
Resolve mutations for :awsUtilities:compileJava (Thread[#96,Execution worker Thread 10,5,main]) started.
Resolve mutations for :transformation:transformationPlugins:jsonMessageTransformers:jsonMessageTransformerInterface:compileJava (Thread[#93,Execution worker Thread 7,5,main]) started.
Resolve mutations for :DocumentsFromSnapshotMigration:generateTestFixturesEffectiveLombokConfig (Thread[#92,Execution worker Thread 6,5,main]) started.
Resolve mutations for :DocumentsFromSnapshotMigration:processTestFixturesResources (Thread[#90,Execution worker Thread 4,5,main]) started.
Resolve mutations for :awsUtilities:processResources (Thread[#87,Execution worker,5,main]) started.
:awsUtilities:processResources (Thread[#87,Execution worker,5,main]) started.
:transformation:transformationPlugins:jsonMessageTransformers:jsonMessageTransformerInterface:compileJava (Thread[#93,Execution worker Thread 7,5,main]) started.
:DocumentsFromSnapshotMigration:generateTestFixturesEffectiveLombokConfig (Thread[#90,Execution worker Thread 4,5,main]) started.
:awsUtilities:compileJava (Thread[#96,Execution worker Thread 10,5,main]) started.
:coreUtilities:compileJava (Thread[#88,Execution worker Thread 2,5,main]) started.
:DocumentsFromSnapshotMigration:processTestFixturesResources (Thread[#86,included builds,5,main]) started.
Resolve mutations for :coreUtilities:generateTestFixturesEffectiveLombokConfig (Thread[#91,Execution worker Thread 5,5,main]) started.
Resolve mutations for :coreUtilities:processResources (Thread[#92,Execution worker Thread 6,5,main]) started.
:coreUtilities:generateTestFixturesEffectiveLombokConfig (Thread[#91,Execution worker Thread 5,5,main]) started.
:coreUtilities:processResources (Thread[#92,Execution worker Thread 6,5,main]) started.

> Task :awsUtilities:processResources NO-SOURCE
Skipping task ':awsUtilities:processResources' as it has no source files and no previous output files.
Resolve mutations for :coreUtilities:processTestFixturesResources (Thread[#87,Execution worker,5,main]) started.
:coreUtilities:processTestFixturesResources (Thread[#87,Execution worker,5,main]) started.

> Task :DocumentsFromSnapshotMigration:processTestFixturesResources NO-SOURCE
Skipping task ':DocumentsFromSnapshotMigration:processTestFixturesResources' as it has no source files and no previous output files.
Resolve mutations for :CreateSnapshot:generateEffectiveLombokConfig (Thread[#86,included builds,5,main]) started.
:CreateSnapshot:generateEffectiveLombokConfig (Thread[#86,included builds,5,main]) started.

> Task :DocumentsFromSnapshotMigration:generateTestFixturesEffectiveLombokConfig UP-TO-DATE
Build cache key for task ':DocumentsFromSnapshotMigration:generateTestFixturesEffectiveLombokConfig' is 17fd26d990afe59ab38387f4b9f3bdce
Skipping task ':DocumentsFromSnapshotMigration:generateTestFixturesEffectiveLombokConfig' as it is up-to-date.
Resolve mutations for :CreateSnapshot:processResources (Thread[#90,Execution worker Thread 4,5,main]) started.
:CreateSnapshot:processResources (Thread[#90,Execution worker Thread 4,5,main]) started.

> Task :coreUtilities:processResources NO-SOURCE
Skipping task ':coreUtilities:processResources' as it has no source files and no previous output files.

> Task :coreUtilities:processTestFixturesResources NO-SOURCE
Skipping task ':coreUtilities:processTestFixturesResources' as it has no source files and no previous output files.
Resolve mutations for :DataGenerator:generateEffectiveLombokConfig (Thread[#92,Execution worker Thread 6,5,main]) started.

> Task :coreUtilities:generateTestFixturesEffectiveLombokConfig UP-TO-DATE
Build cache key for task ':coreUtilities:generateTestFixturesEffectiveLombokConfig' is 17fd26d990afe59ab38387f4b9f3bdce
Skipping task ':coreUtilities:generateTestFixturesEffectiveLombokConfig' as it is up-to-date.
Resolve mutations for :DataGenerator:processResources (Thread[#87,Execution worker,5,main]) started.
Resolve mutations for :DocumentsFromSnapshotMigration:generateTestEffectiveLombokConfig (Thread[#91,Execution worker Thread 5,5,main]) started.
:DataGenerator:generateEffectiveLombokConfig (Thread[#92,Execution worker Thread 6,5,main]) started.
:DataGenerator:processResources (Thread[#87,Execution worker,5,main]) started.
:DocumentsFromSnapshotMigration:generateTestEffectiveLombokConfig (Thread[#91,Execution worker Thread 5,5,main]) started.

> Task :RFS:shadowLucene9 UP-TO-DATE
Build cache key for task ':RFS:shadowLucene9' is 444f5c1cc3d2113449c1f4b2b2b49803
Skipping task ':RFS:shadowLucene9' as it is up-to-date.
Resolve mutations for :MetadataMigration:generateEffectiveLombokConfig (Thread[#94,Execution worker Thread 8,5,main]) started.

> Task :RFS:shadowLucene6 UP-TO-DATE
Build cache key for task ':RFS:shadowLucene6' is e665384b7aebc953c48bf31454c9650a
Skipping task ':RFS:shadowLucene6' as it is up-to-date.
Resolve mutations for :MetadataMigration:processResources (Thread[#89,Execution worker Thread 3,5,main]) started.

> Task :CreateSnapshot:generateEffectiveLombokConfig UP-TO-DATE
Build cache key for task ':CreateSnapshot:generateEffectiveLombokConfig' is 4b152d8fc3f999ef355a710c0ea27f07
Skipping task ':CreateSnapshot:generateEffectiveLombokConfig' as it is up-to-date.
:MetadataMigration:generateEffectiveLombokConfig (Thread[#86,included builds,5,main]) started.
:MetadataMigration:processResources (Thread[#89,Execution worker Thread 3,5,main]) started.
Resolve mutations for :RFS:generateTestFixturesEffectiveLombokConfig (Thread[#94,Execution worker Thread 8,5,main]) started.

> Task :RFS:shadowLucene5 UP-TO-DATE
Build cache key for task ':RFS:shadowLucene5' is 34b6b7fc5e48532bb800fbc5335d4660
Skipping task ':RFS:shadowLucene5' as it is up-to-date.
Resolve mutations for :testHelperFixtures:generateEffectiveLombokConfig (Thread[#95,Execution worker Thread 9,5,main]) started.
:RFS:generateTestFixturesEffectiveLombokConfig (Thread[#94,Execution worker Thread 8,5,main]) started.
:testHelperFixtures:generateEffectiveLombokConfig (Thread[#95,Execution worker Thread 9,5,main]) started.

> Task :CreateSnapshot:processResources NO-SOURCE
Skipping task ':CreateSnapshot:processResources' as it has no source files and no previous output files.
Resolve mutations for :testHelperFixtures:generateTestFixturesEffectiveLombokConfig (Thread[#90,Execution worker Thread 4,5,main]) started.

> Task :DataGenerator:processResources NO-SOURCE
Skipping task ':DataGenerator:processResources' as it has no source files and no previous output files.
Resolve mutations for :DocumentsFromSnapshotMigration:processTestResources (Thread[#87,Execution worker,5,main]) started.
:testHelperFixtures:generateTestFixturesEffectiveLombokConfig (Thread[#90,Execution worker Thread 4,5,main]) started.
:DocumentsFromSnapshotMigration:processTestResources (Thread[#87,Execution worker,5,main]) started.

> Task :RFS:shadowLucene7 UP-TO-DATE
Build cache key for task ':RFS:shadowLucene7' is 002f31e7df23f07bef6a8646851567f5
Skipping task ':RFS:shadowLucene7' as it is up-to-date.

> Task :DocumentsFromSnapshotMigration:generateTestEffectiveLombokConfig UP-TO-DATE
Build cache key for task ':DocumentsFromSnapshotMigration:generateTestEffectiveLombokConfig' is 4bbeca6263044e8f40a4f06f5bd5073f
Skipping task ':DocumentsFromSnapshotMigration:generateTestEffectiveLombokConfig' as it is up-to-date.
Resolve mutations for :RFS:processResources (Thread[#97,Execution worker Thread 11,5,main]) started.
Resolve mutations for :RFS:processTestFixturesResources (Thread[#91,Execution worker Thread 5,5,main]) started.
:RFS:processResources (Thread[#97,Execution worker Thread 11,5,main]) started.

> Task :MetadataMigration:generateEffectiveLombokConfig UP-TO-DATE
Build cache key for task ':MetadataMigration:generateEffectiveLombokConfig' is 4b152d8fc3f999ef355a710c0ea27f07
Skipping task ':MetadataMigration:generateEffectiveLombokConfig' as it is up-to-date.
:RFS:processTestFixturesResources (Thread[#91,Execution worker Thread 5,5,main]) started.

> Task :DataGenerator:generateEffectiveLombokConfig UP-TO-DATE
Build cache key for task ':DataGenerator:generateEffectiveLombokConfig' is 4b152d8fc3f999ef355a710c0ea27f07
Skipping task ':DataGenerator:generateEffectiveLombokConfig' as it is up-to-date.
Resolve mutations for :testHelperFixtures:processResources (Thread[#86,included builds,5,main]) started.
Resolve mutations for :testHelperFixtures:processTestFixturesResources (Thread[#92,Execution worker Thread 6,5,main]) started.
:testHelperFixtures:processTestFixturesResources (Thread[#92,Execution worker Thread 6,5,main]) started.
:testHelperFixtures:processResources (Thread[#86,included builds,5,main]) started.

> Task :testHelperFixtures:generateEffectiveLombokConfig UP-TO-DATE
Build cache key for task ':testHelperFixtures:generateEffectiveLombokConfig' is 4b152d8fc3f999ef355a710c0ea27f07
Skipping task ':testHelperFixtures:generateEffectiveLombokConfig' as it is up-to-date.

> Task :testHelperFixtures:generateTestFixturesEffectiveLombokConfig UP-TO-DATE
Build cache key for task ':testHelperFixtures:generateTestFixturesEffectiveLombokConfig' is 17fd26d990afe59ab38387f4b9f3bdce
Skipping task ':testHelperFixtures:generateTestFixturesEffectiveLombokConfig' as it is up-to-date.
Resolve mutations for :testHelperFixtures:compileJava (Thread[#90,Execution worker Thread 4,5,main]) started.
Resolve mutations for :transformation:processResources (Thread[#95,Execution worker Thread 9,5,main]) started.
:testHelperFixtures:compileJava (Thread[#90,Execution worker Thread 4,5,main]) started.
:transformation:processResources (Thread[#95,Execution worker Thread 9,5,main]) started.

> Task :RFS:generateTestFixturesEffectiveLombokConfig UP-TO-DATE
Build cache key for task ':RFS:generateTestFixturesEffectiveLombokConfig' is 17fd26d990afe59ab38387f4b9f3bdce
Skipping task ':RFS:generateTestFixturesEffectiveLombokConfig' as it is up-to-date.

> Task :MetadataMigration:processResources UP-TO-DATE
Caching disabled for task ':MetadataMigration:processResources' because:
  Not worth caching
Skipping task ':MetadataMigration:processResources' as it is up-to-date.

> Task :DocumentsFromSnapshotMigration:processTestResources UP-TO-DATE
Caching disabled for task ':DocumentsFromSnapshotMigration:processTestResources' because:
  Not worth caching
Skipping task ':DocumentsFromSnapshotMigration:processTestResources' as it is up-to-date.
Resolve mutations for :transformation:transformationPlugins:jsonMessageTransformers:jsonJMESPathMessageTransformer:generateEffectiveLombokConfig (Thread[#94,Execution worker Thread 8,5,main]) started.
Resolve mutations for :transformation:transformationPlugins:jsonMessageTransformers:jsonJMESPathMessageTransformerProvider:generateEffectiveLombokConfig (Thread[#87,Execution worker,5,main]) started.
Resolve mutations for :transformation:transformationPlugins:jsonMessageTransformers:jsonJMESPathMessageTransformer:processResources (Thread[#89,Execution worker Thread 3,5,main]) started.

> Task :testHelperFixtures:processResources NO-SOURCE
Skipping task ':testHelperFixtures:processResources' as it has no source files and no previous output files.
:transformation:transformationPlugins:jsonMessageTransformers:jsonJMESPathMessageTransformerProvider:generateEffectiveLombokConfig (Thread[#87,Execution worker,5,main]) started.
Resolve mutations for :transformation:transformationPlugins:jsonMessageTransformers:jsonJMESPathMessageTransformerProvider:processResources (Thread[#86,included builds,5,main]) started.
:transformation:transformationPlugins:jsonMessageTransformers:jsonJMESPathMessageTransformer:processResources (Thread[#89,Execution worker Thread 3,5,main]) started.
:transformation:transformationPlugins:jsonMessageTransformers:jsonJMESPathMessageTransformer:generateEffectiveLombokConfig (Thread[#94,Execution worker Thread 8,5,main]) started.
:transformation:transformationPlugins:jsonMessageTransformers:jsonJMESPathMessageTransformerProvider:processResources (Thread[#86,included builds,5,main]) started.

> Task :RFS:processTestFixturesResources NO-SOURCE
Skipping task ':RFS:processTestFixturesResources' as it has no source files and no previous output files.
Resolve mutations for :transformation:transformationPlugins:jsonMessageTransformers:jsonJoltMessageTransformer:generateEffectiveLombokConfig (Thread[#91,Execution worker Thread 5,5,main]) started.
:transformation:transformationPlugins:jsonMessageTransformers:jsonJoltMessageTransformer:generateEffectiveLombokConfig (Thread[#91,Execution worker Thread 5,5,main]) started.

> Task :testHelperFixtures:processTestFixturesResources UP-TO-DATE
Caching disabled for task ':testHelperFixtures:processTestFixturesResources' because:
  Not worth caching
Skipping task ':testHelperFixtures:processTestFixturesResources' as it is up-to-date.
Resolve mutations for :transformation:transformationPlugins:jsonMessageTransformers:jsonJoltMessageTransformer:processResources (Thread[#92,Execution worker Thread 6,5,main]) started.
:transformation:transformationPlugins:jsonMessageTransformers:jsonJoltMessageTransformer:processResources (Thread[#92,Execution worker Thread 6,5,main]) started.

> Task :testHelperFixtures:compileJava NO-SOURCE
Skipping task ':testHelperFixtures:compileJava' as it has no source files and no previous output files.

> Task :transformation:transformationPlugins:jsonMessageTransformers:jsonJMESPathMessageTransformerProvider:generateEffectiveLombokConfig UP-TO-DATE
Build cache key for task ':transformation:transformationPlugins:jsonMessageTransformers:jsonJMESPathMessageTransformerProvider:generateEffectiveLombokConfig' is 4b152d8fc3f999ef355a710c0ea27f07
Skipping task ':transformation:transformationPlugins:jsonMessageTransformers:jsonJMESPathMessageTransformerProvider:generateEffectiveLombokConfig' as it is up-to-date.

> Task :transformation:processResources UP-TO-DATE
Caching disabled for task ':transformation:processResources' because:
  Not worth caching
Skipping task ':transformation:processResources' as it is up-to-date.
work action resolve main (project :testHelperFixtures) (Thread[#90,Execution worker Thread 4,5,main]) started.
Resolve mutations for :testHelperFixtures:classes (Thread[#87,Execution worker,5,main]) started.
Resolve mutations for :transformation:transformationPlugins:jsonMessageTransformers:jsonJoltMessageTransformerProvider:generateEffectiveLombokConfig (Thread[#95,Execution worker Thread 9,5,main]) started.

> Task :transformation:transformationPlugins:jsonMessageTransformers:jsonJoltMessageTransformer:generateEffectiveLombokConfig UP-TO-DATE
Build cache key for task ':transformation:transformationPlugins:jsonMessageTransformers:jsonJoltMessageTransformer:generateEffectiveLombokConfig' is 4b152d8fc3f999ef355a710c0ea27f07
Skipping task ':transformation:transformationPlugins:jsonMessageTransformers:jsonJoltMessageTransformer:generateEffectiveLombokConfig' as it is up-to-date.
:testHelperFixtures:classes (Thread[#87,Execution worker,5,main]) started.

> Task :RFS:processResources UP-TO-DATE
Caching disabled for task ':RFS:processResources' because:
  Not worth caching
Skipping task ':RFS:processResources' as it is up-to-date.

> Task :transformation:transformationPlugins:jsonMessageTransformers:jsonJMESPathMessageTransformer:processResources NO-SOURCE
Skipping task ':transformation:transformationPlugins:jsonMessageTransformers:jsonJMESPathMessageTransformer:processResources' as it has no source files and no previous output files.
Resolve mutations for :transformation:standardJavascriptTransforms:packageJs (Thread[#97,Execution worker Thread 11,5,main]) started.
Resolve mutations for :transformation:transformationPlugins:jsonMessageTransformers:jsonJoltMessageTransformerProvider:processResources (Thread[#91,Execution worker Thread 5,5,main]) started.

> Task :testHelperFixtures:classes UP-TO-DATE
Skipping task ':testHelperFixtures:classes' as it has no actions.
Resolve mutations for :testHelperFixtures:compileTestFixturesJava (Thread[#90,Execution worker Thread 4,5,main]) started.
Resolve mutations for :testHelperFixtures:jar (Thread[#87,Execution worker,5,main]) started.
:transformation:transformationPlugins:jsonMessageTransformers:jsonJoltMessageTransformerProvider:generateEffectiveLombokConfig (Thread[#95,Execution worker Thread 9,5,main]) started.
:transformation:standardJavascriptTransforms:packageJs (Thread[#97,Execution worker Thread 11,5,main]) started.
Resolve mutations for :transformation:transformationPlugins:jsonMessageTransformers:jsonJSTransformer:generateEffectiveLombokConfig (Thread[#89,Execution worker Thread 3,5,main]) started.
:testHelperFixtures:compileTestFixturesJava (Thread[#90,Execution worker Thread 4,5,main]) started.
:transformation:transformationPlugins:jsonMessageTransformers:jsonJoltMessageTransformerProvider:processResources (Thread[#91,Execution worker Thread 5,5,main]) started.
:testHelperFixtures:jar (Thread[#87,Execution worker,5,main]) started.
:transformation:transformationPlugins:jsonMessageTransformers:jsonJSTransformer:generateEffectiveLombokConfig (Thread[#89,Execution worker Thread 3,5,main]) started.

> Task :transformation:transformationPlugins:jsonMessageTransformers:jsonJMESPathMessageTransformer:generateEffectiveLombokConfig UP-TO-DATE
Build cache key for task ':transformation:transformationPlugins:jsonMessageTransformers:jsonJMESPathMessageTransformer:generateEffectiveLombokConfig' is 4b152d8fc3f999ef355a710c0ea27f07
Skipping task ':transformation:transformationPlugins:jsonMessageTransformers:jsonJMESPathMessageTransformer:generateEffectiveLombokConfig' as it is up-to-date.
Resolve mutations for :transformation:transformationPlugins:jsonMessageTransformers:jsonJSTransformerProvider:generateEffectiveLombokConfig (Thread[#94,Execution worker Thread 8,5,main]) started.
:transformation:transformationPlugins:jsonMessageTransformers:jsonJSTransformerProvider:generateEffectiveLombokConfig (Thread[#94,Execution worker Thread 8,5,main]) started.

> Task :transformation:transformationPlugins:jsonMessageTransformers:jsonJMESPathMessageTransformerProvider:processResources UP-TO-DATE
Caching disabled for task ':transformation:transformationPlugins:jsonMessageTransformers:jsonJMESPathMessageTransformerProvider:processResources' because:
  Not worth caching
Skipping task ':transformation:transformationPlugins:jsonMessageTransformers:jsonJMESPathMessageTransformerProvider:processResources' as it is up-to-date.
Resolve mutations for :transformation:transformationPlugins:jsonMessageTransformers:jsonJSTransformerProvider:processResources (Thread[#86,included builds,5,main]) started.
:transformation:transformationPlugins:jsonMessageTransformers:jsonJSTransformerProvider:processResources (Thread[#86,included builds,5,main]) started.

> Task :transformation:transformationPlugins:jsonMessageTransformers:jsonJSTransformer:generateEffectiveLombokConfig UP-TO-DATE
Build cache key for task ':transformation:transformationPlugins:jsonMessageTransformers:jsonJSTransformer:generateEffectiveLombokConfig' is 4b152d8fc3f999ef355a710c0ea27f07
Skipping task ':transformation:transformationPlugins:jsonMessageTransformers:jsonJSTransformer:generateEffectiveLombokConfig' as it is up-to-date.
Resolve mutations for :transformation:transformationPlugins:jsonMessageTransformers:jsonMessageTransformerInterface:processResources (Thread[#89,Execution worker Thread 3,5,main]) started.
:transformation:transformationPlugins:jsonMessageTransformers:jsonMessageTransformerInterface:processResources (Thread[#89,Execution worker Thread 3,5,main]) started.

> Task :transformation:transformationPlugins:jsonMessageTransformers:jsonJoltMessageTransformer:processResources UP-TO-DATE
Caching disabled for task ':transformation:transformationPlugins:jsonMessageTransformers:jsonJoltMessageTransformer:processResources' because:
  Not worth caching
Skipping task ':transformation:transformationPlugins:jsonMessageTransformers:jsonJoltMessageTransformer:processResources' as it is up-to-date.

> Task :testHelperFixtures:jar UP-TO-DATE
Caching disabled for task ':testHelperFixtures:jar' because:
  Not worth caching
Skipping task ':testHelperFixtures:jar' as it is up-to-date.

> Task :transformation:transformationPlugins:jsonMessageTransformers:jsonJSTransformerProvider:generateEffectiveLombokConfig UP-TO-DATE
Build cache key for task ':transformation:transformationPlugins:jsonMessageTransformers:jsonJSTransformerProvider:generateEffectiveLombokConfig' is 4b152d8fc3f999ef355a710c0ea27f07
Skipping task ':transformation:transformationPlugins:jsonMessageTransformers:jsonJSTransformerProvider:generateEffectiveLombokConfig' as it is up-to-date.
Resolve mutations for :transformation:transformationPlugins:jsonMessageTransformers:jsonMessageTransformerLoaders:processResources (Thread[#92,Execution worker Thread 6,5,main]) started.
Resolve mutations for :transformation:transformationPlugins:jsonMessageTransformers:jsonTypeMappingsSanitizationTransformer:generateEffectiveLombokConfig (Thread[#87,Execution worker,5,main]) started.
Resolve mutations for :transformation:transformationPlugins:jsonMessageTransformers:jsonTypeMappingsSanitizationTransformer:processResources (Thread[#94,Execution worker Thread 8,5,main]) started.

> Task :transformation:transformationPlugins:jsonMessageTransformers:jsonJoltMessageTransformerProvider:generateEffectiveLombokConfig UP-TO-DATE
Build cache key for task ':transformation:transformationPlugins:jsonMessageTransformers:jsonJoltMessageTransformerProvider:generateEffectiveLombokConfig' is 4b152d8fc3f999ef355a710c0ea27f07
Skipping task ':transformation:transformationPlugins:jsonMessageTransformers:jsonJoltMessageTransformerProvider:generateEffectiveLombokConfig' as it is up-to-date.

> Task :transformation:standardJavascriptTransforms:packageJs UP-TO-DATE
Caching disabled for task ':transformation:standardJavascriptTransforms:packageJs' because:
  Not worth caching
Skipping task ':transformation:standardJavascriptTransforms:packageJs' as it is up-to-date.
:transformation:transformationPlugins:jsonMessageTransformers:jsonMessageTransformerLoaders:processResources (Thread[#92,Execution worker Thread 6,5,main]) started.
:transformation:transformationPlugins:jsonMessageTransformers:jsonTypeMappingsSanitizationTransformer:generateEffectiveLombokConfig (Thread[#87,Execution worker,5,main]) started.
:transformation:transformationPlugins:jsonMessageTransformers:jsonTypeMappingsSanitizationTransformer:processResources (Thread[#94,Execution worker Thread 8,5,main]) started.
Resolve mutations for :transformation:transformationPlugins:jsonMessageTransformers:jsonTypeMappingsSanitizationTransformerProvider:generateEffectiveLombokConfig (Thread[#95,Execution worker Thread 9,5,main]) started.

> Task :transformation:transformationPlugins:jsonMessageTransformers:jsonJoltMessageTransformerProvider:processResources UP-TO-DATE
Caching disabled for task ':transformation:transformationPlugins:jsonMessageTransformers:jsonJoltMessageTransformerProvider:processResources' because:
  Not worth caching
Skipping task ':transformation:transformationPlugins:jsonMessageTransformers:jsonJoltMessageTransformerProvider:processResources' as it is up-to-date.
work action resolve dist (project :transformation:standardJavascriptTransforms) (Thread[#97,Execution worker Thread 11,5,main]) started.
Resolve mutations for :transformation:transformationPlugins:jsonMessageTransformers:jsonTypeMappingsSanitizationTransformerProvider:processResources (Thread[#97,Execution worker Thread 11,5,main]) started.
:transformation:transformationPlugins:jsonMessageTransformers:jsonTypeMappingsSanitizationTransformerProvider:generateEffectiveLombokConfig (Thread[#95,Execution worker Thread 9,5,main]) started.
Resolve mutations for :transformation:transformationPlugins:jsonMessageTransformers:jsonJSTransformer:processResources (Thread[#91,Execution worker Thread 5,5,main]) started.
:transformation:transformationPlugins:jsonMessageTransformers:jsonTypeMappingsSanitizationTransformerProvider:processResources (Thread[#97,Execution worker Thread 11,5,main]) started.
:transformation:transformationPlugins:jsonMessageTransformers:jsonJSTransformer:processResources (Thread[#91,Execution worker Thread 5,5,main]) started.

> Task :transformation:transformationPlugins:jsonMessageTransformers:jsonJSTransformerProvider:processResources UP-TO-DATE
Caching disabled for task ':transformation:transformationPlugins:jsonMessageTransformers:jsonJSTransformerProvider:processResources' because:
  Not worth caching
Skipping task ':transformation:transformationPlugins:jsonMessageTransformers:jsonJSTransformerProvider:processResources' as it is up-to-date.
work action resolve testHelperFixtures-0.1.0-SNAPSHOT.jar (project :testHelperFixtures) (Thread[#86,included builds,5,main]) started.

> Task :transformation:transformationPlugins:jsonMessageTransformers:jsonMessageTransformerInterface:compileJava UP-TO-DATE
Build cache key for task ':transformation:transformationPlugins:jsonMessageTransformers:jsonMessageTransformerInterface:compileJava' is aa1894d9a33e70ff98557c821478205d
Skipping task ':transformation:transformationPlugins:jsonMessageTransformers:jsonMessageTransformerInterface:compileJava' as it is up-to-date.

> Task :awsUtilities:compileJava UP-TO-DATE
Build cache key for task ':awsUtilities:compileJava' is 2a53b5dfd857cad4bfeefbee599ded75
Skipping task ':awsUtilities:compileJava' as it is up-to-date.
No compile result for :awsUtilities:compileJava
No compile result for :transformation:transformationPlugins:jsonMessageTransformers:jsonMessageTransformerInterface:compileJava
Resolve mutations for :awsUtilities:classes (Thread[#86,included builds,5,main]) started.

> Task :transformation:transformationPlugins:jsonMessageTransformers:jsonMessageTransformerInterface:processResources UP-TO-DATE
Caching disabled for task ':transformation:transformationPlugins:jsonMessageTransformers:jsonMessageTransformerInterface:processResources' because:
  Not worth caching
Skipping task ':transformation:transformationPlugins:jsonMessageTransformers:jsonMessageTransformerInterface:processResources' as it is up-to-date.
Resolve mutations for :transformation:transformationPlugins:jsonMessageTransformers:jsonMessageTransformerInterface:classes (Thread[#89,Execution worker Thread 3,5,main]) started.
work action resolve main (project :awsUtilities) (Thread[#96,Execution worker Thread 10,5,main]) started.
work action resolve main (project :transformation:transformationPlugins:jsonMessageTransformers:jsonMessageTransformerInterface) (Thread[#93,Execution worker Thread 7,5,main]) started.
:awsUtilities:classes (Thread[#86,included builds,5,main]) started.
Resolve mutations for :transformation:transformationPlugins:jsonMessageTransformers:jsonMessageTransformerLoaders:compileJava (Thread[#96,Execution worker Thread 10,5,main]) started.
Resolve mutations for :transformation:compileJava (Thread[#93,Execution worker Thread 7,5,main]) started.
Resolve mutations for :transformation:transformationPlugins:jsonMessageTransformers:jsonJMESPathMessageTransformer:compileJava (Thread[#89,Execution worker Thread 3,5,main]) started.

> Task :transformation:transformationPlugins:jsonMessageTransformers:jsonTypeMappingsSanitizationTransformerProvider:generateEffectiveLombokConfig UP-TO-DATE
Build cache key for task ':transformation:transformationPlugins:jsonMessageTransformers:jsonTypeMappingsSanitizationTransformerProvider:generateEffectiveLombokConfig' is 4b152d8fc3f999ef355a710c0ea27f07
Skipping task ':transformation:transformationPlugins:jsonMessageTransformers:jsonTypeMappingsSanitizationTransformerProvider:generateEffectiveLombokConfig' as it is up-to-date.

> Task :awsUtilities:classes UP-TO-DATE
Skipping task ':awsUtilities:classes' as it has no actions.
:transformation:compileJava (Thread[#93,Execution worker Thread 7,5,main]) started.
:transformation:transformationPlugins:jsonMessageTransformers:jsonMessageTransformerLoaders:compileJava (Thread[#86,included builds,5,main]) started.

> Task :transformation:transformationPlugins:jsonMessageTransformers:jsonTypeMappingsSanitizationTransformer:generateEffectiveLombokConfig UP-TO-DATE
Build cache key for task ':transformation:transformationPlugins:jsonMessageTransformers:jsonTypeMappingsSanitizationTransformer:generateEffectiveLombokConfig' is 4b152d8fc3f999ef355a710c0ea27f07
Skipping task ':transformation:transformationPlugins:jsonMessageTransformers:jsonTypeMappingsSanitizationTransformer:generateEffectiveLombokConfig' as it is up-to-date.
Resolve mutations for :awsUtilities:jar (Thread[#95,Execution worker Thread 9,5,main]) started.
Resolve mutations for :transformation:transformationPlugins:jsonMessageTransformers:jsonJoltMessageTransformer:compileJava (Thread[#96,Execution worker Thread 10,5,main]) started.
Resolve mutations for :transformation:transformationPlugins:jsonMessageTransformers:jsonJSTransformer:compileJava (Thread[#87,Execution worker,5,main]) started.
:transformation:transformationPlugins:jsonMessageTransformers:jsonJMESPathMessageTransformer:compileJava (Thread[#89,Execution worker Thread 3,5,main]) started.
:awsUtilities:jar (Thread[#95,Execution worker Thread 9,5,main]) started.
:transformation:transformationPlugins:jsonMessageTransformers:jsonJSTransformer:compileJava (Thread[#87,Execution worker,5,main]) started.
:transformation:transformationPlugins:jsonMessageTransformers:jsonJoltMessageTransformer:compileJava (Thread[#96,Execution worker Thread 10,5,main]) started.

> Task :transformation:transformationPlugins:jsonMessageTransformers:jsonMessageTransformerLoaders:processResources UP-TO-DATE
Caching disabled for task ':transformation:transformationPlugins:jsonMessageTransformers:jsonMessageTransformerLoaders:processResources' because:
  Not worth caching
Skipping task ':transformation:transformationPlugins:jsonMessageTransformers:jsonMessageTransformerLoaders:processResources' as it is up-to-date.
:transformation:transformationPlugins:jsonMessageTransformers:jsonMessageTransformerInterface:classes (Thread[#92,Execution worker Thread 6,5,main]) started.

> Task :transformation:transformationPlugins:jsonMessageTransformers:jsonMessageTransformerInterface:classes UP-TO-DATE
Skipping task ':transformation:transformationPlugins:jsonMessageTransformers:jsonMessageTransformerInterface:classes' as it has no actions.
Resolve mutations for :transformation:transformationPlugins:jsonMessageTransformers:jsonMessageTransformerInterface:jar (Thread[#92,Execution worker Thread 6,5,main]) started.
:transformation:transformationPlugins:jsonMessageTransformers:jsonMessageTransformerInterface:jar (Thread[#92,Execution worker Thread 6,5,main]) started.

> Task :transformation:transformationPlugins:jsonMessageTransformers:jsonJSTransformer:processResources UP-TO-DATE
Caching disabled for task ':transformation:transformationPlugins:jsonMessageTransformers:jsonJSTransformer:processResources' because:
  Not worth caching
Skipping task ':transformation:transformationPlugins:jsonMessageTransformers:jsonJSTransformer:processResources' as it is up-to-date.

> Task :transformation:transformationPlugins:jsonMessageTransformers:jsonTypeMappingsSanitizationTransformer:processResources UP-TO-DATE
Caching disabled for task ':transformation:transformationPlugins:jsonMessageTransformers:jsonTypeMappingsSanitizationTransformer:processResources' because:
  Not worth caching
Skipping task ':transformation:transformationPlugins:jsonMessageTransformers:jsonTypeMappingsSanitizationTransformer:processResources' as it is up-to-date.

> Task :transformation:transformationPlugins:jsonMessageTransformers:jsonTypeMappingsSanitizationTransformerProvider:processResources UP-TO-DATE
Caching disabled for task ':transformation:transformationPlugins:jsonMessageTransformers:jsonTypeMappingsSanitizationTransformerProvider:processResources' because:
  Not worth caching
Skipping task ':transformation:transformationPlugins:jsonMessageTransformers:jsonTypeMappingsSanitizationTransformerProvider:processResources' as it is up-to-date.

> Task :awsUtilities:jar UP-TO-DATE
Caching disabled for task ':awsUtilities:jar' because:
  Not worth caching
Skipping task ':awsUtilities:jar' as it is up-to-date.
work action resolve awsUtilities-0.1.0-SNAPSHOT.jar (project :awsUtilities) (Thread[#95,Execution worker Thread 9,5,main]) started.

> Task :transformation:transformationPlugins:jsonMessageTransformers:jsonMessageTransformerInterface:jar UP-TO-DATE
Caching disabled for task ':transformation:transformationPlugins:jsonMessageTransformers:jsonMessageTransformerInterface:jar' because:
  Not worth caching
Skipping task ':transformation:transformationPlugins:jsonMessageTransformers:jsonMessageTransformerInterface:jar' as it is up-to-date.
work action resolve jsonMessageTransformerInterface-0.1.0-SNAPSHOT.jar (project :transformation:transformationPlugins:jsonMessageTransformers:jsonMessageTransformerInterface) (Thread[#92,Execution worker Thread 6,5,main]) started.

> Task :transformation:transformationPlugins:jsonMessageTransformers:jsonJMESPathMessageTransformer:compileJava UP-TO-DATE
Build cache key for task ':transformation:transformationPlugins:jsonMessageTransformers:jsonJMESPathMessageTransformer:compileJava' is 2be1aadaeabc2341e9dde4587bbeca9d
Skipping task ':transformation:transformationPlugins:jsonMessageTransformers:jsonJMESPathMessageTransformer:compileJava' as it is up-to-date.
No compile result for :transformation:transformationPlugins:jsonMessageTransformers:jsonJMESPathMessageTransformer:compileJava

> Task :transformation:transformationPlugins:jsonMessageTransformers:jsonJSTransformer:compileJava UP-TO-DATE
Build cache key for task ':transformation:transformationPlugins:jsonMessageTransformers:jsonJSTransformer:compileJava' is 80b8fcc90379f42b763f37d70d892292
Skipping task ':transformation:transformationPlugins:jsonMessageTransformers:jsonJSTransformer:compileJava' as it is up-to-date.
Resolve mutations for :transformation:transformationPlugins:jsonMessageTransformers:jsonJMESPathMessageTransformer:classes (Thread[#89,Execution worker Thread 3,5,main]) started.
work action resolve main (project :transformation:transformationPlugins:jsonMessageTransformers:jsonJMESPathMessageTransformer) (Thread[#92,Execution worker Thread 6,5,main]) started.

> Task :coreUtilities:compileJava UP-TO-DATE
Build cache key for task ':coreUtilities:compileJava' is 0e41a9745af3ead86e8b7f3cf1ef0851
Skipping task ':coreUtilities:compileJava' as it is up-to-date.
No compile result for :transformation:transformationPlugins:jsonMessageTransformers:jsonJSTransformer:compileJava
Resolve mutations for :transformation:transformationPlugins:jsonMessageTransformers:jsonJMESPathMessageTransformerProvider:compileJava (Thread[#92,Execution worker Thread 6,5,main]) started.
No compile result for :coreUtilities:compileJava
work action resolve main (project :coreUtilities) (Thread[#88,Execution worker Thread 2,5,main]) started.
Resolve mutations for :coreUtilities:classes (Thread[#94,Execution worker Thread 8,5,main]) started.

> Task :transformation:transformationPlugins:jsonMessageTransformers:jsonJoltMessageTransformer:compileJava UP-TO-DATE
Build cache key for task ':transformation:transformationPlugins:jsonMessageTransformers:jsonJoltMessageTransformer:compileJava' is 240fa01384c3edfc56c43ce3745f2715
Skipping task ':transformation:transformationPlugins:jsonMessageTransformers:jsonJoltMessageTransformer:compileJava' as it is up-to-date.
No compile result for :transformation:transformationPlugins:jsonMessageTransformers:jsonJoltMessageTransformer:compileJava
:coreUtilities:classes (Thread[#94,Execution worker Thread 8,5,main]) started.
Resolve mutations for :coreUtilities:compileTestFixturesJava (Thread[#88,Execution worker Thread 2,5,main]) started.
:transformation:transformationPlugins:jsonMessageTransformers:jsonJMESPathMessageTransformer:classes (Thread[#89,Execution worker Thread 3,5,main]) started.
Resolve mutations for :transformation:transformationPlugins:jsonMessageTransformers:jsonJSTransformer:classes (Thread[#87,Execution worker,5,main]) started.

> Task :coreUtilities:classes UP-TO-DATE
Skipping task ':coreUtilities:classes' as it has no actions.
work action resolve main (project :transformation:transformationPlugins:jsonMessageTransformers:jsonJSTransformer) (Thread[#95,Execution worker Thread 9,5,main]) started.

> Task :transformation:transformationPlugins:jsonMessageTransformers:jsonJMESPathMessageTransformer:classes UP-TO-DATE
Skipping task ':transformation:transformationPlugins:jsonMessageTransformers:jsonJMESPathMessageTransformer:classes' as it has no actions.
:transformation:transformationPlugins:jsonMessageTransformers:jsonJMESPathMessageTransformerProvider:compileJava (Thread[#92,Execution worker Thread 6,5,main]) started.
Resolve mutations for :transformation:transformationPlugins:jsonMessageTransformers:jsonJoltMessageTransformer:classes (Thread[#96,Execution worker Thread 10,5,main]) started.
work action resolve main (project :transformation:transformationPlugins:jsonMessageTransformers:jsonJoltMessageTransformer) (Thread[#91,Execution worker Thread 5,5,main]) started.
Resolve mutations for :transformation:transformationPlugins:jsonMessageTransformers:jsonJMESPathMessageTransformer:jar (Thread[#96,Execution worker Thread 10,5,main]) started.
:coreUtilities:compileTestFixturesJava (Thread[#88,Execution worker Thread 2,5,main]) started.
:transformation:transformationPlugins:jsonMessageTransformers:jsonJoltMessageTransformer:classes (Thread[#91,Execution worker Thread 5,5,main]) started.
Resolve mutations for :transformation:transformationPlugins:jsonMessageTransformers:jsonJoltMessageTransformerProvider:compileJava (Thread[#95,Execution worker Thread 9,5,main]) started.

> Task :transformation:transformationPlugins:jsonMessageTransformers:jsonJoltMessageTransformer:classes UP-TO-DATE
Skipping task ':transformation:transformationPlugins:jsonMessageTransformers:jsonJoltMessageTransformer:classes' as it has no actions.
:transformation:transformationPlugins:jsonMessageTransformers:jsonJSTransformer:classes (Thread[#87,Execution worker,5,main]) started.
Resolve mutations for :transformation:transformationPlugins:jsonMessageTransformers:jsonJoltMessageTransformer:jar (Thread[#91,Execution worker Thread 5,5,main]) started.

> Task :transformation:transformationPlugins:jsonMessageTransformers:jsonJSTransformer:classes UP-TO-DATE
Skipping task ':transformation:transformationPlugins:jsonMessageTransformers:jsonJSTransformer:classes' as it has no actions.
Resolve mutations for :coreUtilities:jar (Thread[#94,Execution worker Thread 8,5,main]) started.
Resolve mutations for :transformation:transformationPlugins:jsonMessageTransformers:jsonJSTransformerProvider:compileJava (Thread[#89,Execution worker Thread 3,5,main]) started.
:transformation:transformationPlugins:jsonMessageTransformers:jsonJMESPathMessageTransformer:jar (Thread[#96,Execution worker Thread 10,5,main]) started.
:transformation:transformationPlugins:jsonMessageTransformers:jsonJoltMessageTransformer:jar (Thread[#91,Execution worker Thread 5,5,main]) started.
Resolve mutations for :transformation:transformationPlugins:jsonMessageTransformers:jsonJSTransformer:jar (Thread[#87,Execution worker,5,main]) started.
Resolve mutations for :transformation:transformationPlugins:jsonMessageTransformers:jsonTypeMappingsSanitizationTransformer:compileJava (Thread[#97,Execution worker Thread 11,5,main]) started.
:coreUtilities:jar (Thread[#94,Execution worker Thread 8,5,main]) started.
:transformation:transformationPlugins:jsonMessageTransformers:jsonJoltMessageTransformerProvider:compileJava (Thread[#95,Execution worker Thread 9,5,main]) started.
:transformation:transformationPlugins:jsonMessageTransformers:jsonJSTransformerProvider:compileJava (Thread[#89,Execution worker Thread 3,5,main]) started.
:transformation:transformationPlugins:jsonMessageTransformers:jsonJSTransformer:jar (Thread[#87,Execution worker,5,main]) started.
:transformation:transformationPlugins:jsonMessageTransformers:jsonTypeMappingsSanitizationTransformer:compileJava (Thread[#97,Execution worker Thread 11,5,main]) started.

> Task :transformation:compileJava UP-TO-DATE
Build cache key for task ':transformation:compileJava' is d8eba11ebadbd0fa1fe1323a10c87d42
Skipping task ':transformation:compileJava' as it is up-to-date.
No compile result for :transformation:compileJava
work action resolve main (project :transformation) (Thread[#93,Execution worker Thread 7,5,main]) started.

> Task :transformation:transformationPlugins:jsonMessageTransformers:jsonMessageTransformerLoaders:compileJava UP-TO-DATE
Build cache key for task ':transformation:transformationPlugins:jsonMessageTransformers:jsonMessageTransformerLoaders:compileJava' is 8cd469e244d9ddd6e99fa1dfcd8bc47b
Skipping task ':transformation:transformationPlugins:jsonMessageTransformers:jsonMessageTransformerLoaders:compileJava' as it is up-to-date.
No compile result for :transformation:transformationPlugins:jsonMessageTransformers:jsonMessageTransformerLoaders:compileJava
Resolve mutations for :RFS:compileJava (Thread[#93,Execution worker Thread 7,5,main]) started.
work action resolve main (project :transformation:transformationPlugins:jsonMessageTransformers:jsonMessageTransformerLoaders) (Thread[#86,included builds,5,main]) started.
Resolve mutations for :transformation:classes (Thread[#86,included builds,5,main]) started.
:transformation:classes (Thread[#86,included builds,5,main]) started.
:RFS:compileJava (Thread[#93,Execution worker Thread 7,5,main]) started.

> Task :transformation:classes UP-TO-DATE
Skipping task ':transformation:classes' as it has no actions.
Resolve mutations for :transformation:jar (Thread[#86,included builds,5,main]) started.
:transformation:jar (Thread[#86,included builds,5,main]) started.

> Task :transformation:transformationPlugins:jsonMessageTransformers:jsonJMESPathMessageTransformer:jar UP-TO-DATE
Caching disabled for task ':transformation:transformationPlugins:jsonMessageTransformers:jsonJMESPathMessageTransformer:jar' because:
  Not worth caching
Skipping task ':transformation:transformationPlugins:jsonMessageTransformers:jsonJMESPathMessageTransformer:jar' as it is up-to-date.

> Task :transformation:transformationPlugins:jsonMessageTransformers:jsonJoltMessageTransformer:jar UP-TO-DATE
Caching disabled for task ':transformation:transformationPlugins:jsonMessageTransformers:jsonJoltMessageTransformer:jar' because:
  Not worth caching
Skipping task ':transformation:transformationPlugins:jsonMessageTransformers:jsonJoltMessageTransformer:jar' as it is up-to-date.
Resolve mutations for :transformation:transformationPlugins:jsonMessageTransformers:jsonMessageTransformerLoaders:classes (Thread[#96,Execution worker Thread 10,5,main]) started.
work action resolve jsonJoltMessageTransformer-0.1.0-SNAPSHOT.jar (project :transformation:transformationPlugins:jsonMessageTransformers:jsonJoltMessageTransformer) (Thread[#91,Execution worker Thread 5,5,main]) started.
:transformation:transformationPlugins:jsonMessageTransformers:jsonMessageTransformerLoaders:classes (Thread[#91,Execution worker Thread 5,5,main]) started.
work action resolve jsonJMESPathMessageTransformer-0.1.0-SNAPSHOT.jar (project :transformation:transformationPlugins:jsonMessageTransformers:jsonJMESPathMessageTransformer) (Thread[#96,Execution worker Thread 10,5,main]) started.

> Task :coreUtilities:jar UP-TO-DATE
Caching disabled for task ':coreUtilities:jar' because:
  Not worth caching
Skipping task ':coreUtilities:jar' as it is up-to-date.
work action resolve coreUtilities-0.1.0-SNAPSHOT.jar (project :coreUtilities) (Thread[#94,Execution worker Thread 8,5,main]) started.

> Task :transformation:transformationPlugins:jsonMessageTransformers:jsonMessageTransformerLoaders:classes UP-TO-DATE
Skipping task ':transformation:transformationPlugins:jsonMessageTransformers:jsonMessageTransformerLoaders:classes' as it has no actions.
Resolve mutations for :transformation:transformationPlugins:jsonMessageTransformers:jsonMessageTransformerLoaders:jar (Thread[#91,Execution worker Thread 5,5,main]) started.

> Task :transformation:transformationPlugins:jsonMessageTransformers:jsonJSTransformer:jar UP-TO-DATE
Caching disabled for task ':transformation:transformationPlugins:jsonMessageTransformers:jsonJSTransformer:jar' because:
  Not worth caching
Skipping task ':transformation:transformationPlugins:jsonMessageTransformers:jsonJSTransformer:jar' as it is up-to-date.
:transformation:transformationPlugins:jsonMessageTransformers:jsonMessageTransformerLoaders:jar (Thread[#87,Execution worker,5,main]) started.
work action resolve jsonJSTransformer-0.1.0-SNAPSHOT.jar (project :transformation:transformationPlugins:jsonMessageTransformers:jsonJSTransformer) (Thread[#94,Execution worker Thread 8,5,main]) started.

> Task :transformation:jar UP-TO-DATE
Caching disabled for task ':transformation:jar' because:
  Not worth caching
Skipping task ':transformation:jar' as it is up-to-date.
work action resolve transformation-0.1.0-SNAPSHOT.jar (project :transformation) (Thread[#86,included builds,5,main]) started.

> Task :transformation:transformationPlugins:jsonMessageTransformers:jsonJoltMessageTransformerProvider:compileJava UP-TO-DATE
Build cache key for task ':transformation:transformationPlugins:jsonMessageTransformers:jsonJoltMessageTransformerProvider:compileJava' is f2874583f8e1141b5b90f4c14227dab0
Skipping task ':transformation:transformationPlugins:jsonMessageTransformers:jsonJoltMessageTransformerProvider:compileJava' as it is up-to-date.
No compile result for :transformation:transformationPlugins:jsonMessageTransformers:jsonJoltMessageTransformerProvider:compileJava

> Task :transformation:transformationPlugins:jsonMessageTransformers:jsonJMESPathMessageTransformerProvider:compileJava UP-TO-DATE
Build cache key for task ':transformation:transformationPlugins:jsonMessageTransformers:jsonJMESPathMessageTransformerProvider:compileJava' is 10fef8416ea5b0cbb0c16aa8fd11e900
Skipping task ':transformation:transformationPlugins:jsonMessageTransformers:jsonJMESPathMessageTransformerProvider:compileJava' as it is up-to-date.

> Task :transformation:transformationPlugins:jsonMessageTransformers:jsonJSTransformerProvider:compileJava UP-TO-DATE
Build cache key for task ':transformation:transformationPlugins:jsonMessageTransformers:jsonJSTransformerProvider:compileJava' is 498e2824dc07a6c3ab5c1e04dfdd1e21
Skipping task ':transformation:transformationPlugins:jsonMessageTransformers:jsonJSTransformerProvider:compileJava' as it is up-to-date.
No compile result for :transformation:transformationPlugins:jsonMessageTransformers:jsonJMESPathMessageTransformerProvider:compileJava
No compile result for :transformation:transformationPlugins:jsonMessageTransformers:jsonJSTransformerProvider:compileJava
Resolve mutations for :transformation:transformationPlugins:jsonMessageTransformers:jsonJoltMessageTransformerProvider:classes (Thread[#95,Execution worker Thread 9,5,main]) started.
Resolve mutations for :transformation:transformationPlugins:jsonMessageTransformers:jsonJMESPathMessageTransformerProvider:classes (Thread[#92,Execution worker Thread 6,5,main]) started.
work action resolve main (project :transformation:transformationPlugins:jsonMessageTransformers:jsonJSTransformerProvider) (Thread[#96,Execution worker Thread 10,5,main]) started.
Resolve mutations for :transformation:transformationPlugins:jsonMessageTransformers:jsonJSTransformerProvider:classes (Thread[#89,Execution worker Thread 3,5,main]) started.
:transformation:transformationPlugins:jsonMessageTransformers:jsonJMESPathMessageTransformerProvider:classes (Thread[#92,Execution worker Thread 6,5,main]) started.
:transformation:transformationPlugins:jsonMessageTransformers:jsonJoltMessageTransformerProvider:classes (Thread[#95,Execution worker Thread 9,5,main]) started.
:transformation:transformationPlugins:jsonMessageTransformers:jsonJSTransformerProvider:classes (Thread[#89,Execution worker Thread 3,5,main]) started.

> Task :transformation:transformationPlugins:jsonMessageTransformers:jsonTypeMappingsSanitizationTransformer:compileJava UP-TO-DATE
Build cache key for task ':transformation:transformationPlugins:jsonMessageTransformers:jsonTypeMappingsSanitizationTransformer:compileJava' is 3a2c03ab342e443d765dae554b3849e3
Skipping task ':transformation:transformationPlugins:jsonMessageTransformers:jsonTypeMappingsSanitizationTransformer:compileJava' as it is up-to-date.
No compile result for :transformation:transformationPlugins:jsonMessageTransformers:jsonTypeMappingsSanitizationTransformer:compileJava

> Task :transformation:transformationPlugins:jsonMessageTransformers:jsonJMESPathMessageTransformerProvider:classes UP-TO-DATE
Skipping task ':transformation:transformationPlugins:jsonMessageTransformers:jsonJMESPathMessageTransformerProvider:classes' as it has no actions.

> Task :transformation:transformationPlugins:jsonMessageTransformers:jsonJSTransformerProvider:classes UP-TO-DATE
Skipping task ':transformation:transformationPlugins:jsonMessageTransformers:jsonJSTransformerProvider:classes' as it has no actions.
work action resolve main (project :transformation:transformationPlugins:jsonMessageTransformers:jsonTypeMappingsSanitizationTransformer) (Thread[#94,Execution worker Thread 8,5,main]) started.
Resolve mutations for :transformation:transformationPlugins:jsonMessageTransformers:jsonTypeMappingsSanitizationTransformer:classes (Thread[#97,Execution worker Thread 11,5,main]) started.
Resolve mutations for :transformation:transformationPlugins:jsonMessageTransformers:jsonJMESPathMessageTransformerProvider:jar (Thread[#92,Execution worker Thread 6,5,main]) started.
Resolve mutations for :transformation:transformationPlugins:jsonMessageTransformers:jsonTypeMappingsSanitizationTransformerProvider:compileJava (Thread[#94,Execution worker Thread 8,5,main]) started.

> Task :coreUtilities:compileTestFixturesJava UP-TO-DATE
Build cache key for task ':coreUtilities:compileTestFixturesJava' is 7666c6c7f5db327cb0f62f8f08643733
Skipping task ':coreUtilities:compileTestFixturesJava' as it is up-to-date.
Resolve mutations for :transformation:transformationPlugins:jsonMessageTransformers:jsonJSTransformerProvider:jar (Thread[#89,Execution worker Thread 3,5,main]) started.

> Task :transformation:transformationPlugins:jsonMessageTransformers:jsonJoltMessageTransformerProvider:classes UP-TO-DATE
Skipping task ':transformation:transformationPlugins:jsonMessageTransformers:jsonJoltMessageTransformerProvider:classes' as it has no actions.
:transformation:transformationPlugins:jsonMessageTransformers:jsonTypeMappingsSanitizationTransformer:classes (Thread[#97,Execution worker Thread 11,5,main]) started.
No compile result for :coreUtilities:compileTestFixturesJava
Resolve mutations for :transformation:transformationPlugins:jsonMessageTransformers:jsonJoltMessageTransformerProvider:jar (Thread[#95,Execution worker Thread 9,5,main]) started.
Resolve mutations for :coreUtilities:testFixturesClasses (Thread[#88,Execution worker Thread 2,5,main]) started.
:transformation:transformationPlugins:jsonMessageTransformers:jsonJoltMessageTransformerProvider:jar (Thread[#91,Execution worker Thread 5,5,main]) started.
work action resolve testFixtures (project :coreUtilities) (Thread[#95,Execution worker Thread 9,5,main]) started.
:transformation:transformationPlugins:jsonMessageTransformers:jsonJMESPathMessageTransformerProvider:jar (Thread[#92,Execution worker Thread 6,5,main]) started.

> Task :transformation:transformationPlugins:jsonMessageTransformers:jsonTypeMappingsSanitizationTransformer:classes UP-TO-DATE
Skipping task ':transformation:transformationPlugins:jsonMessageTransformers:jsonTypeMappingsSanitizationTransformer:classes' as it has no actions.
:transformation:transformationPlugins:jsonMessageTransformers:jsonTypeMappingsSanitizationTransformerProvider:compileJava (Thread[#94,Execution worker Thread 8,5,main]) started.
:transformation:transformationPlugins:jsonMessageTransformers:jsonJSTransformerProvider:jar (Thread[#89,Execution worker Thread 3,5,main]) started.
Resolve mutations for :transformation:transformationPlugins:jsonMessageTransformers:jsonTypeMappingsSanitizationTransformer:jar (Thread[#97,Execution worker Thread 11,5,main]) started.
:coreUtilities:testFixturesClasses (Thread[#88,Execution worker Thread 2,5,main]) started.

> Task :coreUtilities:testFixturesClasses UP-TO-DATE
Skipping task ':coreUtilities:testFixturesClasses' as it has no actions.
:transformation:transformationPlugins:jsonMessageTransformers:jsonTypeMappingsSanitizationTransformer:jar (Thread[#97,Execution worker Thread 11,5,main]) started.
Resolve mutations for :coreUtilities:testFixturesJar (Thread[#88,Execution worker Thread 2,5,main]) started.
:coreUtilities:testFixturesJar (Thread[#88,Execution worker Thread 2,5,main]) started.

> Task :testHelperFixtures:compileTestFixturesJava UP-TO-DATE
Build cache key for task ':testHelperFixtures:compileTestFixturesJava' is ba29802c819532b4337976981229119f
Skipping task ':testHelperFixtures:compileTestFixturesJava' as it is up-to-date.
No compile result for :testHelperFixtures:compileTestFixturesJava
work action resolve testFixtures (project :testHelperFixtures) (Thread[#90,Execution worker Thread 4,5,main]) started.
Resolve mutations for :testHelperFixtures:testFixturesClasses (Thread[#96,Execution worker Thread 10,5,main]) started.
:testHelperFixtures:testFixturesClasses (Thread[#96,Execution worker Thread 10,5,main]) started.

> Task :testHelperFixtures:testFixturesClasses UP-TO-DATE
Skipping task ':testHelperFixtures:testFixturesClasses' as it has no actions.
Resolve mutations for :testHelperFixtures:testFixturesJar (Thread[#96,Execution worker Thread 10,5,main]) started.
:testHelperFixtures:testFixturesJar (Thread[#96,Execution worker Thread 10,5,main]) started.

> Task :transformation:transformationPlugins:jsonMessageTransformers:jsonJoltMessageTransformerProvider:jar UP-TO-DATE
Caching disabled for task ':transformation:transformationPlugins:jsonMessageTransformers:jsonJoltMessageTransformerProvider:jar' because:
  Not worth caching
Skipping task ':transformation:transformationPlugins:jsonMessageTransformers:jsonJoltMessageTransformerProvider:jar' as it is up-to-date.
work action resolve jsonJoltMessageTransformerProvider-0.1.0-SNAPSHOT.jar (project :transformation:transformationPlugins:jsonMessageTransformers:jsonJoltMessageTransformerProvider) (Thread[#91,Execution worker Thread 5,5,main]) started.

> Task :transformation:transformationPlugins:jsonMessageTransformers:jsonJSTransformerProvider:jar UP-TO-DATE
Caching disabled for task ':transformation:transformationPlugins:jsonMessageTransformers:jsonJSTransformerProvider:jar' because:
  Not worth caching
Skipping task ':transformation:transformationPlugins:jsonMessageTransformers:jsonJSTransformerProvider:jar' as it is up-to-date.
work action resolve jsonJSTransformerProvider-0.1.0-SNAPSHOT.jar (project :transformation:transformationPlugins:jsonMessageTransformers:jsonJSTransformerProvider) (Thread[#89,Execution worker Thread 3,5,main]) started.

> Task :transformation:transformationPlugins:jsonMessageTransformers:jsonTypeMappingsSanitizationTransformer:jar UP-TO-DATE
Caching disabled for task ':transformation:transformationPlugins:jsonMessageTransformers:jsonTypeMappingsSanitizationTransformer:jar' because:
  Not worth caching
Skipping task ':transformation:transformationPlugins:jsonMessageTransformers:jsonTypeMappingsSanitizationTransformer:jar' as it is up-to-date.
work action resolve jsonTypeMappingsSanitizationTransformer-0.1.0-SNAPSHOT.jar (project :transformation:transformationPlugins:jsonMessageTransformers:jsonTypeMappingsSanitizationTransformer) (Thread[#97,Execution worker Thread 11,5,main]) started.

> Task :coreUtilities:testFixturesJar UP-TO-DATE
Caching disabled for task ':coreUtilities:testFixturesJar' because:
  Not worth caching
Skipping task ':coreUtilities:testFixturesJar' as it is up-to-date.
work action resolve coreUtilities-0.1.0-SNAPSHOT-test-fixtures.jar (project :coreUtilities) (Thread[#88,Execution worker Thread 2,5,main]) started.

> Task :testHelperFixtures:testFixturesJar UP-TO-DATE
Caching disabled for task ':testHelperFixtures:testFixturesJar' because:
  Not worth caching
Skipping task ':testHelperFixtures:testFixturesJar' as it is up-to-date.
work action resolve testHelperFixtures-0.1.0-SNAPSHOT-test-fixtures.jar (project :testHelperFixtures) (Thread[#96,Execution worker Thread 10,5,main]) started.

> Task :transformation:transformationPlugins:jsonMessageTransformers:jsonJMESPathMessageTransformerProvider:jar UP-TO-DATE
Caching disabled for task ':transformation:transformationPlugins:jsonMessageTransformers:jsonJMESPathMessageTransformerProvider:jar' because:
  Not worth caching
Skipping task ':transformation:transformationPlugins:jsonMessageTransformers:jsonJMESPathMessageTransformerProvider:jar' as it is up-to-date.
work action resolve jsonJMESPathMessageTransformerProvider-0.1.0-SNAPSHOT.jar (project :transformation:transformationPlugins:jsonMessageTransformers:jsonJMESPathMessageTransformerProvider) (Thread[#92,Execution worker Thread 6,5,main]) started.

> Task :transformation:transformationPlugins:jsonMessageTransformers:jsonTypeMappingsSanitizationTransformerProvider:compileJava UP-TO-DATE
Build cache key for task ':transformation:transformationPlugins:jsonMessageTransformers:jsonTypeMappingsSanitizationTransformerProvider:compileJava' is c8ef9dba17aaa9bbbe9a96c4031c2d26
Skipping task ':transformation:transformationPlugins:jsonMessageTransformers:jsonTypeMappingsSanitizationTransformerProvider:compileJava' as it is up-to-date.
No compile result for :transformation:transformationPlugins:jsonMessageTransformers:jsonTypeMappingsSanitizationTransformerProvider:compileJava
Resolve mutations for :transformation:transformationPlugins:jsonMessageTransformers:jsonTypeMappingsSanitizationTransformerProvider:classes (Thread[#92,Execution worker Thread 6,5,main]) started.
:transformation:transformationPlugins:jsonMessageTransformers:jsonTypeMappingsSanitizationTransformerProvider:classes (Thread[#92,Execution worker Thread 6,5,main]) started.

> Task :transformation:transformationPlugins:jsonMessageTransformers:jsonTypeMappingsSanitizationTransformerProvider:classes UP-TO-DATE
Skipping task ':transformation:transformationPlugins:jsonMessageTransformers:jsonTypeMappingsSanitizationTransformerProvider:classes' as it has no actions.
Resolve mutations for :transformation:transformationPlugins:jsonMessageTransformers:jsonTypeMappingsSanitizationTransformerProvider:jar (Thread[#92,Execution worker Thread 6,5,main]) started.
:transformation:transformationPlugins:jsonMessageTransformers:jsonTypeMappingsSanitizationTransformerProvider:jar (Thread[#92,Execution worker Thread 6,5,main]) started.

> Task :transformation:transformationPlugins:jsonMessageTransformers:jsonTypeMappingsSanitizationTransformerProvider:jar UP-TO-DATE
Caching disabled for task ':transformation:transformationPlugins:jsonMessageTransformers:jsonTypeMappingsSanitizationTransformerProvider:jar' because:
  Not worth caching
Skipping task ':transformation:transformationPlugins:jsonMessageTransformers:jsonTypeMappingsSanitizationTransformerProvider:jar' as it is up-to-date.
work action resolve jsonTypeMappingsSanitizationTransformerProvider-0.1.0-SNAPSHOT.jar (project :transformation:transformationPlugins:jsonMessageTransformers:jsonTypeMappingsSanitizationTransformerProvider) (Thread[#92,Execution worker Thread 6,5,main]) started.

> Task :transformation:transformationPlugins:jsonMessageTransformers:jsonMessageTransformerLoaders:jar UP-TO-DATE
Caching disabled for task ':transformation:transformationPlugins:jsonMessageTransformers:jsonMessageTransformerLoaders:jar' because:
  Not worth caching
Skipping task ':transformation:transformationPlugins:jsonMessageTransformers:jsonMessageTransformerLoaders:jar' as it is up-to-date.
work action resolve jsonMessageTransformerLoaders-0.1.0-SNAPSHOT.jar (project :transformation:transformationPlugins:jsonMessageTransformers:jsonMessageTransformerLoaders) (Thread[#87,Execution worker,5,main]) started.

> Task :RFS:compileJava UP-TO-DATE
Build cache key for task ':RFS:compileJava' is ba4e7cba78822c4be8c81b87d9757aee
Skipping task ':RFS:compileJava' as it is up-to-date.
No compile result for :RFS:compileJava
work action resolve main (project :RFS) (Thread[#93,Execution worker Thread 7,5,main]) started.
Resolve mutations for :RFS:classes (Thread[#87,Execution worker,5,main]) started.
Resolve mutations for :DocumentsFromSnapshotMigration:compileJava (Thread[#93,Execution worker Thread 7,5,main]) started.
Resolve mutations for :CreateSnapshot:compileJava (Thread[#92,Execution worker Thread 6,5,main]) started.
Resolve mutations for :DataGenerator:compileJava (Thread[#94,Execution worker Thread 8,5,main]) started.
Resolve mutations for :MetadataMigration:compileJava (Thread[#96,Execution worker Thread 10,5,main]) started.
Resolve mutations for :RFS:compileTestFixturesJava (Thread[#97,Execution worker Thread 11,5,main]) started.
:RFS:classes (Thread[#87,Execution worker,5,main]) started.

> Task :RFS:classes UP-TO-DATE
Skipping task ':RFS:classes' as it has no actions.
Resolve mutations for :RFS:jar (Thread[#87,Execution worker,5,main]) started.
:DataGenerator:compileJava (Thread[#94,Execution worker Thread 8,5,main]) started.
:DocumentsFromSnapshotMigration:compileJava (Thread[#93,Execution worker Thread 7,5,main]) started.
:RFS:jar (Thread[#87,Execution worker,5,main]) started.
:MetadataMigration:compileJava (Thread[#96,Execution worker Thread 10,5,main]) started.
:RFS:compileTestFixturesJava (Thread[#97,Execution worker Thread 11,5,main]) started.
:CreateSnapshot:compileJava (Thread[#86,included builds,5,main]) started.

> Task :RFS:jar UP-TO-DATE
Caching disabled for task ':RFS:jar' because:
  Not worth caching
Skipping task ':RFS:jar' as it is up-to-date.
work action resolve RFS-0.1.0-SNAPSHOT.jar (project :RFS) (Thread[#87,Execution worker,5,main]) started.

> Task :DataGenerator:compileJava UP-TO-DATE
Build cache key for task ':DataGenerator:compileJava' is f6795ae3fe0da0424dcc3d0342b0a09a
Skipping task ':DataGenerator:compileJava' as it is up-to-date.

> Task :DocumentsFromSnapshotMigration:compileJava UP-TO-DATE
Build cache key for task ':DocumentsFromSnapshotMigration:compileJava' is 99ad4a253c1a7c3e8ae772409d234e74
Skipping task ':DocumentsFromSnapshotMigration:compileJava' as it is up-to-date.
No compile result for :DataGenerator:compileJava
No compile result for :DocumentsFromSnapshotMigration:compileJava
Resolve mutations for :DataGenerator:classes (Thread[#94,Execution worker Thread 8,5,main]) started.
Resolve mutations for :DocumentsFromSnapshotMigration:classes (Thread[#93,Execution worker Thread 7,5,main]) started.
Resolve mutations for :DocumentsFromSnapshotMigration:delombok (Thread[#87,Execution worker,5,main]) started.
:DataGenerator:classes (Thread[#94,Execution worker Thread 8,5,main]) started.
:DocumentsFromSnapshotMigration:classes (Thread[#93,Execution worker Thread 7,5,main]) started.

> Task :DocumentsFromSnapshotMigration:classes UP-TO-DATE
Skipping task ':DocumentsFromSnapshotMigration:classes' as it has no actions.

> Task :DataGenerator:classes UP-TO-DATE
Skipping task ':DataGenerator:classes' as it has no actions.
Resolve mutations for :DocumentsFromSnapshotMigration:jar (Thread[#94,Execution worker Thread 8,5,main]) started.
Resolve mutations for :DataGenerator:jar (Thread[#92,Execution worker Thread 6,5,main]) started.
:DocumentsFromSnapshotMigration:jar (Thread[#94,Execution worker Thread 8,5,main]) started.
:DocumentsFromSnapshotMigration:delombok (Thread[#87,Execution worker,5,main]) started.
:DataGenerator:jar (Thread[#92,Execution worker Thread 6,5,main]) started.

> Task :CreateSnapshot:compileJava UP-TO-DATE
Build cache key for task ':CreateSnapshot:compileJava' is 267045b2c1d16ac711f47c9720c9f956
Skipping task ':CreateSnapshot:compileJava' as it is up-to-date.
No compile result for :CreateSnapshot:compileJava
Resolve mutations for :CreateSnapshot:classes (Thread[#86,included builds,5,main]) started.
:CreateSnapshot:classes (Thread[#86,included builds,5,main]) started.

> Task :CreateSnapshot:classes UP-TO-DATE
Skipping task ':CreateSnapshot:classes' as it has no actions.
Resolve mutations for :CreateSnapshot:jar (Thread[#86,included builds,5,main]) started.
:CreateSnapshot:jar (Thread[#86,included builds,5,main]) started.

> Task :MetadataMigration:compileJava UP-TO-DATE
Build cache key for task ':MetadataMigration:compileJava' is 0e7a6ad2b0237510f467851e71a94550
Skipping task ':MetadataMigration:compileJava' as it is up-to-date.
No compile result for :MetadataMigration:compileJava
Resolve mutations for :MetadataMigration:classes (Thread[#96,Execution worker Thread 10,5,main]) started.
:MetadataMigration:classes (Thread[#96,Execution worker Thread 10,5,main]) started.

> Task :MetadataMigration:classes UP-TO-DATE
Skipping task ':MetadataMigration:classes' as it has no actions.
Resolve mutations for :MetadataMigration:jar (Thread[#96,Execution worker Thread 10,5,main]) started.
:MetadataMigration:jar (Thread[#96,Execution worker Thread 10,5,main]) started.

> Task :DocumentsFromSnapshotMigration:jar UP-TO-DATE
Caching disabled for task ':DocumentsFromSnapshotMigration:jar' because:
  Not worth caching
Skipping task ':DocumentsFromSnapshotMigration:jar' as it is up-to-date.
work action resolve DocumentsFromSnapshotMigration-0.1.0-SNAPSHOT.jar (project :DocumentsFromSnapshotMigration) (Thread[#94,Execution worker Thread 8,5,main]) started.
Resolve mutations for :DocumentsFromSnapshotMigration:compileTestFixturesJava (Thread[#94,Execution worker Thread 8,5,main]) started.
:DocumentsFromSnapshotMigration:compileTestFixturesJava (Thread[#94,Execution worker Thread 8,5,main]) started.

> Task :DocumentsFromSnapshotMigration:compileTestFixturesJava NO-SOURCE
Skipping task ':DocumentsFromSnapshotMigration:compileTestFixturesJava' as it has no source files and no previous output files.
Resolve mutations for :DocumentsFromSnapshotMigration:testFixturesClasses (Thread[#94,Execution worker Thread 8,5,main]) started.
work action resolve testFixtures (project :DocumentsFromSnapshotMigration) (Thread[#93,Execution worker Thread 7,5,main]) started.
:DocumentsFromSnapshotMigration:testFixturesClasses (Thread[#94,Execution worker Thread 8,5,main]) started.

> Task :DocumentsFromSnapshotMigration:testFixturesClasses UP-TO-DATE
Skipping task ':DocumentsFromSnapshotMigration:testFixturesClasses' as it has no actions.
Resolve mutations for :DocumentsFromSnapshotMigration:testFixturesJar (Thread[#94,Execution worker Thread 8,5,main]) started.
:DocumentsFromSnapshotMigration:testFixturesJar (Thread[#94,Execution worker Thread 8,5,main]) started.

> Task :DataGenerator:jar UP-TO-DATE
Caching disabled for task ':DataGenerator:jar' because:
  Not worth caching
Skipping task ':DataGenerator:jar' as it is up-to-date.
work action resolve DataGenerator-0.1.0-SNAPSHOT.jar (project :DataGenerator) (Thread[#92,Execution worker Thread 6,5,main]) started.

> Task :CreateSnapshot:jar UP-TO-DATE
Caching disabled for task ':CreateSnapshot:jar' because:
  Not worth caching
Skipping task ':CreateSnapshot:jar' as it is up-to-date.
work action resolve CreateSnapshot-0.1.0-SNAPSHOT.jar (project :CreateSnapshot) (Thread[#86,included builds,5,main]) started.

> Task :MetadataMigration:jar UP-TO-DATE
Caching disabled for task ':MetadataMigration:jar' because:
  Not worth caching
Skipping task ':MetadataMigration:jar' as it is up-to-date.
work action resolve MetadataMigration-0.1.0-SNAPSHOT.jar (project :MetadataMigration) (Thread[#96,Execution worker Thread 10,5,main]) started.

> Task :DocumentsFromSnapshotMigration:delombok UP-TO-DATE
Build cache key for task ':DocumentsFromSnapshotMigration:delombok' is a17cfc89264ba197d8472b2e5af24594
Skipping task ':DocumentsFromSnapshotMigration:delombok' as it is up-to-date.

> Task :DocumentsFromSnapshotMigration:testFixturesJar UP-TO-DATE
Caching disabled for task ':DocumentsFromSnapshotMigration:testFixturesJar' because:
  Not worth caching
Skipping task ':DocumentsFromSnapshotMigration:testFixturesJar' as it is up-to-date.
Resolve mutations for :DocumentsFromSnapshotMigration:javadoc (Thread[#87,Execution worker,5,main]) started.
work action resolve DocumentsFromSnapshotMigration-0.1.0-SNAPSHOT-test-fixtures.jar (project :DocumentsFromSnapshotMigration) (Thread[#94,Execution worker Thread 8,5,main]) started.
:DocumentsFromSnapshotMigration:javadoc (Thread[#87,Execution worker,5,main]) started.

> Task :RFS:compileTestFixturesJava UP-TO-DATE
Build cache key for task ':RFS:compileTestFixturesJava' is 75f810b8498529340bb3012632d6861b
Skipping task ':RFS:compileTestFixturesJava' as it is up-to-date.
No compile result for :RFS:compileTestFixturesJava
work action resolve testFixtures (project :RFS) (Thread[#97,Execution worker Thread 11,5,main]) started.
Resolve mutations for :RFS:testFixturesClasses (Thread[#94,Execution worker Thread 8,5,main]) started.
Resolve mutations for :DocumentsFromSnapshotMigration:compileTestJava (Thread[#97,Execution worker Thread 11,5,main]) started.
:RFS:testFixturesClasses (Thread[#94,Execution worker Thread 8,5,main]) started.

> Task :RFS:testFixturesClasses UP-TO-DATE
Skipping task ':RFS:testFixturesClasses' as it has no actions.
Resolve mutations for :RFS:testFixturesJar (Thread[#94,Execution worker Thread 8,5,main]) started.
:DocumentsFromSnapshotMigration:compileTestJava (Thread[#97,Execution worker Thread 11,5,main]) started.
:RFS:testFixturesJar (Thread[#94,Execution worker Thread 8,5,main]) started.

> Task :RFS:testFixturesJar UP-TO-DATE
Caching disabled for task ':RFS:testFixturesJar' because:
  Not worth caching
Skipping task ':RFS:testFixturesJar' as it is up-to-date.
work action resolve RFS-0.1.0-SNAPSHOT-test-fixtures.jar (project :RFS) (Thread[#94,Execution worker Thread 8,5,main]) started.

> Task :DocumentsFromSnapshotMigration:javadoc UP-TO-DATE
Build cache key for task ':DocumentsFromSnapshotMigration:javadoc' is 9ab35d2b5e242d32895e67d313fdbb79
Skipping task ':DocumentsFromSnapshotMigration:javadoc' as it is up-to-date.
This JVM does not support getting OS memory, so no OS memory status updates will be broadcast

> Task :DocumentsFromSnapshotMigration:compileTestJava
Build cache key for task ':DocumentsFromSnapshotMigration:compileTestJava' is 2757d622495ed590d05203581976950b
Task ':DocumentsFromSnapshotMigration:compileTestJava' is not up-to-date because:
  Input property 'stableSources' file /Users/akurait/workplace/synthetic_source/DocumentsFromSnapshotMigration/src/test/java/org/opensearch/migrations/bulkload/NoStoredSourceMigrationTest.java has changed.
Compilation mode: default, forking compiler
Created classpath snapshot for incremental compilation in 0.069 secs.
Full recompilation is required because JdkClassWriter.class could not be analyzed for incremental compilation. See the debug log for more details. Analysis took 0.144 secs.
Compiling with toolchain '/Library/Java/JavaVirtualMachines/amazon-corretto-17.jdk/Contents/Home'.
Starting process 'Gradle Worker Daemon 1'. Working directory: /Users/akurait/.gradle/workers Command: /Library/Java/JavaVirtualMachines/amazon-corretto-17.jdk/Contents/Home/bin/java --add-exports=jdk.compiler/com.sun.tools.javac.api=ALL-UNNAMED --add-exports=jdk.compiler/com.sun.tools.javac.file=ALL-UNNAMED --add-exports=jdk.compiler/com.sun.tools.javac.main=ALL-UNNAMED --add-exports=jdk.compiler/com.sun.tools.javac.model=ALL-UNNAMED --add-exports=jdk.compiler/com.sun.tools.javac.parser=ALL-UNNAMED --add-exports=jdk.compiler/com.sun.tools.javac.processing=ALL-UNNAMED --add-exports=jdk.compiler/com.sun.tools.javac.tree=ALL-UNNAMED --add-exports=jdk.compiler/com.sun.tools.javac.util=ALL-UNNAMED --add-opens=jdk.compiler/com.sun.tools.javac.code=ALL-UNNAMED --add-opens=jdk.compiler/com.sun.tools.javac.comp=ALL-UNNAMED --add-exports=jdk.compiler/com.sun.tools.javac.api=ALL-UNNAMED --add-exports=jdk.compiler/com.sun.tools.javac.util=ALL-UNNAMED @/Users/akurait/.gradle/.tmp/gradle-worker-classpath17567054099355133418txt -Xmx512m -Dfile.encoding=UTF-8 -Duser.country=US -Duser.language=en -Duser.variant worker.org.gradle.process.internal.worker.GradleWorkerMain 'Gradle Worker Daemon 1'
Successfully started process 'Gradle Worker Daemon 1'
Started Gradle worker daemon (0.263 secs) with fork options DaemonForkOptions{executable=/Library/Java/JavaVirtualMachines/amazon-corretto-17.jdk/Contents/Home/bin/java, minHeapSize=null, maxHeapSize=null, jvmArgs=[--add-exports=jdk.compiler/com.sun.tools.javac.api=ALL-UNNAMED, --add-exports=jdk.compiler/com.sun.tools.javac.file=ALL-UNNAMED, --add-exports=jdk.compiler/com.sun.tools.javac.main=ALL-UNNAMED, --add-exports=jdk.compiler/com.sun.tools.javac.model=ALL-UNNAMED, --add-exports=jdk.compiler/com.sun.tools.javac.parser=ALL-UNNAMED, --add-exports=jdk.compiler/com.sun.tools.javac.processing=ALL-UNNAMED, --add-exports=jdk.compiler/com.sun.tools.javac.tree=ALL-UNNAMED, --add-exports=jdk.compiler/com.sun.tools.javac.util=ALL-UNNAMED, --add-opens=jdk.compiler/com.sun.tools.javac.code=ALL-UNNAMED, --add-opens=jdk.compiler/com.sun.tools.javac.comp=ALL-UNNAMED, --add-exports=jdk.compiler/com.sun.tools.javac.api=ALL-UNNAMED, --add-exports=jdk.compiler/com.sun.tools.javac.util=ALL-UNNAMED], keepAliveMode=DAEMON}.
Compiling with JDK Java compiler API.
Class dependency analysis for incremental compilation took 0.043 secs.
Stored cache entry for task ':DocumentsFromSnapshotMigration:compileTestJava' with cache key 2757d622495ed590d05203581976950b
Resolve mutations for :DocumentsFromSnapshotMigration:testClasses (Thread[#97,Execution worker Thread 11,5,main]) started.
:DocumentsFromSnapshotMigration:testClasses (Thread[#97,Execution worker Thread 11,5,main]) started.

> Task :DocumentsFromSnapshotMigration:testClasses
Skipping task ':DocumentsFromSnapshotMigration:testClasses' as it has no actions.
Resolve mutations for :DocumentsFromSnapshotMigration:isolatedTest (Thread[#97,Execution worker Thread 11,5,main]) started.
:DocumentsFromSnapshotMigration:isolatedTest (Thread[#97,Execution worker Thread 11,5,main]) started.
Gradle Test Executor 2 started executing tests.

> Task :DocumentsFromSnapshotMigration:isolatedTest
Build cache key for task ':DocumentsFromSnapshotMigration:isolatedTest' is 7da217dad361d3dffa594e3b978570c0
Task ':DocumentsFromSnapshotMigration:isolatedTest' is not up-to-date because:
  Task.upToDateWhen is false.
Starting process 'Gradle Test Executor 2'. Working directory: /Users/akurait/workplace/synthetic_source/DocumentsFromSnapshotMigration Command: /Library/Java/JavaVirtualMachines/amazon-corretto-17.jdk/Contents/Home/bin/java -Djunit.jupiter.execution.parallel.enabled=false -Djunit.jupiter.execution.timeout.default=5m -Djunit.jupiter.extensions.autodetection.enabled=true -Dlog4j2.contextSelector=org.apache.logging.log4j.core.selector.BasicContextSelector -Dorg.gradle.internal.worker.tmpdir=/Users/akurait/workplace/synthetic_source/DocumentsFromSnapshotMigration/build/tmp/isolatedTest/work -XX:+HeapDumpOnOutOfMemoryError -javaagent:/Users/akurait/workplace/synthetic_source/DocumentsFromSnapshotMigration/build/tmp/.cache/expanded/zip_ff7bf8f04f99dc306508d1c81e47a68b/jacocoagent.jar=destfile=build/jacoco/DocumentsFromSnapshotMigration-isolatedTest.exec,append=true,inclnolocationclasses=false,dumponexit=true,output=file,jmx=false @/Users/akurait/.gradle/.tmp/gradle-worker-classpath1284103257881192172txt -Xmx2g -Dfile.encoding=UTF-8 -Duser.country=US -Duser.language=en -Duser.variant -ea worker.org.gradle.process.internal.worker.GradleWorkerMain 'Gradle Test Executor 2'
Successfully started process 'Gradle Test Executor 2'

NoStoredSourceMigrationTest > testSourceReconstruction(ContainerVersion, ContainerVersion) > Container(ELASTICSEARCH 1.7.6) -> Container(OPENSEARCH 3.0.0) STANDARD_OUT
    2026-01-15 00:39:24,745 INFO o.t.i.PullPolicy [Test worker] Image pull policy will be performed by: DefaultPullPolicy()
    2026-01-15 00:39:24,749 INFO o.t.u.ImageNameSubstitutor [Test worker] Image name substitution will be performed by: DefaultImageNameSubstitutor (composite of 'ConfigurationFileImageNameSubstitutor' and 'PrefixingImageNameSubstitutor')
    2026-01-15 00:39:24,762 INFO o.o.m.b.f.SearchClusterContainer [Test worker] Starting container version:ELASTICSEARCH 1.7.6
    2026-01-15 00:39:24,763 INFO o.t.DockerClientFactory [Test worker] Testcontainers version: 2.0.3
    2026-01-15 00:39:24,981 INFO o.t.d.DockerClientProviderStrategy [Test worker] Loaded org.testcontainers.dockerclient.UnixSocketClientProviderStrategy from ~/.testcontainers.properties, will try it first
    2026-01-15 00:39:25,283 INFO o.t.d.DockerClientProviderStrategy [Test worker] Found Docker environment with local Unix socket (unix:///var/run/docker.sock)
    2026-01-15 00:39:25,285 INFO o.t.DockerClientFactory [Test worker] Docker host IP address is localhost
    2026-01-15 00:39:25,301 INFO o.t.DockerClientFactory [Test worker] Connected to docker: 
      Server Version: 29.1.3
      API Version: 1.52
      Operating System: Docker Desktop
      Total Memory: 36020 MB
      Labels: 
        com.docker.desktop.address=unix:///Users/akurait/Library/Containers/com.docker.docker/Data/docker-cli.sock
    2026-01-15 00:39:25,483 INFO t.t.1.0 [Test worker] Creating container for image: testcontainers/ryuk:0.13.0
    2026-01-15 00:39:25,595 INFO o.t.u.RegistryAuthLocator [Test worker] Credential helper/store (docker-credential-desktop) does not have credentials for https://index.docker.io/v1/
    2026-01-15 00:39:25,667 INFO t.t.1.0 [Test worker] Container testcontainers/ryuk:0.13.0 is starting: 518b2a1e7ac0b13335b5fb91db66bc04bbe026747baffd8d0a7a530076f987e0
    2026-01-15 00:39:25,841 INFO t.t.1.0 [Test worker] Container testcontainers/ryuk:0.13.0 started in PT0.357703S
    2026-01-15 00:39:25,844 INFO o.t.u.RyukResourceReaper [Test worker] Ryuk started - will monitor and terminate Testcontainers containers on JVM exit
    2026-01-15 00:39:25,844 INFO o.t.DockerClientFactory [Test worker] Checking the system...
    2026-01-15 00:39:25,844 INFO o.t.DockerClientFactory [Test worker] ✔︎ Docker server version should be at least 1.6.0
    2026-01-15 00:39:25,844 INFO t.e.7.6 [Test worker] Creating container for image: elasticsearch:1.7.6
    2026-01-15 00:39:25,897 INFO t.e.7.6 [Test worker] Container elasticsearch:1.7.6 is starting: 2b4c0772271b3153043221b0f2dd6abecc9e1680b67ff36024cfa75279f9cc5c
    2026-01-15 00:39:26,001 WARN t.e.7.6 [Test worker] The architecture 'amd64' for image 'elasticsearch:1.7.6' (ID sha256:c27013c24deaca363f27dab03585afd36641f449ffccdb98a46653831afe3637) does not match the Docker server architecture 'arm64'. This will cause the container to execute much more slowly due to emulation and may lead to timeout failures.
    2026-01-15 00:39:26,001 INFO o.t.c.w.s.HttpWaitStrategy [Test worker] /compassionate_ride: Waiting for 60 seconds for URL: http://localhost:65344/ (where port 65344 maps to container port 9200)
    2026-01-15 00:39:33,098 INFO t.e.7.6 [Test worker] Container elasticsearch:1.7.6 started in PT7.252968S
    2026-01-15 00:39:33,098 INFO o.o.m.b.f.SearchClusterContainer [Test worker] Starting container version:OPENSEARCH 3.0.0
    2026-01-15 00:39:33,099 INFO t.o.0.0 [Test worker] Creating container for image: opensearchproject/opensearch:3.0.0
    2026-01-15 00:39:33,121 INFO t.o.0.0 [Test worker] Container opensearchproject/opensearch:3.0.0 is starting: 9009bc89e892672207c9208045e83366b628f54159c812187470ba5b1ae7f960
    2026-01-15 00:39:33,219 INFO o.t.c.w.s.HttpWaitStrategy [Test worker] /nifty_neumann: Waiting for 60 seconds for URL: http://localhost:65395/ (where port 65395 maps to container port 9200)
    2026-01-15 00:39:40,194 INFO t.o.0.0 [Test worker] Container opensearchproject/opensearch:3.0.0 started in PT7.095717S
    2026-01-15 00:39:40,282 INFO o.o.m.b.NoStoredSourceMigrationTest [Test worker] Source version: Container(ELASTICSEARCH 1.7.6), Target version: Container(OPENSEARCH 3.0.0)
    2026-01-15 00:39:40,282 INFO o.o.m.b.NoStoredSourceMigrationTest [Test worker] Index body: {"settings":{"number_of_shards":1,"number_of_replicas":0},"mappings":{"doc":{"_source":{"enabled":false},"properties":{"string_dv_store": {"type": "string", "index": "not_analyzed", "store": true},
    "string_dv_nostore": {"type": "string", "index": "not_analyzed"},
    "string_nodv_store": {"type": "string", "index": "not_analyzed", "doc_values": false, "store": true},
    "string_nodv_nostore": {"type": "string", "index": "not_analyzed", "doc_values": false},
    "integer_dv_store": {"type": "integer", "store": true},
    "integer_dv_nostore": {"type": "integer"},
    "integer_nodv_store": {"type": "integer", "doc_values": false, "store": true},
    "integer_nodv_nostore": {"type": "integer", "doc_values": false},
    "long_dv_store": {"type": "long", "store": true},
    "long_dv_nostore": {"type": "long"},
    "long_nodv_store": {"type": "long", "doc_values": false, "store": true},
    "long_nodv_nostore": {"type": "long", "doc_values": false}}}}}
    2026-01-15 00:39:40,282 INFO o.o.m.b.NoStoredSourceMigrationTest [Test worker] Document: {"string_dv_store": "test_str",
    "string_dv_nostore": "test_str",
    "string_nodv_store": "test_str",
    "string_nodv_nostore": "test_str",
    "integer_dv_store": 42,
    "integer_dv_nostore": 42,
    "integer_nodv_store": 42,
    "integer_nodv_nostore": 42,
    "long_dv_store": 9999,
    "long_dv_nostore": 9999,
    "long_nodv_store": 9999,
    "long_nodv_nostore": 9999}
    2026-01-15 00:39:40,618 INFO o.o.m.b.h.ClusterOperations [Test worker] PUT /source_reconstruction_test
    {"settings":{"number_of_shards":1,"number_of_replicas":0},"mappings":{"doc":{"_source":{"enabled":false},"properties":{"string_dv_store": {"type": "string", "index": "not_analyzed", "store": true},
    "string_dv_nostore": {"type": "string", "index": "not_analyzed"},
    "string_nodv_store": {"type": "string", "index": "not_analyzed", "doc_values": false, "store": true},
    "string_nodv_nostore": {"type": "string", "index": "not_analyzed", "doc_values": false},
    "integer_dv_store": {"type": "integer", "store": true},
    "integer_dv_nostore": {"type": "integer"},
    "integer_nodv_store": {"type": "integer", "doc_values": false, "store": true},
    "integer_nodv_nostore": {"type": "integer", "doc_values": false},
    "long_dv_store": {"type": "long", "store": true},
    "long_dv_nostore": {"type": "long"},
    "long_nodv_store": {"type": "long", "doc_values": false, "store": true},
    "long_nodv_nostore": {"type": "long", "doc_values": false}}}}}
    Response: 200
    {"acknowledged":true}
    2026-01-15 00:39:40,706 INFO o.o.m.b.h.ClusterOperations [Test worker] PUT /source_reconstruction_test/doc/1
    {"string_dv_store": "test_str",
    "string_dv_nostore": "test_str",
    "string_nodv_store": "test_str",
    "string_nodv_nostore": "test_str",
    "integer_dv_store": 42,
    "integer_dv_nostore": 42,
    "integer_nodv_store": 42,
    "integer_nodv_nostore": 42,
    "long_dv_store": 9999,
    "long_dv_nostore": 9999,
    "long_nodv_store": 9999,
    "long_nodv_nostore": 9999}
    Response: 201
    {"_index":"source_reconstruction_test","_type":"doc","_id":"1","_version":1,"created":true}
    2026-01-15 00:39:40,768 INFO o.o.m.b.h.ClusterOperations [Test worker] POST /_refresh

    Response: 200
    {"_shards":{"total":1,"successful":1,"failed":0}}
    2026-01-15 00:39:41,649 INFO o.o.m.b.w.SnapshotRunner [Test worker] Attempting to initiate the snapshot...
    2026-01-15 00:39:41,650 INFO o.o.m.b.c.OpenSearchClient [Test worker] Starting registerSnapshotRepo for repoName=null
    2026-01-15 00:39:41,726 INFO o.o.m.b.c.OpenSearchClient [Test worker] Completed registerSnapshotRepo for repoName=null in 76 ms with statusCode=200
    2026-01-15 00:39:41,726 INFO o.o.m.b.c.SnapshotCreator [Test worker] Snapshot repo registration successful
    2026-01-15 00:39:41,727 INFO o.o.m.b.c.OpenSearchClient [Test worker] Starting createSnapshot for repoName=null, snapshotName=snap
    2026-01-15 00:39:41,744 INFO o.o.m.b.c.OpenSearchClient [Test worker] Completed createSnapshot for repoName=null, snapshotName=snap in 17 ms with statusCode=200
    2026-01-15 00:39:41,744 INFO o.o.m.b.c.SnapshotCreator [Test worker] Snapshot snap creation initiated
    2026-01-15 00:39:41,744 INFO o.o.m.b.w.SnapshotRunner [Test worker] Snapshot in progress...
    2026-01-15 00:39:41,744 INFO o.o.m.b.c.OpenSearchClient [Test worker] Starting getSnapshotStatus for repoName=null, snapshotName=snap
    2026-01-15 00:39:41,761 INFO o.o.m.b.c.OpenSearchClient [Test worker] Completed getSnapshotStatus for repoName=null, snapshotName=snap in 17 ms with statusCode=200
    2026-01-15 00:39:41,763 INFO o.o.m.b.w.SnapshotRunner [Test worker] Snapshot not finished yet; sleeping for 1000ms...
    2026-01-15 00:39:42,768 INFO o.o.m.b.c.OpenSearchClient [Test worker] Starting getSnapshotStatus for repoName=null, snapshotName=snap
    2026-01-15 00:39:42,789 INFO o.o.m.b.c.OpenSearchClient [Test worker] Completed getSnapshotStatus for repoName=null, snapshotName=snap in 20 ms with statusCode=200
    2026-01-15 00:39:42,895 DEBUG o.o.m.b.f.SearchClusterContainer [Test worker] Process Exit Code: 0
    2026-01-15 00:39:42,895 DEBUG o.o.m.b.f.SearchClusterContainer [Test worker] Standard Output: /tmp/snapshots/snapshot-snap
    /tmp/snapshots/indices/source_reconstruction_test/snapshot-snap
    /tmp/snapshots/indices/source_reconstruction_test/0/__0
    /tmp/snapshots/indices/source_reconstruction_test/0/snapshot-snap
    /tmp/snapshots/indices/source_reconstruction_test/0/__1
    /tmp/snapshots/indices/source_reconstruction_test/0/__3
    /tmp/snapshots/indices/source_reconstruction_test/0/__2
    /tmp/snapshots/metadata-snap
    /tmp/snapshots/index

    2026-01-15 00:39:42,895 DEBUG o.o.m.b.f.SearchClusterContainer [Test worker] Standard Error : 
    2026-01-15 00:39:42,896 INFO o.o.m.b.f.SearchClusterContainer [Test worker] Copying file /tmp/snapshots/snapshot-snap from container onto /var/folders/d9/7fcs2fv55k59ps6tpm5gdv900000gq/T/junit-2625870632730720897/snapshot-snap
    2026-01-15 00:39:42,904 INFO o.o.m.b.f.SearchClusterContainer [Test worker] Copying file /tmp/snapshots/indices/source_reconstruction_test/snapshot-snap from container onto /var/folders/d9/7fcs2fv55k59ps6tpm5gdv900000gq/T/junit-2625870632730720897/indices/source_reconstruction_test/snapshot-snap
    2026-01-15 00:39:42,908 INFO o.o.m.b.f.SearchClusterContainer [Test worker] Copying file /tmp/snapshots/indices/source_reconstruction_test/0/__0 from container onto /var/folders/d9/7fcs2fv55k59ps6tpm5gdv900000gq/T/junit-2625870632730720897/indices/source_reconstruction_test/0/__0
    2026-01-15 00:39:42,914 INFO o.o.m.b.f.SearchClusterContainer [Test worker] Copying file /tmp/snapshots/indices/source_reconstruction_test/0/snapshot-snap from container onto /var/folders/d9/7fcs2fv55k59ps6tpm5gdv900000gq/T/junit-2625870632730720897/indices/source_reconstruction_test/0/snapshot-snap
    2026-01-15 00:39:42,919 INFO o.o.m.b.f.SearchClusterContainer [Test worker] Copying file /tmp/snapshots/indices/source_reconstruction_test/0/__1 from container onto /var/folders/d9/7fcs2fv55k59ps6tpm5gdv900000gq/T/junit-2625870632730720897/indices/source_reconstruction_test/0/__1
    2026-01-15 00:39:42,923 INFO o.o.m.b.f.SearchClusterContainer [Test worker] Copying file /tmp/snapshots/indices/source_reconstruction_test/0/__3 from container onto /var/folders/d9/7fcs2fv55k59ps6tpm5gdv900000gq/T/junit-2625870632730720897/indices/source_reconstruction_test/0/__3
    2026-01-15 00:39:42,927 INFO o.o.m.b.f.SearchClusterContainer [Test worker] Copying file /tmp/snapshots/indices/source_reconstruction_test/0/__2 from container onto /var/folders/d9/7fcs2fv55k59ps6tpm5gdv900000gq/T/junit-2625870632730720897/indices/source_reconstruction_test/0/__2
    2026-01-15 00:39:42,931 INFO o.o.m.b.f.SearchClusterContainer [Test worker] Copying file /tmp/snapshots/metadata-snap from container onto /var/folders/d9/7fcs2fv55k59ps6tpm5gdv900000gq/T/junit-2625870632730720897/metadata-snap
    2026-01-15 00:39:42,935 INFO o.o.m.b.f.SearchClusterContainer [Test worker] Copying file /tmp/snapshots/index from container onto /var/folders/d9/7fcs2fv55k59ps6tpm5gdv900000gq/T/junit-2625870632730720897/index
    2026-01-15 00:39:42,939 INFO o.o.m.b.NoStoredSourceMigrationTest [Test worker] Target index body: {"settings":{"number_of_shards":1,"number_of_replicas":0},"mappings":{"properties":{"string_dv_store": {"type": "keyword"},
    "string_dv_nostore": {"type": "keyword"},
    "string_nodv_store": {"type": "keyword"},
    "string_nodv_nostore": {"type": "keyword"},
    "integer_dv_store": {"type": "integer"},
    "integer_dv_nostore": {"type": "integer"},
    "integer_nodv_store": {"type": "integer"},
    "integer_nodv_nostore": {"type": "integer"},
    "long_dv_store": {"type": "long"},
    "long_dv_nostore": {"type": "long"},
    "long_nodv_store": {"type": "long"},
    "long_nodv_nostore": {"type": "long"}}}}
    2026-01-15 00:39:43,003 INFO o.o.m.b.h.ClusterOperations [Test worker] PUT /source_reconstruction_test
    {"settings":{"number_of_shards":1,"number_of_replicas":0},"mappings":{"properties":{"string_dv_store": {"type": "keyword"},
    "string_dv_nostore": {"type": "keyword"},
    "string_nodv_store": {"type": "keyword"},
    "string_nodv_nostore": {"type": "keyword"},
    "integer_dv_store": {"type": "integer"},
    "integer_dv_nostore": {"type": "integer"},
    "integer_nodv_store": {"type": "integer"},
    "integer_nodv_nostore": {"type": "integer"},
    "long_dv_store": {"type": "long"},
    "long_dv_nostore": {"type": "long"},
    "long_nodv_store": {"type": "long"},
    "long_nodv_nostore": {"type": "long"}}}}
    Response: 200
    {"acknowledged":true,"shards_acknowledged":true,"index":"source_reconstruction_test"}
    2026-01-15 00:39:43,019 INFO o.o.m.c.ClusterProviderRegistry [Test worker] Found snapshot resource reader SnapshotReader_ES_1_7 for version: ELASTICSEARCH 1.7.6
    2026-01-15 00:39:43,019 INFO o.o.m.b.SourceTestBase [Test worker] nextClockShift=230

OpenJDK 64-Bit Server VM warning: Sharing is only supported for boot loader classes because bootstrap classpath has been appended

> Task :DocumentsFromSnapshotMigration:isolatedTest
    2026-01-15 00:39:43,555 INFO o.o.m.b.l.LuceneIndexReader$Factory [Test worker] Creating IndexReader5
    2026-01-15 00:39:43,568 INFO o.o.m.t.TransformationLoader [Test worker] Adding IJsonTransfomerProvider: org.opensearch.migrations.transformation.JsonTransformerForDocumentTypeRemovalProvider@482b6acc
    2026-01-15 00:39:43,569 INFO o.o.m.t.TransformationLoader [Test worker] Adding IJsonTransfomerProvider: org.opensearch.migrations.transform.JsonConditionalTransformerProvider@65ff2f44
    2026-01-15 00:39:43,572 INFO o.o.m.t.TransformationLoader [Test worker] Adding IJsonTransfomerProvider: org.opensearch.migrations.transform.TypeMappingSanitizationTransformerProvider@ff2e200
    2026-01-15 00:39:43,573 INFO o.o.m.t.TransformationLoader [Test worker] Adding IJsonTransfomerProvider: org.opensearch.migrations.transform.JsonJSTransformerProvider@204e7223
    2026-01-15 00:39:43,574 INFO o.o.m.t.TransformationLoader [Test worker] Adding IJsonTransfomerProvider: org.opensearch.migrations.transform.JsonJoltTransformerProvider@6c84f223
    2026-01-15 00:39:43,610 INFO o.o.m.t.TransformationLoader [Test worker] Adding IJsonTransfomerProvider: org.opensearch.migrations.transform.JsonJMESPathTransformerProvider@7f8510d3
    2026-01-15 00:39:43,611 INFO o.o.m.t.TransformationLoader [Test worker] Adding IJsonTransfomerProvider: org.opensearch.migrations.transform.NoopTransformerProvider@4ea0719e
    2026-01-15 00:39:43,611 INFO o.o.m.t.TransformationLoader [Test worker] IJsonTransformerProviders loaded: class org.opensearch.migrations.transformation.JsonTransformerForDocumentTypeRemovalProvider; class org.opensearch.migrations.transform.JsonConditionalTransformerProvider; class org.opensearch.migrations.transform.TypeMappingSanitizationTransformerProvider; class org.opensearch.migrations.transform.JsonJSTransformerProvider; class org.opensearch.migrations.transform.JsonJoltTransformerProvider; class org.opensearch.migrations.transform.JsonJMESPathTransformerProvider; class org.opensearch.migrations.transform.NoopTransformerProvider
    2026-01-15 00:39:43,640 INFO o.o.m.t.TransformationLoader [Test worker] Creating a transformer through provider=org.opensearch.migrations.transformation.JsonTransformerForDocumentTypeRemovalProvider@482b6acc with configuration=
    2026-01-15 00:39:43,685 INFO o.o.m.b.c.OpenSearchClientFactory [Test worker] Checking compression on cluster
    2026-01-15 00:39:43,719 INFO o.o.m.b.c.OpenSearchClientFactory [reactor-http-kqueue-3] After querying target, compression=false
    2026-01-15 00:39:43,743 INFO o.o.m.b.w.OpenSearchWorkCoordinator [Test worker] Creating .migrations_working_state because HEAD returned 404
    2026-01-15 00:39:43,964 INFO o.o.m.b.w.ScopedWorkCoordinator [Test worker] Acquired work item: shard_setup with lease expiration at 2026-01-15T00:44:43.790215Z
    2026-01-15 00:39:43,965 INFO o.o.m.b.w.ShardWorkPreparer [Test worker] Acquired work to set the shard workitems
    2026-01-15 00:39:43,965 INFO o.o.m.b.w.ShardWorkPreparer [Test worker] Setting up the Documents Work Items...
    2026-01-15 00:39:43,972 INFO o.o.m.b.w.ShardWorkPreparer [Test worker] Index source_reconstruction_test has 1 shards
    2026-01-15 00:39:43,973 INFO o.o.m.b.w.ShardWorkPreparer [Test worker] Creating Documents Work Item for index: source_reconstruction_test, shard: 0
    2026-01-15 00:39:43,988 INFO o.o.m.b.w.ShardWorkPreparer [Test worker] Finished setting up the Documents Work Items.
    2026-01-15 00:39:43,988 INFO o.o.m.b.w.ScopedWorkCoordinator [Test worker] Finished onAcquiredWork for work item: shard_setup in 23 ms
    2026-01-15 00:39:44,008 INFO o.o.m.b.w.ScopedWorkCoordinator [Test worker] Marked work item shard_setup as completed and released lease
    2026-01-15 00:39:44,084 INFO o.o.m.b.w.OpenSearchWorkCoordinator [Test worker] Returning work item and lease: OpenSearchWorkCoordinator.WorkItemWithPotentialSuccessors(workItemId=source_reconstruction_test__0__-2147483648, leaseExpirationTime=2026-01-15T00:49:44Z, successorWorkItemIds=[])
    2026-01-15 00:39:44,084 INFO o.o.m.b.w.ScopedWorkCoordinator [Test worker] Acquired work item: source_reconstruction_test__0__-2147483648 with lease expiration at 2026-01-15T00:49:44Z
    2026-01-15 00:39:44,084 INFO o.o.m.b.w.DocumentsRunner [Test worker] Acquired work item: source_reconstruction_test__0__-2147483648
    2026-01-15 00:39:44,084 INFO o.o.m.b.w.DocumentsRunner [Test worker] Migrating docs for source_reconstruction_test__0__-2147483648
    2026-01-15 00:39:44,177 INFO o.o.m.RfsMigrateDocuments [Test worker] Shard size: 4794 for snapshotName=snap indexName=source_reconstruction_test shardId=0
    2026-01-15 00:39:44,207 INFO o.o.m.b.c.SnapshotShardUnpacker [Test worker] Starting parallel unpacking of 4 files for shard 0 with 12 threads
    2026-01-15 00:39:44,228 INFO o.o.m.b.c.SnapshotShardUnpacker [boundedElastic-1] Unpacking - Blob Name: __0, Lucene Name: _0.cfe
    2026-01-15 00:39:44,228 INFO o.o.m.b.c.SnapshotShardUnpacker [boundedElastic-2] Unpacking - Blob Name: __1, Lucene Name: _0.si
    2026-01-15 00:39:44,229 INFO o.o.m.b.c.SnapshotShardUnpacker [boundedElastic-3] Unpacking - Blob Name: __2, Lucene Name: _0.cfs
    2026-01-15 00:39:44,229 INFO o.o.m.b.c.SnapshotShardUnpacker [boundedElastic-4] Unpacking - Blob Name: __3, Lucene Name: segments_2
    2026-01-15 00:39:44,236 INFO o.o.m.b.c.SnapshotShardUnpacker [Test worker] Successfully unpacked 4 files for shard 0
    2026-01-15 00:39:44,239 INFO o.o.m.b.l.LuceneIndexReader$Factory [Test worker] Creating IndexReader5
    2026-01-15 00:39:44,261 INFO o.o.m.b.w.DocumentsRunner [Test worker] Setting up doc migration for index=source_reconstruction_test, shard=0
    2026-01-15 00:39:44,265 INFO o.o.m.RfsMigrateDocuments [Test worker] Shard size: 4794 for snapshotName=snap indexName=source_reconstruction_test shardId=0
    2026-01-15 00:39:44,605 INFO o.o.m.b.l.LuceneReader [Test worker] 1 documents in 1 leaves found in the current Lucene index
    2026-01-15 00:39:44,626 INFO o.o.m.b.w.DocumentsRunner [Test worker] Waiting on latch for index=source_reconstruction_test, shard=0...
    2026-01-15 00:39:44,641 INFO o.o.m.b.w.DocumentsRunner [workFinishScheduler-1] Subscribed to docMigrationCursors for index=source_reconstruction_test, shard=0
    2026-01-15 00:39:44,742 INFO o.o.m.b.c.DocumentReindexer [DocumentBatchReindexer-2] Last doc is: Source Index source_reconstruction_test Lucene Doc Number 0
    2026-01-15 00:39:44,745 INFO o.o.m.b.c.DocumentReindexer [DocumentBatchReindexer-2] Batch Id:3a8ce4c4-1646-49cb-bffe-3ecd9a9f6314, 1 documents in current bulk request.
    2026-01-15 00:39:44,762 INFO o.o.m.b.w.DocumentsRunner [DocumentBatchReindexer-3] Completed docMigration for index=source_reconstruction_test, shard=0
    2026-01-15 00:39:44,762 INFO o.o.m.b.w.DocumentsRunner [DocumentBatchReindexer-3] Terminating docMigration Flux for index=source_reconstruction_test, shard=0
    2026-01-15 00:39:44,762 INFO o.o.m.b.w.DocumentsRunner [DocumentBatchReindexer-3] Reindexing completed for Index source_reconstruction_test, Shard 0
    2026-01-15 00:39:44,762 INFO o.o.m.b.w.DocumentsRunner [Test worker] Latch released after 136 ms for index=source_reconstruction_test, shard=0
    2026-01-15 00:39:44,763 INFO o.o.m.b.w.ScopedWorkCoordinator [Test worker] Finished onAcquiredWork for work item: source_reconstruction_test__0__-2147483648 in 679 ms
    2026-01-15 00:39:44,776 INFO o.o.m.b.w.ScopedWorkCoordinator [Test worker] Marked work item source_reconstruction_test__0__-2147483648 as completed and released lease
    2026-01-15 00:39:44,784 INFO o.o.m.u.FileSystemUtils [Test worker] Successfully deleted directory tree at /var/folders/d9/7fcs2fv55k59ps6tpm5gdv900000gq/T/opensearchMigrationReindexFromSnapshot_test_lucene17164608926545445512
    2026-01-15 00:39:44,785 INFO o.o.m.c.ClusterProviderRegistry [Test worker] Found snapshot resource reader SnapshotReader_ES_1_7 for version: ELASTICSEARCH 1.7.6
    2026-01-15 00:39:44,785 INFO o.o.m.b.SourceTestBase [Test worker] nextClockShift=-90
    2026-01-15 00:39:44,786 INFO o.o.m.b.l.LuceneIndexReader$Factory [Test worker] Creating IndexReader5
    2026-01-15 00:39:44,786 INFO o.o.m.t.TransformationLoader [Test worker] Adding IJsonTransfomerProvider: org.opensearch.migrations.transformation.JsonTransformerForDocumentTypeRemovalProvider@625ee079
    2026-01-15 00:39:44,786 INFO o.o.m.t.TransformationLoader [Test worker] Adding IJsonTransfomerProvider: org.opensearch.migrations.transform.JsonConditionalTransformerProvider@63a2eaf6
    2026-01-15 00:39:44,787 INFO o.o.m.t.TransformationLoader [Test worker] Adding IJsonTransfomerProvider: org.opensearch.migrations.transform.TypeMappingSanitizationTransformerProvider@4bc940f1
    2026-01-15 00:39:44,787 INFO o.o.m.t.TransformationLoader [Test worker] Adding IJsonTransfomerProvider: org.opensearch.migrations.transform.JsonJSTransformerProvider@136bb4b
    2026-01-15 00:39:44,787 INFO o.o.m.t.TransformationLoader [Test worker] Adding IJsonTransfomerProvider: org.opensearch.migrations.transform.JsonJoltTransformerProvider@7153164a
    2026-01-15 00:39:44,787 INFO o.o.m.t.TransformationLoader [Test worker] Adding IJsonTransfomerProvider: org.opensearch.migrations.transform.JsonJMESPathTransformerProvider@5e57748b
    2026-01-15 00:39:44,788 INFO o.o.m.t.TransformationLoader [Test worker] Adding IJsonTransfomerProvider: org.opensearch.migrations.transform.NoopTransformerProvider@7f4e26a3
    2026-01-15 00:39:44,788 INFO o.o.m.t.TransformationLoader [Test worker] IJsonTransformerProviders loaded: class org.opensearch.migrations.transformation.JsonTransformerForDocumentTypeRemovalProvider; class org.opensearch.migrations.transform.JsonConditionalTransformerProvider; class org.opensearch.migrations.transform.TypeMappingSanitizationTransformerProvider; class org.opensearch.migrations.transform.JsonJSTransformerProvider; class org.opensearch.migrations.transform.JsonJoltTransformerProvider; class org.opensearch.migrations.transform.JsonJMESPathTransformerProvider; class org.opensearch.migrations.transform.NoopTransformerProvider
    2026-01-15 00:39:44,788 INFO o.o.m.t.TransformationLoader [Test worker] Creating a transformer through provider=org.opensearch.migrations.transformation.JsonTransformerForDocumentTypeRemovalProvider@625ee079 with configuration=
    2026-01-15 00:39:44,791 INFO o.o.m.b.c.OpenSearchClientFactory [Test worker] Checking compression on cluster
    2026-01-15 00:39:44,803 INFO o.o.m.b.c.OpenSearchClientFactory [reactor-http-kqueue-3] After querying target, compression=false
    2026-01-15 00:39:44,807 INFO o.o.m.b.w.OpenSearchWorkCoordinator [Test worker] Not creating .migrations_working_state because it already exists
    2026-01-15 00:39:44,818 INFO o.o.m.b.w.ScopedWorkCoordinator [Test worker] Work item already marked as completed. Skipping.
    2026-01-15 00:39:44,827 INFO o.o.m.u.FileSystemUtils [Test worker] Successfully deleted directory tree at /var/folders/d9/7fcs2fv55k59ps6tpm5gdv900000gq/T/opensearchMigrationReindexFromSnapshot_test_lucene12240435579397591818
    2026-01-15 00:39:44,827 INFO o.o.m.b.SourceTestBase [Test worker] No work at all was found.  Presuming that work was complete and that all worker processes should terminate
    2026-01-15 00:39:44,836 INFO o.o.m.b.h.ClusterOperations [Test worker] POST /_refresh

    Response: 200
    {"_shards":{"total":3,"successful":2,"failed":0}}
    2026-01-15 00:39:44,841 INFO o.o.m.b.h.ClusterOperations [Test worker] GET /source_reconstruction_test/_search

    Response: 200
    {"took":1,"timed_out":false,"_shards":{"total":1,"successful":1,"skipped":0,"failed":0},"hits":{"total":{"value":1,"relation":"eq"},"max_score":1.0,"hits":[{"_index":"source_reconstruction_test","_id":"1","_score":1.0,"_source":{"string_dv_store":"test_str","string_nodv_store":"test_str","integer_dv_store":42,"integer_nodv_store":42,"long_dv_store":9999,"long_nodv_store":9999}}]}}
    2026-01-15 00:39:44,842 INFO o.o.m.b.NoStoredSourceMigrationTest [Test worker] Migrated _source: {"string_dv_store":"test_str","string_nodv_store":"test_str","integer_dv_store":42,"integer_nodv_store":42,"long_dv_store":9999,"long_nodv_store":9999}
    2026-01-15 00:39:44,845 INFO o.o.m.b.f.SearchClusterContainer [Test worker] Stopping container version:OPENSEARCH 3.0.0
    2026-01-15 00:39:44,863 DEBUG o.o.m.b.f.SearchClusterContainer [Test worker] Instance logs:
    Enabling OpenSearch Security Plugin
    Enabling execution of install_demo_configuration.sh for OpenSearch Security Plugin 
    OpenSearch 2.12.0 onwards, the OpenSearch Security Plugin a change that requires an initial password for 'admin' user. 
    Please define an environment variable 'OPENSEARCH_INITIAL_ADMIN_PASSWORD' with a strong password string. 
    If a password is not provided, the setup will quit. 
     For more details, please visit: https://opensearch.org/docs/latest/install-and-configure/install-opensearch/docker/
    ### OpenSearch Security Demo Installer
    ### ** Warning: Do not use on production or public reachable systems **
    OpenSearch install type: rpm/deb on Linux 6.12.54-linuxkit aarch64
    OpenSearch config dir: /usr/share/opensearch/config/
    OpenSearch config file: /usr/share/opensearch/config/opensearch.yml
    OpenSearch bin dir: /usr/share/opensearch/bin/
    OpenSearch plugins dir: /usr/share/opensearch/plugins/
    OpenSearch lib dir: /usr/share/opensearch/lib/
    Detected OpenSearch Version: 3.0.0
    Detected OpenSearch Security Version: 3.0.0.0
    Admin password set successfully.
    ### Success
    ### Execute this script now on all your nodes and then start all nodes
    ### OpenSearch Security will be automatically initialized.
    ### If you like to change the runtime configuration 
    ### change the files in ../../../config/opensearch-security and execute: 
    sudo "/usr/share/opensearch/plugins/opensearch-security/tools/securityadmin.sh" -cd "/usr/share/opensearch/config/opensearch-security" -icl -key "/usr/share/opensearch/config/kirk-key.pem" -cert "/usr/share/opensearch/config/kirk.pem" -cacert "/usr/share/opensearch/config/root-ca.pem" -nhnv
    ### or run ./securityadmin_demo.sh
    ### To use the Security Plugin ConfigurationGUI
    ### To access your secured cluster open https://<hostname>:<HTTP port> and log in with admin/<your-custom-admin-password>.
    ### (Ignore the SSL certificate warning because we installed self-signed demo certificates)
    Enabling execution of OPENSEARCH_HOME/bin/opensearch-performance-analyzer/performance-analyzer-agent-cli for OpenSearch Performance Analyzer Plugin
    WARNING: Using incubator modules: jdk.incubator.vector
    WARNING: Unknown module: org.apache.arrow.memory.core specified to --add-opens
    [2026-01-15T00:39:35,628][WARN ][stderr                   ] [9009bc89e892] Jan 15, 2026 12:39:35 AM org.opensearch.javaagent.bootstrap.AgentPolicy setPolicy
    [2026-01-15T00:39:35,630][WARN ][stderr                   ] [9009bc89e892] INFO: Policy attached successfully: org.opensearch.bootstrap.OpenSearchPolicy@74294c1a
    [2026-01-15T00:39:35,635][INFO ][o.o.n.Node               ] [9009bc89e892] version[3.0.0], pid[1], build[tar/dc4efa821904cc2d7ea7ef61c0f577d3fc0d8be9/2025-05-03T06:23:50.311109522Z], OS[Linux/6.12.54-linuxkit/aarch64], JVM[Eclipse Adoptium/OpenJDK 64-Bit Server VM/21.0.7/21.0.7+6-LTS]
    [2026-01-15T00:39:35,635][INFO ][o.o.n.Node               ] [9009bc89e892] JVM home [/usr/share/opensearch/jdk], using bundled JDK/JRE [true]
    [2026-01-15T00:39:35,635][INFO ][o.o.n.Node               ] [9009bc89e892] JVM arguments [-Xshare:auto, -Dopensearch.networkaddress.cache.ttl=60, -Dopensearch.networkaddress.cache.negative.ttl=10, -XX:+AlwaysPreTouch, -Xss1m, -Djava.awt.headless=true, -Dfile.encoding=UTF-8, -Djna.nosys=true, -XX:-OmitStackTraceInFastThrow, -XX:+ShowCodeDetailsInExceptionMessages, -Dio.netty.noUnsafe=true, -Dio.netty.noKeySetOptimization=true, -Dio.netty.recycler.maxCapacityPerThread=0, -Dio.netty.allocator.numDirectArenas=0, -Dlog4j.shutdownHookEnabled=false, -Dlog4j2.disable.jmx=true, -Djava.locale.providers=SPI,CLDR, -Xms1g, -Xmx1g, -XX:+UseG1GC, -XX:G1ReservePercent=25, -XX:InitiatingHeapOccupancyPercent=30, -Djava.io.tmpdir=/tmp/opensearch-8331352486730059134, -XX:+HeapDumpOnOutOfMemoryError, -XX:HeapDumpPath=data, -XX:ErrorFile=logs/hs_err_pid%p.log, -Xlog:gc*,gc+age=trace,safepoint:file=logs/gc.log:utctime,pid,tags:filecount=32,filesize=64m, --add-modules=jdk.incubator.vector, -javaagent:agent/opensearch-agent.jar, --add-opens=java.base/java.nio=org.apache.arrow.memory.core,ALL-UNNAMED, -Dclk.tck=100, -Djdk.attach.allowAttachSelf=true, -Djava.security.policy=/usr/share/opensearch/config/opensearch-performance-analyzer/opensearch_security.policy, --add-opens=jdk.attach/sun.tools.attach=ALL-UNNAMED, -Dopensearch.cgroups.hierarchy.override=/, -XX:MaxDirectMemorySize=536870912, -Dopensearch.path.home=/usr/share/opensearch, -Dopensearch.path.conf=/usr/share/opensearch/config, -Dopensearch.distribution.type=tar, -Dopensearch.bundled_jdk=true]
    [2026-01-15T00:39:35,695][WARN ][stderr                   ] [9009bc89e892] Jan 15, 2026 12:39:35 AM org.apache.lucene.internal.vectorization.PanamaVectorizationProvider <init>
    [2026-01-15T00:39:35,696][WARN ][stderr                   ] [9009bc89e892] INFO: Java vector incubator API enabled; uses preferredBitSize=128; FMA enabled
    [2026-01-15T00:39:35,972][INFO ][o.o.s.s.t.SSLConfig      ] [9009bc89e892] SSL dual mode is disabled
    [2026-01-15T00:39:35,973][WARN ][o.o.s.OpenSearchSecurityPlugin] [9009bc89e892] OpenSearch Security plugin installed but disabled. This can expose your configuration (including passwords) to the public.
    [2026-01-15T00:39:36,244][ERROR][o.o.p.c.c.PluginSettings ] [9009bc89e892] Loading config file /usr/share/opensearch/config/opensearch-performance-analyzer/performance-analyzer.properties failed with error: org.opensearch.performanceanalyzer.commons.config.ConfigFileException: java.io.FileNotFoundException: /usr/share/opensearch/config/opensearch-performance-analyzer/performance-analyzer.properties (No such file or directory). Disabling plugin.
    [2026-01-15T00:39:36,244][INFO ][o.o.p.c.c.PluginSettings ] [9009bc89e892] Config: metricsLocation: /dev/shm/performanceanalyzer/, metricsDeletionInterval: 1, httpsEnabled: false, cleanup-metrics-db-files: false, batch-metrics-retention-period-minutes: 7, rpc-port: 9650, webservice-port 9600
    [2026-01-15T00:39:36,325][ERROR][o.o.p.c.c.StatsCollector ] [9009bc89e892] Error in loading metadata for folderLocation: /usr/share/opensearch/config/opensearch-performance-analyzer/, fileLocation: plugin-stats-metadata
    java.io.FileNotFoundException: /usr/share/opensearch/config/opensearch-performance-analyzer/plugin-stats-metadata (No such file or directory)
    	at java.base/java.io.FileInputStream.open0(Native Method) ~[?:?]
    	at java.base/java.io.FileInputStream.open(FileInputStream.java:213) ~[?:?]
    	at java.base/java.io.FileInputStream.<init>(FileInputStream.java:152) ~[?:?]
    	at java.base/java.io.FileInputStream.<init>(FileInputStream.java:106) ~[?:?]
    	at org.opensearch.performanceanalyzer.commons.collectors.StatsCollector.loadMetadata(StatsCollector.java:158) ~[performance-analyzer-commons-2.0.0.jar:?]
    	at org.opensearch.performanceanalyzer.commons.collectors.StatsCollector.instance(StatsCollector.java:73) ~[performance-analyzer-commons-2.0.0.jar:?]
    	at org.opensearch.performanceanalyzer.PerformanceAnalyzerPlugin.scheduleRcaCollectors(PerformanceAnalyzerPlugin.java:264) ~[opensearch-performance-analyzer-3.0.0.0.jar:3.0.0.0]
    	at org.opensearch.performanceanalyzer.PerformanceAnalyzerPlugin.<init>(PerformanceAnalyzerPlugin.java:213) ~[opensearch-performance-analyzer-3.0.0.0.jar:3.0.0.0]
    	at java.base/jdk.internal.reflect.DirectConstructorHandleAccessor.newInstance(DirectConstructorHandleAccessor.java:62) [?:?]
    	at java.base/java.lang.reflect.Constructor.newInstanceWithCaller(Constructor.java:502) [?:?]
    	at java.base/java.lang.reflect.Constructor.newInstance(Constructor.java:486) [?:?]
    	at org.opensearch.plugins.PluginsService.loadPlugin(PluginsService.java:840) [opensearch-3.0.0.jar:3.0.0]
    	at org.opensearch.plugins.PluginsService.loadBundle(PluginsService.java:788) [opensearch-3.0.0.jar:3.0.0]
    	at org.opensearch.plugins.PluginsService.loadBundles(PluginsService.java:582) [opensearch-3.0.0.jar:3.0.0]
    	at org.opensearch.plugins.PluginsService.<init>(PluginsService.java:197) [opensearch-3.0.0.jar:3.0.0]
    	at org.opensearch.node.Node.<init>(Node.java:533) [opensearch-3.0.0.jar:3.0.0]
    	at org.opensearch.node.Node.<init>(Node.java:460) [opensearch-3.0.0.jar:3.0.0]
    	at org.opensearch.bootstrap.Bootstrap$5.<init>(Bootstrap.java:243) [opensearch-3.0.0.jar:3.0.0]
    	at org.opensearch.bootstrap.Bootstrap.setup(Bootstrap.java:243) [opensearch-3.0.0.jar:3.0.0]
    	at org.opensearch.bootstrap.Bootstrap.init(Bootstrap.java:405) [opensearch-3.0.0.jar:3.0.0]
    	at org.opensearch.bootstrap.OpenSearch.init(OpenSearch.java:168) [opensearch-3.0.0.jar:3.0.0]
    	at org.opensearch.bootstrap.OpenSearch.execute(OpenSearch.java:159) [opensearch-3.0.0.jar:3.0.0]
    	at org.opensearch.common.cli.EnvironmentAwareCommand.execute(EnvironmentAwareCommand.java:110) [opensearch-3.0.0.jar:3.0.0]
    	at org.opensearch.cli.Command.mainWithoutErrorHandling(Command.java:138) [opensearch-cli-3.0.0.jar:3.0.0]
    	at org.opensearch.cli.Command.main(Command.java:101) [opensearch-cli-3.0.0.jar:3.0.0]
    	at org.opensearch.bootstrap.OpenSearch.main(OpenSearch.java:125) [opensearch-3.0.0.jar:3.0.0]
    	at org.opensearch.bootstrap.OpenSearch.main(OpenSearch.java:91) [opensearch-3.0.0.jar:3.0.0]
    [2026-01-15T00:39:36,327][INFO ][o.o.p.c.SearchBackPressureStatsCollector] [9009bc89e892] SearchBackPressureStatsCollector started
    [2026-01-15T00:39:36,453][INFO ][o.o.i.r.ReindexModulePlugin] [9009bc89e892] ReindexPlugin reloadSPI called
    [2026-01-15T00:39:36,453][INFO ][o.o.i.r.ReindexModulePlugin] [9009bc89e892] Unable to find any implementation for RemoteReindexExtension
    [2026-01-15T00:39:36,488][INFO ][o.o.j.JobSchedulerPlugin ] [9009bc89e892] Loaded scheduler extension: reports-scheduler, index: .opendistro-reports-definitions
    [2026-01-15T00:39:36,489][INFO ][o.o.j.JobSchedulerPlugin ] [9009bc89e892] Loaded scheduler extension: opensearch_time_series_analytics, index: .opendistro-anomaly-detector-jobs
    [2026-01-15T00:39:36,489][INFO ][o.o.j.JobSchedulerPlugin ] [9009bc89e892] Loaded scheduler extension: opendistro-index-management, index: .opendistro-ism-config
    [2026-01-15T00:39:36,490][INFO ][o.o.j.JobSchedulerPlugin ] [9009bc89e892] Loaded scheduler extension: checkBatchJobTaskStatus, index: .ml_commons_task_polling_job
    [2026-01-15T00:39:36,491][INFO ][o.o.j.JobSchedulerPlugin ] [9009bc89e892] Loaded scheduler extension: scheduler_geospatial_ip2geo_datasource, index: .scheduler-geospatial-ip2geo-datasource
    [2026-01-15T00:39:36,491][INFO ][o.o.j.JobSchedulerPlugin ] [9009bc89e892] Loaded scheduler extension: opensearch_sap_job, index: .opensearch-sap--job
    [2026-01-15T00:39:36,492][INFO ][o.o.j.JobSchedulerPlugin ] [9009bc89e892] Loaded scheduler extension: async-query-scheduler, index: .async-query-scheduler
    [2026-01-15T00:39:36,502][INFO ][o.o.p.PluginsService     ] [9009bc89e892] loaded module [aggs-matrix-stats]
    [2026-01-15T00:39:36,502][INFO ][o.o.p.PluginsService     ] [9009bc89e892] loaded module [analysis-common]
    [2026-01-15T00:39:36,502][INFO ][o.o.p.PluginsService     ] [9009bc89e892] loaded module [cache-common]
    [2026-01-15T00:39:36,502][INFO ][o.o.p.PluginsService     ] [9009bc89e892] loaded module [geo]
    [2026-01-15T00:39:36,502][INFO ][o.o.p.PluginsService     ] [9009bc89e892] loaded module [ingest-common]
    [2026-01-15T00:39:36,502][INFO ][o.o.p.PluginsService     ] [9009bc89e892] loaded module [ingest-geoip]
    [2026-01-15T00:39:36,502][INFO ][o.o.p.PluginsService     ] [9009bc89e892] loaded module [ingest-user-agent]
    [2026-01-15T00:39:36,502][INFO ][o.o.p.PluginsService     ] [9009bc89e892] loaded module [lang-expression]
    [2026-01-15T00:39:36,502][INFO ][o.o.p.PluginsService     ] [9009bc89e892] loaded module [lang-mustache]
    [2026-01-15T00:39:36,502][INFO ][o.o.p.PluginsService     ] [9009bc89e892] loaded module [lang-painless]
    [2026-01-15T00:39:36,502][INFO ][o.o.p.PluginsService     ] [9009bc89e892] loaded module [mapper-extras]
    [2026-01-15T00:39:36,502][INFO ][o.o.p.PluginsService     ] [9009bc89e892] loaded module [opensearch-dashboards]
    [2026-01-15T00:39:36,502][INFO ][o.o.p.PluginsService     ] [9009bc89e892] loaded module [parent-join]
    [2026-01-15T00:39:36,502][INFO ][o.o.p.PluginsService     ] [9009bc89e892] loaded module [percolator]
    [2026-01-15T00:39:36,502][INFO ][o.o.p.PluginsService     ] [9009bc89e892] loaded module [rank-eval]
    [2026-01-15T00:39:36,502][INFO ][o.o.p.PluginsService     ] [9009bc89e892] loaded module [reindex]
    [2026-01-15T00:39:36,502][INFO ][o.o.p.PluginsService     ] [9009bc89e892] loaded module [repository-url]
    [2026-01-15T00:39:36,502][INFO ][o.o.p.PluginsService     ] [9009bc89e892] loaded module [search-pipeline-common]
    [2026-01-15T00:39:36,502][INFO ][o.o.p.PluginsService     ] [9009bc89e892] loaded module [systemd]
    [2026-01-15T00:39:36,503][INFO ][o.o.p.PluginsService     ] [9009bc89e892] loaded module [transport-netty4]
    [2026-01-15T00:39:36,503][INFO ][o.o.p.PluginsService     ] [9009bc89e892] loaded plugin [opensearch-alerting]
    [2026-01-15T00:39:36,503][INFO ][o.o.p.PluginsService     ] [9009bc89e892] loaded plugin [opensearch-anomaly-detection]
    [2026-01-15T00:39:36,503][INFO ][o.o.p.PluginsService     ] [9009bc89e892] loaded plugin [opensearch-asynchronous-search]
    [2026-01-15T00:39:36,503][INFO ][o.o.p.PluginsService     ] [9009bc89e892] loaded plugin [opensearch-cross-cluster-replication]
    [2026-01-15T00:39:36,503][INFO ][o.o.p.PluginsService     ] [9009bc89e892] loaded plugin [opensearch-custom-codecs]
    [2026-01-15T00:39:36,503][INFO ][o.o.p.PluginsService     ] [9009bc89e892] loaded plugin [opensearch-flow-framework]
    [2026-01-15T00:39:36,503][INFO ][o.o.p.PluginsService     ] [9009bc89e892] loaded plugin [opensearch-geospatial]
    [2026-01-15T00:39:36,503][INFO ][o.o.p.PluginsService     ] [9009bc89e892] loaded plugin [opensearch-index-management]
    [2026-01-15T00:39:36,503][INFO ][o.o.p.PluginsService     ] [9009bc89e892] loaded plugin [opensearch-job-scheduler]
    [2026-01-15T00:39:36,503][INFO ][o.o.p.PluginsService     ] [9009bc89e892] loaded plugin [opensearch-knn]
    [2026-01-15T00:39:36,503][INFO ][o.o.p.PluginsService     ] [9009bc89e892] loaded plugin [opensearch-ltr]
    [2026-01-15T00:39:36,503][INFO ][o.o.p.PluginsService     ] [9009bc89e892] loaded plugin [opensearch-ml]
    [2026-01-15T00:39:36,503][INFO ][o.o.p.PluginsService     ] [9009bc89e892] loaded plugin [opensearch-neural-search]
    [2026-01-15T00:39:36,503][INFO ][o.o.p.PluginsService     ] [9009bc89e892] loaded plugin [opensearch-notifications]
    [2026-01-15T00:39:36,503][INFO ][o.o.p.PluginsService     ] [9009bc89e892] loaded plugin [opensearch-notifications-core]
    [2026-01-15T00:39:36,503][INFO ][o.o.p.PluginsService     ] [9009bc89e892] loaded plugin [opensearch-observability]
    [2026-01-15T00:39:36,503][INFO ][o.o.p.PluginsService     ] [9009bc89e892] loaded plugin [opensearch-performance-analyzer]
    [2026-01-15T00:39:36,503][INFO ][o.o.p.PluginsService     ] [9009bc89e892] loaded plugin [opensearch-reports-scheduler]
    [2026-01-15T00:39:36,503][INFO ][o.o.p.PluginsService     ] [9009bc89e892] loaded plugin [opensearch-security]
    [2026-01-15T00:39:36,503][INFO ][o.o.p.PluginsService     ] [9009bc89e892] loaded plugin [opensearch-security-analytics]
    [2026-01-15T00:39:36,503][INFO ][o.o.p.PluginsService     ] [9009bc89e892] loaded plugin [opensearch-skills]
    [2026-01-15T00:39:36,503][INFO ][o.o.p.PluginsService     ] [9009bc89e892] loaded plugin [opensearch-sql]
    [2026-01-15T00:39:36,503][INFO ][o.o.p.PluginsService     ] [9009bc89e892] loaded plugin [opensearch-system-templates]
    [2026-01-15T00:39:36,504][INFO ][o.o.p.PluginsService     ] [9009bc89e892] loaded plugin [query-insights]
    [2026-01-15T00:39:36,516][DEPRECATION][o.o.d.c.s.Settings       ] [9009bc89e892] [node.max_local_storage_nodes] setting was deprecated in OpenSearch and will be removed in a future release! See the breaking changes documentation for the next major version.
    [2026-01-15T00:39:36,521][WARN ][stderr                   ] [9009bc89e892] WARNING: A restricted method in java.lang.foreign.Linker has been called
    [2026-01-15T00:39:36,521][WARN ][stderr                   ] [9009bc89e892] WARNING: java.lang.foreign.Linker::downcallHandle has been called by the unnamed module
    [2026-01-15T00:39:36,521][WARN ][stderr                   ] [9009bc89e892] WARNING: Use --enable-native-access=ALL-UNNAMED to avoid a warning for this module
    [2026-01-15T00:39:36,551][INFO ][o.o.e.NodeEnvironment    ] [9009bc89e892] using [1] data paths, mounts [[/ (overlay)]], net usable_space [375.7gb], net total_space [452.1gb], types [overlay]
    [2026-01-15T00:39:36,551][INFO ][o.o.e.NodeEnvironment    ] [9009bc89e892] heap size [1gb], compressed ordinary object pointers [true]
    [2026-01-15T00:39:36,563][INFO ][o.o.n.Node               ] [9009bc89e892] node name [9009bc89e892], node ID [YsTi0haDTzW5TH_PitktXw], cluster name [docker-cluster], roles [ingest, remote_cluster_client, data, cluster_manager]
    [2026-01-15T00:39:36,591][INFO ][o.o.e.ExtensionsManager  ] [9009bc89e892] ExtensionsManager initialized
    [2026-01-15T00:39:37,321][DEPRECATION][o.o.d.c.s.Settings       ] [9009bc89e892] [plugins.security.ssl.transport.enforce_hostname_verification] setting was deprecated in OpenSearch and will be removed in a future release! See the breaking changes documentation for the next major version.
    [2026-01-15T00:39:37,888][WARN ][stderr                   ] [9009bc89e892] SLF4J: Failed to load class "org.slf4j.impl.StaticLoggerBinder".
    [2026-01-15T00:39:37,889][WARN ][stderr                   ] [9009bc89e892] SLF4J: Defaulting to no-operation (NOP) logger implementation
    [2026-01-15T00:39:37,889][WARN ][stderr                   ] [9009bc89e892] SLF4J: See http://www.slf4j.org/codes.html#StaticLoggerBinder for further details.
    [2026-01-15T00:39:37,900][INFO ][o.o.l.b.LTRCircuitBreakerService] [9009bc89e892] Registered memory breaker.
    [2026-01-15T00:39:37,983][INFO ][o.o.t.b.CircuitBreakerService] [9009bc89e892] Registered memory breaker.
    [2026-01-15T00:39:38,114][INFO ][o.o.r.m.c.i.SdkClientFactory] [9009bc89e892] Using local opensearch cluster as metadata store.
    [2026-01-15T00:39:38,279][INFO ][o.o.r.m.c.i.SdkClientFactory] [9009bc89e892] Using local opensearch cluster as metadata store.
    [2026-01-15T00:39:38,288][INFO ][o.o.m.b.MLCircuitBreakerService] [9009bc89e892] Registered ML memory breaker.
    [2026-01-15T00:39:38,289][INFO ][o.o.m.b.MLCircuitBreakerService] [9009bc89e892] Registered ML disk breaker.
    [2026-01-15T00:39:38,289][INFO ][o.o.m.b.MLCircuitBreakerService] [9009bc89e892] Registered ML native memory breaker.
    [2026-01-15T00:39:38,334][INFO ][o.r.Reflections          ] [9009bc89e892] Reflections took 24 ms to scan 1 urls, producing 31 keys and 81 values 
    [2026-01-15T00:39:38,345][INFO ][o.r.Reflections          ] [9009bc89e892] Reflections took 1 ms to scan 1 urls, producing 3 keys and 5 values 
    [2026-01-15T00:39:38,445][WARN ][o.o.s.p.SQLPlugin        ] [9009bc89e892] Master key is a required config for using create and update datasource APIs. Please set plugins.query.datasources.encryption.masterkey config in opensearch.yml in all the cluster nodes. More details can be found here: https://github.com/opensearch-project/sql/blob/main/docs/user/ppl/admin/datasources.rst#master-key-config-for-encrypting-credential-information
    [2026-01-15T00:39:38,589][INFO ][o.o.p.i.c.s.QueryInsightsService] [9009bc89e892] Setting query insights index template priority to [1847]
    [2026-01-15T00:39:38,934][INFO ][o.o.t.NettyAllocator     ] [9009bc89e892] creating NettyAllocator with the following configs: [name=unpooled, suggested_max_allocation_size=256kb, factors={opensearch.unsafe.use_unpooled_allocator=null, g1gc_enabled=true, g1gc_region_size=1mb, heap_size=1gb}]
    [2026-01-15T00:39:38,988][INFO ][o.o.d.DiscoveryModule    ] [9009bc89e892] using discovery type [single-node] and seed hosts providers [settings]
    [2026-01-15T00:39:39,232][WARN ][o.o.g.DanglingIndicesState] [9009bc89e892] gateway.auto_import_dangling_indices is disabled, dangling indices will not be automatically detected or imported and must be managed manually
    [2026-01-15T00:39:39,516][INFO ][o.o.p.h.c.PerformanceAnalyzerConfigAction] [9009bc89e892] PerformanceAnalyzer Enabled: false
    [2026-01-15T00:39:39,539][INFO ][o.o.n.Node               ] [9009bc89e892] initialized
    [2026-01-15T00:39:39,539][INFO ][o.o.n.Node               ] [9009bc89e892] starting ...
    [2026-01-15T00:39:39,562][INFO ][o.o.s.l.BuiltinLogTypeLoader] [9009bc89e892] Loaded [windows_logtype.json] log type
    [2026-01-15T00:39:39,563][INFO ][o.o.s.l.BuiltinLogTypeLoader] [9009bc89e892] Loaded [waf_logtype.json] log type
    [2026-01-15T00:39:39,563][INFO ][o.o.s.l.BuiltinLogTypeLoader] [9009bc89e892] Loaded [vpcflow_logtype.json] log type
    [2026-01-15T00:39:39,563][INFO ][o.o.s.l.BuiltinLogTypeLoader] [9009bc89e892] Loaded [test_windows_logtype.json] log type
    [2026-01-15T00:39:39,563][INFO ][o.o.s.l.BuiltinLogTypeLoader] [9009bc89e892] Loaded [s3_logtype.json] log type
    [2026-01-15T00:39:39,563][INFO ][o.o.s.l.BuiltinLogTypeLoader] [9009bc89e892] Loaded [others_web_logtype.json] log type
    [2026-01-15T00:39:39,563][INFO ][o.o.s.l.BuiltinLogTypeLoader] [9009bc89e892] Loaded [others_proxy_logtype.json] log type
    [2026-01-15T00:39:39,563][INFO ][o.o.s.l.BuiltinLogTypeLoader] [9009bc89e892] Loaded [others_macos_logtype.json] log type
    [2026-01-15T00:39:39,563][INFO ][o.o.s.l.BuiltinLogTypeLoader] [9009bc89e892] Loaded [others_compliance_logtype.json] log type
    [2026-01-15T00:39:39,564][INFO ][o.o.s.l.BuiltinLogTypeLoader] [9009bc89e892] Loaded [others_cloud_logtype.json] log type
    [2026-01-15T00:39:39,564][INFO ][o.o.s.l.BuiltinLogTypeLoader] [9009bc89e892] Loaded [others_apt_logtype.json] log type
    [2026-01-15T00:39:39,564][INFO ][o.o.s.l.BuiltinLogTypeLoader] [9009bc89e892] Loaded [others_application_logtype.json] log type
    [2026-01-15T00:39:39,564][INFO ][o.o.s.l.BuiltinLogTypeLoader] [9009bc89e892] Loaded [okta_logtype.json] log type
    [2026-01-15T00:39:39,564][INFO ][o.o.s.l.BuiltinLogTypeLoader] [9009bc89e892] Loaded [network_logtype.json] log type
    [2026-01-15T00:39:39,564][INFO ][o.o.s.l.BuiltinLogTypeLoader] [9009bc89e892] Loaded [netflow_logtype.json] log type
    [2026-01-15T00:39:39,564][INFO ][o.o.s.l.BuiltinLogTypeLoader] [9009bc89e892] Loaded [m365_logtype.json] log type
    [2026-01-15T00:39:39,564][INFO ][o.o.s.l.BuiltinLogTypeLoader] [9009bc89e892] Loaded [linux_logtype.json] log type
    [2026-01-15T00:39:39,564][INFO ][o.o.s.l.BuiltinLogTypeLoader] [9009bc89e892] Loaded [gworkspace_logtype.json] log type
    [2026-01-15T00:39:39,564][INFO ][o.o.s.l.BuiltinLogTypeLoader] [9009bc89e892] Loaded [github_logtype.json] log type
    [2026-01-15T00:39:39,565][INFO ][o.o.s.l.BuiltinLogTypeLoader] [9009bc89e892] Loaded [dns_logtype.json] log type
    [2026-01-15T00:39:39,565][INFO ][o.o.s.l.BuiltinLogTypeLoader] [9009bc89e892] Loaded [cloudtrail_logtype.json] log type
    [2026-01-15T00:39:39,565][INFO ][o.o.s.l.BuiltinLogTypeLoader] [9009bc89e892] Loaded [azure_logtype.json] log type
    [2026-01-15T00:39:39,565][INFO ][o.o.s.l.BuiltinLogTypeLoader] [9009bc89e892] Loaded [apache_access_logtype.json] log type
    [2026-01-15T00:39:39,565][INFO ][o.o.s.l.BuiltinLogTypeLoader] [9009bc89e892] Loaded [ad_ldap_logtype.json] log type
    [2026-01-15T00:39:39,632][INFO ][o.o.t.TransportService   ] [9009bc89e892] publish_address {172.17.0.5:9300}, bound_addresses {[::]:9300}
    [2026-01-15T00:39:39,633][INFO ][o.o.t.TransportService   ] [9009bc89e892] Remote clusters initialized successfully.
    [2026-01-15T00:39:39,721][INFO ][o.o.c.c.Coordinator      ] [9009bc89e892] setting initial configuration to VotingConfiguration{YsTi0haDTzW5TH_PitktXw}
    [2026-01-15T00:39:39,830][INFO ][o.o.c.s.ClusterManagerService] [9009bc89e892] Tasks batched with key: org.opensearch.cluster.coordination.JoinHelper, count:3 and sample tasks: elected-as-cluster-manager ([1] nodes joined)[{9009bc89e892}{YsTi0haDTzW5TH_PitktXw}{s6xh1yGFRK-fxN2V0Ayz4Q}{172.17.0.5}{172.17.0.5:9300}{dimr}{shard_indexing_pressure_enabled=true} elect leader, _BECOME_CLUSTER_MANAGER_TASK_, _FINISH_ELECTION_], term: 1, version: 1, delta: cluster-manager node changed {previous [], current [{9009bc89e892}{YsTi0haDTzW5TH_PitktXw}{s6xh1yGFRK-fxN2V0Ayz4Q}{172.17.0.5}{172.17.0.5:9300}{dimr}{shard_indexing_pressure_enabled=true}]}
    [2026-01-15T00:39:39,848][INFO ][o.o.c.c.CoordinationState] [9009bc89e892] cluster UUID set to [bRDuXG-ORNycKomcrj7FJw]
    [2026-01-15T00:39:39,859][INFO ][o.o.c.s.ClusterApplierService] [9009bc89e892] cluster-manager node changed {previous [], current [{9009bc89e892}{YsTi0haDTzW5TH_PitktXw}{s6xh1yGFRK-fxN2V0Ayz4Q}{172.17.0.5}{172.17.0.5:9300}{dimr}{shard_indexing_pressure_enabled=true}]}, term: 1, version: 1, reason: Publication{term=1, version=1}
    [2026-01-15T00:39:39,863][INFO ][o.o.t.i.IndexManagement  ] [9009bc89e892] Candidate custom result indices are empty.
    [2026-01-15T00:39:39,863][INFO ][o.o.t.i.IndexManagement  ] [9009bc89e892] Candidate custom result indices are empty.
    [2026-01-15T00:39:39,863][INFO ][o.o.t.c.ClusterEventListener] [9009bc89e892] Cluster is not recovered yet.
    [2026-01-15T00:39:39,882][INFO ][o.o.i.i.ManagedIndexCoordinator] [9009bc89e892] Cache cluster manager node onClusterManager time: 1768437579882
    [2026-01-15T00:39:39,885][WARN ][o.o.p.c.s.h.ConfigOverridesClusterSettingHandler] [9009bc89e892] Config override setting update called with empty string. Ignoring.
    [2026-01-15T00:39:39,888][INFO ][o.o.d.PeerFinder         ] [9009bc89e892] setting findPeersInterval to [1s] as node commission status = [true] for local node [{9009bc89e892}{YsTi0haDTzW5TH_PitktXw}{s6xh1yGFRK-fxN2V0Ayz4Q}{172.17.0.5}{172.17.0.5:9300}{dimr}{shard_indexing_pressure_enabled=true}]
    [2026-01-15T00:39:39,889][WARN ][o.o.c.r.a.AllocationService] [9009bc89e892] Falling back to single shard assignment since batch mode disable or multiple custom allocators set
    [2026-01-15T00:39:39,900][INFO ][o.o.h.AbstractHttpServerTransport] [9009bc89e892] publish_address {172.17.0.5:9200}, bound_addresses {[::]:9200}
    [2026-01-15T00:39:39,900][INFO ][o.o.n.Node               ] [9009bc89e892] started
    [2026-01-15T00:39:39,901][INFO ][o.o.s.OpenSearchSecurityPlugin] [9009bc89e892] 0 OpenSearch Security modules loaded so far: []
    [2026-01-15T00:39:39,901][WARN ][o.o.c.r.a.AllocationService] [9009bc89e892] Falling back to single shard assignment since batch mode disable or multiple custom allocators set
    [2026-01-15T00:39:39,908][INFO ][o.o.t.c.HashRing         ] [9009bc89e892] Node added: [YsTi0haDTzW5TH_PitktXw]
    [2026-01-15T00:39:39,910][INFO ][o.o.t.c.HashRing         ] [9009bc89e892] Add data node to version hash ring: YsTi0haDTzW5TH_PitktXw
    [2026-01-15T00:39:39,911][INFO ][o.o.t.c.HashRing         ] [9009bc89e892] All nodes with known version: {YsTi0haDTzW5TH_PitktXw=ADNodeInfo{version=3.0.0, isEligibleDataNode=true}}
    [2026-01-15T00:39:39,911][INFO ][o.o.t.c.HashRing         ] [9009bc89e892] Rebuild hash ring for realtime with cooldown, nodeChangeEvents size 0
    [2026-01-15T00:39:39,911][INFO ][o.o.t.c.HashRing         ] [9009bc89e892] Build version hash ring successfully
    [2026-01-15T00:39:39,911][INFO ][o.o.t.c.ADDataMigrator   ] [9009bc89e892] Start migrating AD data
    [2026-01-15T00:39:39,911][INFO ][o.o.t.c.ADDataMigrator   ] [9009bc89e892] AD job index doesn't exist, no need to migrate
    [2026-01-15T00:39:39,911][INFO ][o.o.t.c.ClusterEventListener] [9009bc89e892] Init version hash ring successfully
    [2026-01-15T00:39:39,919][INFO ][o.o.c.s.ClusterManagerTaskThrottler] [9009bc89e892] Starting cluster manager throttling as all nodes are higher than or equal to 2.5.0
    [2026-01-15T00:39:39,920][INFO ][o.o.g.GatewayService     ] [9009bc89e892] recovered [0] indices into cluster_state
    [2026-01-15T00:39:39,933][INFO ][o.o.p.PluginsService     ] [9009bc89e892] PluginService:onIndexModule index:[.opensearch-sap-log-types-config/DUGHCFwRSNSWnHZHOk35WQ]
    [2026-01-15T00:39:39,994][INFO ][o.o.c.m.MetadataCreateIndexService] [9009bc89e892] [.opensearch-sap-log-types-config] creating index, cause [auto(sap-logtype api)], templates [], shards [1]/[1]
    [2026-01-15T00:39:39,998][INFO ][o.o.c.r.a.AllocationService] [9009bc89e892] updating number_of_replicas to [0] for indices [.opensearch-sap-log-types-config]
    [2026-01-15T00:39:39,998][WARN ][o.o.c.r.a.AllocationService] [9009bc89e892] Falling back to single shard assignment since batch mode disable or multiple custom allocators set
    [2026-01-15T00:39:40,018][INFO ][o.o.p.PluginsService     ] [9009bc89e892] PluginService:onIndexModule index:[.opensearch-sap-log-types-config/DUGHCFwRSNSWnHZHOk35WQ]
    [2026-01-15T00:39:40,088][INFO ][o.o.c.r.a.AllocationService] [9009bc89e892] Cluster health status changed from [YELLOW] to [GREEN] (reason: [shards started [[.opensearch-sap-log-types-config][0]]]).
    [2026-01-15T00:39:40,100][INFO ][o.o.s.l.LogTypeService   ] [9009bc89e892] Loading builtin types!
    [2026-01-15T00:39:40,101][INFO ][o.o.s.l.LogTypeService   ] [9009bc89e892] Indexing [432] fieldMappingDocs from logTypes: 24
    [2026-01-15T00:39:40,116][WARN ][o.o.c.r.a.AllocationService] [9009bc89e892] Falling back to single shard assignment since batch mode disable or multiple custom allocators set
    [2026-01-15T00:39:40,137][INFO ][o.o.s.l.LogTypeService   ] [9009bc89e892] Indexing [432] fieldMappingDocs
    [2026-01-15T00:39:40,158][INFO ][o.o.p.PluginsService     ] [9009bc89e892] PluginService:onIndexModule index:[.opensearch-sap-log-types-config/DUGHCFwRSNSWnHZHOk35WQ]
    [2026-01-15T00:39:40,163][INFO ][o.o.c.m.MetadataMappingService] [9009bc89e892] [.opensearch-sap-log-types-config/DUGHCFwRSNSWnHZHOk35WQ] update_mapping [_doc]
    [2026-01-15T00:39:40,190][INFO ][o.o.p.PluginsService     ] [9009bc89e892] PluginService:onIndexModule index:[.opensearch-sap-log-types-config/DUGHCFwRSNSWnHZHOk35WQ]
    [2026-01-15T00:39:40,193][INFO ][o.o.c.m.MetadataMappingService] [9009bc89e892] [.opensearch-sap-log-types-config/DUGHCFwRSNSWnHZHOk35WQ] update_mapping [_doc]
    [2026-01-15T00:39:40,347][INFO ][o.o.s.l.LogTypeService   ] [9009bc89e892] Loaded [432] field mapping docs successfully!
    [2026-01-15T00:39:40,355][INFO ][o.o.s.l.LogTypeService   ] [9009bc89e892] Indexing [23] customLogTypes
    [2026-01-15T00:39:40,377][INFO ][o.o.s.l.LogTypeService   ] [9009bc89e892] Loaded [23] customLogType docs successfully!
    [2026-01-15T00:39:40,377][INFO ][o.o.s.SecurityAnalyticsPlugin] [9009bc89e892] LogType config index successfully created and builtin log types loaded
    [2026-01-15T00:39:40,889][INFO ][o.o.s.i.DetectorIndexManagementService] [9009bc89e892] info deleteOldIndices
    [2026-01-15T00:39:40,891][INFO ][o.o.s.i.DetectorIndexManagementService] [9009bc89e892] No Old Correlation Indices to delete
    [2026-01-15T00:39:40,891][INFO ][o.o.s.l.LogTypeService   ] [9009bc89e892] Indexing [23] customLogTypes
    [2026-01-15T00:39:40,891][INFO ][o.o.s.i.DetectorIndexManagementService] [9009bc89e892] info deleteOldIndices
    [2026-01-15T00:39:40,892][INFO ][o.o.s.i.DetectorIndexManagementService] [9009bc89e892] No Old IOC Findings Indices to delete
    [2026-01-15T00:39:40,898][INFO ][o.o.s.l.LogTypeService   ] [9009bc89e892] Indexing [23] customLogTypes
    [2026-01-15T00:39:40,934][INFO ][o.o.s.l.LogTypeService   ] [9009bc89e892] Loaded [23] customLogType docs successfully!
    [2026-01-15T00:39:40,942][INFO ][o.o.s.l.LogTypeService   ] [9009bc89e892] Loaded [23] customLogType docs successfully!
    [2026-01-15T00:39:40,984][INFO ][o.o.s.i.DetectorIndexManagementService] [9009bc89e892] info deleteOldIndices
    [2026-01-15T00:39:40,984][INFO ][o.o.s.i.DetectorIndexManagementService] [9009bc89e892] No Old Alert Indices to delete
    [2026-01-15T00:39:42,946][INFO ][o.o.p.PluginsService     ] [9009bc89e892] PluginService:onIndexModule index:[source_reconstruction_test/TIg1fZ9WQ2eWjDTTkBVubQ]
    [2026-01-15T00:39:42,948][INFO ][o.o.c.m.MetadataCreateIndexService] [9009bc89e892] [source_reconstruction_test] creating index, cause [api], templates [], shards [1]/[0]
    [2026-01-15T00:39:42,948][WARN ][o.o.c.r.a.AllocationService] [9009bc89e892] Falling back to single shard assignment since batch mode disable or multiple custom allocators set
    [2026-01-15T00:39:42,959][INFO ][o.o.p.PluginsService     ] [9009bc89e892] PluginService:onIndexModule index:[source_reconstruction_test/TIg1fZ9WQ2eWjDTTkBVubQ]
    [2026-01-15T00:39:42,977][INFO ][o.o.c.r.a.AllocationService] [9009bc89e892] Cluster health status changed from [YELLOW] to [GREEN] (reason: [shards started [[source_reconstruction_test][0]]]).
    [2026-01-15T00:39:42,992][WARN ][o.o.c.r.a.AllocationService] [9009bc89e892] Falling back to single shard assignment since batch mode disable or multiple custom allocators set
    [2026-01-15T00:39:43,748][DEPRECATION][o.o.d.c.m.MetadataCreateIndexService] [9009bc89e892] index name [.migrations_working_state] starts with a dot '.', in the next major version, index names starting with a dot are reserved for hidden indices and system indices
    [2026-01-15T00:39:43,748][INFO ][o.o.p.PluginsService     ] [9009bc89e892] PluginService:onIndexModule index:[.migrations_working_state/k4mijfWvR-eWp9jdAtl86Q]
    [2026-01-15T00:39:43,750][INFO ][o.o.c.m.MetadataCreateIndexService] [9009bc89e892] [.migrations_working_state] creating index, cause [api], templates [], shards [1]/[1]
    [2026-01-15T00:39:43,750][WARN ][o.o.c.r.a.AllocationService] [9009bc89e892] Falling back to single shard assignment since batch mode disable or multiple custom allocators set
    [2026-01-15T00:39:43,762][INFO ][o.o.p.PluginsService     ] [9009bc89e892] PluginService:onIndexModule index:[.migrations_working_state/k4mijfWvR-eWp9jdAtl86Q]
    [2026-01-15T00:39:43,787][WARN ][o.o.c.r.a.AllocationService] [9009bc89e892] Falling back to single shard assignment since batch mode disable or multiple custom allocators set
    [2026-01-15T00:39:43,915][INFO ][o.o.p.PluginsService     ] [9009bc89e892] PluginService:onIndexModule index:[.migrations_working_state/k4mijfWvR-eWp9jdAtl86Q]
    [2026-01-15T00:39:43,917][INFO ][o.o.c.m.MetadataMappingService] [9009bc89e892] [.migrations_working_state/k4mijfWvR-eWp9jdAtl86Q] update_mapping [_doc]
    [2026-01-15T00:39:44,809][WARN ][o.o.a.u.UpdateHelper     ] [9009bc89e892] Used upsert operation [noop] for script [      if (ctx._source.scriptVersion != "2.0") {        throw new IllegalArgumentException("scriptVersion mismatch.  Not all participants are using the same script: sourceVersion=" + ctx.source.scriptVersion);      }       long serverTimeSeconds = System.currentTimeMillis() / 1000;      if (Math.abs(params.clientTimestamp - serverTimeSeconds) > 3600) {        throw new IllegalArgumentException("The current times indicated between the client and server are too different.");      }      long newExpiration = params.clientTimestamp + (((long)Math.pow(2, ctx._source.nextAcquisitionLeaseExponent)) * params.expirationWindow);      if (params.expirationWindow > 0 && ctx._source.completedAt == null) {          if (ctx._source.leaseHolderId == params.workerId &&             ctx._source.expiration > serverTimeSeconds) {            ctx.op = "update";        } else if (ctx._source.expiration < serverTimeSeconds &&                      ctx._source.expiration < newExpiration) {            ctx._source.expiration = newExpiration;          ctx._source.leaseHolderId = params.workerId;          ctx._source.nextAcquisitionLeaseExponent += 1;        } else {          ctx.op = "noop";        }      } else if (params.expirationWindow != 0) {        ctx.op = "noop";      }], doing nothing...

    2026-01-15 00:39:45,105 INFO o.o.m.b.f.SearchClusterContainer [Test worker] Stopping container version:ELASTICSEARCH 1.7.6
    2026-01-15 00:39:45,118 DEBUG o.o.m.b.f.SearchClusterContainer [Test worker] Instance logs:
    [2026-01-15 00:39:26,996][INFO ][node                     ] [Atom Bob] version[1.7.6], pid[1], build[c730b59/2016-11-18T15:21:16Z]
    [2026-01-15 00:39:26,997][INFO ][node                     ] [Atom Bob] initializing ...
    [2026-01-15 00:39:27,053][INFO ][plugins                  ] [Atom Bob] loaded [], sites []
    [2026-01-15 00:39:27,087][INFO ][env                      ] [Atom Bob] using [1] data paths, mounts [[/usr/share/elasticsearch/data (/dev/vda1)]], net usable_space [375.7gb], net total_space [452.1gb], types [ext4]
    [2026-01-15 00:39:28,864][INFO ][node                     ] [Atom Bob] initialized
    [2026-01-15 00:39:28,864][INFO ][node                     ] [Atom Bob] starting ...
    [2026-01-15 00:39:28,989][INFO ][transport                ] [Atom Bob] bound_address {inet[/0:0:0:0:0:0:0:0:9300]}, publish_address {inet[/172.17.0.4:9300]}
    [2026-01-15 00:39:29,012][INFO ][discovery                ] [Atom Bob] elasticsearch/HNCwWky6RXG245qjHhl6Eg
    [2026-01-15 00:39:32,813][INFO ][cluster.service          ] [Atom Bob] new_master [Atom Bob][HNCwWky6RXG245qjHhl6Eg][2b4c0772271b][inet[/172.17.0.4:9300]], reason: zen-disco-join (elected_as_master)
    [2026-01-15 00:39:32,882][INFO ][http                     ] [Atom Bob] bound_address {inet[/0:0:0:0:0:0:0:0:9200]}, publish_address {inet[/172.17.0.4:9200]}
    [2026-01-15 00:39:32,884][INFO ][node                     ] [Atom Bob] started
    [2026-01-15 00:39:32,890][INFO ][gateway                  ] [Atom Bob] recovered [0] indices into cluster_state
    [2026-01-15 00:39:40,511][INFO ][cluster.metadata         ] [Atom Bob] [source_reconstruction_test] creating index, cause [api], templates [], shards [1]/[0], mappings [doc]
    [2026-01-15 00:39:41,711][INFO ][repositories             ] [Atom Bob] put repository [null]
    [2026-01-15 00:39:41,774][INFO ][snapshots                ] [Atom Bob] snapshot [null:snap] is done


NoStoredSourceMigrationTest > testSourceReconstruction(ContainerVersion, ContainerVersion) > Container(ELASTICSEARCH 2.4.6) -> Container(OPENSEARCH 3.0.0) STANDARD_OUT
    2026-01-15 00:39:45,404 INFO o.o.m.b.f.SearchClusterContainer [Test worker] Starting container version:ELASTICSEARCH 2.4.6
    2026-01-15 00:39:45,404 INFO t.e.4.6 [Test worker] Creating container for image: elasticsearch:2.4.6
    2026-01-15 00:39:45,438 INFO t.e.4.6 [Test worker] Container elasticsearch:2.4.6 is starting: 78daa774c9ee570bebf95bac4632ef341865bf69ad04c47c29d0ab8d968c780e
    2026-01-15 00:39:45,551 WARN t.e.4.6 [Test worker] The architecture 'amd64' for image 'elasticsearch:2.4.6' (ID sha256:41ed3a1a16b63de740767944d5405843db00e55058626c22838f23b413aa4a39) does not match the Docker server architecture 'arm64'. This will cause the container to execute much more slowly due to emulation and may lead to timeout failures.
    2026-01-15 00:39:45,552 INFO o.t.c.w.s.HttpWaitStrategy [Test worker] /musing_taussig: Waiting for 60 seconds for URL: http://localhost:65455/ (where port 65455 maps to container port 9200)
    2026-01-15 00:39:52,652 INFO t.e.4.6 [Test worker] Container elasticsearch:2.4.6 started in PT7.247741S
    2026-01-15 00:39:52,653 INFO o.o.m.b.f.SearchClusterContainer [Test worker] Starting container version:OPENSEARCH 3.0.0
    2026-01-15 00:39:52,654 INFO t.o.0.0 [Test worker] Creating container for image: opensearchproject/opensearch:3.0.0
    2026-01-15 00:39:52,682 INFO t.o.0.0 [Test worker] Container opensearchproject/opensearch:3.0.0 is starting: 96dc459f49b72c32cf03549fcb4b3eaee8353e3650ff82e668a6241c1254e6f5
    2026-01-15 00:39:52,784 INFO o.t.c.w.s.HttpWaitStrategy [Test worker] /romantic_edison: Waiting for 60 seconds for URL: http://localhost:65504/ (where port 65504 maps to container port 9200)
    2026-01-15 00:39:59,754 INFO t.o.0.0 [Test worker] Container opensearchproject/opensearch:3.0.0 started in PT7.100208S
    2026-01-15 00:39:59,759 INFO o.o.m.b.NoStoredSourceMigrationTest [Test worker] Source version: Container(ELASTICSEARCH 2.4.6), Target version: Container(OPENSEARCH 3.0.0)
    2026-01-15 00:39:59,759 INFO o.o.m.b.NoStoredSourceMigrationTest [Test worker] Index body: {"settings":{"number_of_shards":1,"number_of_replicas":0},"mappings":{"doc":{"_source":{"enabled":false},"properties":{"string_dv_store": {"type": "string", "index": "not_analyzed", "store": true},
    "string_dv_nostore": {"type": "string", "index": "not_analyzed"},
    "string_nodv_store": {"type": "string", "index": "not_analyzed", "doc_values": false, "store": true},
    "string_nodv_nostore": {"type": "string", "index": "not_analyzed", "doc_values": false},
    "boolean_dv_store": {"type": "boolean", "store": true},
    "boolean_dv_nostore": {"type": "boolean"},
    "boolean_nodv_store": {"type": "boolean", "doc_values": false, "store": true},
    "boolean_nodv_nostore": {"type": "boolean", "doc_values": false},
    "integer_dv_store": {"type": "integer", "store": true},
    "integer_dv_nostore": {"type": "integer"},
    "integer_nodv_store": {"type": "integer", "doc_values": false, "store": true},
    "integer_nodv_nostore": {"type": "integer", "doc_values": false},
    "long_dv_store": {"type": "long", "store": true},
    "long_dv_nostore": {"type": "long"},
    "long_nodv_store": {"type": "long", "doc_values": false, "store": true},
    "long_nodv_nostore": {"type": "long", "doc_values": false},
    "ip_dv_store": {"type": "ip", "store": true},
    "ip_dv_nostore": {"type": "ip"},
    "ip_nodv_store": {"type": "ip", "doc_values": false, "store": true},
    "ip_nodv_nostore": {"type": "ip", "doc_values": false},
    "date_dv_store": {"type": "date", "store": true},
    "date_dv_nostore": {"type": "date"},
    "date_nodv_store": {"type": "date", "doc_values": false, "store": true},
    "date_nodv_nostore": {"type": "date", "doc_values": false},
    "geo_point_dv_store": {"type": "geo_point", "store": true},
    "geo_point_dv_nostore": {"type": "geo_point"},
    "geo_point_nodv_store": {"type": "geo_point", "doc_values": false, "store": true},
    "geo_point_nodv_nostore": {"type": "geo_point", "doc_values": false}}}}}
    2026-01-15 00:39:59,760 INFO o.o.m.b.NoStoredSourceMigrationTest [Test worker] Document: {"string_dv_store": "test_str",
    "string_dv_nostore": "test_str",
    "string_nodv_store": "test_str",
    "string_nodv_nostore": "test_str",
    "boolean_dv_store": true,
    "boolean_dv_nostore": true,
    "boolean_nodv_store": true,
    "boolean_nodv_nostore": true,
    "integer_dv_store": 42,
    "integer_dv_nostore": 42,
    "integer_nodv_store": 42,
    "integer_nodv_nostore": 42,
    "long_dv_store": 9999,
    "long_dv_nostore": 9999,
    "long_nodv_store": 9999,
    "long_nodv_nostore": 9999,
    "ip_dv_store": "192.168.1.1",
    "ip_dv_nostore": "192.168.1.1",
    "ip_nodv_store": "192.168.1.1",
    "ip_nodv_nostore": "192.168.1.1",
    "date_dv_store": "2024-01-15T10:30:00.000Z",
    "date_dv_nostore": "2024-01-15T10:30:00.000Z",
    "date_nodv_store": "2024-01-15T10:30:00.000Z",
    "date_nodv_nostore": "2024-01-15T10:30:00.000Z",
    "geo_point_dv_store": {"lat":40.7128,"lon":-74.006},
    "geo_point_dv_nostore": {"lat":40.7128,"lon":-74.006},
    "geo_point_nodv_store": {"lat":40.7128,"lon":-74.006},
    "geo_point_nodv_nostore": {"lat":40.7128,"lon":-74.006}}
    2026-01-15 00:40:00,033 INFO o.o.m.b.h.ClusterOperations [Test worker] PUT /source_reconstruction_test
    {"settings":{"number_of_shards":1,"number_of_replicas":0},"mappings":{"doc":{"_source":{"enabled":false},"properties":{"string_dv_store": {"type": "string", "index": "not_analyzed", "store": true},
    "string_dv_nostore": {"type": "string", "index": "not_analyzed"},
    "string_nodv_store": {"type": "string", "index": "not_analyzed", "doc_values": false, "store": true},
    "string_nodv_nostore": {"type": "string", "index": "not_analyzed", "doc_values": false},
    "boolean_dv_store": {"type": "boolean", "store": true},
    "boolean_dv_nostore": {"type": "boolean"},
    "boolean_nodv_store": {"type": "boolean", "doc_values": false, "store": true},
    "boolean_nodv_nostore": {"type": "boolean", "doc_values": false},
    "integer_dv_store": {"type": "integer", "store": true},
    "integer_dv_nostore": {"type": "integer"},
    "integer_nodv_store": {"type": "integer", "doc_values": false, "store": true},
    "integer_nodv_nostore": {"type": "integer", "doc_values": false},
    "long_dv_store": {"type": "long", "store": true},
    "long_d...
    Response: 200
    {"acknowledged":true}
    2026-01-15 00:40:00,167 INFO o.o.m.b.h.ClusterOperations [Test worker] PUT /source_reconstruction_test/doc/1
    {"string_dv_store": "test_str",
    "string_dv_nostore": "test_str",
    "string_nodv_store": "test_str",
    "string_nodv_nostore": "test_str",
    "boolean_dv_store": true,
    "boolean_dv_nostore": true,
    "boolean_nodv_store": true,
    "boolean_nodv_nostore": true,
    "integer_dv_store": 42,
    "integer_dv_nostore": 42,
    "integer_nodv_store": 42,
    "integer_nodv_nostore": 42,
    "long_dv_store": 9999,
    "long_dv_nostore": 9999,
    "long_nodv_store": 9999,
    "long_nodv_nostore": 9999,
    "ip_dv_store": "192.168.1.1",
    "ip_dv_nostore": "192.168.1.1",
    "ip_nodv_store": "192.168.1.1",
    "ip_nodv_nostore": "192.168.1.1",
    "date_dv_store": "2024-01-15T10:30:00.000Z",
    "date_dv_nostore": "2024-01-15T10:30:00.000Z",
    "date_nodv_store": "2024-01-15T10:30:00.000Z",
    "date_nodv_nostore": "2024-01-15T10:30:00.000Z",
    "geo_point_dv_store": {"lat":40.7128,"lon":-74.006},
    "geo_point_dv_nostore": {"lat":40.7128,"lon":-74.006},
    "geo_point_nodv_store": {"lat":40.7128,"lon":-74.006},
    "geo_point_nodv_nostore": {"lat":40.7128,"lon":-74.006}}
    Response: 201
    {"_index":"source_reconstruction_test","_type":"doc","_id":"1","_version":1,"_shards":{"total":1,"successful":1,"failed":0},"created":true}
    2026-01-15 00:40:00,243 INFO o.o.m.b.h.ClusterOperations [Test worker] POST /_refresh

    Response: 200
    {"_shards":{"total":1,"successful":1,"failed":0}}
    2026-01-15 00:40:00,256 INFO o.o.m.b.w.SnapshotRunner [Test worker] Attempting to initiate the snapshot...
    2026-01-15 00:40:00,257 INFO o.o.m.b.c.OpenSearchClient [Test worker] Starting registerSnapshotRepo for repoName=null
    2026-01-15 00:40:00,300 INFO o.o.m.b.c.OpenSearchClient [Test worker] Completed registerSnapshotRepo for repoName=null in 43 ms with statusCode=200
    2026-01-15 00:40:00,300 INFO o.o.m.b.c.SnapshotCreator [Test worker] Snapshot repo registration successful
    2026-01-15 00:40:00,300 INFO o.o.m.b.c.OpenSearchClient [Test worker] Starting createSnapshot for repoName=null, snapshotName=snap
    2026-01-15 00:40:00,320 INFO o.o.m.b.c.OpenSearchClient [Test worker] Completed createSnapshot for repoName=null, snapshotName=snap in 20 ms with statusCode=200
    2026-01-15 00:40:00,320 INFO o.o.m.b.c.SnapshotCreator [Test worker] Snapshot snap creation initiated
    2026-01-15 00:40:00,320 INFO o.o.m.b.w.SnapshotRunner [Test worker] Snapshot in progress...
    2026-01-15 00:40:00,320 INFO o.o.m.b.c.OpenSearchClient [Test worker] Starting getSnapshotStatus for repoName=null, snapshotName=snap
    2026-01-15 00:40:00,335 INFO o.o.m.b.c.OpenSearchClient [Test worker] Completed getSnapshotStatus for repoName=null, snapshotName=snap in 15 ms with statusCode=200
    2026-01-15 00:40:00,335 INFO o.o.m.b.w.SnapshotRunner [Test worker] Snapshot not finished yet; sleeping for 1000ms...
    2026-01-15 00:40:01,339 INFO o.o.m.b.c.OpenSearchClient [Test worker] Starting getSnapshotStatus for repoName=null, snapshotName=snap
    2026-01-15 00:40:01,380 INFO o.o.m.b.c.OpenSearchClient [Test worker] Completed getSnapshotStatus for repoName=null, snapshotName=snap in 40 ms with statusCode=200
    2026-01-15 00:40:01,461 DEBUG o.o.m.b.f.SearchClusterContainer [Test worker] Process Exit Code: 0
    2026-01-15 00:40:01,461 DEBUG o.o.m.b.f.SearchClusterContainer [Test worker] Standard Output: /tmp/snapshots/meta-snap.dat
    /tmp/snapshots/indices/source_reconstruction_test/meta-snap.dat
    /tmp/snapshots/indices/source_reconstruction_test/0/__0
    /tmp/snapshots/indices/source_reconstruction_test/0/__1
    /tmp/snapshots/indices/source_reconstruction_test/0/__3
    /tmp/snapshots/indices/source_reconstruction_test/0/__2
    /tmp/snapshots/indices/source_reconstruction_test/0/index-0
    /tmp/snapshots/indices/source_reconstruction_test/0/snap-snap.dat
    /tmp/snapshots/index
    /tmp/snapshots/snap-snap.dat

    2026-01-15 00:40:01,461 DEBUG o.o.m.b.f.SearchClusterContainer [Test worker] Standard Error : 
    2026-01-15 00:40:01,462 INFO o.o.m.b.f.SearchClusterContainer [Test worker] Copying file /tmp/snapshots/meta-snap.dat from container onto /var/folders/d9/7fcs2fv55k59ps6tpm5gdv900000gq/T/junit-4977459660024452619/meta-snap.dat
    2026-01-15 00:40:01,467 INFO o.o.m.b.f.SearchClusterContainer [Test worker] Copying file /tmp/snapshots/indices/source_reconstruction_test/meta-snap.dat from container onto /var/folders/d9/7fcs2fv55k59ps6tpm5gdv900000gq/T/junit-4977459660024452619/indices/source_reconstruction_test/meta-snap.dat
    2026-01-15 00:40:01,472 INFO o.o.m.b.f.SearchClusterContainer [Test worker] Copying file /tmp/snapshots/indices/source_reconstruction_test/0/__0 from container onto /var/folders/d9/7fcs2fv55k59ps6tpm5gdv900000gq/T/junit-4977459660024452619/indices/source_reconstruction_test/0/__0
    2026-01-15 00:40:01,477 INFO o.o.m.b.f.SearchClusterContainer [Test worker] Copying file /tmp/snapshots/indices/source_reconstruction_test/0/__1 from container onto /var/folders/d9/7fcs2fv55k59ps6tpm5gdv900000gq/T/junit-4977459660024452619/indices/source_reconstruction_test/0/__1
    2026-01-15 00:40:01,481 INFO o.o.m.b.f.SearchClusterContainer [Test worker] Copying file /tmp/snapshots/indices/source_reconstruction_test/0/__3 from container onto /var/folders/d9/7fcs2fv55k59ps6tpm5gdv900000gq/T/junit-4977459660024452619/indices/source_reconstruction_test/0/__3
    2026-01-15 00:40:01,487 INFO o.o.m.b.f.SearchClusterContainer [Test worker] Copying file /tmp/snapshots/indices/source_reconstruction_test/0/__2 from container onto /var/folders/d9/7fcs2fv55k59ps6tpm5gdv900000gq/T/junit-4977459660024452619/indices/source_reconstruction_test/0/__2
    2026-01-15 00:40:01,493 INFO o.o.m.b.f.SearchClusterContainer [Test worker] Copying file /tmp/snapshots/indices/source_reconstruction_test/0/index-0 from container onto /var/folders/d9/7fcs2fv55k59ps6tpm5gdv900000gq/T/junit-4977459660024452619/indices/source_reconstruction_test/0/index-0
    2026-01-15 00:40:01,497 INFO o.o.m.b.f.SearchClusterContainer [Test worker] Copying file /tmp/snapshots/indices/source_reconstruction_test/0/snap-snap.dat from container onto /var/folders/d9/7fcs2fv55k59ps6tpm5gdv900000gq/T/junit-4977459660024452619/indices/source_reconstruction_test/0/snap-snap.dat
    2026-01-15 00:40:01,501 INFO o.o.m.b.f.SearchClusterContainer [Test worker] Copying file /tmp/snapshots/index from container onto /var/folders/d9/7fcs2fv55k59ps6tpm5gdv900000gq/T/junit-4977459660024452619/index
    2026-01-15 00:40:01,505 INFO o.o.m.b.f.SearchClusterContainer [Test worker] Copying file /tmp/snapshots/snap-snap.dat from container onto /var/folders/d9/7fcs2fv55k59ps6tpm5gdv900000gq/T/junit-4977459660024452619/snap-snap.dat
    2026-01-15 00:40:01,508 INFO o.o.m.b.NoStoredSourceMigrationTest [Test worker] Target index body: {"settings":{"number_of_shards":1,"number_of_replicas":0},"mappings":{"properties":{"string_dv_store": {"type": "keyword"},
    "string_dv_nostore": {"type": "keyword"},
    "string_nodv_store": {"type": "keyword"},
    "string_nodv_nostore": {"type": "keyword"},
    "boolean_dv_store": {"type": "boolean"},
    "boolean_dv_nostore": {"type": "boolean"},
    "boolean_nodv_store": {"type": "boolean"},
    "boolean_nodv_nostore": {"type": "boolean"},
    "integer_dv_store": {"type": "integer"},
    "integer_dv_nostore": {"type": "integer"},
    "integer_nodv_store": {"type": "integer"},
    "integer_nodv_nostore": {"type": "integer"},
    "long_dv_store": {"type": "long"},
    "long_dv_nostore": {"type": "long"},
    "long_nodv_store": {"type": "long"},
    "long_nodv_nostore": {"type": "long"},
    "ip_dv_store": {"type": "ip"},
    "ip_dv_nostore": {"type": "ip"},
    "ip_nodv_store": {"type": "ip"},
    "ip_nodv_nostore": {"type": "ip"},
    "date_dv_store": {"type": "date"},
    "date_dv_nostore": {"type": "date"},
    "date_nodv_store": {"type": "date"},
    "date_nodv_nostore": {"type": "date"},
    "geo_point_dv_store": {"type": "geo_point"},
    "geo_point_dv_nostore": {"type": "geo_point"},
    "geo_point_nodv_store": {"type": "geo_point"},
    "geo_point_nodv_nostore": {"type": "geo_point"}}}}
    2026-01-15 00:40:01,575 INFO o.o.m.b.h.ClusterOperations [Test worker] PUT /source_reconstruction_test
    {"settings":{"number_of_shards":1,"number_of_replicas":0},"mappings":{"properties":{"string_dv_store": {"type": "keyword"},
    "string_dv_nostore": {"type": "keyword"},
    "string_nodv_store": {"type": "keyword"},
    "string_nodv_nostore": {"type": "keyword"},
    "boolean_dv_store": {"type": "boolean"},
    "boolean_dv_nostore": {"type": "boolean"},
    "boolean_nodv_store": {"type": "boolean"},
    "boolean_nodv_nostore": {"type": "boolean"},
    "integer_dv_store": {"type": "integer"},
    "integer_dv_nostore": {"type": "integer"},
    "integer_nodv_store": {"type": "integer"},
    "integer_nodv_nostore": {"type": "integer"},
    "long_dv_store": {"type": "long"},
    "long_dv_nostore": {"type": "long"},
    "long_nodv_store": {"type": "long"},
    "long_nodv_nostore": {"type": "long"},
    "ip_dv_store": {"type": "ip"},
    "ip_dv_nostore": {"type": "ip"},
    "ip_nodv_store": {"type": "ip"},
    "ip_nodv_nostore": {"type": "ip"},
    "date_dv_store": {"type": "date"},
    "date_dv_nostore": {"type": "date"},
    "date_nodv_store": {"type": "date"},
    "date_nodv_nost...
    Response: 200
    {"acknowledged":true,"shards_acknowledged":true,"index":"source_reconstruction_test"}
    2026-01-15 00:40:01,580 INFO o.o.m.c.ClusterProviderRegistry [Test worker] Found snapshot resource reader SnapshotReader_ES_2_4 for version: ELASTICSEARCH 2.4.6
    2026-01-15 00:40:01,580 INFO o.o.m.b.SourceTestBase [Test worker] nextClockShift=230
    2026-01-15 00:40:01,581 INFO o.o.m.b.l.LuceneIndexReader$Factory [Test worker] Creating IndexReader5
    2026-01-15 00:40:01,583 INFO o.o.m.t.TransformationLoader [Test worker] Adding IJsonTransfomerProvider: org.opensearch.migrations.transformation.JsonTransformerForDocumentTypeRemovalProvider@25130f26
    2026-01-15 00:40:01,584 INFO o.o.m.t.TransformationLoader [Test worker] Adding IJsonTransfomerProvider: org.opensearch.migrations.transform.JsonConditionalTransformerProvider@76e87fa0
    2026-01-15 00:40:01,584 INFO o.o.m.t.TransformationLoader [Test worker] Adding IJsonTransfomerProvider: org.opensearch.migrations.transform.TypeMappingSanitizationTransformerProvider@182ce28a
    2026-01-15 00:40:01,584 INFO o.o.m.t.TransformationLoader [Test worker] Adding IJsonTransfomerProvider: org.opensearch.migrations.transform.JsonJSTransformerProvider@a3b417
    2026-01-15 00:40:01,585 INFO o.o.m.t.TransformationLoader [Test worker] Adding IJsonTransfomerProvider: org.opensearch.migrations.transform.JsonJoltTransformerProvider@1f27b34b
    2026-01-15 00:40:01,585 INFO o.o.m.t.TransformationLoader [Test worker] Adding IJsonTransfomerProvider: org.opensearch.migrations.transform.JsonJMESPathTransformerProvider@45fdd899
    2026-01-15 00:40:01,585 INFO o.o.m.t.TransformationLoader [Test worker] Adding IJsonTransfomerProvider: org.opensearch.migrations.transform.NoopTransformerProvider@4af4d738
    2026-01-15 00:40:01,586 INFO o.o.m.t.TransformationLoader [Test worker] IJsonTransformerProviders loaded: class org.opensearch.migrations.transformation.JsonTransformerForDocumentTypeRemovalProvider; class org.opensearch.migrations.transform.JsonConditionalTransformerProvider; class org.opensearch.migrations.transform.TypeMappingSanitizationTransformerProvider; class org.opensearch.migrations.transform.JsonJSTransformerProvider; class org.opensearch.migrations.transform.JsonJoltTransformerProvider; class org.opensearch.migrations.transform.JsonJMESPathTransformerProvider; class org.opensearch.migrations.transform.NoopTransformerProvider
    2026-01-15 00:40:01,587 INFO o.o.m.t.TransformationLoader [Test worker] Creating a transformer through provider=org.opensearch.migrations.transformation.JsonTransformerForDocumentTypeRemovalProvider@25130f26 with configuration=
    2026-01-15 00:40:01,595 INFO o.o.m.b.c.OpenSearchClientFactory [Test worker] Checking compression on cluster
    2026-01-15 00:40:01,613 INFO o.o.m.b.c.OpenSearchClientFactory [reactor-http-kqueue-5] After querying target, compression=false
    2026-01-15 00:40:01,619 INFO o.o.m.b.w.OpenSearchWorkCoordinator [Test worker] Creating .migrations_working_state because HEAD returned 404
    2026-01-15 00:40:01,845 INFO o.o.m.b.w.ScopedWorkCoordinator [Test worker] Acquired work item: shard_setup with lease expiration at 2026-01-15T00:45:01.677766Z
    2026-01-15 00:40:01,846 INFO o.o.m.b.w.ShardWorkPreparer [Test worker] Acquired work to set the shard workitems
    2026-01-15 00:40:01,846 INFO o.o.m.b.w.ShardWorkPreparer [Test worker] Setting up the Documents Work Items...
    2026-01-15 00:40:01,860 INFO o.o.m.b.v.SnapshotRepoProvider_ES_2_4 [Test worker] Found index [source_reconstruction_test] in snapshot [snap]
    2026-01-15 00:40:01,863 INFO o.o.m.b.w.ShardWorkPreparer [Test worker] Index source_reconstruction_test has 1 shards
    2026-01-15 00:40:01,863 INFO o.o.m.b.w.ShardWorkPreparer [Test worker] Creating Documents Work Item for index: source_reconstruction_test, shard: 0
    2026-01-15 00:40:01,878 INFO o.o.m.b.w.ShardWorkPreparer [Test worker] Finished setting up the Documents Work Items.
    2026-01-15 00:40:01,878 INFO o.o.m.b.w.ScopedWorkCoordinator [Test worker] Finished onAcquiredWork for work item: shard_setup in 32 ms
    2026-01-15 00:40:01,904 INFO o.o.m.b.w.ScopedWorkCoordinator [Test worker] Marked work item shard_setup as completed and released lease
    2026-01-15 00:40:01,990 INFO o.o.m.b.w.OpenSearchWorkCoordinator [Test worker] Returning work item and lease: OpenSearchWorkCoordinator.WorkItemWithPotentialSuccessors(workItemId=source_reconstruction_test__0__-2147483648, leaseExpirationTime=2026-01-15T00:50:02Z, successorWorkItemIds=[])
    2026-01-15 00:40:01,990 INFO o.o.m.b.w.ScopedWorkCoordinator [Test worker] Acquired work item: source_reconstruction_test__0__-2147483648 with lease expiration at 2026-01-15T00:50:02Z
    2026-01-15 00:40:01,990 INFO o.o.m.b.w.DocumentsRunner [Test worker] Acquired work item: source_reconstruction_test__0__-2147483648
    2026-01-15 00:40:01,990 INFO o.o.m.b.w.DocumentsRunner [Test worker] Migrating docs for source_reconstruction_test__0__-2147483648
    2026-01-15 00:40:02,001 INFO o.o.m.RfsMigrateDocuments [Test worker] Shard size: 10582 for snapshotName=snap indexName=source_reconstruction_test shardId=0
    2026-01-15 00:40:02,003 INFO o.o.m.b.c.SnapshotShardUnpacker [Test worker] Starting parallel unpacking of 4 files for shard 0 with 12 threads
    2026-01-15 00:40:02,003 INFO o.o.m.b.c.SnapshotShardUnpacker [boundedElastic-3] Unpacking - Blob Name: __0, Lucene Name: _0.cfe
    2026-01-15 00:40:02,003 INFO o.o.m.b.c.SnapshotShardUnpacker [boundedElastic-1] Unpacking - Blob Name: __1, Lucene Name: _0.si
    2026-01-15 00:40:02,003 INFO o.o.m.b.c.SnapshotShardUnpacker [boundedElastic-4] Unpacking - Blob Name: __2, Lucene Name: _0.cfs
    2026-01-15 00:40:02,003 INFO o.o.m.b.c.SnapshotShardUnpacker [boundedElastic-2] Unpacking - Blob Name: __3, Lucene Name: segments_2
    2026-01-15 00:40:02,007 INFO o.o.m.b.c.SnapshotShardUnpacker [Test worker] Successfully unpacked 4 files for shard 0
    2026-01-15 00:40:02,007 INFO o.o.m.b.l.LuceneIndexReader$Factory [Test worker] Creating IndexReader5
    2026-01-15 00:40:02,008 INFO o.o.m.b.w.DocumentsRunner [Test worker] Setting up doc migration for index=source_reconstruction_test, shard=0
    2026-01-15 00:40:02,010 INFO o.o.m.RfsMigrateDocuments [Test worker] Shard size: 10582 for snapshotName=snap indexName=source_reconstruction_test shardId=0
    2026-01-15 00:40:02,029 INFO o.o.m.b.l.LuceneReader [Test worker] 1 documents in 1 leaves found in the current Lucene index
    2026-01-15 00:40:02,029 INFO o.o.m.b.w.DocumentsRunner [Test worker] Waiting on latch for index=source_reconstruction_test, shard=0...
    2026-01-15 00:40:02,029 INFO o.o.m.b.w.DocumentsRunner [workFinishScheduler-2] Subscribed to docMigrationCursors for index=source_reconstruction_test, shard=0
    2026-01-15 00:40:02,045 INFO o.o.m.b.c.DocumentReindexer [DocumentBatchReindexer-5] Last doc is: Source Index source_reconstruction_test Lucene Doc Number 0
    2026-01-15 00:40:02,045 INFO o.o.m.b.c.DocumentReindexer [DocumentBatchReindexer-5] Batch Id:26b8fce3-9887-435a-aad2-835cf4964c5b, 1 documents in current bulk request.
    2026-01-15 00:40:02,068 INFO o.o.m.b.w.DocumentsRunner [DocumentBatchReindexer-6] Completed docMigration for index=source_reconstruction_test, shard=0
    2026-01-15 00:40:02,068 INFO o.o.m.b.w.DocumentsRunner [DocumentBatchReindexer-6] Terminating docMigration Flux for index=source_reconstruction_test, shard=0
    2026-01-15 00:40:02,068 INFO o.o.m.b.w.DocumentsRunner [DocumentBatchReindexer-6] Reindexing completed for Index source_reconstruction_test, Shard 0
    2026-01-15 00:40:02,068 INFO o.o.m.b.w.DocumentsRunner [Test worker] Latch released after 39 ms for index=source_reconstruction_test, shard=0
    2026-01-15 00:40:02,068 INFO o.o.m.b.w.ScopedWorkCoordinator [Test worker] Finished onAcquiredWork for work item: source_reconstruction_test__0__-2147483648 in 78 ms
    2026-01-15 00:40:02,081 INFO o.o.m.b.w.ScopedWorkCoordinator [Test worker] Marked work item source_reconstruction_test__0__-2147483648 as completed and released lease
    2026-01-15 00:40:02,090 INFO o.o.m.u.FileSystemUtils [Test worker] Successfully deleted directory tree at /var/folders/d9/7fcs2fv55k59ps6tpm5gdv900000gq/T/opensearchMigrationReindexFromSnapshot_test_lucene15650506022342651851
    2026-01-15 00:40:02,090 INFO o.o.m.c.ClusterProviderRegistry [Test worker] Found snapshot resource reader SnapshotReader_ES_2_4 for version: ELASTICSEARCH 2.4.6
    2026-01-15 00:40:02,090 INFO o.o.m.b.SourceTestBase [Test worker] nextClockShift=-90
    2026-01-15 00:40:02,090 INFO o.o.m.b.l.LuceneIndexReader$Factory [Test worker] Creating IndexReader5
    2026-01-15 00:40:02,091 INFO o.o.m.t.TransformationLoader [Test worker] Adding IJsonTransfomerProvider: org.opensearch.migrations.transformation.JsonTransformerForDocumentTypeRemovalProvider@9c5f9f0
    2026-01-15 00:40:02,091 INFO o.o.m.t.TransformationLoader [Test worker] Adding IJsonTransfomerProvider: org.opensearch.migrations.transform.JsonConditionalTransformerProvider@7e46400f
    2026-01-15 00:40:02,091 INFO o.o.m.t.TransformationLoader [Test worker] Adding IJsonTransfomerProvider: org.opensearch.migrations.transform.TypeMappingSanitizationTransformerProvider@5556f4af
    2026-01-15 00:40:02,091 INFO o.o.m.t.TransformationLoader [Test worker] Adding IJsonTransfomerProvider: org.opensearch.migrations.transform.JsonJSTransformerProvider@4a74933f
    2026-01-15 00:40:02,091 INFO o.o.m.t.TransformationLoader [Test worker] Adding IJsonTransfomerProvider: org.opensearch.migrations.transform.JsonJoltTransformerProvider@24415283
    2026-01-15 00:40:02,091 INFO o.o.m.t.TransformationLoader [Test worker] Adding IJsonTransfomerProvider: org.opensearch.migrations.transform.JsonJMESPathTransformerProvider@7a30257c
    2026-01-15 00:40:02,092 INFO o.o.m.t.TransformationLoader [Test worker] Adding IJsonTransfomerProvider: org.opensearch.migrations.transform.NoopTransformerProvider@5d7aed0e
    2026-01-15 00:40:02,092 INFO o.o.m.t.TransformationLoader [Test worker] IJsonTransformerProviders loaded: class org.opensearch.migrations.transformation.JsonTransformerForDocumentTypeRemovalProvider; class org.opensearch.migrations.transform.JsonConditionalTransformerProvider; class org.opensearch.migrations.transform.TypeMappingSanitizationTransformerProvider; class org.opensearch.migrations.transform.JsonJSTransformerProvider; class org.opensearch.migrations.transform.JsonJoltTransformerProvider; class org.opensearch.migrations.transform.JsonJMESPathTransformerProvider; class org.opensearch.migrations.transform.NoopTransformerProvider
    2026-01-15 00:40:02,092 INFO o.o.m.t.TransformationLoader [Test worker] Creating a transformer through provider=org.opensearch.migrations.transformation.JsonTransformerForDocumentTypeRemovalProvider@9c5f9f0 with configuration=
    2026-01-15 00:40:02,095 INFO o.o.m.b.c.OpenSearchClientFactory [Test worker] Checking compression on cluster
    2026-01-15 00:40:02,104 INFO o.o.m.b.c.OpenSearchClientFactory [reactor-http-kqueue-5] After querying target, compression=false
    2026-01-15 00:40:02,108 INFO o.o.m.b.w.OpenSearchWorkCoordinator [Test worker] Not creating .migrations_working_state because it already exists
    2026-01-15 00:40:02,117 INFO o.o.m.b.w.ScopedWorkCoordinator [Test worker] Work item already marked as completed. Skipping.
    2026-01-15 00:40:02,124 INFO o.o.m.u.FileSystemUtils [Test worker] Successfully deleted directory tree at /var/folders/d9/7fcs2fv55k59ps6tpm5gdv900000gq/T/opensearchMigrationReindexFromSnapshot_test_lucene18320539128882885390
    2026-01-15 00:40:02,124 INFO o.o.m.b.SourceTestBase [Test worker] No work at all was found.  Presuming that work was complete and that all worker processes should terminate
    2026-01-15 00:40:02,133 INFO o.o.m.b.h.ClusterOperations [Test worker] POST /_refresh

    Response: 200
    {"_shards":{"total":3,"successful":2,"failed":0}}
    2026-01-15 00:40:02,137 INFO o.o.m.b.h.ClusterOperations [Test worker] GET /source_reconstruction_test/_search

    Response: 200
    {"took":1,"timed_out":false,"_shards":{"total":1,"successful":1,"skipped":0,"failed":0},"hits":{"total":{"value":1,"relation":"eq"},"max_score":1.0,"hits":[{"_index":"source_reconstruction_test","_id":"1","_score":1.0,"_source":{"string_dv_store":"test_str","string_nodv_store":"test_str","boolean_dv_store":true,"boolean_nodv_store":true,"integer_dv_store":42,"integer_nodv_store":42,"long_dv_store":9999,"long_nodv_store":9999,"ip_dv_store":"192.168.1.1","ip_nodv_store":"192.168.1.1","date_dv_store":"2024-01-15T10:30:00Z","date_nodv_store":"2024-01-15T10:30:00Z","geo_point_dv_store":"2788271739612147646","geo_point_nodv_store":"2788271739612147646","string_dv_nostore":"test_str","boolean_dv_nostore":true,"integer_dv_nostore":42,"long_dv_nostore":9999,"ip_dv_nostore":"192.168.1.1","date_dv_nostore":"2024-01-15T10:30:00Z","geo_point_dv_nostore":{"lon":132.63039741665125,"lat":-54.41490492783487}}}]}}
    2026-01-15 00:40:02,137 INFO o.o.m.b.NoStoredSourceMigrationTest [Test worker] Migrated _source: {"string_dv_store":"test_str","string_nodv_store":"test_str","boolean_dv_store":true,"boolean_nodv_store":true,"integer_dv_store":42,"integer_nodv_store":42,"long_dv_store":9999,"long_nodv_store":9999,"ip_dv_store":"192.168.1.1","ip_nodv_store":"192.168.1.1","date_dv_store":"2024-01-15T10:30:00Z","date_nodv_store":"2024-01-15T10:30:00Z","geo_point_dv_store":"2788271739612147646","geo_point_nodv_store":"2788271739612147646","string_dv_nostore":"test_str","boolean_dv_nostore":true,"integer_dv_nostore":42,"long_dv_nostore":9999,"ip_dv_nostore":"192.168.1.1","date_dv_nostore":"2024-01-15T10:30:00Z","geo_point_dv_nostore":{"lon":132.63039741665125,"lat":-54.41490492783487}}
    2026-01-15 00:40:02,139 INFO o.o.m.b.f.SearchClusterContainer [Test worker] Stopping container version:OPENSEARCH 3.0.0
    2026-01-15 00:40:02,153 DEBUG o.o.m.b.f.SearchClusterContainer [Test worker] Instance logs:
    Enabling OpenSearch Security Plugin
    Enabling execution of install_demo_configuration.sh for OpenSearch Security Plugin 
    OpenSearch 2.12.0 onwards, the OpenSearch Security Plugin a change that requires an initial password for 'admin' user. 
    Please define an environment variable 'OPENSEARCH_INITIAL_ADMIN_PASSWORD' with a strong password string. 
    If a password is not provided, the setup will quit. 
     For more details, please visit: https://opensearch.org/docs/latest/install-and-configure/install-opensearch/docker/
    ### OpenSearch Security Demo Installer
    ### ** Warning: Do not use on production or public reachable systems **
    OpenSearch install type: rpm/deb on Linux 6.12.54-linuxkit aarch64
    OpenSearch config dir: /usr/share/opensearch/config/
    OpenSearch config file: /usr/share/opensearch/config/opensearch.yml
    OpenSearch bin dir: /usr/share/opensearch/bin/
    OpenSearch plugins dir: /usr/share/opensearch/plugins/
    OpenSearch lib dir: /usr/share/opensearch/lib/
    Detected OpenSearch Version: 3.0.0
    Detected OpenSearch Security Version: 3.0.0.0
    Admin password set successfully.
    ### Success
    ### Execute this script now on all your nodes and then start all nodes
    ### OpenSearch Security will be automatically initialized.
    ### If you like to change the runtime configuration 
    ### change the files in ../../../config/opensearch-security and execute: 
    sudo "/usr/share/opensearch/plugins/opensearch-security/tools/securityadmin.sh" -cd "/usr/share/opensearch/config/opensearch-security" -icl -key "/usr/share/opensearch/config/kirk-key.pem" -cert "/usr/share/opensearch/config/kirk.pem" -cacert "/usr/share/opensearch/config/root-ca.pem" -nhnv
    ### or run ./securityadmin_demo.sh
    ### To use the Security Plugin ConfigurationGUI
    ### To access your secured cluster open https://<hostname>:<HTTP port> and log in with admin/<your-custom-admin-password>.
    ### (Ignore the SSL certificate warning because we installed self-signed demo certificates)
    Enabling execution of OPENSEARCH_HOME/bin/opensearch-performance-analyzer/performance-analyzer-agent-cli for OpenSearch Performance Analyzer Plugin
    WARNING: Using incubator modules: jdk.incubator.vector
    WARNING: Unknown module: org.apache.arrow.memory.core specified to --add-opens
    [2026-01-15T00:39:55,262][WARN ][stderr                   ] [96dc459f49b7] Jan 15, 2026 12:39:55 AM org.opensearch.javaagent.bootstrap.AgentPolicy setPolicy
    [2026-01-15T00:39:55,263][WARN ][stderr                   ] [96dc459f49b7] INFO: Policy attached successfully: org.opensearch.bootstrap.OpenSearchPolicy@5e2a3040
    [2026-01-15T00:39:55,267][INFO ][o.o.n.Node               ] [96dc459f49b7] version[3.0.0], pid[1], build[tar/dc4efa821904cc2d7ea7ef61c0f577d3fc0d8be9/2025-05-03T06:23:50.311109522Z], OS[Linux/6.12.54-linuxkit/aarch64], JVM[Eclipse Adoptium/OpenJDK 64-Bit Server VM/21.0.7/21.0.7+6-LTS]
    [2026-01-15T00:39:55,267][INFO ][o.o.n.Node               ] [96dc459f49b7] JVM home [/usr/share/opensearch/jdk], using bundled JDK/JRE [true]
    [2026-01-15T00:39:55,267][INFO ][o.o.n.Node               ] [96dc459f49b7] JVM arguments [-Xshare:auto, -Dopensearch.networkaddress.cache.ttl=60, -Dopensearch.networkaddress.cache.negative.ttl=10, -XX:+AlwaysPreTouch, -Xss1m, -Djava.awt.headless=true, -Dfile.encoding=UTF-8, -Djna.nosys=true, -XX:-OmitStackTraceInFastThrow, -XX:+ShowCodeDetailsInExceptionMessages, -Dio.netty.noUnsafe=true, -Dio.netty.noKeySetOptimization=true, -Dio.netty.recycler.maxCapacityPerThread=0, -Dio.netty.allocator.numDirectArenas=0, -Dlog4j.shutdownHookEnabled=false, -Dlog4j2.disable.jmx=true, -Djava.locale.providers=SPI,CLDR, -Xms1g, -Xmx1g, -XX:+UseG1GC, -XX:G1ReservePercent=25, -XX:InitiatingHeapOccupancyPercent=30, -Djava.io.tmpdir=/tmp/opensearch-14817025933652207320, -XX:+HeapDumpOnOutOfMemoryError, -XX:HeapDumpPath=data, -XX:ErrorFile=logs/hs_err_pid%p.log, -Xlog:gc*,gc+age=trace,safepoint:file=logs/gc.log:utctime,pid,tags:filecount=32,filesize=64m, --add-modules=jdk.incubator.vector, -javaagent:agent/opensearch-agent.jar, --add-opens=java.base/java.nio=org.apache.arrow.memory.core,ALL-UNNAMED, -Dclk.tck=100, -Djdk.attach.allowAttachSelf=true, -Djava.security.policy=/usr/share/opensearch/config/opensearch-performance-analyzer/opensearch_security.policy, --add-opens=jdk.attach/sun.tools.attach=ALL-UNNAMED, -Dopensearch.cgroups.hierarchy.override=/, -XX:MaxDirectMemorySize=536870912, -Dopensearch.path.home=/usr/share/opensearch, -Dopensearch.path.conf=/usr/share/opensearch/config, -Dopensearch.distribution.type=tar, -Dopensearch.bundled_jdk=true]
    [2026-01-15T00:39:55,327][WARN ][stderr                   ] [96dc459f49b7] Jan 15, 2026 12:39:55 AM org.apache.lucene.internal.vectorization.PanamaVectorizationProvider <init>
    [2026-01-15T00:39:55,327][WARN ][stderr                   ] [96dc459f49b7] INFO: Java vector incubator API enabled; uses preferredBitSize=128; FMA enabled
    [2026-01-15T00:39:55,606][INFO ][o.o.s.s.t.SSLConfig      ] [96dc459f49b7] SSL dual mode is disabled
    [2026-01-15T00:39:55,607][WARN ][o.o.s.OpenSearchSecurityPlugin] [96dc459f49b7] OpenSearch Security plugin installed but disabled. This can expose your configuration (including passwords) to the public.
    [2026-01-15T00:39:55,873][ERROR][o.o.p.c.c.PluginSettings ] [96dc459f49b7] Loading config file /usr/share/opensearch/config/opensearch-performance-analyzer/performance-analyzer.properties failed with error: org.opensearch.performanceanalyzer.commons.config.ConfigFileException: java.io.FileNotFoundException: /usr/share/opensearch/config/opensearch-performance-analyzer/performance-analyzer.properties (No such file or directory). Disabling plugin.
    [2026-01-15T00:39:55,874][INFO ][o.o.p.c.c.PluginSettings ] [96dc459f49b7] Config: metricsLocation: /dev/shm/performanceanalyzer/, metricsDeletionInterval: 1, httpsEnabled: false, cleanup-metrics-db-files: false, batch-metrics-retention-period-minutes: 7, rpc-port: 9650, webservice-port 9600
    [2026-01-15T00:39:55,958][ERROR][o.o.p.c.c.StatsCollector ] [96dc459f49b7] Error in loading metadata for folderLocation: /usr/share/opensearch/config/opensearch-performance-analyzer/, fileLocation: plugin-stats-metadata
    java.io.FileNotFoundException: /usr/share/opensearch/config/opensearch-performance-analyzer/plugin-stats-metadata (No such file or directory)
    	at java.base/java.io.FileInputStream.open0(Native Method) ~[?:?]
    	at java.base/java.io.FileInputStream.open(FileInputStream.java:213) ~[?:?]
    	at java.base/java.io.FileInputStream.<init>(FileInputStream.java:152) ~[?:?]
    	at java.base/java.io.FileInputStream.<init>(FileInputStream.java:106) ~[?:?]
    	at org.opensearch.performanceanalyzer.commons.collectors.StatsCollector.loadMetadata(StatsCollector.java:158) ~[performance-analyzer-commons-2.0.0.jar:?]
    	at org.opensearch.performanceanalyzer.commons.collectors.StatsCollector.instance(StatsCollector.java:73) ~[performance-analyzer-commons-2.0.0.jar:?]
    	at org.opensearch.performanceanalyzer.PerformanceAnalyzerPlugin.scheduleRcaCollectors(PerformanceAnalyzerPlugin.java:264) ~[opensearch-performance-analyzer-3.0.0.0.jar:3.0.0.0]
    	at org.opensearch.performanceanalyzer.PerformanceAnalyzerPlugin.<init>(PerformanceAnalyzerPlugin.java:213) ~[opensearch-performance-analyzer-3.0.0.0.jar:3.0.0.0]
    	at java.base/jdk.internal.reflect.DirectConstructorHandleAccessor.newInstance(DirectConstructorHandleAccessor.java:62) [?:?]
    	at java.base/java.lang.reflect.Constructor.newInstanceWithCaller(Constructor.java:502) [?:?]
    	at java.base/java.lang.reflect.Constructor.newInstance(Constructor.java:486) [?:?]
    	at org.opensearch.plugins.PluginsService.loadPlugin(PluginsService.java:840) [opensearch-3.0.0.jar:3.0.0]
    	at org.opensearch.plugins.PluginsService.loadBundle(PluginsService.java:788) [opensearch-3.0.0.jar:3.0.0]
    	at org.opensearch.plugins.PluginsService.loadBundles(PluginsService.java:582) [opensearch-3.0.0.jar:3.0.0]
    	at org.opensearch.plugins.PluginsService.<init>(PluginsService.java:197) [opensearch-3.0.0.jar:3.0.0]
    	at org.opensearch.node.Node.<init>(Node.java:533) [opensearch-3.0.0.jar:3.0.0]
    	at org.opensearch.node.Node.<init>(Node.java:460) [opensearch-3.0.0.jar:3.0.0]
    	at org.opensearch.bootstrap.Bootstrap$5.<init>(Bootstrap.java:243) [opensearch-3.0.0.jar:3.0.0]
    	at org.opensearch.bootstrap.Bootstrap.setup(Bootstrap.java:243) [opensearch-3.0.0.jar:3.0.0]
    	at org.opensearch.bootstrap.Bootstrap.init(Bootstrap.java:405) [opensearch-3.0.0.jar:3.0.0]
    	at org.opensearch.bootstrap.OpenSearch.init(OpenSearch.java:168) [opensearch-3.0.0.jar:3.0.0]
    	at org.opensearch.bootstrap.OpenSearch.execute(OpenSearch.java:159) [opensearch-3.0.0.jar:3.0.0]
    	at org.opensearch.common.cli.EnvironmentAwareCommand.execute(EnvironmentAwareCommand.java:110) [opensearch-3.0.0.jar:3.0.0]
    	at org.opensearch.cli.Command.mainWithoutErrorHandling(Command.java:138) [opensearch-cli-3.0.0.jar:3.0.0]
    	at org.opensearch.cli.Command.main(Command.java:101) [opensearch-cli-3.0.0.jar:3.0.0]
    	at org.opensearch.bootstrap.OpenSearch.main(OpenSearch.java:125) [opensearch-3.0.0.jar:3.0.0]
    	at org.opensearch.bootstrap.OpenSearch.main(OpenSearch.java:91) [opensearch-3.0.0.jar:3.0.0]
    [2026-01-15T00:39:55,960][INFO ][o.o.p.c.SearchBackPressureStatsCollector] [96dc459f49b7] SearchBackPressureStatsCollector started
    [2026-01-15T00:39:56,087][INFO ][o.o.i.r.ReindexModulePlugin] [96dc459f49b7] ReindexPlugin reloadSPI called
    [2026-01-15T00:39:56,088][INFO ][o.o.i.r.ReindexModulePlugin] [96dc459f49b7] Unable to find any implementation for RemoteReindexExtension
    [2026-01-15T00:39:56,124][INFO ][o.o.j.JobSchedulerPlugin ] [96dc459f49b7] Loaded scheduler extension: reports-scheduler, index: .opendistro-reports-definitions
    [2026-01-15T00:39:56,125][INFO ][o.o.j.JobSchedulerPlugin ] [96dc459f49b7] Loaded scheduler extension: opensearch_time_series_analytics, index: .opendistro-anomaly-detector-jobs
    [2026-01-15T00:39:56,125][INFO ][o.o.j.JobSchedulerPlugin ] [96dc459f49b7] Loaded scheduler extension: opendistro-index-management, index: .opendistro-ism-config
    [2026-01-15T00:39:56,126][INFO ][o.o.j.JobSchedulerPlugin ] [96dc459f49b7] Loaded scheduler extension: checkBatchJobTaskStatus, index: .ml_commons_task_polling_job
    [2026-01-15T00:39:56,127][INFO ][o.o.j.JobSchedulerPlugin ] [96dc459f49b7] Loaded scheduler extension: scheduler_geospatial_ip2geo_datasource, index: .scheduler-geospatial-ip2geo-datasource
    [2026-01-15T00:39:56,127][INFO ][o.o.j.JobSchedulerPlugin ] [96dc459f49b7] Loaded scheduler extension: opensearch_sap_job, index: .opensearch-sap--job
    [2026-01-15T00:39:56,128][INFO ][o.o.j.JobSchedulerPlugin ] [96dc459f49b7] Loaded scheduler extension: async-query-scheduler, index: .async-query-scheduler
    [2026-01-15T00:39:56,138][INFO ][o.o.p.PluginsService     ] [96dc459f49b7] loaded module [aggs-matrix-stats]
    [2026-01-15T00:39:56,138][INFO ][o.o.p.PluginsService     ] [96dc459f49b7] loaded module [analysis-common]
    [2026-01-15T00:39:56,138][INFO ][o.o.p.PluginsService     ] [96dc459f49b7] loaded module [cache-common]
    [2026-01-15T00:39:56,138][INFO ][o.o.p.PluginsService     ] [96dc459f49b7] loaded module [geo]
    [2026-01-15T00:39:56,138][INFO ][o.o.p.PluginsService     ] [96dc459f49b7] loaded module [ingest-common]
    [2026-01-15T00:39:56,138][INFO ][o.o.p.PluginsService     ] [96dc459f49b7] loaded module [ingest-geoip]
    [2026-01-15T00:39:56,138][INFO ][o.o.p.PluginsService     ] [96dc459f49b7] loaded module [ingest-user-agent]
    [2026-01-15T00:39:56,138][INFO ][o.o.p.PluginsService     ] [96dc459f49b7] loaded module [lang-expression]
    [2026-01-15T00:39:56,138][INFO ][o.o.p.PluginsService     ] [96dc459f49b7] loaded module [lang-mustache]
    [2026-01-15T00:39:56,138][INFO ][o.o.p.PluginsService     ] [96dc459f49b7] loaded module [lang-painless]
    [2026-01-15T00:39:56,138][INFO ][o.o.p.PluginsService     ] [96dc459f49b7] loaded module [mapper-extras]
    [2026-01-15T00:39:56,138][INFO ][o.o.p.PluginsService     ] [96dc459f49b7] loaded module [opensearch-dashboards]
    [2026-01-15T00:39:56,138][INFO ][o.o.p.PluginsService     ] [96dc459f49b7] loaded module [parent-join]
    [2026-01-15T00:39:56,138][INFO ][o.o.p.PluginsService     ] [96dc459f49b7] loaded module [percolator]
    [2026-01-15T00:39:56,138][INFO ][o.o.p.PluginsService     ] [96dc459f49b7] loaded module [rank-eval]
    [2026-01-15T00:39:56,138][INFO ][o.o.p.PluginsService     ] [96dc459f49b7] loaded module [reindex]
    [2026-01-15T00:39:56,139][INFO ][o.o.p.PluginsService     ] [96dc459f49b7] loaded module [repository-url]
    [2026-01-15T00:39:56,139][INFO ][o.o.p.PluginsService     ] [96dc459f49b7] loaded module [search-pipeline-common]
    [2026-01-15T00:39:56,139][INFO ][o.o.p.PluginsService     ] [96dc459f49b7] loaded module [systemd]
    [2026-01-15T00:39:56,139][INFO ][o.o.p.PluginsService     ] [96dc459f49b7] loaded module [transport-netty4]
    [2026-01-15T00:39:56,139][INFO ][o.o.p.PluginsService     ] [96dc459f49b7] loaded plugin [opensearch-alerting]
    [2026-01-15T00:39:56,139][INFO ][o.o.p.PluginsService     ] [96dc459f49b7] loaded plugin [opensearch-anomaly-detection]
    [2026-01-15T00:39:56,139][INFO ][o.o.p.PluginsService     ] [96dc459f49b7] loaded plugin [opensearch-asynchronous-search]
    [2026-01-15T00:39:56,139][INFO ][o.o.p.PluginsService     ] [96dc459f49b7] loaded plugin [opensearch-cross-cluster-replication]
    [2026-01-15T00:39:56,139][INFO ][o.o.p.PluginsService     ] [96dc459f49b7] loaded plugin [opensearch-custom-codecs]
    [2026-01-15T00:39:56,139][INFO ][o.o.p.PluginsService     ] [96dc459f49b7] loaded plugin [opensearch-flow-framework]
    [2026-01-15T00:39:56,139][INFO ][o.o.p.PluginsService     ] [96dc459f49b7] loaded plugin [opensearch-geospatial]
    [2026-01-15T00:39:56,139][INFO ][o.o.p.PluginsService     ] [96dc459f49b7] loaded plugin [opensearch-index-management]
    [2026-01-15T00:39:56,139][INFO ][o.o.p.PluginsService     ] [96dc459f49b7] loaded plugin [opensearch-job-scheduler]
    [2026-01-15T00:39:56,139][INFO ][o.o.p.PluginsService     ] [96dc459f49b7] loaded plugin [opensearch-knn]
    [2026-01-15T00:39:56,139][INFO ][o.o.p.PluginsService     ] [96dc459f49b7] loaded plugin [opensearch-ltr]
    [2026-01-15T00:39:56,139][INFO ][o.o.p.PluginsService     ] [96dc459f49b7] loaded plugin [opensearch-ml]
    [2026-01-15T00:39:56,139][INFO ][o.o.p.PluginsService     ] [96dc459f49b7] loaded plugin [opensearch-neural-search]
    [2026-01-15T00:39:56,139][INFO ][o.o.p.PluginsService     ] [96dc459f49b7] loaded plugin [opensearch-notifications]
    [2026-01-15T00:39:56,139][INFO ][o.o.p.PluginsService     ] [96dc459f49b7] loaded plugin [opensearch-notifications-core]
    [2026-01-15T00:39:56,139][INFO ][o.o.p.PluginsService     ] [96dc459f49b7] loaded plugin [opensearch-observability]
    [2026-01-15T00:39:56,139][INFO ][o.o.p.PluginsService     ] [96dc459f49b7] loaded plugin [opensearch-performance-analyzer]
    [2026-01-15T00:39:56,139][INFO ][o.o.p.PluginsService     ] [96dc459f49b7] loaded plugin [opensearch-reports-scheduler]
    [2026-01-15T00:39:56,139][INFO ][o.o.p.PluginsService     ] [96dc459f49b7] loaded plugin [opensearch-security]
    [2026-01-15T00:39:56,139][INFO ][o.o.p.PluginsService     ] [96dc459f49b7] loaded plugin [opensearch-security-analytics]
    [2026-01-15T00:39:56,139][INFO ][o.o.p.PluginsService     ] [96dc459f49b7] loaded plugin [opensearch-skills]
    [2026-01-15T00:39:56,139][INFO ][o.o.p.PluginsService     ] [96dc459f49b7] loaded plugin [opensearch-sql]
    [2026-01-15T00:39:56,139][INFO ][o.o.p.PluginsService     ] [96dc459f49b7] loaded plugin [opensearch-system-templates]
    [2026-01-15T00:39:56,139][INFO ][o.o.p.PluginsService     ] [96dc459f49b7] loaded plugin [query-insights]
    [2026-01-15T00:39:56,152][DEPRECATION][o.o.d.c.s.Settings       ] [96dc459f49b7] [node.max_local_storage_nodes] setting was deprecated in OpenSearch and will be removed in a future release! See the breaking changes documentation for the next major version.
    [2026-01-15T00:39:56,157][WARN ][stderr                   ] [96dc459f49b7] WARNING: A restricted method in java.lang.foreign.Linker has been called
    [2026-01-15T00:39:56,157][WARN ][stderr                   ] [96dc459f49b7] WARNING: java.lang.foreign.Linker::downcallHandle has been called by the unnamed module
    [2026-01-15T00:39:56,157][WARN ][stderr                   ] [96dc459f49b7] WARNING: Use --enable-native-access=ALL-UNNAMED to avoid a warning for this module
    [2026-01-15T00:39:56,187][INFO ][o.o.e.NodeEnvironment    ] [96dc459f49b7] using [1] data paths, mounts [[/ (overlay)]], net usable_space [375.7gb], net total_space [452.1gb], types [overlay]
    [2026-01-15T00:39:56,187][INFO ][o.o.e.NodeEnvironment    ] [96dc459f49b7] heap size [1gb], compressed ordinary object pointers [true]
    [2026-01-15T00:39:56,199][INFO ][o.o.n.Node               ] [96dc459f49b7] node name [96dc459f49b7], node ID [6_PTWxjNRKmLIgnBwfGFxQ], cluster name [docker-cluster], roles [ingest, remote_cluster_client, data, cluster_manager]
    [2026-01-15T00:39:56,227][INFO ][o.o.e.ExtensionsManager  ] [96dc459f49b7] ExtensionsManager initialized
    [2026-01-15T00:39:56,936][DEPRECATION][o.o.d.c.s.Settings       ] [96dc459f49b7] [plugins.security.ssl.transport.enforce_hostname_verification] setting was deprecated in OpenSearch and will be removed in a future release! See the breaking changes documentation for the next major version.
    [2026-01-15T00:39:57,492][WARN ][stderr                   ] [96dc459f49b7] SLF4J: Failed to load class "org.slf4j.impl.StaticLoggerBinder".
    [2026-01-15T00:39:57,492][WARN ][stderr                   ] [96dc459f49b7] SLF4J: Defaulting to no-operation (NOP) logger implementation
    [2026-01-15T00:39:57,492][WARN ][stderr                   ] [96dc459f49b7] SLF4J: See http://www.slf4j.org/codes.html#StaticLoggerBinder for further details.
    [2026-01-15T00:39:57,502][INFO ][o.o.l.b.LTRCircuitBreakerService] [96dc459f49b7] Registered memory breaker.
    [2026-01-15T00:39:57,583][INFO ][o.o.t.b.CircuitBreakerService] [96dc459f49b7] Registered memory breaker.
    [2026-01-15T00:39:57,713][INFO ][o.o.r.m.c.i.SdkClientFactory] [96dc459f49b7] Using local opensearch cluster as metadata store.
    [2026-01-15T00:39:57,879][INFO ][o.o.r.m.c.i.SdkClientFactory] [96dc459f49b7] Using local opensearch cluster as metadata store.
    [2026-01-15T00:39:57,889][INFO ][o.o.m.b.MLCircuitBreakerService] [96dc459f49b7] Registered ML memory breaker.
    [2026-01-15T00:39:57,889][INFO ][o.o.m.b.MLCircuitBreakerService] [96dc459f49b7] Registered ML disk breaker.
    [2026-01-15T00:39:57,889][INFO ][o.o.m.b.MLCircuitBreakerService] [96dc459f49b7] Registered ML native memory breaker.
    [2026-01-15T00:39:57,939][INFO ][o.r.Reflections          ] [96dc459f49b7] Reflections took 26 ms to scan 1 urls, producing 31 keys and 81 values 
    [2026-01-15T00:39:57,950][INFO ][o.r.Reflections          ] [96dc459f49b7] Reflections took 1 ms to scan 1 urls, producing 3 keys and 5 values 
    [2026-01-15T00:39:58,044][WARN ][o.o.s.p.SQLPlugin        ] [96dc459f49b7] Master key is a required config for using create and update datasource APIs. Please set plugins.query.datasources.encryption.masterkey config in opensearch.yml in all the cluster nodes. More details can be found here: https://github.com/opensearch-project/sql/blob/main/docs/user/ppl/admin/datasources.rst#master-key-config-for-encrypting-credential-information
    [2026-01-15T00:39:58,185][INFO ][o.o.p.i.c.s.QueryInsightsService] [96dc459f49b7] Setting query insights index template priority to [1847]
    [2026-01-15T00:39:58,519][INFO ][o.o.t.NettyAllocator     ] [96dc459f49b7] creating NettyAllocator with the following configs: [name=unpooled, suggested_max_allocation_size=256kb, factors={opensearch.unsafe.use_unpooled_allocator=null, g1gc_enabled=true, g1gc_region_size=1mb, heap_size=1gb}]
    [2026-01-15T00:39:58,573][INFO ][o.o.d.DiscoveryModule    ] [96dc459f49b7] using discovery type [single-node] and seed hosts providers [settings]
    [2026-01-15T00:39:58,818][WARN ][o.o.g.DanglingIndicesState] [96dc459f49b7] gateway.auto_import_dangling_indices is disabled, dangling indices will not be automatically detected or imported and must be managed manually
    [2026-01-15T00:39:59,099][INFO ][o.o.p.h.c.PerformanceAnalyzerConfigAction] [96dc459f49b7] PerformanceAnalyzer Enabled: false
    [2026-01-15T00:39:59,122][INFO ][o.o.n.Node               ] [96dc459f49b7] initialized
    [2026-01-15T00:39:59,122][INFO ][o.o.n.Node               ] [96dc459f49b7] starting ...
    [2026-01-15T00:39:59,145][INFO ][o.o.s.l.BuiltinLogTypeLoader] [96dc459f49b7] Loaded [windows_logtype.json] log type
    [2026-01-15T00:39:59,145][INFO ][o.o.s.l.BuiltinLogTypeLoader] [96dc459f49b7] Loaded [waf_logtype.json] log type
    [2026-01-15T00:39:59,145][INFO ][o.o.s.l.BuiltinLogTypeLoader] [96dc459f49b7] Loaded [vpcflow_logtype.json] log type
    [2026-01-15T00:39:59,145][INFO ][o.o.s.l.BuiltinLogTypeLoader] [96dc459f49b7] Loaded [test_windows_logtype.json] log type
    [2026-01-15T00:39:59,145][INFO ][o.o.s.l.BuiltinLogTypeLoader] [96dc459f49b7] Loaded [s3_logtype.json] log type
    [2026-01-15T00:39:59,145][INFO ][o.o.s.l.BuiltinLogTypeLoader] [96dc459f49b7] Loaded [others_web_logtype.json] log type
    [2026-01-15T00:39:59,146][INFO ][o.o.s.l.BuiltinLogTypeLoader] [96dc459f49b7] Loaded [others_proxy_logtype.json] log type
    [2026-01-15T00:39:59,146][INFO ][o.o.s.l.BuiltinLogTypeLoader] [96dc459f49b7] Loaded [others_macos_logtype.json] log type
    [2026-01-15T00:39:59,146][INFO ][o.o.s.l.BuiltinLogTypeLoader] [96dc459f49b7] Loaded [others_compliance_logtype.json] log type
    [2026-01-15T00:39:59,146][INFO ][o.o.s.l.BuiltinLogTypeLoader] [96dc459f49b7] Loaded [others_cloud_logtype.json] log type
    [2026-01-15T00:39:59,146][INFO ][o.o.s.l.BuiltinLogTypeLoader] [96dc459f49b7] Loaded [others_apt_logtype.json] log type
    [2026-01-15T00:39:59,146][INFO ][o.o.s.l.BuiltinLogTypeLoader] [96dc459f49b7] Loaded [others_application_logtype.json] log type
    [2026-01-15T00:39:59,146][INFO ][o.o.s.l.BuiltinLogTypeLoader] [96dc459f49b7] Loaded [okta_logtype.json] log type
    [2026-01-15T00:39:59,146][INFO ][o.o.s.l.BuiltinLogTypeLoader] [96dc459f49b7] Loaded [network_logtype.json] log type
    [2026-01-15T00:39:59,146][INFO ][o.o.s.l.BuiltinLogTypeLoader] [96dc459f49b7] Loaded [netflow_logtype.json] log type
    [2026-01-15T00:39:59,147][INFO ][o.o.s.l.BuiltinLogTypeLoader] [96dc459f49b7] Loaded [m365_logtype.json] log type
    [2026-01-15T00:39:59,147][INFO ][o.o.s.l.BuiltinLogTypeLoader] [96dc459f49b7] Loaded [linux_logtype.json] log type
    [2026-01-15T00:39:59,147][INFO ][o.o.s.l.BuiltinLogTypeLoader] [96dc459f49b7] Loaded [gworkspace_logtype.json] log type
    [2026-01-15T00:39:59,147][INFO ][o.o.s.l.BuiltinLogTypeLoader] [96dc459f49b7] Loaded [github_logtype.json] log type
    [2026-01-15T00:39:59,147][INFO ][o.o.s.l.BuiltinLogTypeLoader] [96dc459f49b7] Loaded [dns_logtype.json] log type
    [2026-01-15T00:39:59,147][INFO ][o.o.s.l.BuiltinLogTypeLoader] [96dc459f49b7] Loaded [cloudtrail_logtype.json] log type
    [2026-01-15T00:39:59,147][INFO ][o.o.s.l.BuiltinLogTypeLoader] [96dc459f49b7] Loaded [azure_logtype.json] log type
    [2026-01-15T00:39:59,148][INFO ][o.o.s.l.BuiltinLogTypeLoader] [96dc459f49b7] Loaded [apache_access_logtype.json] log type
    [2026-01-15T00:39:59,148][INFO ][o.o.s.l.BuiltinLogTypeLoader] [96dc459f49b7] Loaded [ad_ldap_logtype.json] log type
    [2026-01-15T00:39:59,214][INFO ][o.o.t.TransportService   ] [96dc459f49b7] publish_address {172.17.0.5:9300}, bound_addresses {[::]:9300}
    [2026-01-15T00:39:59,215][INFO ][o.o.t.TransportService   ] [96dc459f49b7] Remote clusters initialized successfully.
    [2026-01-15T00:39:59,301][INFO ][o.o.c.c.Coordinator      ] [96dc459f49b7] setting initial configuration to VotingConfiguration{6_PTWxjNRKmLIgnBwfGFxQ}
    [2026-01-15T00:39:59,368][INFO ][o.o.c.s.ClusterManagerService] [96dc459f49b7] Tasks batched with key: org.opensearch.cluster.coordination.JoinHelper, count:3 and sample tasks: elected-as-cluster-manager ([1] nodes joined)[{96dc459f49b7}{6_PTWxjNRKmLIgnBwfGFxQ}{Dc1FlDcLQbOr4OzCAkNH7A}{172.17.0.5}{172.17.0.5:9300}{dimr}{shard_indexing_pressure_enabled=true} elect leader, _BECOME_CLUSTER_MANAGER_TASK_, _FINISH_ELECTION_], term: 1, version: 1, delta: cluster-manager node changed {previous [], current [{96dc459f49b7}{6_PTWxjNRKmLIgnBwfGFxQ}{Dc1FlDcLQbOr4OzCAkNH7A}{172.17.0.5}{172.17.0.5:9300}{dimr}{shard_indexing_pressure_enabled=true}]}
    [2026-01-15T00:39:59,383][INFO ][o.o.c.c.CoordinationState] [96dc459f49b7] cluster UUID set to [CbVFF6lhThGm9qIWENJNBw]
    [2026-01-15T00:39:59,393][INFO ][o.o.c.s.ClusterApplierService] [96dc459f49b7] cluster-manager node changed {previous [], current [{96dc459f49b7}{6_PTWxjNRKmLIgnBwfGFxQ}{Dc1FlDcLQbOr4OzCAkNH7A}{172.17.0.5}{172.17.0.5:9300}{dimr}{shard_indexing_pressure_enabled=true}]}, term: 1, version: 1, reason: Publication{term=1, version=1}
    [2026-01-15T00:39:59,396][INFO ][o.o.t.i.IndexManagement  ] [96dc459f49b7] Candidate custom result indices are empty.
    [2026-01-15T00:39:59,397][INFO ][o.o.t.i.IndexManagement  ] [96dc459f49b7] Candidate custom result indices are empty.
    [2026-01-15T00:39:59,397][INFO ][o.o.t.c.ClusterEventListener] [96dc459f49b7] Cluster is not recovered yet.
    [2026-01-15T00:39:59,414][INFO ][o.o.i.i.ManagedIndexCoordinator] [96dc459f49b7] Cache cluster manager node onClusterManager time: 1768437599414
    [2026-01-15T00:39:59,417][WARN ][o.o.p.c.s.h.ConfigOverridesClusterSettingHandler] [96dc459f49b7] Config override setting update called with empty string. Ignoring.
    [2026-01-15T00:39:59,420][INFO ][o.o.d.PeerFinder         ] [96dc459f49b7] setting findPeersInterval to [1s] as node commission status = [true] for local node [{96dc459f49b7}{6_PTWxjNRKmLIgnBwfGFxQ}{Dc1FlDcLQbOr4OzCAkNH7A}{172.17.0.5}{172.17.0.5:9300}{dimr}{shard_indexing_pressure_enabled=true}]
    [2026-01-15T00:39:59,421][WARN ][o.o.c.r.a.AllocationService] [96dc459f49b7] Falling back to single shard assignment since batch mode disable or multiple custom allocators set
    [2026-01-15T00:39:59,423][INFO ][o.o.h.AbstractHttpServerTransport] [96dc459f49b7] publish_address {172.17.0.5:9200}, bound_addresses {[::]:9200}
    [2026-01-15T00:39:59,423][INFO ][o.o.n.Node               ] [96dc459f49b7] started
    [2026-01-15T00:39:59,424][INFO ][o.o.s.OpenSearchSecurityPlugin] [96dc459f49b7] 0 OpenSearch Security modules loaded so far: []
    [2026-01-15T00:39:59,424][WARN ][o.o.c.r.a.AllocationService] [96dc459f49b7] Falling back to single shard assignment since batch mode disable or multiple custom allocators set
    [2026-01-15T00:39:59,438][INFO ][o.o.t.c.HashRing         ] [96dc459f49b7] Node added: [6_PTWxjNRKmLIgnBwfGFxQ]
    [2026-01-15T00:39:59,441][INFO ][o.o.t.c.HashRing         ] [96dc459f49b7] Add data node to version hash ring: 6_PTWxjNRKmLIgnBwfGFxQ
    [2026-01-15T00:39:59,441][INFO ][o.o.t.c.HashRing         ] [96dc459f49b7] All nodes with known version: {6_PTWxjNRKmLIgnBwfGFxQ=ADNodeInfo{version=3.0.0, isEligibleDataNode=true}}
    [2026-01-15T00:39:59,441][INFO ][o.o.t.c.HashRing         ] [96dc459f49b7] Rebuild hash ring for realtime with cooldown, nodeChangeEvents size 0
    [2026-01-15T00:39:59,441][INFO ][o.o.t.c.HashRing         ] [96dc459f49b7] Build version hash ring successfully
    [2026-01-15T00:39:59,442][INFO ][o.o.t.c.ADDataMigrator   ] [96dc459f49b7] Start migrating AD data
    [2026-01-15T00:39:59,442][INFO ][o.o.t.c.ADDataMigrator   ] [96dc459f49b7] AD job index doesn't exist, no need to migrate
    [2026-01-15T00:39:59,442][INFO ][o.o.t.c.ClusterEventListener] [96dc459f49b7] Init version hash ring successfully
    [2026-01-15T00:39:59,450][INFO ][o.o.c.s.ClusterManagerTaskThrottler] [96dc459f49b7] Starting cluster manager throttling as all nodes are higher than or equal to 2.5.0
    [2026-01-15T00:39:59,450][INFO ][o.o.g.GatewayService     ] [96dc459f49b7] recovered [0] indices into cluster_state
    [2026-01-15T00:39:59,462][INFO ][o.o.p.PluginsService     ] [96dc459f49b7] PluginService:onIndexModule index:[.opensearch-sap-log-types-config/8akvXkPxTz6NV0W8_VVVGQ]
    [2026-01-15T00:39:59,520][INFO ][o.o.c.m.MetadataCreateIndexService] [96dc459f49b7] [.opensearch-sap-log-types-config] creating index, cause [auto(sap-logtype api)], templates [], shards [1]/[1]
    [2026-01-15T00:39:59,524][INFO ][o.o.c.r.a.AllocationService] [96dc459f49b7] updating number_of_replicas to [0] for indices [.opensearch-sap-log-types-config]
    [2026-01-15T00:39:59,524][WARN ][o.o.c.r.a.AllocationService] [96dc459f49b7] Falling back to single shard assignment since batch mode disable or multiple custom allocators set
    [2026-01-15T00:39:59,543][INFO ][o.o.p.PluginsService     ] [96dc459f49b7] PluginService:onIndexModule index:[.opensearch-sap-log-types-config/8akvXkPxTz6NV0W8_VVVGQ]
    [2026-01-15T00:39:59,614][INFO ][o.o.c.r.a.AllocationService] [96dc459f49b7] Cluster health status changed from [YELLOW] to [GREEN] (reason: [shards started [[.opensearch-sap-log-types-config][0]]]).
    [2026-01-15T00:39:59,626][INFO ][o.o.s.l.LogTypeService   ] [96dc459f49b7] Loading builtin types!
    [2026-01-15T00:39:59,628][INFO ][o.o.s.l.LogTypeService   ] [96dc459f49b7] Indexing [432] fieldMappingDocs from logTypes: 24
    [2026-01-15T00:39:59,642][WARN ][o.o.c.r.a.AllocationService] [96dc459f49b7] Falling back to single shard assignment since batch mode disable or multiple custom allocators set
    [2026-01-15T00:39:59,665][INFO ][o.o.s.l.LogTypeService   ] [96dc459f49b7] Indexing [432] fieldMappingDocs
    [2026-01-15T00:39:59,684][INFO ][o.o.p.PluginsService     ] [96dc459f49b7] PluginService:onIndexModule index:[.opensearch-sap-log-types-config/8akvXkPxTz6NV0W8_VVVGQ]
    [2026-01-15T00:39:59,689][INFO ][o.o.c.m.MetadataMappingService] [96dc459f49b7] [.opensearch-sap-log-types-config/8akvXkPxTz6NV0W8_VVVGQ] update_mapping [_doc]
    [2026-01-15T00:39:59,713][INFO ][o.o.p.PluginsService     ] [96dc459f49b7] PluginService:onIndexModule index:[.opensearch-sap-log-types-config/8akvXkPxTz6NV0W8_VVVGQ]
    [2026-01-15T00:39:59,716][INFO ][o.o.c.m.MetadataMappingService] [96dc459f49b7] [.opensearch-sap-log-types-config/8akvXkPxTz6NV0W8_VVVGQ] update_mapping [_doc]
    [2026-01-15T00:39:59,854][INFO ][o.o.s.l.LogTypeService   ] [96dc459f49b7] Loaded [432] field mapping docs successfully!
    [2026-01-15T00:39:59,863][INFO ][o.o.s.l.LogTypeService   ] [96dc459f49b7] Indexing [23] customLogTypes
    [2026-01-15T00:39:59,882][INFO ][o.o.s.l.LogTypeService   ] [96dc459f49b7] Loaded [23] customLogType docs successfully!
    [2026-01-15T00:39:59,883][INFO ][o.o.s.SecurityAnalyticsPlugin] [96dc459f49b7] LogType config index successfully created and builtin log types loaded
    [2026-01-15T00:40:00,426][INFO ][o.o.s.i.DetectorIndexManagementService] [96dc459f49b7] info deleteOldIndices
    [2026-01-15T00:40:00,428][INFO ][o.o.s.i.DetectorIndexManagementService] [96dc459f49b7] No Old Correlation Indices to delete
    [2026-01-15T00:40:00,428][INFO ][o.o.s.i.DetectorIndexManagementService] [96dc459f49b7] info deleteOldIndices
    [2026-01-15T00:40:00,428][INFO ][o.o.s.i.DetectorIndexManagementService] [96dc459f49b7] No Old IOC Findings Indices to delete
    [2026-01-15T00:40:00,428][INFO ][o.o.s.l.LogTypeService   ] [96dc459f49b7] Indexing [23] customLogTypes
    [2026-01-15T00:40:00,434][INFO ][o.o.s.l.LogTypeService   ] [96dc459f49b7] Indexing [23] customLogTypes
    [2026-01-15T00:40:00,466][INFO ][o.o.s.l.LogTypeService   ] [96dc459f49b7] Loaded [23] customLogType docs successfully!
    [2026-01-15T00:40:00,476][INFO ][o.o.s.l.LogTypeService   ] [96dc459f49b7] Loaded [23] customLogType docs successfully!
    [2026-01-15T00:40:00,513][INFO ][o.o.s.i.DetectorIndexManagementService] [96dc459f49b7] info deleteOldIndices
    [2026-01-15T00:40:00,513][INFO ][o.o.s.i.DetectorIndexManagementService] [96dc459f49b7] info deleteOldIndices
    [2026-01-15T00:40:00,514][INFO ][o.o.s.i.DetectorIndexManagementService] [96dc459f49b7] No Old Alert Indices to delete
    [2026-01-15T00:40:00,514][INFO ][o.o.s.i.DetectorIndexManagementService] [96dc459f49b7] No Old Finding Indices to delete
    [2026-01-15T00:40:01,514][INFO ][o.o.p.PluginsService     ] [96dc459f49b7] PluginService:onIndexModule index:[source_reconstruction_test/o-EMmGzPQh-nw101oMdGbg]
    [2026-01-15T00:40:01,524][INFO ][o.o.c.m.MetadataCreateIndexService] [96dc459f49b7] [source_reconstruction_test] creating index, cause [api], templates [], shards [1]/[0]
    [2026-01-15T00:40:01,524][WARN ][o.o.c.r.a.AllocationService] [96dc459f49b7] Falling back to single shard assignment since batch mode disable or multiple custom allocators set
    [2026-01-15T00:40:01,533][INFO ][o.o.p.PluginsService     ] [96dc459f49b7] PluginService:onIndexModule index:[source_reconstruction_test/o-EMmGzPQh-nw101oMdGbg]
    [2026-01-15T00:40:01,554][INFO ][o.o.c.r.a.AllocationService] [96dc459f49b7] Cluster health status changed from [YELLOW] to [GREEN] (reason: [shards started [[source_reconstruction_test][0]]]).
    [2026-01-15T00:40:01,566][WARN ][o.o.c.r.a.AllocationService] [96dc459f49b7] Falling back to single shard assignment since batch mode disable or multiple custom allocators set
    [2026-01-15T00:40:01,623][DEPRECATION][o.o.d.c.m.MetadataCreateIndexService] [96dc459f49b7] index name [.migrations_working_state] starts with a dot '.', in the next major version, index names starting with a dot are reserved for hidden indices and system indices
    [2026-01-15T00:40:01,624][INFO ][o.o.p.PluginsService     ] [96dc459f49b7] PluginService:onIndexModule index:[.migrations_working_state/R58QYoYQQIKNW09evh0ciA]
    [2026-01-15T00:40:01,626][INFO ][o.o.c.m.MetadataCreateIndexService] [96dc459f49b7] [.migrations_working_state] creating index, cause [api], templates [], shards [1]/[1]
    [2026-01-15T00:40:01,626][WARN ][o.o.c.r.a.AllocationService] [96dc459f49b7] Falling back to single shard assignment since batch mode disable or multiple custom allocators set
    [2026-01-15T00:40:01,639][INFO ][o.o.p.PluginsService     ] [96dc459f49b7] PluginService:onIndexModule index:[.migrations_working_state/R58QYoYQQIKNW09evh0ciA]
    [2026-01-15T00:40:01,676][WARN ][o.o.c.r.a.AllocationService] [96dc459f49b7] Falling back to single shard assignment since batch mode disable or multiple custom allocators set
    [2026-01-15T00:40:01,812][INFO ][o.o.p.PluginsService     ] [96dc459f49b7] PluginService:onIndexModule index:[.migrations_working_state/R58QYoYQQIKNW09evh0ciA]
    [2026-01-15T00:40:01,814][INFO ][o.o.c.m.MetadataMappingService] [96dc459f49b7] [.migrations_working_state/R58QYoYQQIKNW09evh0ciA] update_mapping [_doc]
    [2026-01-15T00:40:02,110][WARN ][o.o.a.u.UpdateHelper     ] [96dc459f49b7] Used upsert operation [noop] for script [      if (ctx._source.scriptVersion != "2.0") {        throw new IllegalArgumentException("scriptVersion mismatch.  Not all participants are using the same script: sourceVersion=" + ctx.source.scriptVersion);      }       long serverTimeSeconds = System.currentTimeMillis() / 1000;      if (Math.abs(params.clientTimestamp - serverTimeSeconds) > 3600) {        throw new IllegalArgumentException("The current times indicated between the client and server are too different.");      }      long newExpiration = params.clientTimestamp + (((long)Math.pow(2, ctx._source.nextAcquisitionLeaseExponent)) * params.expirationWindow);      if (params.expirationWindow > 0 && ctx._source.completedAt == null) {          if (ctx._source.leaseHolderId == params.workerId &&             ctx._source.expiration > serverTimeSeconds) {            ctx.op = "update";        } else if (ctx._source.expiration < serverTimeSeconds &&                      ctx._source.expiration < newExpiration) {            ctx._source.expiration = newExpiration;          ctx._source.leaseHolderId = params.workerId;          ctx._source.nextAcquisitionLeaseExponent += 1;        } else {          ctx.op = "noop";        }      } else if (params.expirationWindow != 0) {        ctx.op = "noop";      }], doing nothing...

    2026-01-15 00:40:02,431 INFO o.o.m.b.f.SearchClusterContainer [Test worker] Stopping container version:ELASTICSEARCH 2.4.6
    2026-01-15 00:40:02,447 DEBUG o.o.m.b.f.SearchClusterContainer [Test worker] Instance logs:
    [2026-01-15 00:39:46,604][WARN ][bootstrap                ] unable to install syscall filter: seccomp unavailable: CONFIG_SECCOMP not compiled into kernel, CONFIG_SECCOMP and CONFIG_SECCOMP_FILTER are needed
    [2026-01-15 00:39:46,727][INFO ][node                     ] [Temugin] version[2.4.6], pid[1], build[5376dca/2017-07-18T12:17:44Z]
    [2026-01-15 00:39:46,727][INFO ][node                     ] [Temugin] initializing ...
    [2026-01-15 00:39:47,030][INFO ][plugins                  ] [Temugin] modules [reindex, lang-expression, lang-groovy], plugins [], sites []
    [2026-01-15 00:39:47,102][INFO ][env                      ] [Temugin] using [1] data paths, mounts [[/usr/share/elasticsearch/data (/dev/vda1)]], net usable_space [375.7gb], net total_space [452.1gb], spins? [possibly], types [ext4]
    [2026-01-15 00:39:47,103][INFO ][env                      ] [Temugin] heap size [1.9gb], compressed ordinary object pointers [true]
    [2026-01-15 00:39:48,383][INFO ][node                     ] [Temugin] initialized
    [2026-01-15 00:39:48,384][INFO ][node                     ] [Temugin] starting ...
    [2026-01-15 00:39:48,511][INFO ][transport                ] [Temugin] publish_address {172.17.0.4:9300}, bound_addresses {[::]:9300}
    [2026-01-15 00:39:48,519][INFO ][discovery                ] [Temugin] elasticsearch/tkHb1i3TRi2qyBj4uHbm7Q
    [2026-01-15 00:39:51,660][INFO ][cluster.service          ] [Temugin] new_master {Temugin}{tkHb1i3TRi2qyBj4uHbm7Q}{172.17.0.4}{172.17.0.4:9300}, reason: zen-disco-join(elected_as_master, [0] joins received)
    [2026-01-15 00:39:51,726][INFO ][http                     ] [Temugin] publish_address {172.17.0.4:9200}, bound_addresses {[::]:9200}
    [2026-01-15 00:39:51,728][INFO ][node                     ] [Temugin] started
    [2026-01-15 00:39:51,747][INFO ][gateway                  ] [Temugin] recovered [0] indices into cluster_state
    [2026-01-15 00:39:59,953][INFO ][cluster.metadata         ] [Temugin] [source_reconstruction_test] creating index, cause [api], templates [], shards [1]/[0], mappings [doc]
    [2026-01-15 00:40:00,082][INFO ][cluster.routing.allocation] [Temugin] Cluster health status changed from [RED] to [GREEN] (reason: [shards started [[source_reconstruction_test][0]] ...]).
    [2026-01-15 00:40:00,286][INFO ][repositories             ] [Temugin] put repository [null]
    [2026-01-15 00:40:00,357][INFO ][snapshots                ] [Temugin] snapshot [null:snap] is done


NoStoredSourceMigrationTest > testSourceReconstruction(ContainerVersion, ContainerVersion) > Container(ELASTICSEARCH 5.6.16) -> Container(OPENSEARCH 3.0.0) STANDARD_OUT
    2026-01-15 00:40:02,698 INFO o.o.m.b.f.SearchClusterContainer [Test worker] Starting container version:ELASTICSEARCH 5.6.16
    2026-01-15 00:40:02,699 INFO t.d.e.c.6.16 [Test worker] Creating container for image: docker.elastic.co/elasticsearch/elasticsearch:5.6.16
    2026-01-15 00:40:02,810 INFO o.t.u.RegistryAuthLocator [Test worker] Credential helper/store (docker-credential-desktop) does not have credentials for docker.elastic.co
    2026-01-15 00:40:02,835 INFO t.d.e.c.6.16 [Test worker] Container docker.elastic.co/elasticsearch/elasticsearch:5.6.16 is starting: a81be221eb29e3d1b4a82b636a9fe0d1f8700d515eb37552406254838ccb418f
    2026-01-15 00:40:02,933 WARN t.d.e.c.6.16 [Test worker] The architecture 'amd64' for image 'docker.elastic.co/elasticsearch/elasticsearch:5.6.16' (ID sha256:9ffbb6d9d0f383d70b8249117e5758dcf9c628a5ab3a78fd6a520ef1d0f416a2) does not match the Docker server architecture 'arm64'. This will cause the container to execute much more slowly due to emulation and may lead to timeout failures.
    2026-01-15 00:40:02,933 INFO o.t.c.w.s.HttpWaitStrategy [Test worker] /reverent_chatelet: Waiting for 60 seconds for URL: http://localhost:49183/ (where port 49183 maps to container port 9200)
    2026-01-15 00:40:09,316 INFO t.d.e.c.6.16 [Test worker] Container docker.elastic.co/elasticsearch/elasticsearch:5.6.16 started in PT6.617289S
    2026-01-15 00:40:09,317 INFO o.o.m.b.f.SearchClusterContainer [Test worker] Starting container version:OPENSEARCH 3.0.0
    2026-01-15 00:40:09,318 INFO t.o.0.0 [Test worker] Creating container for image: opensearchproject/opensearch:3.0.0
    2026-01-15 00:40:09,341 INFO t.o.0.0 [Test worker] Container opensearchproject/opensearch:3.0.0 is starting: 84e5e253d7053be6379592cca5599a8fe598cdbbb4fc170baee7c28825282bd1
    2026-01-15 00:40:09,454 INFO o.t.c.w.s.HttpWaitStrategy [Test worker] /jovial_beaver: Waiting for 60 seconds for URL: http://localhost:49218/ (where port 49218 maps to container port 9200)
    2026-01-15 00:40:16,407 INFO t.o.0.0 [Test worker] Container opensearchproject/opensearch:3.0.0 started in PT7.089291S
    2026-01-15 00:40:16,411 INFO o.o.m.b.NoStoredSourceMigrationTest [Test worker] Source version: Container(ELASTICSEARCH 5.6.16), Target version: Container(OPENSEARCH 3.0.0)
    2026-01-15 00:40:16,412 INFO o.o.m.b.NoStoredSourceMigrationTest [Test worker] Index body: {"settings":{"number_of_shards":1,"number_of_replicas":0},"mappings":{"doc":{"_source":{"enabled":false},"properties":{"keyword_dv_store": {"type": "keyword", "store": true},
    "keyword_dv_nostore": {"type": "keyword"},
    "keyword_nodv_store": {"type": "keyword", "doc_values": false, "store": true},
    "keyword_nodv_nostore": {"type": "keyword", "doc_values": false},
    "boolean_dv_store": {"type": "boolean", "store": true},
    "boolean_dv_nostore": {"type": "boolean"},
    "boolean_nodv_store": {"type": "boolean", "doc_values": false, "store": true},
    "boolean_nodv_nostore": {"type": "boolean", "doc_values": false},
    "binary_nodv_store": {"type": "binary", "store": true},
    "binary_nodv_nostore": {"type": "binary"},
    "integer_dv_store": {"type": "integer", "store": true},
    "integer_dv_nostore": {"type": "integer"},
    "integer_nodv_store": {"type": "integer", "doc_values": false, "store": true},
    "integer_nodv_nostore": {"type": "integer", "doc_values": false},
    "long_dv_store": {"type": "long", "store": true},
    "long_dv_nostore": {"type": "long"},
    "long_nodv_store": {"type": "long", "doc_values": false, "store": true},
    "long_nodv_nostore": {"type": "long", "doc_values": false},
    "float_dv_store": {"type": "float", "store": true},
    "float_dv_nostore": {"type": "float"},
    "float_nodv_store": {"type": "float", "doc_values": false, "store": true},
    "float_nodv_nostore": {"type": "float", "doc_values": false},
    "double_dv_store": {"type": "double", "store": true},
    "double_dv_nostore": {"type": "double"},
    "double_nodv_store": {"type": "double", "doc_values": false, "store": true},
    "double_nodv_nostore": {"type": "double", "doc_values": false},
    "ip_dv_store": {"type": "ip", "store": true},
    "ip_dv_nostore": {"type": "ip"},
    "ip_nodv_store": {"type": "ip", "doc_values": false, "store": true},
    "ip_nodv_nostore": {"type": "ip", "doc_values": false},
    "ipv6_dv_store": {"type": "ip", "store": true},
    "ipv6_dv_nostore": {"type": "ip"},
    "ipv6_nodv_store": {"type": "ip", "doc_values": false, "store": true},
    "ipv6_nodv_nostore": {"type": "ip", "doc_values": false},
    "date_dv_store": {"type": "date", "store": true},
    "date_dv_nostore": {"type": "date"},
    "date_nodv_store": {"type": "date", "doc_values": false, "store": true},
    "date_nodv_nostore": {"type": "date", "doc_values": false},
    "scaled_float_dv_store": {"type": "scaled_float", "scaling_factor": 100, "store": true},
    "scaled_float_dv_nostore": {"type": "scaled_float", "scaling_factor": 100},
    "scaled_float_nodv_store": {"type": "scaled_float", "scaling_factor": 100, "doc_values": false, "store": true},
    "scaled_float_nodv_nostore": {"type": "scaled_float", "scaling_factor": 100, "doc_values": false},
    "geo_point_dv_store": {"type": "geo_point", "store": true},
    "geo_point_dv_nostore": {"type": "geo_point"},
    "geo_point_nodv_store": {"type": "geo_point", "doc_values": false, "store": true},
    "geo_point_nodv_nostore": {"type": "geo_point", "doc_values": false}}}}}
    2026-01-15 00:40:16,412 INFO o.o.m.b.NoStoredSourceMigrationTest [Test worker] Document: {"keyword_dv_store": "test_kw",
    "keyword_dv_nostore": "test_kw",
    "keyword_nodv_store": "test_kw",
    "keyword_nodv_nostore": "test_kw",
    "boolean_dv_store": true,
    "boolean_dv_nostore": true,
    "boolean_nodv_store": true,
    "boolean_nodv_nostore": true,
    "binary_nodv_store": "dGVzdA==",
    "binary_nodv_nostore": "dGVzdA==",
    "integer_dv_store": 42,
    "integer_dv_nostore": 42,
    "integer_nodv_store": 42,
    "integer_nodv_nostore": 42,
    "long_dv_store": 9999,
    "long_dv_nostore": 9999,
    "long_nodv_store": 9999,
    "long_nodv_nostore": 9999,
    "float_dv_store": 3.14,
    "float_dv_nostore": 3.14,
    "float_nodv_store": 3.14,
    "float_nodv_nostore": 3.14,
    "double_dv_store": 2.71828,
    "double_dv_nostore": 2.71828,
    "double_nodv_store": 2.71828,
    "double_nodv_nostore": 2.71828,
    "ip_dv_store": "192.168.1.1",
    "ip_dv_nostore": "192.168.1.1",
    "ip_nodv_store": "192.168.1.1",
    "ip_nodv_nostore": "192.168.1.1",
    "ipv6_dv_store": "2001:db8:85a3::8a2e:370:7334",
    "ipv6_dv_nostore": "2001:db8:85a3::8a2e:370:7334",
    "ipv6_nodv_store": "2001:db8:85a3::8a2e:370:7334",
    "ipv6_nodv_nostore": "2001:db8:85a3::8a2e:370:7334",
    "date_dv_store": "2024-01-15T10:30:00.000Z",
    "date_dv_nostore": "2024-01-15T10:30:00.000Z",
    "date_nodv_store": "2024-01-15T10:30:00.000Z",
    "date_nodv_nostore": "2024-01-15T10:30:00.000Z",
    "scaled_float_dv_store": 123.45,
    "scaled_float_dv_nostore": 123.45,
    "scaled_float_nodv_store": 123.45,
    "scaled_float_nodv_nostore": 123.45,
    "geo_point_dv_store": {"lat":40.7128,"lon":-74.006},
    "geo_point_dv_nostore": {"lat":40.7128,"lon":-74.006},
    "geo_point_nodv_store": {"lat":40.7128,"lon":-74.006},
    "geo_point_nodv_nostore": {"lat":40.7128,"lon":-74.006}}
    2026-01-15 00:40:16,696 INFO o.o.m.b.h.ClusterOperations [Test worker] PUT /source_reconstruction_test
    {"settings":{"number_of_shards":1,"number_of_replicas":0},"mappings":{"doc":{"_source":{"enabled":false},"properties":{"keyword_dv_store": {"type": "keyword", "store": true},
    "keyword_dv_nostore": {"type": "keyword"},
    "keyword_nodv_store": {"type": "keyword", "doc_values": false, "store": true},
    "keyword_nodv_nostore": {"type": "keyword", "doc_values": false},
    "boolean_dv_store": {"type": "boolean", "store": true},
    "boolean_dv_nostore": {"type": "boolean"},
    "boolean_nodv_store": {"type": "boolean", "doc_values": false, "store": true},
    "boolean_nodv_nostore": {"type": "boolean", "doc_values": false},
    "binary_nodv_store": {"type": "binary", "store": true},
    "binary_nodv_nostore": {"type": "binary"},
    "integer_dv_store": {"type": "integer", "store": true},
    "integer_dv_nostore": {"type": "integer"},
    "integer_nodv_store": {"type": "integer", "doc_values": false, "store": true},
    "integer_nodv_nostore": {"type": "integer", "doc_values": false},
    "long_dv_store": {"type": "long", "store": true},
    ...
    Response: 200
    {"acknowledged":true,"shards_acknowledged":true,"index":"source_reconstruction_test"}
    2026-01-15 00:40:16,837 INFO o.o.m.b.h.ClusterOperations [Test worker] PUT /source_reconstruction_test/doc/1
    {"keyword_dv_store": "test_kw",
    "keyword_dv_nostore": "test_kw",
    "keyword_nodv_store": "test_kw",
    "keyword_nodv_nostore": "test_kw",
    "boolean_dv_store": true,
    "boolean_dv_nostore": true,
    "boolean_nodv_store": true,
    "boolean_nodv_nostore": true,
    "binary_nodv_store": "dGVzdA==",
    "binary_nodv_nostore": "dGVzdA==",
    "integer_dv_store": 42,
    "integer_dv_nostore": 42,
    "integer_nodv_store": 42,
    "integer_nodv_nostore": 42,
    "long_dv_store": 9999,
    "long_dv_nostore": 9999,
    "long_nodv_store": 9999,
    "long_nodv_nostore": 9999,
    "float_dv_store": 3.14,
    "float_dv_nostore": 3.14,
    "float_nodv_store": 3.14,
    "float_nodv_nostore": 3.14,
    "double_dv_store": 2.71828,
    "double_dv_nostore": 2.71828,
    "double_nodv_store": 2.71828,
    "double_nodv_nostore": 2.71828,
    "ip_dv_store": "192.168.1.1",
    "ip_dv_nostore": "192.168.1.1",
    "ip_nodv_store": "192.168.1.1",
    "ip_nodv_nostore": "192.168.1.1",
    "ipv6_dv_store": "2001:db8:85a3::8a2e:370:7334",
    "ipv6_dv_nostore": "2001:db8:85a3::8a2e:370:7334",
    "ipv6_nodv_store": "2001:db8:85...
    Response: 201
    {"_index":"source_reconstruction_test","_type":"doc","_id":"1","_version":1,"result":"created","_shards":{"total":1,"successful":1,"failed":0},"created":true}
    2026-01-15 00:40:16,933 INFO o.o.m.b.h.ClusterOperations [Test worker] POST /_refresh

    Response: 200
    {"_shards":{"total":1,"successful":1,"failed":0}}
    2026-01-15 00:40:16,958 INFO o.o.m.b.w.SnapshotRunner [Test worker] Attempting to initiate the snapshot...
    2026-01-15 00:40:16,958 INFO o.o.m.b.c.OpenSearchClient [Test worker] Starting registerSnapshotRepo for repoName=null
    2026-01-15 00:40:17,015 INFO o.o.m.b.c.OpenSearchClient [Test worker] Completed registerSnapshotRepo for repoName=null in 57 ms with statusCode=200
    2026-01-15 00:40:17,015 INFO o.o.m.b.c.SnapshotCreator [Test worker] Snapshot repo registration successful
    2026-01-15 00:40:17,015 INFO o.o.m.b.c.OpenSearchClient [Test worker] Starting createSnapshot for repoName=null, snapshotName=snap
    2026-01-15 00:40:17,073 INFO o.o.m.b.c.OpenSearchClient [Test worker] Completed createSnapshot for repoName=null, snapshotName=snap in 58 ms with statusCode=200
    2026-01-15 00:40:17,073 INFO o.o.m.b.c.SnapshotCreator [Test worker] Snapshot snap creation initiated
    2026-01-15 00:40:17,073 INFO o.o.m.b.w.SnapshotRunner [Test worker] Snapshot in progress...
    2026-01-15 00:40:17,073 INFO o.o.m.b.c.OpenSearchClient [Test worker] Starting getSnapshotStatus for repoName=null, snapshotName=snap
    2026-01-15 00:40:17,108 INFO o.o.m.b.c.OpenSearchClient [Test worker] Completed getSnapshotStatus for repoName=null, snapshotName=snap in 35 ms with statusCode=200
    2026-01-15 00:40:17,108 INFO o.o.m.b.w.SnapshotRunner [Test worker] Snapshot not finished yet; sleeping for 1000ms...
    2026-01-15 00:40:18,113 INFO o.o.m.b.c.OpenSearchClient [Test worker] Starting getSnapshotStatus for repoName=null, snapshotName=snap
    2026-01-15 00:40:18,144 INFO o.o.m.b.c.OpenSearchClient [Test worker] Completed getSnapshotStatus for repoName=null, snapshotName=snap in 31 ms with statusCode=200
    2026-01-15 00:40:18,238 DEBUG o.o.m.b.f.SearchClusterContainer [Test worker] Process Exit Code: 0
    2026-01-15 00:40:18,238 DEBUG o.o.m.b.f.SearchClusterContainer [Test worker] Standard Output: /tmp/snapshots/indices/AJfjvfr5QzCJbuQG4LnZ3A/0/__0
    /tmp/snapshots/indices/AJfjvfr5QzCJbuQG4LnZ3A/0/__1
    /tmp/snapshots/indices/AJfjvfr5QzCJbuQG4LnZ3A/0/__3
    /tmp/snapshots/indices/AJfjvfr5QzCJbuQG4LnZ3A/0/__2
    /tmp/snapshots/indices/AJfjvfr5QzCJbuQG4LnZ3A/0/snap-sowbpN4rQ8GcwJ59gNWifg.dat
    /tmp/snapshots/indices/AJfjvfr5QzCJbuQG4LnZ3A/0/index-0
    /tmp/snapshots/indices/AJfjvfr5QzCJbuQG4LnZ3A/meta-sowbpN4rQ8GcwJ59gNWifg.dat
    /tmp/snapshots/meta-sowbpN4rQ8GcwJ59gNWifg.dat
    /tmp/snapshots/incompatible-snapshots
    /tmp/snapshots/index.latest
    /tmp/snapshots/snap-sowbpN4rQ8GcwJ59gNWifg.dat
    /tmp/snapshots/index-0

    2026-01-15 00:40:18,238 DEBUG o.o.m.b.f.SearchClusterContainer [Test worker] Standard Error : 
    2026-01-15 00:40:18,240 INFO o.o.m.b.f.SearchClusterContainer [Test worker] Copying file /tmp/snapshots/indices/AJfjvfr5QzCJbuQG4LnZ3A/0/__0 from container onto /var/folders/d9/7fcs2fv55k59ps6tpm5gdv900000gq/T/junit-10945917989059761784/indices/AJfjvfr5QzCJbuQG4LnZ3A/0/__0
    2026-01-15 00:40:18,245 INFO o.o.m.b.f.SearchClusterContainer [Test worker] Copying file /tmp/snapshots/indices/AJfjvfr5QzCJbuQG4LnZ3A/0/__1 from container onto /var/folders/d9/7fcs2fv55k59ps6tpm5gdv900000gq/T/junit-10945917989059761784/indices/AJfjvfr5QzCJbuQG4LnZ3A/0/__1
    2026-01-15 00:40:18,250 INFO o.o.m.b.f.SearchClusterContainer [Test worker] Copying file /tmp/snapshots/indices/AJfjvfr5QzCJbuQG4LnZ3A/0/__3 from container onto /var/folders/d9/7fcs2fv55k59ps6tpm5gdv900000gq/T/junit-10945917989059761784/indices/AJfjvfr5QzCJbuQG4LnZ3A/0/__3
    2026-01-15 00:40:18,256 INFO o.o.m.b.f.SearchClusterContainer [Test worker] Copying file /tmp/snapshots/indices/AJfjvfr5QzCJbuQG4LnZ3A/0/__2 from container onto /var/folders/d9/7fcs2fv55k59ps6tpm5gdv900000gq/T/junit-10945917989059761784/indices/AJfjvfr5QzCJbuQG4LnZ3A/0/__2
    2026-01-15 00:40:18,262 INFO o.o.m.b.f.SearchClusterContainer [Test worker] Copying file /tmp/snapshots/indices/AJfjvfr5QzCJbuQG4LnZ3A/0/snap-sowbpN4rQ8GcwJ59gNWifg.dat from container onto /var/folders/d9/7fcs2fv55k59ps6tpm5gdv900000gq/T/junit-10945917989059761784/indices/AJfjvfr5QzCJbuQG4LnZ3A/0/snap-sowbpN4rQ8GcwJ59gNWifg.dat
    2026-01-15 00:40:18,269 INFO o.o.m.b.f.SearchClusterContainer [Test worker] Copying file /tmp/snapshots/indices/AJfjvfr5QzCJbuQG4LnZ3A/0/index-0 from container onto /var/folders/d9/7fcs2fv55k59ps6tpm5gdv900000gq/T/junit-10945917989059761784/indices/AJfjvfr5QzCJbuQG4LnZ3A/0/index-0
    2026-01-15 00:40:18,279 INFO o.o.m.b.f.SearchClusterContainer [Test worker] Copying file /tmp/snapshots/indices/AJfjvfr5QzCJbuQG4LnZ3A/meta-sowbpN4rQ8GcwJ59gNWifg.dat from container onto /var/folders/d9/7fcs2fv55k59ps6tpm5gdv900000gq/T/junit-10945917989059761784/indices/AJfjvfr5QzCJbuQG4LnZ3A/meta-sowbpN4rQ8GcwJ59gNWifg.dat
    2026-01-15 00:40:18,285 INFO o.o.m.b.f.SearchClusterContainer [Test worker] Copying file /tmp/snapshots/meta-sowbpN4rQ8GcwJ59gNWifg.dat from container onto /var/folders/d9/7fcs2fv55k59ps6tpm5gdv900000gq/T/junit-10945917989059761784/meta-sowbpN4rQ8GcwJ59gNWifg.dat
    2026-01-15 00:40:18,290 INFO o.o.m.b.f.SearchClusterContainer [Test worker] Copying file /tmp/snapshots/incompatible-snapshots from container onto /var/folders/d9/7fcs2fv55k59ps6tpm5gdv900000gq/T/junit-10945917989059761784/incompatible-snapshots
    2026-01-15 00:40:18,295 INFO o.o.m.b.f.SearchClusterContainer [Test worker] Copying file /tmp/snapshots/index.latest from container onto /var/folders/d9/7fcs2fv55k59ps6tpm5gdv900000gq/T/junit-10945917989059761784/index.latest
    2026-01-15 00:40:18,299 INFO o.o.m.b.f.SearchClusterContainer [Test worker] Copying file /tmp/snapshots/snap-sowbpN4rQ8GcwJ59gNWifg.dat from container onto /var/folders/d9/7fcs2fv55k59ps6tpm5gdv900000gq/T/junit-10945917989059761784/snap-sowbpN4rQ8GcwJ59gNWifg.dat
    2026-01-15 00:40:18,304 INFO o.o.m.b.f.SearchClusterContainer [Test worker] Copying file /tmp/snapshots/index-0 from container onto /var/folders/d9/7fcs2fv55k59ps6tpm5gdv900000gq/T/junit-10945917989059761784/index-0
    2026-01-15 00:40:18,308 INFO o.o.m.b.NoStoredSourceMigrationTest [Test worker] Target index body: {"settings":{"number_of_shards":1,"number_of_replicas":0},"mappings":{"properties":{"keyword_dv_store": {"type": "keyword"},
    "keyword_dv_nostore": {"type": "keyword"},
    "keyword_nodv_store": {"type": "keyword"},
    "keyword_nodv_nostore": {"type": "keyword"},
    "boolean_dv_store": {"type": "boolean"},
    "boolean_dv_nostore": {"type": "boolean"},
    "boolean_nodv_store": {"type": "boolean"},
    "boolean_nodv_nostore": {"type": "boolean"},
    "binary_nodv_store": {"type": "binary"},
    "binary_nodv_nostore": {"type": "binary"},
    "integer_dv_store": {"type": "integer"},
    "integer_dv_nostore": {"type": "integer"},
    "integer_nodv_store": {"type": "integer"},
    "integer_nodv_nostore": {"type": "integer"},
    "long_dv_store": {"type": "long"},
    "long_dv_nostore": {"type": "long"},
    "long_nodv_store": {"type": "long"},
    "long_nodv_nostore": {"type": "long"},
    "float_dv_store": {"type": "float"},
    "float_dv_nostore": {"type": "float"},
    "float_nodv_store": {"type": "float"},
    "float_nodv_nostore": {"type": "float"},
    "double_dv_store": {"type": "double"},
    "double_dv_nostore": {"type": "double"},
    "double_nodv_store": {"type": "double"},
    "double_nodv_nostore": {"type": "double"},
    "ip_dv_store": {"type": "ip"},
    "ip_dv_nostore": {"type": "ip"},
    "ip_nodv_store": {"type": "ip"},
    "ip_nodv_nostore": {"type": "ip"},
    "ipv6_dv_store": {"type": "ip"},
    "ipv6_dv_nostore": {"type": "ip"},
    "ipv6_nodv_store": {"type": "ip"},
    "ipv6_nodv_nostore": {"type": "ip"},
    "date_dv_store": {"type": "date"},
    "date_dv_nostore": {"type": "date"},
    "date_nodv_store": {"type": "date"},
    "date_nodv_nostore": {"type": "date"},
    "scaled_float_dv_store": {"type": "scaled_float", "scaling_factor": 100},
    "scaled_float_dv_nostore": {"type": "scaled_float", "scaling_factor": 100},
    "scaled_float_nodv_store": {"type": "scaled_float", "scaling_factor": 100},
    "scaled_float_nodv_nostore": {"type": "scaled_float", "scaling_factor": 100},
    "geo_point_dv_store": {"type": "geo_point"},
    "geo_point_dv_nostore": {"type": "geo_point"},
    "geo_point_nodv_store": {"type": "geo_point"},
    "geo_point_nodv_nostore": {"type": "geo_point"}}}}
    2026-01-15 00:40:18,401 INFO o.o.m.b.h.ClusterOperations [Test worker] PUT /source_reconstruction_test
    {"settings":{"number_of_shards":1,"number_of_replicas":0},"mappings":{"properties":{"keyword_dv_store": {"type": "keyword"},
    "keyword_dv_nostore": {"type": "keyword"},
    "keyword_nodv_store": {"type": "keyword"},
    "keyword_nodv_nostore": {"type": "keyword"},
    "boolean_dv_store": {"type": "boolean"},
    "boolean_dv_nostore": {"type": "boolean"},
    "boolean_nodv_store": {"type": "boolean"},
    "boolean_nodv_nostore": {"type": "boolean"},
    "binary_nodv_store": {"type": "binary"},
    "binary_nodv_nostore": {"type": "binary"},
    "integer_dv_store": {"type": "integer"},
    "integer_dv_nostore": {"type": "integer"},
    "integer_nodv_store": {"type": "integer"},
    "integer_nodv_nostore": {"type": "integer"},
    "long_dv_store": {"type": "long"},
    "long_dv_nostore": {"type": "long"},
    "long_nodv_store": {"type": "long"},
    "long_nodv_nostore": {"type": "long"},
    "float_dv_store": {"type": "float"},
    "float_dv_nostore": {"type": "float"},
    "float_nodv_store": {"type": "float"},
    "float_nodv_nostore": {"type": "float"},
    "double_dv_s...
    Response: 200
    {"acknowledged":true,"shards_acknowledged":true,"index":"source_reconstruction_test"}
    2026-01-15 00:40:18,403 INFO o.o.m.c.ClusterProviderRegistry [Test worker] Found snapshot resource reader SnapshotReader_ES_6_8 for version: ELASTICSEARCH 5.6.16
    2026-01-15 00:40:18,403 INFO o.o.m.b.SourceTestBase [Test worker] nextClockShift=230
    2026-01-15 00:40:18,405 INFO o.o.m.b.l.LuceneIndexReader$Factory [Test worker] Creating IndexReader6
    2026-01-15 00:40:18,410 INFO o.o.m.t.TransformationLoader [Test worker] Adding IJsonTransfomerProvider: org.opensearch.migrations.transformation.JsonTransformerForDocumentTypeRemovalProvider@602a6c2e
    2026-01-15 00:40:18,411 INFO o.o.m.t.TransformationLoader [Test worker] Adding IJsonTransfomerProvider: org.opensearch.migrations.transform.JsonConditionalTransformerProvider@5d58beef
    2026-01-15 00:40:18,411 INFO o.o.m.t.TransformationLoader [Test worker] Adding IJsonTransfomerProvider: org.opensearch.migrations.transform.TypeMappingSanitizationTransformerProvider@3192f6c3
    2026-01-15 00:40:18,411 INFO o.o.m.t.TransformationLoader [Test worker] Adding IJsonTransfomerProvider: org.opensearch.migrations.transform.JsonJSTransformerProvider@221f771a
    2026-01-15 00:40:18,412 INFO o.o.m.t.TransformationLoader [Test worker] Adding IJsonTransfomerProvider: org.opensearch.migrations.transform.JsonJoltTransformerProvider@26f93beb
    2026-01-15 00:40:18,412 INFO o.o.m.t.TransformationLoader [Test worker] Adding IJsonTransfomerProvider: org.opensearch.migrations.transform.JsonJMESPathTransformerProvider@537b71e6
    2026-01-15 00:40:18,412 INFO o.o.m.t.TransformationLoader [Test worker] Adding IJsonTransfomerProvider: org.opensearch.migrations.transform.NoopTransformerProvider@14a26264
    2026-01-15 00:40:18,413 INFO o.o.m.t.TransformationLoader [Test worker] IJsonTransformerProviders loaded: class org.opensearch.migrations.transformation.JsonTransformerForDocumentTypeRemovalProvider; class org.opensearch.migrations.transform.JsonConditionalTransformerProvider; class org.opensearch.migrations.transform.TypeMappingSanitizationTransformerProvider; class org.opensearch.migrations.transform.JsonJSTransformerProvider; class org.opensearch.migrations.transform.JsonJoltTransformerProvider; class org.opensearch.migrations.transform.JsonJMESPathTransformerProvider; class org.opensearch.migrations.transform.NoopTransformerProvider
    2026-01-15 00:40:18,414 INFO o.o.m.t.TransformationLoader [Test worker] Creating a transformer through provider=org.opensearch.migrations.transformation.JsonTransformerForDocumentTypeRemovalProvider@602a6c2e with configuration=
    2026-01-15 00:40:18,422 INFO o.o.m.b.c.OpenSearchClientFactory [Test worker] Checking compression on cluster
    2026-01-15 00:40:18,440 INFO o.o.m.b.c.OpenSearchClientFactory [reactor-http-kqueue-7] After querying target, compression=false
    2026-01-15 00:40:18,446 INFO o.o.m.b.w.OpenSearchWorkCoordinator [Test worker] Creating .migrations_working_state because HEAD returned 404
    2026-01-15 00:40:18,671 INFO o.o.m.b.w.ScopedWorkCoordinator [Test worker] Acquired work item: shard_setup with lease expiration at 2026-01-15T00:45:18.503186Z
    2026-01-15 00:40:18,671 INFO o.o.m.b.w.ShardWorkPreparer [Test worker] Acquired work to set the shard workitems
    2026-01-15 00:40:18,671 INFO o.o.m.b.w.ShardWorkPreparer [Test worker] Setting up the Documents Work Items...
    2026-01-15 00:40:18,690 INFO o.o.m.b.w.ShardWorkPreparer [Test worker] Index source_reconstruction_test has 1 shards
    2026-01-15 00:40:18,691 INFO o.o.m.b.w.ShardWorkPreparer [Test worker] Creating Documents Work Item for index: source_reconstruction_test, shard: 0
    2026-01-15 00:40:18,718 INFO o.o.m.b.w.ShardWorkPreparer [Test worker] Finished setting up the Documents Work Items.
    2026-01-15 00:40:18,718 INFO o.o.m.b.w.ScopedWorkCoordinator [Test worker] Finished onAcquiredWork for work item: shard_setup in 47 ms
    2026-01-15 00:40:18,747 INFO o.o.m.b.w.ScopedWorkCoordinator [Test worker] Marked work item shard_setup as completed and released lease
    2026-01-15 00:40:18,859 INFO o.o.m.b.w.OpenSearchWorkCoordinator [Test worker] Returning work item and lease: OpenSearchWorkCoordinator.WorkItemWithPotentialSuccessors(workItemId=source_reconstruction_test__0__-2147483648, leaseExpirationTime=2026-01-15T00:50:19Z, successorWorkItemIds=[])
    2026-01-15 00:40:18,860 INFO o.o.m.b.w.ScopedWorkCoordinator [Test worker] Acquired work item: source_reconstruction_test__0__-2147483648 with lease expiration at 2026-01-15T00:50:19Z
    2026-01-15 00:40:18,860 INFO o.o.m.b.w.DocumentsRunner [Test worker] Acquired work item: source_reconstruction_test__0__-2147483648
    2026-01-15 00:40:18,860 INFO o.o.m.b.w.DocumentsRunner [Test worker] Migrating docs for source_reconstruction_test__0__-2147483648
    2026-01-15 00:40:18,867 INFO o.o.m.RfsMigrateDocuments [Test worker] Shard size: 11663 for snapshotName=snap indexName=source_reconstruction_test shardId=0
    2026-01-15 00:40:18,869 INFO o.o.m.b.c.SnapshotShardUnpacker [Test worker] Starting parallel unpacking of 4 files for shard 0 with 12 threads
    2026-01-15 00:40:18,869 INFO o.o.m.b.c.SnapshotShardUnpacker [boundedElastic-1] Unpacking - Blob Name: __1, Lucene Name: _0.si
    2026-01-15 00:40:18,869 INFO o.o.m.b.c.SnapshotShardUnpacker [boundedElastic-3] Unpacking - Blob Name: __3, Lucene Name: segments_2
    2026-01-15 00:40:18,869 INFO o.o.m.b.c.SnapshotShardUnpacker [boundedElastic-2] Unpacking - Blob Name: __2, Lucene Name: _0.cfs
    2026-01-15 00:40:18,869 INFO o.o.m.b.c.SnapshotShardUnpacker [boundedElastic-4] Unpacking - Blob Name: __0, Lucene Name: _0.cfe
    2026-01-15 00:40:18,872 INFO o.o.m.b.c.SnapshotShardUnpacker [Test worker] Successfully unpacked 4 files for shard 0
    2026-01-15 00:40:18,872 INFO o.o.m.b.l.LuceneIndexReader$Factory [Test worker] Creating IndexReader6
    2026-01-15 00:40:18,890 INFO o.o.m.b.w.DocumentsRunner [Test worker] Setting up doc migration for index=source_reconstruction_test, shard=0
    2026-01-15 00:40:18,892 INFO o.o.m.RfsMigrateDocuments [Test worker] Shard size: 11663 for snapshotName=snap indexName=source_reconstruction_test shardId=0
    2026-01-15 00:40:19,014 INFO o.o.m.b.l.LuceneReader [Test worker] 1 documents in 1 leaves found in the current Lucene index
    2026-01-15 00:40:19,018 INFO o.o.m.b.w.DocumentsRunner [Test worker] Waiting on latch for index=source_reconstruction_test, shard=0...
    2026-01-15 00:40:19,019 INFO o.o.m.b.w.DocumentsRunner [workFinishScheduler-3] Subscribed to docMigrationCursors for index=source_reconstruction_test, shard=0
    2026-01-15 00:40:19,040 INFO o.o.m.b.c.DocumentReindexer [DocumentBatchReindexer-8] Last doc is: Source Index source_reconstruction_test Lucene Doc Number 0
    2026-01-15 00:40:19,041 INFO o.o.m.b.c.DocumentReindexer [DocumentBatchReindexer-8] Batch Id:fc0aad0b-e420-4b67-b929-201500542530, 1 documents in current bulk request.
    2026-01-15 00:40:19,070 INFO o.o.m.b.w.DocumentsRunner [DocumentBatchReindexer-9] Completed docMigration for index=source_reconstruction_test, shard=0
    2026-01-15 00:40:19,070 INFO o.o.m.b.w.DocumentsRunner [DocumentBatchReindexer-9] Terminating docMigration Flux for index=source_reconstruction_test, shard=0
    2026-01-15 00:40:19,070 INFO o.o.m.b.w.DocumentsRunner [DocumentBatchReindexer-9] Reindexing completed for Index source_reconstruction_test, Shard 0
    2026-01-15 00:40:19,070 INFO o.o.m.b.w.DocumentsRunner [Test worker] Latch released after 52 ms for index=source_reconstruction_test, shard=0
    2026-01-15 00:40:19,070 INFO o.o.m.b.w.ScopedWorkCoordinator [Test worker] Finished onAcquiredWork for work item: source_reconstruction_test__0__-2147483648 in 210 ms
    2026-01-15 00:40:19,094 INFO o.o.m.b.w.ScopedWorkCoordinator [Test worker] Marked work item source_reconstruction_test__0__-2147483648 as completed and released lease
    2026-01-15 00:40:19,101 INFO o.o.m.u.FileSystemUtils [Test worker] Successfully deleted directory tree at /var/folders/d9/7fcs2fv55k59ps6tpm5gdv900000gq/T/opensearchMigrationReindexFromSnapshot_test_lucene16095694632422988567
    2026-01-15 00:40:19,102 INFO o.o.m.c.ClusterProviderRegistry [Test worker] Found snapshot resource reader SnapshotReader_ES_6_8 for version: ELASTICSEARCH 5.6.16
    2026-01-15 00:40:19,102 INFO o.o.m.b.SourceTestBase [Test worker] nextClockShift=-90
    2026-01-15 00:40:19,103 INFO o.o.m.b.l.LuceneIndexReader$Factory [Test worker] Creating IndexReader6
    2026-01-15 00:40:19,104 INFO o.o.m.t.TransformationLoader [Test worker] Adding IJsonTransfomerProvider: org.opensearch.migrations.transformation.JsonTransformerForDocumentTypeRemovalProvider@3677a08a
    2026-01-15 00:40:19,104 INFO o.o.m.t.TransformationLoader [Test worker] Adding IJsonTransfomerProvider: org.opensearch.migrations.transform.JsonConditionalTransformerProvider@61c4f556
    2026-01-15 00:40:19,104 INFO o.o.m.t.TransformationLoader [Test worker] Adding IJsonTransfomerProvider: org.opensearch.migrations.transform.TypeMappingSanitizationTransformerProvider@40330cb1
    2026-01-15 00:40:19,104 INFO o.o.m.t.TransformationLoader [Test worker] Adding IJsonTransfomerProvider: org.opensearch.migrations.transform.JsonJSTransformerProvider@1502c366
    2026-01-15 00:40:19,105 INFO o.o.m.t.TransformationLoader [Test worker] Adding IJsonTransfomerProvider: org.opensearch.migrations.transform.JsonJoltTransformerProvider@5fa9dc45
    2026-01-15 00:40:19,105 INFO o.o.m.t.TransformationLoader [Test worker] Adding IJsonTransfomerProvider: org.opensearch.migrations.transform.JsonJMESPathTransformerProvider@5a68eeda
    2026-01-15 00:40:19,105 INFO o.o.m.t.TransformationLoader [Test worker] Adding IJsonTransfomerProvider: org.opensearch.migrations.transform.NoopTransformerProvider@22c0b71f
    2026-01-15 00:40:19,105 INFO o.o.m.t.TransformationLoader [Test worker] IJsonTransformerProviders loaded: class org.opensearch.migrations.transformation.JsonTransformerForDocumentTypeRemovalProvider; class org.opensearch.migrations.transform.JsonConditionalTransformerProvider; class org.opensearch.migrations.transform.TypeMappingSanitizationTransformerProvider; class org.opensearch.migrations.transform.JsonJSTransformerProvider; class org.opensearch.migrations.transform.JsonJoltTransformerProvider; class org.opensearch.migrations.transform.JsonJMESPathTransformerProvider; class org.opensearch.migrations.transform.NoopTransformerProvider
    2026-01-15 00:40:19,105 INFO o.o.m.t.TransformationLoader [Test worker] Creating a transformer through provider=org.opensearch.migrations.transformation.JsonTransformerForDocumentTypeRemovalProvider@3677a08a with configuration=
    2026-01-15 00:40:19,109 INFO o.o.m.b.c.OpenSearchClientFactory [Test worker] Checking compression on cluster
    2026-01-15 00:40:19,122 INFO o.o.m.b.c.OpenSearchClientFactory [reactor-http-kqueue-7] After querying target, compression=false
    2026-01-15 00:40:19,128 INFO o.o.m.b.w.OpenSearchWorkCoordinator [Test worker] Not creating .migrations_working_state because it already exists
    2026-01-15 00:40:19,143 INFO o.o.m.b.w.ScopedWorkCoordinator [Test worker] Work item already marked as completed. Skipping.
    2026-01-15 00:40:19,155 INFO o.o.m.u.FileSystemUtils [Test worker] Successfully deleted directory tree at /var/folders/d9/7fcs2fv55k59ps6tpm5gdv900000gq/T/opensearchMigrationReindexFromSnapshot_test_lucene15680111330637723012
    2026-01-15 00:40:19,155 INFO o.o.m.b.SourceTestBase [Test worker] No work at all was found.  Presuming that work was complete and that all worker processes should terminate
    2026-01-15 00:40:19,170 INFO o.o.m.b.h.ClusterOperations [Test worker] POST /_refresh

    Response: 200
    {"_shards":{"total":3,"successful":2,"failed":0}}
    2026-01-15 00:40:19,177 INFO o.o.m.b.h.ClusterOperations [Test worker] GET /source_reconstruction_test/_search

    Response: 200
    {"took":1,"timed_out":false,"_shards":{"total":1,"successful":1,"skipped":0,"failed":0},"hits":{"total":{"value":1,"relation":"eq"},"max_score":1.0,"hits":[{"_index":"source_reconstruction_test","_id":"1","_score":1.0,"_source":{"keyword_dv_store":"test_kw","keyword_nodv_store":"test_kw","boolean_dv_store":true,"boolean_nodv_store":true,"binary_nodv_store":"dGVzdA==","integer_dv_store":42,"integer_nodv_store":42,"long_dv_store":9999,"long_nodv_store":9999,"float_dv_store":3.14,"float_nodv_store":3.14,"double_dv_store":2.71828,"double_nodv_store":2.71828,"ip_dv_store":"192.168.1.1","ip_nodv_store":"192.168.1.1","ipv6_dv_store":"2001:db8:85a3:0:0:8a2e:370:7334","ipv6_nodv_store":"2001:db8:85a3:0:0:8a2e:370:7334","date_dv_store":"2024-01-15T10:30:00Z","date_nodv_store":"2024-01-15T10:30:00Z","scaled_float_dv_store":123.45,"scaled_float_nodv_store":123.45,"geo_point_dv_store":"40.7128, -74.006","geo_point_nodv_store":"40.7128, -74.006","keyword_dv_nostore":"test_kw","boolean_dv_nostore":tr...
    2026-01-15 00:40:19,178 INFO o.o.m.b.NoStoredSourceMigrationTest [Test worker] Migrated _source: {"keyword_dv_store":"test_kw","keyword_nodv_store":"test_kw","boolean_dv_store":true,"boolean_nodv_store":true,"binary_nodv_store":"dGVzdA==","integer_dv_store":42,"integer_nodv_store":42,"long_dv_store":9999,"long_nodv_store":9999,"float_dv_store":3.14,"float_nodv_store":3.14,"double_dv_store":2.71828,"double_nodv_store":2.71828,"ip_dv_store":"192.168.1.1","ip_nodv_store":"192.168.1.1","ipv6_dv_store":"2001:db8:85a3:0:0:8a2e:370:7334","ipv6_nodv_store":"2001:db8:85a3:0:0:8a2e:370:7334","date_dv_store":"2024-01-15T10:30:00Z","date_nodv_store":"2024-01-15T10:30:00Z","scaled_float_dv_store":123.45,"scaled_float_nodv_store":123.45,"geo_point_dv_store":"40.7128, -74.006","geo_point_nodv_store":"40.7128, -74.006","keyword_dv_nostore":"test_kw","boolean_dv_nostore":true,"integer_dv_nostore":42,"long_dv_nostore":9999,"float_dv_nostore":3.14,"double_dv_nostore":2.71828,"ip_dv_nostore":"192.168.1.1","ipv6_dv_nostore":"2001:db8:85a3:0:0:8a2e:370:7334","date_dv_nostore":"2024-01-15T10:30:00Z","scaled_float_dv_nostore":123.45,"geo_point_dv_nostore":{"lon":148.0120000988245,"lat":-81.42559996806085},"long_nodv_nostore":9999,"date_nodv_nostore":"2024-01-15T10:30:00Z","ipv6_nodv_nostore":"2001:db8:85a3:0:0:8a2e:370:7334","float_nodv_nostore":3.14,"double_nodv_nostore":2.71828,"integer_nodv_nostore":42,"ip_nodv_nostore":"192.168.1.1"}
    2026-01-15 00:40:19,178 INFO o.o.m.b.NoStoredSourceMigrationTest [Test worker] Skipping value check for keyword_nodv_store (keyword stored field in ES 5+)
    2026-01-15 00:40:19,178 INFO o.o.m.b.f.SearchClusterContainer [Test worker] Stopping container version:OPENSEARCH 3.0.0
    2026-01-15 00:40:19,193 DEBUG o.o.m.b.f.SearchClusterContainer [Test worker] Instance logs:
    Enabling OpenSearch Security Plugin
    Enabling execution of install_demo_configuration.sh for OpenSearch Security Plugin 
    OpenSearch 2.12.0 onwards, the OpenSearch Security Plugin a change that requires an initial password for 'admin' user. 
    Please define an environment variable 'OPENSEARCH_INITIAL_ADMIN_PASSWORD' with a strong password string. 
    If a password is not provided, the setup will quit. 
     For more details, please visit: https://opensearch.org/docs/latest/install-and-configure/install-opensearch/docker/
    ### OpenSearch Security Demo Installer
    ### ** Warning: Do not use on production or public reachable systems **
    OpenSearch install type: rpm/deb on Linux 6.12.54-linuxkit aarch64
    OpenSearch config dir: /usr/share/opensearch/config/
    OpenSearch config file: /usr/share/opensearch/config/opensearch.yml
    OpenSearch bin dir: /usr/share/opensearch/bin/
    OpenSearch plugins dir: /usr/share/opensearch/plugins/
    OpenSearch lib dir: /usr/share/opensearch/lib/
    Detected OpenSearch Version: 3.0.0
    Detected OpenSearch Security Version: 3.0.0.0
    Admin password set successfully.
    ### Success
    ### Execute this script now on all your nodes and then start all nodes
    ### OpenSearch Security will be automatically initialized.
    ### If you like to change the runtime configuration 
    ### change the files in ../../../config/opensearch-security and execute: 
    sudo "/usr/share/opensearch/plugins/opensearch-security/tools/securityadmin.sh" -cd "/usr/share/opensearch/config/opensearch-security" -icl -key "/usr/share/opensearch/config/kirk-key.pem" -cert "/usr/share/opensearch/config/kirk.pem" -cacert "/usr/share/opensearch/config/root-ca.pem" -nhnv
    ### or run ./securityadmin_demo.sh
    ### To use the Security Plugin ConfigurationGUI
    ### To access your secured cluster open https://<hostname>:<HTTP port> and log in with admin/<your-custom-admin-password>.
    ### (Ignore the SSL certificate warning because we installed self-signed demo certificates)
    Enabling execution of OPENSEARCH_HOME/bin/opensearch-performance-analyzer/performance-analyzer-agent-cli for OpenSearch Performance Analyzer Plugin
    WARNING: Using incubator modules: jdk.incubator.vector
    WARNING: Unknown module: org.apache.arrow.memory.core specified to --add-opens
    [2026-01-15T00:40:12,015][WARN ][stderr                   ] [84e5e253d705] Jan 15, 2026 12:40:12 AM org.opensearch.javaagent.bootstrap.AgentPolicy setPolicy
    [2026-01-15T00:40:12,016][WARN ][stderr                   ] [84e5e253d705] INFO: Policy attached successfully: org.opensearch.bootstrap.OpenSearchPolicy@74294c1a
    [2026-01-15T00:40:12,021][INFO ][o.o.n.Node               ] [84e5e253d705] version[3.0.0], pid[1], build[tar/dc4efa821904cc2d7ea7ef61c0f577d3fc0d8be9/2025-05-03T06:23:50.311109522Z], OS[Linux/6.12.54-linuxkit/aarch64], JVM[Eclipse Adoptium/OpenJDK 64-Bit Server VM/21.0.7/21.0.7+6-LTS]
    [2026-01-15T00:40:12,021][INFO ][o.o.n.Node               ] [84e5e253d705] JVM home [/usr/share/opensearch/jdk], using bundled JDK/JRE [true]
    [2026-01-15T00:40:12,021][INFO ][o.o.n.Node               ] [84e5e253d705] JVM arguments [-Xshare:auto, -Dopensearch.networkaddress.cache.ttl=60, -Dopensearch.networkaddress.cache.negative.ttl=10, -XX:+AlwaysPreTouch, -Xss1m, -Djava.awt.headless=true, -Dfile.encoding=UTF-8, -Djna.nosys=true, -XX:-OmitStackTraceInFastThrow, -XX:+ShowCodeDetailsInExceptionMessages, -Dio.netty.noUnsafe=true, -Dio.netty.noKeySetOptimization=true, -Dio.netty.recycler.maxCapacityPerThread=0, -Dio.netty.allocator.numDirectArenas=0, -Dlog4j.shutdownHookEnabled=false, -Dlog4j2.disable.jmx=true, -Djava.locale.providers=SPI,CLDR, -Xms1g, -Xmx1g, -XX:+UseG1GC, -XX:G1ReservePercent=25, -XX:InitiatingHeapOccupancyPercent=30, -Djava.io.tmpdir=/tmp/opensearch-3854811897183130237, -XX:+HeapDumpOnOutOfMemoryError, -XX:HeapDumpPath=data, -XX:ErrorFile=logs/hs_err_pid%p.log, -Xlog:gc*,gc+age=trace,safepoint:file=logs/gc.log:utctime,pid,tags:filecount=32,filesize=64m, --add-modules=jdk.incubator.vector, -javaagent:agent/opensearch-agent.jar, --add-opens=java.base/java.nio=org.apache.arrow.memory.core,ALL-UNNAMED, -Dclk.tck=100, -Djdk.attach.allowAttachSelf=true, -Djava.security.policy=/usr/share/opensearch/config/opensearch-performance-analyzer/opensearch_security.policy, --add-opens=jdk.attach/sun.tools.attach=ALL-UNNAMED, -Dopensearch.cgroups.hierarchy.override=/, -XX:MaxDirectMemorySize=536870912, -Dopensearch.path.home=/usr/share/opensearch, -Dopensearch.path.conf=/usr/share/opensearch/config, -Dopensearch.distribution.type=tar, -Dopensearch.bundled_jdk=true]
    [2026-01-15T00:40:12,082][WARN ][stderr                   ] [84e5e253d705] Jan 15, 2026 12:40:12 AM org.apache.lucene.internal.vectorization.PanamaVectorizationProvider <init>
    [2026-01-15T00:40:12,082][WARN ][stderr                   ] [84e5e253d705] INFO: Java vector incubator API enabled; uses preferredBitSize=128; FMA enabled
    [2026-01-15T00:40:12,357][INFO ][o.o.s.s.t.SSLConfig      ] [84e5e253d705] SSL dual mode is disabled
    [2026-01-15T00:40:12,357][WARN ][o.o.s.OpenSearchSecurityPlugin] [84e5e253d705] OpenSearch Security plugin installed but disabled. This can expose your configuration (including passwords) to the public.
    [2026-01-15T00:40:12,627][ERROR][o.o.p.c.c.PluginSettings ] [84e5e253d705] Loading config file /usr/share/opensearch/config/opensearch-performance-analyzer/performance-analyzer.properties failed with error: org.opensearch.performanceanalyzer.commons.config.ConfigFileException: java.io.FileNotFoundException: /usr/share/opensearch/config/opensearch-performance-analyzer/performance-analyzer.properties (No such file or directory). Disabling plugin.
    [2026-01-15T00:40:12,627][INFO ][o.o.p.c.c.PluginSettings ] [84e5e253d705] Config: metricsLocation: /dev/shm/performanceanalyzer/, metricsDeletionInterval: 1, httpsEnabled: false, cleanup-metrics-db-files: false, batch-metrics-retention-period-minutes: 7, rpc-port: 9650, webservice-port 9600
    [2026-01-15T00:40:12,709][ERROR][o.o.p.c.c.StatsCollector ] [84e5e253d705] Error in loading metadata for folderLocation: /usr/share/opensearch/config/opensearch-performance-analyzer/, fileLocation: plugin-stats-metadata
    java.io.FileNotFoundException: /usr/share/opensearch/config/opensearch-performance-analyzer/plugin-stats-metadata (No such file or directory)
    	at java.base/java.io.FileInputStream.open0(Native Method) ~[?:?]
    	at java.base/java.io.FileInputStream.open(FileInputStream.java:213) ~[?:?]
    	at java.base/java.io.FileInputStream.<init>(FileInputStream.java:152) ~[?:?]
    	at java.base/java.io.FileInputStream.<init>(FileInputStream.java:106) ~[?:?]
    	at org.opensearch.performanceanalyzer.commons.collectors.StatsCollector.loadMetadata(StatsCollector.java:158) ~[performance-analyzer-commons-2.0.0.jar:?]
    	at org.opensearch.performanceanalyzer.commons.collectors.StatsCollector.instance(StatsCollector.java:73) ~[performance-analyzer-commons-2.0.0.jar:?]
    	at org.opensearch.performanceanalyzer.PerformanceAnalyzerPlugin.scheduleRcaCollectors(PerformanceAnalyzerPlugin.java:264) ~[opensearch-performance-analyzer-3.0.0.0.jar:3.0.0.0]
    	at org.opensearch.performanceanalyzer.PerformanceAnalyzerPlugin.<init>(PerformanceAnalyzerPlugin.java:213) ~[opensearch-performance-analyzer-3.0.0.0.jar:3.0.0.0]
    	at java.base/jdk.internal.reflect.DirectConstructorHandleAccessor.newInstance(DirectConstructorHandleAccessor.java:62) [?:?]
    	at java.base/java.lang.reflect.Constructor.newInstanceWithCaller(Constructor.java:502) [?:?]
    	at java.base/java.lang.reflect.Constructor.newInstance(Constructor.java:486) [?:?]
    	at org.opensearch.plugins.PluginsService.loadPlugin(PluginsService.java:840) [opensearch-3.0.0.jar:3.0.0]
    	at org.opensearch.plugins.PluginsService.loadBundle(PluginsService.java:788) [opensearch-3.0.0.jar:3.0.0]
    	at org.opensearch.plugins.PluginsService.loadBundles(PluginsService.java:582) [opensearch-3.0.0.jar:3.0.0]
    	at org.opensearch.plugins.PluginsService.<init>(PluginsService.java:197) [opensearch-3.0.0.jar:3.0.0]
    	at org.opensearch.node.Node.<init>(Node.java:533) [opensearch-3.0.0.jar:3.0.0]
    	at org.opensearch.node.Node.<init>(Node.java:460) [opensearch-3.0.0.jar:3.0.0]
    	at org.opensearch.bootstrap.Bootstrap$5.<init>(Bootstrap.java:243) [opensearch-3.0.0.jar:3.0.0]
    	at org.opensearch.bootstrap.Bootstrap.setup(Bootstrap.java:243) [opensearch-3.0.0.jar:3.0.0]
    	at org.opensearch.bootstrap.Bootstrap.init(Bootstrap.java:405) [opensearch-3.0.0.jar:3.0.0]
    	at org.opensearch.bootstrap.OpenSearch.init(OpenSearch.java:168) [opensearch-3.0.0.jar:3.0.0]
    	at org.opensearch.bootstrap.OpenSearch.execute(OpenSearch.java:159) [opensearch-3.0.0.jar:3.0.0]
    	at org.opensearch.common.cli.EnvironmentAwareCommand.execute(EnvironmentAwareCommand.java:110) [opensearch-3.0.0.jar:3.0.0]
    	at org.opensearch.cli.Command.mainWithoutErrorHandling(Command.java:138) [opensearch-cli-3.0.0.jar:3.0.0]
    	at org.opensearch.cli.Command.main(Command.java:101) [opensearch-cli-3.0.0.jar:3.0.0]
    	at org.opensearch.bootstrap.OpenSearch.main(OpenSearch.java:125) [opensearch-3.0.0.jar:3.0.0]
    	at org.opensearch.bootstrap.OpenSearch.main(OpenSearch.java:91) [opensearch-3.0.0.jar:3.0.0]
    [2026-01-15T00:40:12,711][INFO ][o.o.p.c.SearchBackPressureStatsCollector] [84e5e253d705] SearchBackPressureStatsCollector started
    [2026-01-15T00:40:12,837][INFO ][o.o.i.r.ReindexModulePlugin] [84e5e253d705] ReindexPlugin reloadSPI called
    [2026-01-15T00:40:12,837][INFO ][o.o.i.r.ReindexModulePlugin] [84e5e253d705] Unable to find any implementation for RemoteReindexExtension
    [2026-01-15T00:40:12,873][INFO ][o.o.j.JobSchedulerPlugin ] [84e5e253d705] Loaded scheduler extension: reports-scheduler, index: .opendistro-reports-definitions
    [2026-01-15T00:40:12,875][INFO ][o.o.j.JobSchedulerPlugin ] [84e5e253d705] Loaded scheduler extension: opensearch_time_series_analytics, index: .opendistro-anomaly-detector-jobs
    [2026-01-15T00:40:12,875][INFO ][o.o.j.JobSchedulerPlugin ] [84e5e253d705] Loaded scheduler extension: opendistro-index-management, index: .opendistro-ism-config
    [2026-01-15T00:40:12,876][INFO ][o.o.j.JobSchedulerPlugin ] [84e5e253d705] Loaded scheduler extension: checkBatchJobTaskStatus, index: .ml_commons_task_polling_job
    [2026-01-15T00:40:12,877][INFO ][o.o.j.JobSchedulerPlugin ] [84e5e253d705] Loaded scheduler extension: scheduler_geospatial_ip2geo_datasource, index: .scheduler-geospatial-ip2geo-datasource
    [2026-01-15T00:40:12,877][INFO ][o.o.j.JobSchedulerPlugin ] [84e5e253d705] Loaded scheduler extension: opensearch_sap_job, index: .opensearch-sap--job
    [2026-01-15T00:40:12,878][INFO ][o.o.j.JobSchedulerPlugin ] [84e5e253d705] Loaded scheduler extension: async-query-scheduler, index: .async-query-scheduler
    [2026-01-15T00:40:12,888][INFO ][o.o.p.PluginsService     ] [84e5e253d705] loaded module [aggs-matrix-stats]
    [2026-01-15T00:40:12,888][INFO ][o.o.p.PluginsService     ] [84e5e253d705] loaded module [analysis-common]
    [2026-01-15T00:40:12,888][INFO ][o.o.p.PluginsService     ] [84e5e253d705] loaded module [cache-common]
    [2026-01-15T00:40:12,888][INFO ][o.o.p.PluginsService     ] [84e5e253d705] loaded module [geo]
    [2026-01-15T00:40:12,888][INFO ][o.o.p.PluginsService     ] [84e5e253d705] loaded module [ingest-common]
    [2026-01-15T00:40:12,888][INFO ][o.o.p.PluginsService     ] [84e5e253d705] loaded module [ingest-geoip]
    [2026-01-15T00:40:12,888][INFO ][o.o.p.PluginsService     ] [84e5e253d705] loaded module [ingest-user-agent]
    [2026-01-15T00:40:12,888][INFO ][o.o.p.PluginsService     ] [84e5e253d705] loaded module [lang-expression]
    [2026-01-15T00:40:12,888][INFO ][o.o.p.PluginsService     ] [84e5e253d705] loaded module [lang-mustache]
    [2026-01-15T00:40:12,888][INFO ][o.o.p.PluginsService     ] [84e5e253d705] loaded module [lang-painless]
    [2026-01-15T00:40:12,888][INFO ][o.o.p.PluginsService     ] [84e5e253d705] loaded module [mapper-extras]
    [2026-01-15T00:40:12,888][INFO ][o.o.p.PluginsService     ] [84e5e253d705] loaded module [opensearch-dashboards]
    [2026-01-15T00:40:12,888][INFO ][o.o.p.PluginsService     ] [84e5e253d705] loaded module [parent-join]
    [2026-01-15T00:40:12,888][INFO ][o.o.p.PluginsService     ] [84e5e253d705] loaded module [percolator]
    [2026-01-15T00:40:12,888][INFO ][o.o.p.PluginsService     ] [84e5e253d705] loaded module [rank-eval]
    [2026-01-15T00:40:12,889][INFO ][o.o.p.PluginsService     ] [84e5e253d705] loaded module [reindex]
    [2026-01-15T00:40:12,889][INFO ][o.o.p.PluginsService     ] [84e5e253d705] loaded module [repository-url]
    [2026-01-15T00:40:12,889][INFO ][o.o.p.PluginsService     ] [84e5e253d705] loaded module [search-pipeline-common]
    [2026-01-15T00:40:12,889][INFO ][o.o.p.PluginsService     ] [84e5e253d705] loaded module [systemd]
    [2026-01-15T00:40:12,889][INFO ][o.o.p.PluginsService     ] [84e5e253d705] loaded module [transport-netty4]
    [2026-01-15T00:40:12,889][INFO ][o.o.p.PluginsService     ] [84e5e253d705] loaded plugin [opensearch-alerting]
    [2026-01-15T00:40:12,889][INFO ][o.o.p.PluginsService     ] [84e5e253d705] loaded plugin [opensearch-anomaly-detection]
    [2026-01-15T00:40:12,889][INFO ][o.o.p.PluginsService     ] [84e5e253d705] loaded plugin [opensearch-asynchronous-search]
    [2026-01-15T00:40:12,889][INFO ][o.o.p.PluginsService     ] [84e5e253d705] loaded plugin [opensearch-cross-cluster-replication]
    [2026-01-15T00:40:12,889][INFO ][o.o.p.PluginsService     ] [84e5e253d705] loaded plugin [opensearch-custom-codecs]
    [2026-01-15T00:40:12,889][INFO ][o.o.p.PluginsService     ] [84e5e253d705] loaded plugin [opensearch-flow-framework]
    [2026-01-15T00:40:12,889][INFO ][o.o.p.PluginsService     ] [84e5e253d705] loaded plugin [opensearch-geospatial]
    [2026-01-15T00:40:12,889][INFO ][o.o.p.PluginsService     ] [84e5e253d705] loaded plugin [opensearch-index-management]
    [2026-01-15T00:40:12,889][INFO ][o.o.p.PluginsService     ] [84e5e253d705] loaded plugin [opensearch-job-scheduler]
    [2026-01-15T00:40:12,889][INFO ][o.o.p.PluginsService     ] [84e5e253d705] loaded plugin [opensearch-knn]
    [2026-01-15T00:40:12,889][INFO ][o.o.p.PluginsService     ] [84e5e253d705] loaded plugin [opensearch-ltr]
    [2026-01-15T00:40:12,889][INFO ][o.o.p.PluginsService     ] [84e5e253d705] loaded plugin [opensearch-ml]
    [2026-01-15T00:40:12,889][INFO ][o.o.p.PluginsService     ] [84e5e253d705] loaded plugin [opensearch-neural-search]
    [2026-01-15T00:40:12,889][INFO ][o.o.p.PluginsService     ] [84e5e253d705] loaded plugin [opensearch-notifications]
    [2026-01-15T00:40:12,889][INFO ][o.o.p.PluginsService     ] [84e5e253d705] loaded plugin [opensearch-notifications-core]
    [2026-01-15T00:40:12,889][INFO ][o.o.p.PluginsService     ] [84e5e253d705] loaded plugin [opensearch-observability]
    [2026-01-15T00:40:12,889][INFO ][o.o.p.PluginsService     ] [84e5e253d705] loaded plugin [opensearch-performance-analyzer]
    [2026-01-15T00:40:12,889][INFO ][o.o.p.PluginsService     ] [84e5e253d705] loaded plugin [opensearch-reports-scheduler]
    [2026-01-15T00:40:12,889][INFO ][o.o.p.PluginsService     ] [84e5e253d705] loaded plugin [opensearch-security]
    [2026-01-15T00:40:12,889][INFO ][o.o.p.PluginsService     ] [84e5e253d705] loaded plugin [opensearch-security-analytics]
    [2026-01-15T00:40:12,889][INFO ][o.o.p.PluginsService     ] [84e5e253d705] loaded plugin [opensearch-skills]
    [2026-01-15T00:40:12,889][INFO ][o.o.p.PluginsService     ] [84e5e253d705] loaded plugin [opensearch-sql]
    [2026-01-15T00:40:12,889][INFO ][o.o.p.PluginsService     ] [84e5e253d705] loaded plugin [opensearch-system-templates]
    [2026-01-15T00:40:12,889][INFO ][o.o.p.PluginsService     ] [84e5e253d705] loaded plugin [query-insights]
    [2026-01-15T00:40:12,902][DEPRECATION][o.o.d.c.s.Settings       ] [84e5e253d705] [node.max_local_storage_nodes] setting was deprecated in OpenSearch and will be removed in a future release! See the breaking changes documentation for the next major version.
    [2026-01-15T00:40:12,907][WARN ][stderr                   ] [84e5e253d705] WARNING: A restricted method in java.lang.foreign.Linker has been called
    [2026-01-15T00:40:12,907][WARN ][stderr                   ] [84e5e253d705] WARNING: java.lang.foreign.Linker::downcallHandle has been called by the unnamed module
    [2026-01-15T00:40:12,907][WARN ][stderr                   ] [84e5e253d705] WARNING: Use --enable-native-access=ALL-UNNAMED to avoid a warning for this module
    [2026-01-15T00:40:12,938][INFO ][o.o.e.NodeEnvironment    ] [84e5e253d705] using [1] data paths, mounts [[/ (overlay)]], net usable_space [375.7gb], net total_space [452.1gb], types [overlay]
    [2026-01-15T00:40:12,938][INFO ][o.o.e.NodeEnvironment    ] [84e5e253d705] heap size [1gb], compressed ordinary object pointers [true]
    [2026-01-15T00:40:12,950][INFO ][o.o.n.Node               ] [84e5e253d705] node name [84e5e253d705], node ID [5FXAD9vrRmKSlvaXzmEdMQ], cluster name [docker-cluster], roles [ingest, remote_cluster_client, data, cluster_manager]
    [2026-01-15T00:40:12,980][INFO ][o.o.e.ExtensionsManager  ] [84e5e253d705] ExtensionsManager initialized
    [2026-01-15T00:40:13,690][DEPRECATION][o.o.d.c.s.Settings       ] [84e5e253d705] [plugins.security.ssl.transport.enforce_hostname_verification] setting was deprecated in OpenSearch and will be removed in a future release! See the breaking changes documentation for the next major version.
    [2026-01-15T00:40:14,251][WARN ][stderr                   ] [84e5e253d705] SLF4J: Failed to load class "org.slf4j.impl.StaticLoggerBinder".
    [2026-01-15T00:40:14,251][WARN ][stderr                   ] [84e5e253d705] SLF4J: Defaulting to no-operation (NOP) logger implementation
    [2026-01-15T00:40:14,252][WARN ][stderr                   ] [84e5e253d705] SLF4J: See http://www.slf4j.org/codes.html#StaticLoggerBinder for further details.
    [2026-01-15T00:40:14,262][INFO ][o.o.l.b.LTRCircuitBreakerService] [84e5e253d705] Registered memory breaker.
    [2026-01-15T00:40:14,344][INFO ][o.o.t.b.CircuitBreakerService] [84e5e253d705] Registered memory breaker.
    [2026-01-15T00:40:14,471][INFO ][o.o.r.m.c.i.SdkClientFactory] [84e5e253d705] Using local opensearch cluster as metadata store.
    [2026-01-15T00:40:14,633][INFO ][o.o.r.m.c.i.SdkClientFactory] [84e5e253d705] Using local opensearch cluster as metadata store.
    [2026-01-15T00:40:14,642][INFO ][o.o.m.b.MLCircuitBreakerService] [84e5e253d705] Registered ML memory breaker.
    [2026-01-15T00:40:14,642][INFO ][o.o.m.b.MLCircuitBreakerService] [84e5e253d705] Registered ML disk breaker.
    [2026-01-15T00:40:14,643][INFO ][o.o.m.b.MLCircuitBreakerService] [84e5e253d705] Registered ML native memory breaker.
    [2026-01-15T00:40:14,687][INFO ][o.r.Reflections          ] [84e5e253d705] Reflections took 24 ms to scan 1 urls, producing 31 keys and 81 values 
    [2026-01-15T00:40:14,697][INFO ][o.r.Reflections          ] [84e5e253d705] Reflections took 0 ms to scan 1 urls, producing 3 keys and 5 values 
    [2026-01-15T00:40:14,790][WARN ][o.o.s.p.SQLPlugin        ] [84e5e253d705] Master key is a required config for using create and update datasource APIs. Please set plugins.query.datasources.encryption.masterkey config in opensearch.yml in all the cluster nodes. More details can be found here: https://github.com/opensearch-project/sql/blob/main/docs/user/ppl/admin/datasources.rst#master-key-config-for-encrypting-credential-information
    [2026-01-15T00:40:14,928][INFO ][o.o.p.i.c.s.QueryInsightsService] [84e5e253d705] Setting query insights index template priority to [1847]
    [2026-01-15T00:40:15,262][INFO ][o.o.t.NettyAllocator     ] [84e5e253d705] creating NettyAllocator with the following configs: [name=unpooled, suggested_max_allocation_size=256kb, factors={opensearch.unsafe.use_unpooled_allocator=null, g1gc_enabled=true, g1gc_region_size=1mb, heap_size=1gb}]
    [2026-01-15T00:40:15,314][INFO ][o.o.d.DiscoveryModule    ] [84e5e253d705] using discovery type [single-node] and seed hosts providers [settings]
    [2026-01-15T00:40:15,554][WARN ][o.o.g.DanglingIndicesState] [84e5e253d705] gateway.auto_import_dangling_indices is disabled, dangling indices will not be automatically detected or imported and must be managed manually
    [2026-01-15T00:40:15,823][INFO ][o.o.p.h.c.PerformanceAnalyzerConfigAction] [84e5e253d705] PerformanceAnalyzer Enabled: false
    [2026-01-15T00:40:15,846][INFO ][o.o.n.Node               ] [84e5e253d705] initialized
    [2026-01-15T00:40:15,846][INFO ][o.o.n.Node               ] [84e5e253d705] starting ...
    [2026-01-15T00:40:15,867][INFO ][o.o.s.l.BuiltinLogTypeLoader] [84e5e253d705] Loaded [windows_logtype.json] log type
    [2026-01-15T00:40:15,867][INFO ][o.o.s.l.BuiltinLogTypeLoader] [84e5e253d705] Loaded [waf_logtype.json] log type
    [2026-01-15T00:40:15,867][INFO ][o.o.s.l.BuiltinLogTypeLoader] [84e5e253d705] Loaded [vpcflow_logtype.json] log type
    [2026-01-15T00:40:15,868][INFO ][o.o.s.l.BuiltinLogTypeLoader] [84e5e253d705] Loaded [test_windows_logtype.json] log type
    [2026-01-15T00:40:15,868][INFO ][o.o.s.l.BuiltinLogTypeLoader] [84e5e253d705] Loaded [s3_logtype.json] log type
    [2026-01-15T00:40:15,868][INFO ][o.o.s.l.BuiltinLogTypeLoader] [84e5e253d705] Loaded [others_web_logtype.json] log type
    [2026-01-15T00:40:15,868][INFO ][o.o.s.l.BuiltinLogTypeLoader] [84e5e253d705] Loaded [others_proxy_logtype.json] log type
    [2026-01-15T00:40:15,868][INFO ][o.o.s.l.BuiltinLogTypeLoader] [84e5e253d705] Loaded [others_macos_logtype.json] log type
    [2026-01-15T00:40:15,868][INFO ][o.o.s.l.BuiltinLogTypeLoader] [84e5e253d705] Loaded [others_compliance_logtype.json] log type
    [2026-01-15T00:40:15,868][INFO ][o.o.s.l.BuiltinLogTypeLoader] [84e5e253d705] Loaded [others_cloud_logtype.json] log type
    [2026-01-15T00:40:15,869][INFO ][o.o.s.l.BuiltinLogTypeLoader] [84e5e253d705] Loaded [others_apt_logtype.json] log type
    [2026-01-15T00:40:15,869][INFO ][o.o.s.l.BuiltinLogTypeLoader] [84e5e253d705] Loaded [others_application_logtype.json] log type
    [2026-01-15T00:40:15,869][INFO ][o.o.s.l.BuiltinLogTypeLoader] [84e5e253d705] Loaded [okta_logtype.json] log type
    [2026-01-15T00:40:15,869][INFO ][o.o.s.l.BuiltinLogTypeLoader] [84e5e253d705] Loaded [network_logtype.json] log type
    [2026-01-15T00:40:15,869][INFO ][o.o.s.l.BuiltinLogTypeLoader] [84e5e253d705] Loaded [netflow_logtype.json] log type
    [2026-01-15T00:40:15,869][INFO ][o.o.s.l.BuiltinLogTypeLoader] [84e5e253d705] Loaded [m365_logtype.json] log type
    [2026-01-15T00:40:15,869][INFO ][o.o.s.l.BuiltinLogTypeLoader] [84e5e253d705] Loaded [linux_logtype.json] log type
    [2026-01-15T00:40:15,869][INFO ][o.o.s.l.BuiltinLogTypeLoader] [84e5e253d705] Loaded [gworkspace_logtype.json] log type
    [2026-01-15T00:40:15,869][INFO ][o.o.s.l.BuiltinLogTypeLoader] [84e5e253d705] Loaded [github_logtype.json] log type
    [2026-01-15T00:40:15,869][INFO ][o.o.s.l.BuiltinLogTypeLoader] [84e5e253d705] Loaded [dns_logtype.json] log type
    [2026-01-15T00:40:15,870][INFO ][o.o.s.l.BuiltinLogTypeLoader] [84e5e253d705] Loaded [cloudtrail_logtype.json] log type
    [2026-01-15T00:40:15,870][INFO ][o.o.s.l.BuiltinLogTypeLoader] [84e5e253d705] Loaded [azure_logtype.json] log type
    [2026-01-15T00:40:15,870][INFO ][o.o.s.l.BuiltinLogTypeLoader] [84e5e253d705] Loaded [apache_access_logtype.json] log type
    [2026-01-15T00:40:15,870][INFO ][o.o.s.l.BuiltinLogTypeLoader] [84e5e253d705] Loaded [ad_ldap_logtype.json] log type
    [2026-01-15T00:40:15,935][INFO ][o.o.t.TransportService   ] [84e5e253d705] publish_address {172.17.0.5:9300}, bound_addresses {[::]:9300}
    [2026-01-15T00:40:15,936][INFO ][o.o.t.TransportService   ] [84e5e253d705] Remote clusters initialized successfully.
    [2026-01-15T00:40:16,024][INFO ][o.o.c.c.Coordinator      ] [84e5e253d705] setting initial configuration to VotingConfiguration{5FXAD9vrRmKSlvaXzmEdMQ}
    [2026-01-15T00:40:16,080][INFO ][o.o.c.s.ClusterManagerService] [84e5e253d705] Tasks batched with key: org.opensearch.cluster.coordination.JoinHelper, count:3 and sample tasks: elected-as-cluster-manager ([1] nodes joined)[{84e5e253d705}{5FXAD9vrRmKSlvaXzmEdMQ}{59X4X3UYQTuf2R9dPIo1iw}{172.17.0.5}{172.17.0.5:9300}{dimr}{shard_indexing_pressure_enabled=true} elect leader, _BECOME_CLUSTER_MANAGER_TASK_, _FINISH_ELECTION_], term: 1, version: 1, delta: cluster-manager node changed {previous [], current [{84e5e253d705}{5FXAD9vrRmKSlvaXzmEdMQ}{59X4X3UYQTuf2R9dPIo1iw}{172.17.0.5}{172.17.0.5:9300}{dimr}{shard_indexing_pressure_enabled=true}]}
    [2026-01-15T00:40:16,095][INFO ][o.o.c.c.CoordinationState] [84e5e253d705] cluster UUID set to [N4mgNUrgQJK1AU962ohuxg]
    [2026-01-15T00:40:16,104][INFO ][o.o.c.s.ClusterApplierService] [84e5e253d705] cluster-manager node changed {previous [], current [{84e5e253d705}{5FXAD9vrRmKSlvaXzmEdMQ}{59X4X3UYQTuf2R9dPIo1iw}{172.17.0.5}{172.17.0.5:9300}{dimr}{shard_indexing_pressure_enabled=true}]}, term: 1, version: 1, reason: Publication{term=1, version=1}
    [2026-01-15T00:40:16,108][INFO ][o.o.t.i.IndexManagement  ] [84e5e253d705] Candidate custom result indices are empty.
    [2026-01-15T00:40:16,108][INFO ][o.o.t.i.IndexManagement  ] [84e5e253d705] Candidate custom result indices are empty.
    [2026-01-15T00:40:16,108][INFO ][o.o.t.c.ClusterEventListener] [84e5e253d705] Cluster is not recovered yet.
    [2026-01-15T00:40:16,126][INFO ][o.o.i.i.ManagedIndexCoordinator] [84e5e253d705] Cache cluster manager node onClusterManager time: 1768437616126
    [2026-01-15T00:40:16,128][WARN ][o.o.p.c.s.h.ConfigOverridesClusterSettingHandler] [84e5e253d705] Config override setting update called with empty string. Ignoring.
    [2026-01-15T00:40:16,131][INFO ][o.o.d.PeerFinder         ] [84e5e253d705] setting findPeersInterval to [1s] as node commission status = [true] for local node [{84e5e253d705}{5FXAD9vrRmKSlvaXzmEdMQ}{59X4X3UYQTuf2R9dPIo1iw}{172.17.0.5}{172.17.0.5:9300}{dimr}{shard_indexing_pressure_enabled=true}]
    [2026-01-15T00:40:16,139][WARN ][o.o.c.r.a.AllocationService] [84e5e253d705] Falling back to single shard assignment since batch mode disable or multiple custom allocators set
    [2026-01-15T00:40:16,143][INFO ][o.o.h.AbstractHttpServerTransport] [84e5e253d705] publish_address {172.17.0.5:9200}, bound_addresses {[::]:9200}
    [2026-01-15T00:40:16,143][INFO ][o.o.n.Node               ] [84e5e253d705] started
    [2026-01-15T00:40:16,143][INFO ][o.o.s.OpenSearchSecurityPlugin] [84e5e253d705] 0 OpenSearch Security modules loaded so far: []
    [2026-01-15T00:40:16,144][WARN ][o.o.c.r.a.AllocationService] [84e5e253d705] Falling back to single shard assignment since batch mode disable or multiple custom allocators set
    [2026-01-15T00:40:16,150][INFO ][o.o.t.c.HashRing         ] [84e5e253d705] Node added: [5FXAD9vrRmKSlvaXzmEdMQ]
    [2026-01-15T00:40:16,152][INFO ][o.o.t.c.HashRing         ] [84e5e253d705] Add data node to version hash ring: 5FXAD9vrRmKSlvaXzmEdMQ
    [2026-01-15T00:40:16,153][INFO ][o.o.t.c.HashRing         ] [84e5e253d705] All nodes with known version: {5FXAD9vrRmKSlvaXzmEdMQ=ADNodeInfo{version=3.0.0, isEligibleDataNode=true}}
    [2026-01-15T00:40:16,153][INFO ][o.o.t.c.HashRing         ] [84e5e253d705] Rebuild hash ring for realtime with cooldown, nodeChangeEvents size 0
    [2026-01-15T00:40:16,153][INFO ][o.o.t.c.HashRing         ] [84e5e253d705] Build version hash ring successfully
    [2026-01-15T00:40:16,153][INFO ][o.o.t.c.ADDataMigrator   ] [84e5e253d705] Start migrating AD data
    [2026-01-15T00:40:16,153][INFO ][o.o.t.c.ADDataMigrator   ] [84e5e253d705] AD job index doesn't exist, no need to migrate
    [2026-01-15T00:40:16,153][INFO ][o.o.t.c.ClusterEventListener] [84e5e253d705] Init version hash ring successfully
    [2026-01-15T00:40:16,161][INFO ][o.o.c.s.ClusterManagerTaskThrottler] [84e5e253d705] Starting cluster manager throttling as all nodes are higher than or equal to 2.5.0
    [2026-01-15T00:40:16,162][INFO ][o.o.g.GatewayService     ] [84e5e253d705] recovered [0] indices into cluster_state
    [2026-01-15T00:40:16,172][INFO ][o.o.p.PluginsService     ] [84e5e253d705] PluginService:onIndexModule index:[.opensearch-sap-log-types-config/nc1rT9n7S7uUq0ZC0Jc19Q]
    [2026-01-15T00:40:16,230][INFO ][o.o.c.m.MetadataCreateIndexService] [84e5e253d705] [.opensearch-sap-log-types-config] creating index, cause [auto(sap-logtype api)], templates [], shards [1]/[1]
    [2026-01-15T00:40:16,233][INFO ][o.o.c.r.a.AllocationService] [84e5e253d705] updating number_of_replicas to [0] for indices [.opensearch-sap-log-types-config]
    [2026-01-15T00:40:16,234][WARN ][o.o.c.r.a.AllocationService] [84e5e253d705] Falling back to single shard assignment since batch mode disable or multiple custom allocators set
    [2026-01-15T00:40:16,253][INFO ][o.o.p.PluginsService     ] [84e5e253d705] PluginService:onIndexModule index:[.opensearch-sap-log-types-config/nc1rT9n7S7uUq0ZC0Jc19Q]
    [2026-01-15T00:40:16,328][INFO ][o.o.c.r.a.AllocationService] [84e5e253d705] Cluster health status changed from [YELLOW] to [GREEN] (reason: [shards started [[.opensearch-sap-log-types-config][0]]]).
    [2026-01-15T00:40:16,340][INFO ][o.o.s.l.LogTypeService   ] [84e5e253d705] Loading builtin types!
    [2026-01-15T00:40:16,341][INFO ][o.o.s.l.LogTypeService   ] [84e5e253d705] Indexing [432] fieldMappingDocs from logTypes: 24
    [2026-01-15T00:40:16,357][WARN ][o.o.c.r.a.AllocationService] [84e5e253d705] Falling back to single shard assignment since batch mode disable or multiple custom allocators set
    [2026-01-15T00:40:16,380][INFO ][o.o.s.l.LogTypeService   ] [84e5e253d705] Indexing [432] fieldMappingDocs
    [2026-01-15T00:40:16,403][INFO ][o.o.p.PluginsService     ] [84e5e253d705] PluginService:onIndexModule index:[.opensearch-sap-log-types-config/nc1rT9n7S7uUq0ZC0Jc19Q]
    [2026-01-15T00:40:16,407][INFO ][o.o.c.m.MetadataMappingService] [84e5e253d705] [.opensearch-sap-log-types-config/nc1rT9n7S7uUq0ZC0Jc19Q] update_mapping [_doc]
    [2026-01-15T00:40:16,435][INFO ][o.o.p.PluginsService     ] [84e5e253d705] PluginService:onIndexModule index:[.opensearch-sap-log-types-config/nc1rT9n7S7uUq0ZC0Jc19Q]
    [2026-01-15T00:40:16,439][INFO ][o.o.c.m.MetadataMappingService] [84e5e253d705] [.opensearch-sap-log-types-config/nc1rT9n7S7uUq0ZC0Jc19Q] update_mapping [_doc]
    [2026-01-15T00:40:16,586][INFO ][o.o.s.l.LogTypeService   ] [84e5e253d705] Loaded [432] field mapping docs successfully!
    [2026-01-15T00:40:16,595][INFO ][o.o.s.l.LogTypeService   ] [84e5e253d705] Indexing [23] customLogTypes
    [2026-01-15T00:40:16,619][INFO ][o.o.s.l.LogTypeService   ] [84e5e253d705] Loaded [23] customLogType docs successfully!
    [2026-01-15T00:40:16,619][INFO ][o.o.s.SecurityAnalyticsPlugin] [84e5e253d705] LogType config index successfully created and builtin log types loaded
    [2026-01-15T00:40:17,133][INFO ][o.o.s.i.DetectorIndexManagementService] [84e5e253d705] info deleteOldIndices
    [2026-01-15T00:40:17,135][INFO ][o.o.s.i.DetectorIndexManagementService] [84e5e253d705] No Old Correlation Indices to delete
    [2026-01-15T00:40:17,135][INFO ][o.o.s.l.LogTypeService   ] [84e5e253d705] Indexing [23] customLogTypes
    [2026-01-15T00:40:17,135][INFO ][o.o.s.i.DetectorIndexManagementService] [84e5e253d705] info deleteOldIndices
    [2026-01-15T00:40:17,136][INFO ][o.o.s.i.DetectorIndexManagementService] [84e5e253d705] No Old IOC Findings Indices to delete
    [2026-01-15T00:40:17,143][INFO ][o.o.s.l.LogTypeService   ] [84e5e253d705] Indexing [23] customLogTypes
    [2026-01-15T00:40:17,178][INFO ][o.o.s.l.LogTypeService   ] [84e5e253d705] Loaded [23] customLogType docs successfully!
    [2026-01-15T00:40:17,187][INFO ][o.o.s.l.LogTypeService   ] [84e5e253d705] Loaded [23] customLogType docs successfully!
    [2026-01-15T00:40:17,230][INFO ][o.o.s.i.DetectorIndexManagementService] [84e5e253d705] info deleteOldIndices
    [2026-01-15T00:40:17,231][INFO ][o.o.s.i.DetectorIndexManagementService] [84e5e253d705] No Old Finding Indices to delete
    [2026-01-15T00:40:18,315][INFO ][o.o.p.PluginsService     ] [84e5e253d705] PluginService:onIndexModule index:[source_reconstruction_test/S2aTGaHHTPqaZaS29Nlobw]
    [2026-01-15T00:40:18,329][INFO ][o.o.c.m.MetadataCreateIndexService] [84e5e253d705] [source_reconstruction_test] creating index, cause [api], templates [], shards [1]/[0]
    [2026-01-15T00:40:18,330][WARN ][o.o.c.r.a.AllocationService] [84e5e253d705] Falling back to single shard assignment since batch mode disable or multiple custom allocators set
    [2026-01-15T00:40:18,345][INFO ][o.o.p.PluginsService     ] [84e5e253d705] PluginService:onIndexModule index:[source_reconstruction_test/S2aTGaHHTPqaZaS29Nlobw]
    [2026-01-15T00:40:18,374][INFO ][o.o.c.r.a.AllocationService] [84e5e253d705] Cluster health status changed from [YELLOW] to [GREEN] (reason: [shards started [[source_reconstruction_test][0]]]).
    [2026-01-15T00:40:18,389][WARN ][o.o.c.r.a.AllocationService] [84e5e253d705] Falling back to single shard assignment since batch mode disable or multiple custom allocators set
    [2026-01-15T00:40:18,448][DEPRECATION][o.o.d.c.m.MetadataCreateIndexService] [84e5e253d705] index name [.migrations_working_state] starts with a dot '.', in the next major version, index names starting with a dot are reserved for hidden indices and system indices
    [2026-01-15T00:40:18,449][INFO ][o.o.p.PluginsService     ] [84e5e253d705] PluginService:onIndexModule index:[.migrations_working_state/5aLSVsbRRhe0ALwIJKa5YA]
    [2026-01-15T00:40:18,452][INFO ][o.o.c.m.MetadataCreateIndexService] [84e5e253d705] [.migrations_working_state] creating index, cause [api], templates [], shards [1]/[1]
    [2026-01-15T00:40:18,452][WARN ][o.o.c.r.a.AllocationService] [84e5e253d705] Falling back to single shard assignment since batch mode disable or multiple custom allocators set
    [2026-01-15T00:40:18,468][INFO ][o.o.p.PluginsService     ] [84e5e253d705] PluginService:onIndexModule index:[.migrations_working_state/5aLSVsbRRhe0ALwIJKa5YA]
    [2026-01-15T00:40:18,501][WARN ][o.o.c.r.a.AllocationService] [84e5e253d705] Falling back to single shard assignment since batch mode disable or multiple custom allocators set
    [2026-01-15T00:40:18,640][INFO ][o.o.p.PluginsService     ] [84e5e253d705] PluginService:onIndexModule index:[.migrations_working_state/5aLSVsbRRhe0ALwIJKa5YA]
    [2026-01-15T00:40:18,644][INFO ][o.o.c.m.MetadataMappingService] [84e5e253d705] [.migrations_working_state/5aLSVsbRRhe0ALwIJKa5YA] update_mapping [_doc]
    [2026-01-15T00:40:19,133][WARN ][o.o.a.u.UpdateHelper     ] [84e5e253d705] Used upsert operation [noop] for script [      if (ctx._source.scriptVersion != "2.0") {        throw new IllegalArgumentException("scriptVersion mismatch.  Not all participants are using the same script: sourceVersion=" + ctx.source.scriptVersion);      }       long serverTimeSeconds = System.currentTimeMillis() / 1000;      if (Math.abs(params.clientTimestamp - serverTimeSeconds) > 3600) {        throw new IllegalArgumentException("The current times indicated between the client and server are too different.");      }      long newExpiration = params.clientTimestamp + (((long)Math.pow(2, ctx._source.nextAcquisitionLeaseExponent)) * params.expirationWindow);      if (params.expirationWindow > 0 && ctx._source.completedAt == null) {          if (ctx._source.leaseHolderId == params.workerId &&             ctx._source.expiration > serverTimeSeconds) {            ctx.op = "update";        } else if (ctx._source.expiration < serverTimeSeconds &&                      ctx._source.expiration < newExpiration) {            ctx._source.expiration = newExpiration;          ctx._source.leaseHolderId = params.workerId;          ctx._source.nextAcquisitionLeaseExponent += 1;        } else {          ctx.op = "noop";        }      } else if (params.expirationWindow != 0) {        ctx.op = "noop";      }], doing nothing...

    2026-01-15 00:40:19,540 INFO o.o.m.b.f.SearchClusterContainer [Test worker] Stopping container version:ELASTICSEARCH 5.6.16
    2026-01-15 00:40:19,554 DEBUG o.o.m.b.f.SearchClusterContainer [Test worker] Instance logs:
    [2026-01-15T00:40:04,900][INFO ][o.e.n.Node               ] [] initializing ...
    [2026-01-15T00:40:04,992][INFO ][o.e.e.NodeEnvironment    ] [cWyL53H] using [1] data paths, mounts [[/ (overlay)]], net usable_space [375.7gb], net total_space [452.1gb], spins? [possibly], types [overlay]
    [2026-01-15T00:40:04,993][INFO ][o.e.e.NodeEnvironment    ] [cWyL53H] heap size [1.9gb], compressed ordinary object pointers [true]
    [2026-01-15T00:40:04,994][INFO ][o.e.n.Node               ] node name [cWyL53H] derived from node ID [cWyL53H_ScunEYy2jjyraA]; set [node.name] to override
    [2026-01-15T00:40:04,994][INFO ][o.e.n.Node               ] version[5.6.16], pid[1], build[3a740d1/2019-03-13T15:33:36.565Z], OS[Linux/6.12.54-linuxkit/amd64], JVM[Oracle Corporation/OpenJDK 64-Bit Server VM/1.8.0_201/25.201-b09]
    [2026-01-15T00:40:04,994][INFO ][o.e.n.Node               ] JVM arguments [-Xms2g, -Xmx2g, -XX:+UseConcMarkSweepGC, -XX:CMSInitiatingOccupancyFraction=75, -XX:+UseCMSInitiatingOccupancyOnly, -XX:+AlwaysPreTouch, -Xss1m, -Djava.awt.headless=true, -Dfile.encoding=UTF-8, -Djna.nosys=true, -Djdk.io.permissionsUseCanonicalPath=true, -Dio.netty.noUnsafe=true, -Dio.netty.noKeySetOptimization=true, -Dio.netty.recycler.maxCapacityPerThread=0, -Dlog4j.shutdownHookEnabled=false, -Dlog4j2.disable.jmx=true, -Dlog4j.skipJansi=true, -XX:+HeapDumpOnOutOfMemoryError, -Des.cgroups.hierarchy.override=/, -Xms2g, -Xmx2g, -Des.path.home=/usr/share/elasticsearch]
    [2026-01-15T00:40:06,188][INFO ][o.e.p.PluginsService     ] [cWyL53H] loaded module [aggs-matrix-stats]
    [2026-01-15T00:40:06,188][INFO ][o.e.p.PluginsService     ] [cWyL53H] loaded module [ingest-common]
    [2026-01-15T00:40:06,188][INFO ][o.e.p.PluginsService     ] [cWyL53H] loaded module [lang-expression]
    [2026-01-15T00:40:06,188][INFO ][o.e.p.PluginsService     ] [cWyL53H] loaded module [lang-groovy]
    [2026-01-15T00:40:06,188][INFO ][o.e.p.PluginsService     ] [cWyL53H] loaded module [lang-mustache]
    [2026-01-15T00:40:06,188][INFO ][o.e.p.PluginsService     ] [cWyL53H] loaded module [lang-painless]
    [2026-01-15T00:40:06,188][INFO ][o.e.p.PluginsService     ] [cWyL53H] loaded module [parent-join]
    [2026-01-15T00:40:06,188][INFO ][o.e.p.PluginsService     ] [cWyL53H] loaded module [percolator]
    [2026-01-15T00:40:06,189][INFO ][o.e.p.PluginsService     ] [cWyL53H] loaded module [reindex]
    [2026-01-15T00:40:06,189][INFO ][o.e.p.PluginsService     ] [cWyL53H] loaded module [transport-netty3]
    [2026-01-15T00:40:06,189][INFO ][o.e.p.PluginsService     ] [cWyL53H] loaded module [transport-netty4]
    [2026-01-15T00:40:06,189][INFO ][o.e.p.PluginsService     ] [cWyL53H] loaded plugin [ingest-geoip]
    [2026-01-15T00:40:06,189][INFO ][o.e.p.PluginsService     ] [cWyL53H] loaded plugin [ingest-user-agent]
    [2026-01-15T00:40:06,189][INFO ][o.e.p.PluginsService     ] [cWyL53H] loaded plugin [x-pack]
    [2026-01-15T00:40:07,957][INFO ][o.e.x.m.j.p.l.CppLogMessageHandler] [controller/72] [Main.cc@128] controller (64 bit): Version 5.6.16 (Build 9ed4c28f2a8755) Copyright (c) 2019 Elasticsearch BV
    [2026-01-15T00:40:08,019][INFO ][o.e.d.DiscoveryModule    ] [cWyL53H] using discovery type [single-node]
    [2026-01-15T00:40:08,629][INFO ][o.e.n.Node               ] initialized
    [2026-01-15T00:40:08,629][INFO ][o.e.n.Node               ] [cWyL53H] starting ...
    [2026-01-15T00:40:08,812][INFO ][o.e.t.TransportService   ] [cWyL53H] publish_address {172.17.0.4:9300}, bound_addresses {[::]:9300}
    [2026-01-15T00:40:08,897][INFO ][o.e.c.s.ClusterService   ] [cWyL53H] new_master {cWyL53H}{cWyL53H_ScunEYy2jjyraA}{wgyzuQqwSQGlR1nEwYXbkQ}{172.17.0.4}{172.17.0.4:9300}{ml.max_open_jobs=10, ml.enabled=true}, reason: single-node-start-initial-join[{cWyL53H}{cWyL53H_ScunEYy2jjyraA}{wgyzuQqwSQGlR1nEwYXbkQ}{172.17.0.4}{172.17.0.4:9300}{ml.max_open_jobs=10, ml.enabled=true}]
    [2026-01-15T00:40:08,951][INFO ][o.e.h.n.Netty4HttpServerTransport] [cWyL53H] publish_address {172.17.0.4:9200}, bound_addresses {[::]:9200}
    [2026-01-15T00:40:08,952][INFO ][o.e.n.Node               ] [cWyL53H] started
    [2026-01-15T00:40:09,342][INFO ][o.e.g.GatewayService     ] [cWyL53H] recovered [0] indices into cluster_state
    [2026-01-15T00:40:09,567][INFO ][o.e.x.m.MachineLearningTemplateRegistry] [cWyL53H] successfully created .ml-meta index template
    [2026-01-15T00:40:09,614][INFO ][o.e.x.m.MachineLearningTemplateRegistry] [cWyL53H] successfully created .ml-notifications index template
    [2026-01-15T00:40:09,650][INFO ][o.e.x.m.MachineLearningTemplateRegistry] [cWyL53H] successfully created .ml-state index template
    [2026-01-15T00:40:09,730][INFO ][o.e.x.m.MachineLearningTemplateRegistry] [cWyL53H] successfully created .ml-anomalies- index template
    [2026-01-15T00:40:10,004][INFO ][o.e.l.LicenseService     ] [cWyL53H] license [f9590e20-3507-4553-8506-4c2754cb6f51] mode [trial] - valid
    [2026-01-15T00:40:16,529][INFO ][o.e.c.m.MetaDataCreateIndexService] [cWyL53H] [source_reconstruction_test] creating index, cause [api], templates [], shards [1]/[0], mappings [doc]
    [2026-01-15T00:40:16,665][INFO ][o.e.c.r.a.AllocationService] [cWyL53H] Cluster health status changed from [YELLOW] to [GREEN] (reason: [shards started [[source_reconstruction_test][0]] ...]).
    [2026-01-15T00:40:16,980][INFO ][o.e.r.RepositoriesService] [cWyL53H] put repository [null]
    [2026-01-15T00:40:17,120][INFO ][o.e.s.SnapshotShardsService] [cWyL53H] snapshot [null:snap/sowbpN4rQ8GcwJ59gNWifg] is done
    [2026-01-15T00:40:19,243][INFO ][o.e.c.m.MetaDataCreateIndexService] [cWyL53H] [.monitoring-es-6-2026.01.15] creating index, cause [auto(bulk api)], templates [.monitoring-es], shards [1]/[1], mappings [doc]
    [2026-01-15T00:40:19,530][INFO ][o.e.c.m.MetaDataCreateIndexService] [cWyL53H] [.watches] creating index, cause [auto(bulk api)], templates [watches], shards [1]/[1], mappings [watch]


NoStoredSourceMigrationTest > testSourceReconstruction(ContainerVersion, ContainerVersion) > Container(ELASTICSEARCH 6.8.23) -> Container(OPENSEARCH 3.0.0) STANDARD_OUT
    2026-01-15 00:40:19,822 INFO o.o.m.b.f.SearchClusterContainer [Test worker] Starting container version:ELASTICSEARCH 6.8.23
    2026-01-15 00:40:19,823 INFO t.d.e.c.8.23 [Test worker] Creating container for image: docker.elastic.co/elasticsearch/elasticsearch-oss:6.8.23
    2026-01-15 00:40:19,844 INFO t.d.e.c.8.23 [Test worker] Container docker.elastic.co/elasticsearch/elasticsearch-oss:6.8.23 is starting: 36b5ccc38cc4c2ee5925d2a446f4ea79ae54c650fd26c58e2e396e84ca379eef
    2026-01-15 00:40:19,941 WARN t.d.e.c.8.23 [Test worker] The architecture 'amd64' for image 'docker.elastic.co/elasticsearch/elasticsearch-oss:6.8.23' (ID sha256:740c3614289539e9782b8a3c4de5100599bbec669d6c56bc21a76eea661e80a5) does not match the Docker server architecture 'arm64'. This will cause the container to execute much more slowly due to emulation and may lead to timeout failures.
    2026-01-15 00:40:19,941 INFO o.t.c.w.s.HttpWaitStrategy [Test worker] /recursing_dijkstra: Waiting for 60 seconds for URL: http://localhost:49278/ (where port 49278 maps to container port 9200)
    2026-01-15 00:40:27,034 INFO t.d.e.c.8.23 [Test worker] Container docker.elastic.co/elasticsearch/elasticsearch-oss:6.8.23 started in PT7.210516S
    2026-01-15 00:40:27,034 INFO o.o.m.b.f.SearchClusterContainer [Test worker] Starting container version:OPENSEARCH 3.0.0
    2026-01-15 00:40:27,034 INFO t.o.0.0 [Test worker] Creating container for image: opensearchproject/opensearch:3.0.0
    2026-01-15 00:40:27,055 INFO t.o.0.0 [Test worker] Container opensearchproject/opensearch:3.0.0 is starting: 95158d0be5ec0ace0f3f9f15cf9bdbca33e3630a17fe5892e1ed5875d202ec16
    2026-01-15 00:40:27,151 INFO o.t.c.w.s.HttpWaitStrategy [Test worker] /angry_poincare: Waiting for 60 seconds for URL: http://localhost:49321/ (where port 49321 maps to container port 9200)
    2026-01-15 00:40:34,146 INFO t.o.0.0 [Test worker] Container opensearchproject/opensearch:3.0.0 started in PT7.111625S
    2026-01-15 00:40:34,147 INFO o.o.m.b.NoStoredSourceMigrationTest [Test worker] Source version: Container(ELASTICSEARCH 6.8.23), Target version: Container(OPENSEARCH 3.0.0)
    2026-01-15 00:40:34,147 INFO o.o.m.b.NoStoredSourceMigrationTest [Test worker] Index body: {"settings":{"number_of_shards":1,"number_of_replicas":0},"mappings":{"doc":{"_source":{"enabled":false},"properties":{"keyword_dv_store": {"type": "keyword", "store": true},
    "keyword_dv_nostore": {"type": "keyword"},
    "keyword_nodv_store": {"type": "keyword", "doc_values": false, "store": true},
    "keyword_nodv_nostore": {"type": "keyword", "doc_values": false},
    "boolean_dv_store": {"type": "boolean", "store": true},
    "boolean_dv_nostore": {"type": "boolean"},
    "boolean_nodv_store": {"type": "boolean", "doc_values": false, "store": true},
    "boolean_nodv_nostore": {"type": "boolean", "doc_values": false},
    "binary_nodv_store": {"type": "binary", "store": true},
    "binary_nodv_nostore": {"type": "binary"},
    "integer_dv_store": {"type": "integer", "store": true},
    "integer_dv_nostore": {"type": "integer"},
    "integer_nodv_store": {"type": "integer", "doc_values": false, "store": true},
    "integer_nodv_nostore": {"type": "integer", "doc_values": false},
    "long_dv_store": {"type": "long", "store": true},
    "long_dv_nostore": {"type": "long"},
    "long_nodv_store": {"type": "long", "doc_values": false, "store": true},
    "long_nodv_nostore": {"type": "long", "doc_values": false},
    "float_dv_store": {"type": "float", "store": true},
    "float_dv_nostore": {"type": "float"},
    "float_nodv_store": {"type": "float", "doc_values": false, "store": true},
    "float_nodv_nostore": {"type": "float", "doc_values": false},
    "double_dv_store": {"type": "double", "store": true},
    "double_dv_nostore": {"type": "double"},
    "double_nodv_store": {"type": "double", "doc_values": false, "store": true},
    "double_nodv_nostore": {"type": "double", "doc_values": false},
    "ip_dv_store": {"type": "ip", "store": true},
    "ip_dv_nostore": {"type": "ip"},
    "ip_nodv_store": {"type": "ip", "doc_values": false, "store": true},
    "ip_nodv_nostore": {"type": "ip", "doc_values": false},
    "ipv6_dv_store": {"type": "ip", "store": true},
    "ipv6_dv_nostore": {"type": "ip"},
    "ipv6_nodv_store": {"type": "ip", "doc_values": false, "store": true},
    "ipv6_nodv_nostore": {"type": "ip", "doc_values": false},
    "date_dv_store": {"type": "date", "store": true},
    "date_dv_nostore": {"type": "date"},
    "date_nodv_store": {"type": "date", "doc_values": false, "store": true},
    "date_nodv_nostore": {"type": "date", "doc_values": false},
    "scaled_float_dv_store": {"type": "scaled_float", "scaling_factor": 100, "store": true},
    "scaled_float_dv_nostore": {"type": "scaled_float", "scaling_factor": 100},
    "scaled_float_nodv_store": {"type": "scaled_float", "scaling_factor": 100, "doc_values": false, "store": true},
    "scaled_float_nodv_nostore": {"type": "scaled_float", "scaling_factor": 100, "doc_values": false},
    "geo_point_dv_store": {"type": "geo_point", "store": true},
    "geo_point_dv_nostore": {"type": "geo_point"},
    "geo_point_nodv_store": {"type": "geo_point", "doc_values": false, "store": true},
    "geo_point_nodv_nostore": {"type": "geo_point", "doc_values": false}}}}}
    2026-01-15 00:40:34,147 INFO o.o.m.b.NoStoredSourceMigrationTest [Test worker] Document: {"keyword_dv_store": "test_kw",
    "keyword_dv_nostore": "test_kw",
    "keyword_nodv_store": "test_kw",
    "keyword_nodv_nostore": "test_kw",
    "boolean_dv_store": true,
    "boolean_dv_nostore": true,
    "boolean_nodv_store": true,
    "boolean_nodv_nostore": true,
    "binary_nodv_store": "dGVzdA==",
    "binary_nodv_nostore": "dGVzdA==",
    "integer_dv_store": 42,
    "integer_dv_nostore": 42,
    "integer_nodv_store": 42,
    "integer_nodv_nostore": 42,
    "long_dv_store": 9999,
    "long_dv_nostore": 9999,
    "long_nodv_store": 9999,
    "long_nodv_nostore": 9999,
    "float_dv_store": 3.14,
    "float_dv_nostore": 3.14,
    "float_nodv_store": 3.14,
    "float_nodv_nostore": 3.14,
    "double_dv_store": 2.71828,
    "double_dv_nostore": 2.71828,
    "double_nodv_store": 2.71828,
    "double_nodv_nostore": 2.71828,
    "ip_dv_store": "192.168.1.1",
    "ip_dv_nostore": "192.168.1.1",
    "ip_nodv_store": "192.168.1.1",
    "ip_nodv_nostore": "192.168.1.1",
    "ipv6_dv_store": "2001:db8:85a3::8a2e:370:7334",
    "ipv6_dv_nostore": "2001:db8:85a3::8a2e:370:7334",
    "ipv6_nodv_store": "2001:db8:85a3::8a2e:370:7334",
    "ipv6_nodv_nostore": "2001:db8:85a3::8a2e:370:7334",
    "date_dv_store": "2024-01-15T10:30:00.000Z",
    "date_dv_nostore": "2024-01-15T10:30:00.000Z",
    "date_nodv_store": "2024-01-15T10:30:00.000Z",
    "date_nodv_nostore": "2024-01-15T10:30:00.000Z",
    "scaled_float_dv_store": 123.45,
    "scaled_float_dv_nostore": 123.45,
    "scaled_float_nodv_store": 123.45,
    "scaled_float_nodv_nostore": 123.45,
    "geo_point_dv_store": {"lat":40.7128,"lon":-74.006},
    "geo_point_dv_nostore": {"lat":40.7128,"lon":-74.006},
    "geo_point_nodv_store": {"lat":40.7128,"lon":-74.006},
    "geo_point_nodv_nostore": {"lat":40.7128,"lon":-74.006}}
    2026-01-15 00:40:34,447 INFO o.o.m.b.h.ClusterOperations [Test worker] PUT /source_reconstruction_test
    {"settings":{"number_of_shards":1,"number_of_replicas":0},"mappings":{"doc":{"_source":{"enabled":false},"properties":{"keyword_dv_store": {"type": "keyword", "store": true},
    "keyword_dv_nostore": {"type": "keyword"},
    "keyword_nodv_store": {"type": "keyword", "doc_values": false, "store": true},
    "keyword_nodv_nostore": {"type": "keyword", "doc_values": false},
    "boolean_dv_store": {"type": "boolean", "store": true},
    "boolean_dv_nostore": {"type": "boolean"},
    "boolean_nodv_store": {"type": "boolean", "doc_values": false, "store": true},
    "boolean_nodv_nostore": {"type": "boolean", "doc_values": false},
    "binary_nodv_store": {"type": "binary", "store": true},
    "binary_nodv_nostore": {"type": "binary"},
    "integer_dv_store": {"type": "integer", "store": true},
    "integer_dv_nostore": {"type": "integer"},
    "integer_nodv_store": {"type": "integer", "doc_values": false, "store": true},
    "integer_nodv_nostore": {"type": "integer", "doc_values": false},
    "long_dv_store": {"type": "long", "store": true},
    ...
    Response: 200
    {"acknowledged":true,"shards_acknowledged":true,"index":"source_reconstruction_test"}
    2026-01-15 00:40:34,566 INFO o.o.m.b.h.ClusterOperations [Test worker] PUT /source_reconstruction_test/_doc/1
    {"keyword_dv_store": "test_kw",
    "keyword_dv_nostore": "test_kw",
    "keyword_nodv_store": "test_kw",
    "keyword_nodv_nostore": "test_kw",
    "boolean_dv_store": true,
    "boolean_dv_nostore": true,
    "boolean_nodv_store": true,
    "boolean_nodv_nostore": true,
    "binary_nodv_store": "dGVzdA==",
    "binary_nodv_nostore": "dGVzdA==",
    "integer_dv_store": 42,
    "integer_dv_nostore": 42,
    "integer_nodv_store": 42,
    "integer_nodv_nostore": 42,
    "long_dv_store": 9999,
    "long_dv_nostore": 9999,
    "long_nodv_store": 9999,
    "long_nodv_nostore": 9999,
    "float_dv_store": 3.14,
    "float_dv_nostore": 3.14,
    "float_nodv_store": 3.14,
    "float_nodv_nostore": 3.14,
    "double_dv_store": 2.71828,
    "double_dv_nostore": 2.71828,
    "double_nodv_store": 2.71828,
    "double_nodv_nostore": 2.71828,
    "ip_dv_store": "192.168.1.1",
    "ip_dv_nostore": "192.168.1.1",
    "ip_nodv_store": "192.168.1.1",
    "ip_nodv_nostore": "192.168.1.1",
    "ipv6_dv_store": "2001:db8:85a3::8a2e:370:7334",
    "ipv6_dv_nostore": "2001:db8:85a3::8a2e:370:7334",
    "ipv6_nodv_store": "2001:db8:85...
    Response: 201
    {"_index":"source_reconstruction_test","_type":"_doc","_id":"1","_version":1,"result":"created","_shards":{"total":1,"successful":1,"failed":0},"_seq_no":0,"_primary_term":1}
    2026-01-15 00:40:34,631 INFO o.o.m.b.h.ClusterOperations [Test worker] POST /_refresh

    Response: 200
    {"_shards":{"total":1,"successful":1,"failed":0}}
    2026-01-15 00:40:34,647 INFO o.o.m.b.w.SnapshotRunner [Test worker] Attempting to initiate the snapshot...
    2026-01-15 00:40:34,647 INFO o.o.m.b.c.OpenSearchClient [Test worker] Starting registerSnapshotRepo for repoName=null
    2026-01-15 00:40:34,674 INFO o.o.m.b.c.OpenSearchClient [Test worker] Completed registerSnapshotRepo for repoName=null in 27 ms with statusCode=200
    2026-01-15 00:40:34,674 INFO o.o.m.b.c.SnapshotCreator [Test worker] Snapshot repo registration successful
    2026-01-15 00:40:34,674 INFO o.o.m.b.c.OpenSearchClient [Test worker] Starting createSnapshot for repoName=null, snapshotName=snap
    2026-01-15 00:40:34,703 INFO o.o.m.b.c.OpenSearchClient [Test worker] Completed createSnapshot for repoName=null, snapshotName=snap in 29 ms with statusCode=200
    2026-01-15 00:40:34,703 INFO o.o.m.b.c.SnapshotCreator [Test worker] Snapshot snap creation initiated
    2026-01-15 00:40:34,704 INFO o.o.m.b.w.SnapshotRunner [Test worker] Snapshot in progress...
    2026-01-15 00:40:34,704 INFO o.o.m.b.c.OpenSearchClient [Test worker] Starting getSnapshotStatus for repoName=null, snapshotName=snap
    2026-01-15 00:40:34,713 INFO o.o.m.b.c.OpenSearchClient [Test worker] Completed getSnapshotStatus for repoName=null, snapshotName=snap in 9 ms with statusCode=200
    2026-01-15 00:40:34,714 INFO o.o.m.b.w.SnapshotRunner [Test worker] Snapshot not finished yet; sleeping for 1000ms...
    2026-01-15 00:40:35,718 INFO o.o.m.b.c.OpenSearchClient [Test worker] Starting getSnapshotStatus for repoName=null, snapshotName=snap
    2026-01-15 00:40:35,759 INFO o.o.m.b.c.OpenSearchClient [Test worker] Completed getSnapshotStatus for repoName=null, snapshotName=snap in 41 ms with statusCode=200
    2026-01-15 00:40:35,843 DEBUG o.o.m.b.f.SearchClusterContainer [Test worker] Process Exit Code: 0
    2026-01-15 00:40:35,843 DEBUG o.o.m.b.f.SearchClusterContainer [Test worker] Standard Output: /tmp/snapshots/indices/vUayy7vlRICxUhKEFsSykA/meta-GrV9kouFT8yly3IzHCsJ0w.dat
    /tmp/snapshots/indices/vUayy7vlRICxUhKEFsSykA/0/__Sk2dPPFaTymK_ciSEPpPXA
    /tmp/snapshots/indices/vUayy7vlRICxUhKEFsSykA/0/__twwDXTKJTQaEyUyx3QzZOA
    /tmp/snapshots/indices/vUayy7vlRICxUhKEFsSykA/0/__td9xXPfUQ_eUu4raP9oN7w
    /tmp/snapshots/indices/vUayy7vlRICxUhKEFsSykA/0/snap-GrV9kouFT8yly3IzHCsJ0w.dat
    /tmp/snapshots/indices/vUayy7vlRICxUhKEFsSykA/0/index-0
    /tmp/snapshots/indices/vUayy7vlRICxUhKEFsSykA/0/__bOkMkZnPSESUKWLv-2GcaQ
    /tmp/snapshots/meta-GrV9kouFT8yly3IzHCsJ0w.dat
    /tmp/snapshots/incompatible-snapshots
    /tmp/snapshots/snap-GrV9kouFT8yly3IzHCsJ0w.dat
    /tmp/snapshots/index.latest
    /tmp/snapshots/index-0

    2026-01-15 00:40:35,843 DEBUG o.o.m.b.f.SearchClusterContainer [Test worker] Standard Error : 
    2026-01-15 00:40:35,844 INFO o.o.m.b.f.SearchClusterContainer [Test worker] Copying file /tmp/snapshots/indices/vUayy7vlRICxUhKEFsSykA/meta-GrV9kouFT8yly3IzHCsJ0w.dat from container onto /var/folders/d9/7fcs2fv55k59ps6tpm5gdv900000gq/T/junit-15510745640209721380/indices/vUayy7vlRICxUhKEFsSykA/meta-GrV9kouFT8yly3IzHCsJ0w.dat
    2026-01-15 00:40:35,850 INFO o.o.m.b.f.SearchClusterContainer [Test worker] Copying file /tmp/snapshots/indices/vUayy7vlRICxUhKEFsSykA/0/__Sk2dPPFaTymK_ciSEPpPXA from container onto /var/folders/d9/7fcs2fv55k59ps6tpm5gdv900000gq/T/junit-15510745640209721380/indices/vUayy7vlRICxUhKEFsSykA/0/__Sk2dPPFaTymK_ciSEPpPXA
    2026-01-15 00:40:35,855 INFO o.o.m.b.f.SearchClusterContainer [Test worker] Copying file /tmp/snapshots/indices/vUayy7vlRICxUhKEFsSykA/0/__twwDXTKJTQaEyUyx3QzZOA from container onto /var/folders/d9/7fcs2fv55k59ps6tpm5gdv900000gq/T/junit-15510745640209721380/indices/vUayy7vlRICxUhKEFsSykA/0/__twwDXTKJTQaEyUyx3QzZOA
    2026-01-15 00:40:35,861 INFO o.o.m.b.f.SearchClusterContainer [Test worker] Copying file /tmp/snapshots/indices/vUayy7vlRICxUhKEFsSykA/0/__td9xXPfUQ_eUu4raP9oN7w from container onto /var/folders/d9/7fcs2fv55k59ps6tpm5gdv900000gq/T/junit-15510745640209721380/indices/vUayy7vlRICxUhKEFsSykA/0/__td9xXPfUQ_eUu4raP9oN7w
    2026-01-15 00:40:35,866 INFO o.o.m.b.f.SearchClusterContainer [Test worker] Copying file /tmp/snapshots/indices/vUayy7vlRICxUhKEFsSykA/0/snap-GrV9kouFT8yly3IzHCsJ0w.dat from container onto /var/folders/d9/7fcs2fv55k59ps6tpm5gdv900000gq/T/junit-15510745640209721380/indices/vUayy7vlRICxUhKEFsSykA/0/snap-GrV9kouFT8yly3IzHCsJ0w.dat
    2026-01-15 00:40:35,871 INFO o.o.m.b.f.SearchClusterContainer [Test worker] Copying file /tmp/snapshots/indices/vUayy7vlRICxUhKEFsSykA/0/index-0 from container onto /var/folders/d9/7fcs2fv55k59ps6tpm5gdv900000gq/T/junit-15510745640209721380/indices/vUayy7vlRICxUhKEFsSykA/0/index-0
    2026-01-15 00:40:35,874 INFO o.o.m.b.f.SearchClusterContainer [Test worker] Copying file /tmp/snapshots/indices/vUayy7vlRICxUhKEFsSykA/0/__bOkMkZnPSESUKWLv-2GcaQ from container onto /var/folders/d9/7fcs2fv55k59ps6tpm5gdv900000gq/T/junit-15510745640209721380/indices/vUayy7vlRICxUhKEFsSykA/0/__bOkMkZnPSESUKWLv-2GcaQ
    2026-01-15 00:40:35,878 INFO o.o.m.b.f.SearchClusterContainer [Test worker] Copying file /tmp/snapshots/meta-GrV9kouFT8yly3IzHCsJ0w.dat from container onto /var/folders/d9/7fcs2fv55k59ps6tpm5gdv900000gq/T/junit-15510745640209721380/meta-GrV9kouFT8yly3IzHCsJ0w.dat
    2026-01-15 00:40:35,883 INFO o.o.m.b.f.SearchClusterContainer [Test worker] Copying file /tmp/snapshots/incompatible-snapshots from container onto /var/folders/d9/7fcs2fv55k59ps6tpm5gdv900000gq/T/junit-15510745640209721380/incompatible-snapshots
    2026-01-15 00:40:35,887 INFO o.o.m.b.f.SearchClusterContainer [Test worker] Copying file /tmp/snapshots/snap-GrV9kouFT8yly3IzHCsJ0w.dat from container onto /var/folders/d9/7fcs2fv55k59ps6tpm5gdv900000gq/T/junit-15510745640209721380/snap-GrV9kouFT8yly3IzHCsJ0w.dat
    2026-01-15 00:40:35,891 INFO o.o.m.b.f.SearchClusterContainer [Test worker] Copying file /tmp/snapshots/index.latest from container onto /var/folders/d9/7fcs2fv55k59ps6tpm5gdv900000gq/T/junit-15510745640209721380/index.latest
    2026-01-15 00:40:35,894 INFO o.o.m.b.f.SearchClusterContainer [Test worker] Copying file /tmp/snapshots/index-0 from container onto /var/folders/d9/7fcs2fv55k59ps6tpm5gdv900000gq/T/junit-15510745640209721380/index-0
    2026-01-15 00:40:35,898 INFO o.o.m.b.NoStoredSourceMigrationTest [Test worker] Target index body: {"settings":{"number_of_shards":1,"number_of_replicas":0},"mappings":{"properties":{"keyword_dv_store": {"type": "keyword"},
    "keyword_dv_nostore": {"type": "keyword"},
    "keyword_nodv_store": {"type": "keyword"},
    "keyword_nodv_nostore": {"type": "keyword"},
    "boolean_dv_store": {"type": "boolean"},
    "boolean_dv_nostore": {"type": "boolean"},
    "boolean_nodv_store": {"type": "boolean"},
    "boolean_nodv_nostore": {"type": "boolean"},
    "binary_nodv_store": {"type": "binary"},
    "binary_nodv_nostore": {"type": "binary"},
    "integer_dv_store": {"type": "integer"},
    "integer_dv_nostore": {"type": "integer"},
    "integer_nodv_store": {"type": "integer"},
    "integer_nodv_nostore": {"type": "integer"},
    "long_dv_store": {"type": "long"},
    "long_dv_nostore": {"type": "long"},
    "long_nodv_store": {"type": "long"},
    "long_nodv_nostore": {"type": "long"},
    "float_dv_store": {"type": "float"},
    "float_dv_nostore": {"type": "float"},
    "float_nodv_store": {"type": "float"},
    "float_nodv_nostore": {"type": "float"},
    "double_dv_store": {"type": "double"},
    "double_dv_nostore": {"type": "double"},
    "double_nodv_store": {"type": "double"},
    "double_nodv_nostore": {"type": "double"},
    "ip_dv_store": {"type": "ip"},
    "ip_dv_nostore": {"type": "ip"},
    "ip_nodv_store": {"type": "ip"},
    "ip_nodv_nostore": {"type": "ip"},
    "ipv6_dv_store": {"type": "ip"},
    "ipv6_dv_nostore": {"type": "ip"},
    "ipv6_nodv_store": {"type": "ip"},
    "ipv6_nodv_nostore": {"type": "ip"},
    "date_dv_store": {"type": "date"},
    "date_dv_nostore": {"type": "date"},
    "date_nodv_store": {"type": "date"},
    "date_nodv_nostore": {"type": "date"},
    "scaled_float_dv_store": {"type": "scaled_float", "scaling_factor": 100},
    "scaled_float_dv_nostore": {"type": "scaled_float", "scaling_factor": 100},
    "scaled_float_nodv_store": {"type": "scaled_float", "scaling_factor": 100},
    "scaled_float_nodv_nostore": {"type": "scaled_float", "scaling_factor": 100},
    "geo_point_dv_store": {"type": "geo_point"},
    "geo_point_dv_nostore": {"type": "geo_point"},
    "geo_point_nodv_store": {"type": "geo_point"},
    "geo_point_nodv_nostore": {"type": "geo_point"}}}}
    2026-01-15 00:40:35,967 INFO o.o.m.b.h.ClusterOperations [Test worker] PUT /source_reconstruction_test
    {"settings":{"number_of_shards":1,"number_of_replicas":0},"mappings":{"properties":{"keyword_dv_store": {"type": "keyword"},
    "keyword_dv_nostore": {"type": "keyword"},
    "keyword_nodv_store": {"type": "keyword"},
    "keyword_nodv_nostore": {"type": "keyword"},
    "boolean_dv_store": {"type": "boolean"},
    "boolean_dv_nostore": {"type": "boolean"},
    "boolean_nodv_store": {"type": "boolean"},
    "boolean_nodv_nostore": {"type": "boolean"},
    "binary_nodv_store": {"type": "binary"},
    "binary_nodv_nostore": {"type": "binary"},
    "integer_dv_store": {"type": "integer"},
    "integer_dv_nostore": {"type": "integer"},
    "integer_nodv_store": {"type": "integer"},
    "integer_nodv_nostore": {"type": "integer"},
    "long_dv_store": {"type": "long"},
    "long_dv_nostore": {"type": "long"},
    "long_nodv_store": {"type": "long"},
    "long_nodv_nostore": {"type": "long"},
    "float_dv_store": {"type": "float"},
    "float_dv_nostore": {"type": "float"},
    "float_nodv_store": {"type": "float"},
    "float_nodv_nostore": {"type": "float"},
    "double_dv_s...
    Response: 200
    {"acknowledged":true,"shards_acknowledged":true,"index":"source_reconstruction_test"}
    2026-01-15 00:40:35,968 INFO o.o.m.c.ClusterProviderRegistry [Test worker] Found snapshot resource reader SnapshotReader_ES_6_8 for version: ELASTICSEARCH 6.8.23
    2026-01-15 00:40:35,968 INFO o.o.m.b.SourceTestBase [Test worker] nextClockShift=230
    2026-01-15 00:40:35,969 INFO o.o.m.b.l.LuceneIndexReader$Factory [Test worker] Creating IndexReader7
    2026-01-15 00:40:35,974 INFO o.o.m.t.TransformationLoader [Test worker] Adding IJsonTransfomerProvider: org.opensearch.migrations.transformation.JsonTransformerForDocumentTypeRemovalProvider@1b0c819
    2026-01-15 00:40:35,975 INFO o.o.m.t.TransformationLoader [Test worker] Adding IJsonTransfomerProvider: org.opensearch.migrations.transform.JsonConditionalTransformerProvider@8538bb8
    2026-01-15 00:40:35,975 INFO o.o.m.t.TransformationLoader [Test worker] Adding IJsonTransfomerProvider: org.opensearch.migrations.transform.TypeMappingSanitizationTransformerProvider@17ee90a2
    2026-01-15 00:40:35,975 INFO o.o.m.t.TransformationLoader [Test worker] Adding IJsonTransfomerProvider: org.opensearch.migrations.transform.JsonJSTransformerProvider@7d00bc8
    2026-01-15 00:40:35,975 INFO o.o.m.t.TransformationLoader [Test worker] Adding IJsonTransfomerProvider: org.opensearch.migrations.transform.JsonJoltTransformerProvider@edc1a6d
    2026-01-15 00:40:35,975 INFO o.o.m.t.TransformationLoader [Test worker] Adding IJsonTransfomerProvider: org.opensearch.migrations.transform.JsonJMESPathTransformerProvider@2f5200f2
    2026-01-15 00:40:35,975 INFO o.o.m.t.TransformationLoader [Test worker] Adding IJsonTransfomerProvider: org.opensearch.migrations.transform.NoopTransformerProvider@1ccb535f
    2026-01-15 00:40:35,975 INFO o.o.m.t.TransformationLoader [Test worker] IJsonTransformerProviders loaded: class org.opensearch.migrations.transformation.JsonTransformerForDocumentTypeRemovalProvider; class org.opensearch.migrations.transform.JsonConditionalTransformerProvider; class org.opensearch.migrations.transform.TypeMappingSanitizationTransformerProvider; class org.opensearch.migrations.transform.JsonJSTransformerProvider; class org.opensearch.migrations.transform.JsonJoltTransformerProvider; class org.opensearch.migrations.transform.JsonJMESPathTransformerProvider; class org.opensearch.migrations.transform.NoopTransformerProvider
    2026-01-15 00:40:35,976 INFO o.o.m.t.TransformationLoader [Test worker] Creating a transformer through provider=org.opensearch.migrations.transformation.JsonTransformerForDocumentTypeRemovalProvider@1b0c819 with configuration=
    2026-01-15 00:40:35,981 INFO o.o.m.b.c.OpenSearchClientFactory [Test worker] Checking compression on cluster
    2026-01-15 00:40:35,996 INFO o.o.m.b.c.OpenSearchClientFactory [reactor-http-kqueue-9] After querying target, compression=false
    2026-01-15 00:40:36,002 INFO o.o.m.b.w.OpenSearchWorkCoordinator [Test worker] Creating .migrations_working_state because HEAD returned 404
    2026-01-15 00:40:36,232 INFO o.o.m.b.w.ScopedWorkCoordinator [Test worker] Acquired work item: shard_setup with lease expiration at 2026-01-15T00:45:36.060898Z
    2026-01-15 00:40:36,233 INFO o.o.m.b.w.ShardWorkPreparer [Test worker] Acquired work to set the shard workitems
    2026-01-15 00:40:36,233 INFO o.o.m.b.w.ShardWorkPreparer [Test worker] Setting up the Documents Work Items...
    2026-01-15 00:40:36,238 INFO o.o.m.b.w.ShardWorkPreparer [Test worker] Index source_reconstruction_test has 1 shards
    2026-01-15 00:40:36,238 INFO o.o.m.b.w.ShardWorkPreparer [Test worker] Creating Documents Work Item for index: source_reconstruction_test, shard: 0
    2026-01-15 00:40:36,252 INFO o.o.m.b.w.ShardWorkPreparer [Test worker] Finished setting up the Documents Work Items.
    2026-01-15 00:40:36,252 INFO o.o.m.b.w.ScopedWorkCoordinator [Test worker] Finished onAcquiredWork for work item: shard_setup in 20 ms
    2026-01-15 00:40:36,271 INFO o.o.m.b.w.ScopedWorkCoordinator [Test worker] Marked work item shard_setup as completed and released lease
    2026-01-15 00:40:36,349 INFO o.o.m.b.w.OpenSearchWorkCoordinator [Test worker] Returning work item and lease: OpenSearchWorkCoordinator.WorkItemWithPotentialSuccessors(workItemId=source_reconstruction_test__0__-2147483648, leaseExpirationTime=2026-01-15T00:50:36Z, successorWorkItemIds=[])
    2026-01-15 00:40:36,349 INFO o.o.m.b.w.ScopedWorkCoordinator [Test worker] Acquired work item: source_reconstruction_test__0__-2147483648 with lease expiration at 2026-01-15T00:50:36Z
    2026-01-15 00:40:36,349 INFO o.o.m.b.w.DocumentsRunner [Test worker] Acquired work item: source_reconstruction_test__0__-2147483648
    2026-01-15 00:40:36,349 INFO o.o.m.b.w.DocumentsRunner [Test worker] Migrating docs for source_reconstruction_test__0__-2147483648
    2026-01-15 00:40:36,357 INFO o.o.m.RfsMigrateDocuments [Test worker] Shard size: 11807 for snapshotName=snap indexName=source_reconstruction_test shardId=0
    2026-01-15 00:40:36,359 INFO o.o.m.b.c.SnapshotShardUnpacker [Test worker] Starting parallel unpacking of 4 files for shard 0 with 12 threads
    2026-01-15 00:40:36,359 INFO o.o.m.b.c.SnapshotShardUnpacker [boundedElastic-2] Unpacking - Blob Name: __Sk2dPPFaTymK_ciSEPpPXA, Lucene Name: _0.cfs
    2026-01-15 00:40:36,359 INFO o.o.m.b.c.SnapshotShardUnpacker [boundedElastic-3] Unpacking - Blob Name: __bOkMkZnPSESUKWLv-2GcaQ, Lucene Name: _0.si
    2026-01-15 00:40:36,359 INFO o.o.m.b.c.SnapshotShardUnpacker [boundedElastic-1] Unpacking - Blob Name: __twwDXTKJTQaEyUyx3QzZOA, Lucene Name: segments_3
    2026-01-15 00:40:36,359 INFO o.o.m.b.c.SnapshotShardUnpacker [boundedElastic-4] Unpacking - Blob Name: __td9xXPfUQ_eUu4raP9oN7w, Lucene Name: _0.cfe
    2026-01-15 00:40:36,362 INFO o.o.m.b.c.SnapshotShardUnpacker [Test worker] Successfully unpacked 4 files for shard 0
    2026-01-15 00:40:36,363 INFO o.o.m.b.l.LuceneIndexReader$Factory [Test worker] Creating IndexReader7
    2026-01-15 00:40:36,384 INFO o.o.m.b.w.DocumentsRunner [Test worker] Setting up doc migration for index=source_reconstruction_test, shard=0
    2026-01-15 00:40:36,386 INFO o.o.m.RfsMigrateDocuments [Test worker] Shard size: 11807 for snapshotName=snap indexName=source_reconstruction_test shardId=0
    2026-01-15 00:40:36,497 INFO o.o.m.b.l.LuceneReader [Test worker] 1 documents in 1 leaves found in the current Lucene index
    2026-01-15 00:40:36,499 INFO o.o.m.b.w.DocumentsRunner [Test worker] Waiting on latch for index=source_reconstruction_test, shard=0...
    2026-01-15 00:40:36,500 INFO o.o.m.b.w.DocumentsRunner [workFinishScheduler-4] Subscribed to docMigrationCursors for index=source_reconstruction_test, shard=0
    2026-01-15 00:40:36,513 INFO o.o.m.b.c.DocumentReindexer [DocumentBatchReindexer-11] Last doc is: Source Index source_reconstruction_test Lucene Doc Number 0
    2026-01-15 00:40:36,513 INFO o.o.m.b.c.DocumentReindexer [DocumentBatchReindexer-11] Batch Id:d3507a3b-3704-414f-a391-7119627e733c, 1 documents in current bulk request.
    2026-01-15 00:40:36,531 INFO o.o.m.b.w.DocumentsRunner [DocumentBatchReindexer-12] Completed docMigration for index=source_reconstruction_test, shard=0
    2026-01-15 00:40:36,531 INFO o.o.m.b.w.DocumentsRunner [DocumentBatchReindexer-12] Terminating docMigration Flux for index=source_reconstruction_test, shard=0
    2026-01-15 00:40:36,531 INFO o.o.m.b.w.DocumentsRunner [DocumentBatchReindexer-12] Reindexing completed for Index source_reconstruction_test, Shard 0
    2026-01-15 00:40:36,531 INFO o.o.m.b.w.DocumentsRunner [Test worker] Latch released after 31 ms for index=source_reconstruction_test, shard=0
    2026-01-15 00:40:36,531 INFO o.o.m.b.w.ScopedWorkCoordinator [Test worker] Finished onAcquiredWork for work item: source_reconstruction_test__0__-2147483648 in 182 ms
    2026-01-15 00:40:36,543 INFO o.o.m.b.w.ScopedWorkCoordinator [Test worker] Marked work item source_reconstruction_test__0__-2147483648 as completed and released lease
    2026-01-15 00:40:36,551 INFO o.o.m.u.FileSystemUtils [Test worker] Successfully deleted directory tree at /var/folders/d9/7fcs2fv55k59ps6tpm5gdv900000gq/T/opensearchMigrationReindexFromSnapshot_test_lucene14538494871612191814
    2026-01-15 00:40:36,551 INFO o.o.m.c.ClusterProviderRegistry [Test worker] Found snapshot resource reader SnapshotReader_ES_6_8 for version: ELASTICSEARCH 6.8.23
    2026-01-15 00:40:36,551 INFO o.o.m.b.SourceTestBase [Test worker] nextClockShift=-90
    2026-01-15 00:40:36,552 INFO o.o.m.b.l.LuceneIndexReader$Factory [Test worker] Creating IndexReader7
    2026-01-15 00:40:36,552 INFO o.o.m.t.TransformationLoader [Test worker] Adding IJsonTransfomerProvider: org.opensearch.migrations.transformation.JsonTransformerForDocumentTypeRemovalProvider@143a972d
    2026-01-15 00:40:36,552 INFO o.o.m.t.TransformationLoader [Test worker] Adding IJsonTransfomerProvider: org.opensearch.migrations.transform.JsonConditionalTransformerProvider@53e57cee
    2026-01-15 00:40:36,552 INFO o.o.m.t.TransformationLoader [Test worker] Adding IJsonTransfomerProvider: org.opensearch.migrations.transform.TypeMappingSanitizationTransformerProvider@656272fb
    2026-01-15 00:40:36,552 INFO o.o.m.t.TransformationLoader [Test worker] Adding IJsonTransfomerProvider: org.opensearch.migrations.transform.JsonJSTransformerProvider@2e446168
    2026-01-15 00:40:36,552 INFO o.o.m.t.TransformationLoader [Test worker] Adding IJsonTransfomerProvider: org.opensearch.migrations.transform.JsonJoltTransformerProvider@58419069
    2026-01-15 00:40:36,552 INFO o.o.m.t.TransformationLoader [Test worker] Adding IJsonTransfomerProvider: org.opensearch.migrations.transform.JsonJMESPathTransformerProvider@26b2d436
    2026-01-15 00:40:36,552 INFO o.o.m.t.TransformationLoader [Test worker] Adding IJsonTransfomerProvider: org.opensearch.migrations.transform.NoopTransformerProvider@67a86535
    2026-01-15 00:40:36,553 INFO o.o.m.t.TransformationLoader [Test worker] IJsonTransformerProviders loaded: class org.opensearch.migrations.transformation.JsonTransformerForDocumentTypeRemovalProvider; class org.opensearch.migrations.transform.JsonConditionalTransformerProvider; class org.opensearch.migrations.transform.TypeMappingSanitizationTransformerProvider; class org.opensearch.migrations.transform.JsonJSTransformerProvider; class org.opensearch.migrations.transform.JsonJoltTransformerProvider; class org.opensearch.migrations.transform.JsonJMESPathTransformerProvider; class org.opensearch.migrations.transform.NoopTransformerProvider
    2026-01-15 00:40:36,553 INFO o.o.m.t.TransformationLoader [Test worker] Creating a transformer through provider=org.opensearch.migrations.transformation.JsonTransformerForDocumentTypeRemovalProvider@143a972d with configuration=
    2026-01-15 00:40:36,555 INFO o.o.m.b.c.OpenSearchClientFactory [Test worker] Checking compression on cluster
    2026-01-15 00:40:36,564 INFO o.o.m.b.c.OpenSearchClientFactory [reactor-http-kqueue-9] After querying target, compression=false
    2026-01-15 00:40:36,567 INFO o.o.m.b.w.OpenSearchWorkCoordinator [Test worker] Not creating .migrations_working_state because it already exists
    2026-01-15 00:40:36,575 INFO o.o.m.b.w.ScopedWorkCoordinator [Test worker] Work item already marked as completed. Skipping.
    2026-01-15 00:40:36,581 INFO o.o.m.u.FileSystemUtils [Test worker] Successfully deleted directory tree at /var/folders/d9/7fcs2fv55k59ps6tpm5gdv900000gq/T/opensearchMigrationReindexFromSnapshot_test_lucene2713302536007524434
    2026-01-15 00:40:36,581 INFO o.o.m.b.SourceTestBase [Test worker] No work at all was found.  Presuming that work was complete and that all worker processes should terminate
    2026-01-15 00:40:36,591 INFO o.o.m.b.h.ClusterOperations [Test worker] POST /_refresh

    Response: 200
    {"_shards":{"total":3,"successful":2,"failed":0}}
    2026-01-15 00:40:36,594 INFO o.o.m.b.h.ClusterOperations [Test worker] GET /source_reconstruction_test/_search

    Response: 200
    {"took":1,"timed_out":false,"_shards":{"total":1,"successful":1,"skipped":0,"failed":0},"hits":{"total":{"value":1,"relation":"eq"},"max_score":1.0,"hits":[{"_index":"source_reconstruction_test","_id":"1","_score":1.0,"_source":{"keyword_dv_store":"test_kw","keyword_nodv_store":"test_kw","boolean_dv_store":true,"boolean_nodv_store":true,"binary_nodv_store":"dGVzdA==","integer_dv_store":42,"integer_nodv_store":42,"long_dv_store":9999,"long_nodv_store":9999,"float_dv_store":3.14,"float_nodv_store":3.14,"double_dv_store":2.71828,"double_nodv_store":2.71828,"ip_dv_store":"192.168.1.1","ip_nodv_store":"192.168.1.1","ipv6_dv_store":"2001:db8:85a3:0:0:8a2e:370:7334","ipv6_nodv_store":"2001:db8:85a3:0:0:8a2e:370:7334","date_dv_store":"2024-01-15T10:30:00Z","date_nodv_store":"2024-01-15T10:30:00Z","scaled_float_dv_store":123.45,"scaled_float_nodv_store":123.45,"geo_point_dv_store":"40.7128, -74.006","geo_point_nodv_store":"40.7128, -74.006","keyword_dv_nostore":"test_kw","boolean_dv_nostore":tr...
    2026-01-15 00:40:36,594 INFO o.o.m.b.NoStoredSourceMigrationTest [Test worker] Migrated _source: {"keyword_dv_store":"test_kw","keyword_nodv_store":"test_kw","boolean_dv_store":true,"boolean_nodv_store":true,"binary_nodv_store":"dGVzdA==","integer_dv_store":42,"integer_nodv_store":42,"long_dv_store":9999,"long_nodv_store":9999,"float_dv_store":3.14,"float_nodv_store":3.14,"double_dv_store":2.71828,"double_nodv_store":2.71828,"ip_dv_store":"192.168.1.1","ip_nodv_store":"192.168.1.1","ipv6_dv_store":"2001:db8:85a3:0:0:8a2e:370:7334","ipv6_nodv_store":"2001:db8:85a3:0:0:8a2e:370:7334","date_dv_store":"2024-01-15T10:30:00Z","date_nodv_store":"2024-01-15T10:30:00Z","scaled_float_dv_store":123.45,"scaled_float_nodv_store":123.45,"geo_point_dv_store":"40.7128, -74.006","geo_point_nodv_store":"40.7128, -74.006","keyword_dv_nostore":"test_kw","boolean_dv_nostore":true,"integer_dv_nostore":42,"long_dv_nostore":9999,"float_dv_nostore":3.14,"double_dv_nostore":2.71828,"ip_dv_nostore":"192.168.1.1","ipv6_dv_nostore":"2001:db8:85a3:0:0:8a2e:370:7334","date_dv_nostore":"2024-01-15T10:30:00Z","scaled_float_dv_nostore":123.45,"geo_point_dv_nostore":{"lon":148.0120000988245,"lat":-81.42559996806085},"long_nodv_nostore":9999,"date_nodv_nostore":"2024-01-15T10:30:00Z","ipv6_nodv_nostore":"2001:db8:85a3:0:0:8a2e:370:7334","float_nodv_nostore":3.14,"double_nodv_nostore":2.71828,"integer_nodv_nostore":42,"ip_nodv_nostore":"192.168.1.1"}
    2026-01-15 00:40:36,594 INFO o.o.m.b.NoStoredSourceMigrationTest [Test worker] Skipping value check for keyword_nodv_store (keyword stored field in ES 5+)
    2026-01-15 00:40:36,595 INFO o.o.m.b.f.SearchClusterContainer [Test worker] Stopping container version:OPENSEARCH 3.0.0
    2026-01-15 00:40:36,610 DEBUG o.o.m.b.f.SearchClusterContainer [Test worker] Instance logs:
    Enabling OpenSearch Security Plugin
    Enabling execution of install_demo_configuration.sh for OpenSearch Security Plugin 
    OpenSearch 2.12.0 onwards, the OpenSearch Security Plugin a change that requires an initial password for 'admin' user. 
    Please define an environment variable 'OPENSEARCH_INITIAL_ADMIN_PASSWORD' with a strong password string. 
    If a password is not provided, the setup will quit. 
     For more details, please visit: https://opensearch.org/docs/latest/install-and-configure/install-opensearch/docker/
    ### OpenSearch Security Demo Installer
    ### ** Warning: Do not use on production or public reachable systems **
    OpenSearch install type: rpm/deb on Linux 6.12.54-linuxkit aarch64
    OpenSearch config dir: /usr/share/opensearch/config/
    OpenSearch config file: /usr/share/opensearch/config/opensearch.yml
    OpenSearch bin dir: /usr/share/opensearch/bin/
    OpenSearch plugins dir: /usr/share/opensearch/plugins/
    OpenSearch lib dir: /usr/share/opensearch/lib/
    Detected OpenSearch Version: 3.0.0
    Detected OpenSearch Security Version: 3.0.0.0
    Admin password set successfully.
    ### Success
    ### Execute this script now on all your nodes and then start all nodes
    ### OpenSearch Security will be automatically initialized.
    ### If you like to change the runtime configuration 
    ### change the files in ../../../config/opensearch-security and execute: 
    sudo "/usr/share/opensearch/plugins/opensearch-security/tools/securityadmin.sh" -cd "/usr/share/opensearch/config/opensearch-security" -icl -key "/usr/share/opensearch/config/kirk-key.pem" -cert "/usr/share/opensearch/config/kirk.pem" -cacert "/usr/share/opensearch/config/root-ca.pem" -nhnv
    ### or run ./securityadmin_demo.sh
    ### To use the Security Plugin ConfigurationGUI
    ### To access your secured cluster open https://<hostname>:<HTTP port> and log in with admin/<your-custom-admin-password>.
    ### (Ignore the SSL certificate warning because we installed self-signed demo certificates)
    Enabling execution of OPENSEARCH_HOME/bin/opensearch-performance-analyzer/performance-analyzer-agent-cli for OpenSearch Performance Analyzer Plugin
    WARNING: Using incubator modules: jdk.incubator.vector
    WARNING: Unknown module: org.apache.arrow.memory.core specified to --add-opens
    [2026-01-15T00:40:29,540][WARN ][stderr                   ] [95158d0be5ec] Jan 15, 2026 12:40:29 AM org.opensearch.javaagent.bootstrap.AgentPolicy setPolicy
    [2026-01-15T00:40:29,541][WARN ][stderr                   ] [95158d0be5ec] INFO: Policy attached successfully: org.opensearch.bootstrap.OpenSearchPolicy@e8ea697
    [2026-01-15T00:40:29,547][INFO ][o.o.n.Node               ] [95158d0be5ec] version[3.0.0], pid[1], build[tar/dc4efa821904cc2d7ea7ef61c0f577d3fc0d8be9/2025-05-03T06:23:50.311109522Z], OS[Linux/6.12.54-linuxkit/aarch64], JVM[Eclipse Adoptium/OpenJDK 64-Bit Server VM/21.0.7/21.0.7+6-LTS]
    [2026-01-15T00:40:29,547][INFO ][o.o.n.Node               ] [95158d0be5ec] JVM home [/usr/share/opensearch/jdk], using bundled JDK/JRE [true]
    [2026-01-15T00:40:29,547][INFO ][o.o.n.Node               ] [95158d0be5ec] JVM arguments [-Xshare:auto, -Dopensearch.networkaddress.cache.ttl=60, -Dopensearch.networkaddress.cache.negative.ttl=10, -XX:+AlwaysPreTouch, -Xss1m, -Djava.awt.headless=true, -Dfile.encoding=UTF-8, -Djna.nosys=true, -XX:-OmitStackTraceInFastThrow, -XX:+ShowCodeDetailsInExceptionMessages, -Dio.netty.noUnsafe=true, -Dio.netty.noKeySetOptimization=true, -Dio.netty.recycler.maxCapacityPerThread=0, -Dio.netty.allocator.numDirectArenas=0, -Dlog4j.shutdownHookEnabled=false, -Dlog4j2.disable.jmx=true, -Djava.locale.providers=SPI,CLDR, -Xms1g, -Xmx1g, -XX:+UseG1GC, -XX:G1ReservePercent=25, -XX:InitiatingHeapOccupancyPercent=30, -Djava.io.tmpdir=/tmp/opensearch-10792031029639175913, -XX:+HeapDumpOnOutOfMemoryError, -XX:HeapDumpPath=data, -XX:ErrorFile=logs/hs_err_pid%p.log, -Xlog:gc*,gc+age=trace,safepoint:file=logs/gc.log:utctime,pid,tags:filecount=32,filesize=64m, --add-modules=jdk.incubator.vector, -javaagent:agent/opensearch-agent.jar, --add-opens=java.base/java.nio=org.apache.arrow.memory.core,ALL-UNNAMED, -Dclk.tck=100, -Djdk.attach.allowAttachSelf=true, -Djava.security.policy=/usr/share/opensearch/config/opensearch-performance-analyzer/opensearch_security.policy, --add-opens=jdk.attach/sun.tools.attach=ALL-UNNAMED, -Dopensearch.cgroups.hierarchy.override=/, -XX:MaxDirectMemorySize=536870912, -Dopensearch.path.home=/usr/share/opensearch, -Dopensearch.path.conf=/usr/share/opensearch/config, -Dopensearch.distribution.type=tar, -Dopensearch.bundled_jdk=true]
    [2026-01-15T00:40:29,611][WARN ][stderr                   ] [95158d0be5ec] Jan 15, 2026 12:40:29 AM org.apache.lucene.internal.vectorization.PanamaVectorizationProvider <init>
    [2026-01-15T00:40:29,612][WARN ][stderr                   ] [95158d0be5ec] INFO: Java vector incubator API enabled; uses preferredBitSize=128; FMA enabled
    [2026-01-15T00:40:29,890][INFO ][o.o.s.s.t.SSLConfig      ] [95158d0be5ec] SSL dual mode is disabled
    [2026-01-15T00:40:29,891][WARN ][o.o.s.OpenSearchSecurityPlugin] [95158d0be5ec] OpenSearch Security plugin installed but disabled. This can expose your configuration (including passwords) to the public.
    [2026-01-15T00:40:30,178][ERROR][o.o.p.c.c.PluginSettings ] [95158d0be5ec] Loading config file /usr/share/opensearch/config/opensearch-performance-analyzer/performance-analyzer.properties failed with error: org.opensearch.performanceanalyzer.commons.config.ConfigFileException: java.io.FileNotFoundException: /usr/share/opensearch/config/opensearch-performance-analyzer/performance-analyzer.properties (No such file or directory). Disabling plugin.
    [2026-01-15T00:40:30,178][INFO ][o.o.p.c.c.PluginSettings ] [95158d0be5ec] Config: metricsLocation: /dev/shm/performanceanalyzer/, metricsDeletionInterval: 1, httpsEnabled: false, cleanup-metrics-db-files: false, batch-metrics-retention-period-minutes: 7, rpc-port: 9650, webservice-port 9600
    [2026-01-15T00:40:30,264][ERROR][o.o.p.c.c.StatsCollector ] [95158d0be5ec] Error in loading metadata for folderLocation: /usr/share/opensearch/config/opensearch-performance-analyzer/, fileLocation: plugin-stats-metadata
    java.io.FileNotFoundException: /usr/share/opensearch/config/opensearch-performance-analyzer/plugin-stats-metadata (No such file or directory)
    	at java.base/java.io.FileInputStream.open0(Native Method) ~[?:?]
    	at java.base/java.io.FileInputStream.open(FileInputStream.java:213) ~[?:?]
    	at java.base/java.io.FileInputStream.<init>(FileInputStream.java:152) ~[?:?]
    	at java.base/java.io.FileInputStream.<init>(FileInputStream.java:106) ~[?:?]
    	at org.opensearch.performanceanalyzer.commons.collectors.StatsCollector.loadMetadata(StatsCollector.java:158) ~[performance-analyzer-commons-2.0.0.jar:?]
    	at org.opensearch.performanceanalyzer.commons.collectors.StatsCollector.instance(StatsCollector.java:73) ~[performance-analyzer-commons-2.0.0.jar:?]
    	at org.opensearch.performanceanalyzer.PerformanceAnalyzerPlugin.scheduleRcaCollectors(PerformanceAnalyzerPlugin.java:264) ~[opensearch-performance-analyzer-3.0.0.0.jar:3.0.0.0]
    	at org.opensearch.performanceanalyzer.PerformanceAnalyzerPlugin.<init>(PerformanceAnalyzerPlugin.java:213) ~[opensearch-performance-analyzer-3.0.0.0.jar:3.0.0.0]
    	at java.base/jdk.internal.reflect.DirectConstructorHandleAccessor.newInstance(DirectConstructorHandleAccessor.java:62) [?:?]
    	at java.base/java.lang.reflect.Constructor.newInstanceWithCaller(Constructor.java:502) [?:?]
    	at java.base/java.lang.reflect.Constructor.newInstance(Constructor.java:486) [?:?]
    	at org.opensearch.plugins.PluginsService.loadPlugin(PluginsService.java:840) [opensearch-3.0.0.jar:3.0.0]
    	at org.opensearch.plugins.PluginsService.loadBundle(PluginsService.java:788) [opensearch-3.0.0.jar:3.0.0]
    	at org.opensearch.plugins.PluginsService.loadBundles(PluginsService.java:582) [opensearch-3.0.0.jar:3.0.0]
    	at org.opensearch.plugins.PluginsService.<init>(PluginsService.java:197) [opensearch-3.0.0.jar:3.0.0]
    	at org.opensearch.node.Node.<init>(Node.java:533) [opensearch-3.0.0.jar:3.0.0]
    	at org.opensearch.node.Node.<init>(Node.java:460) [opensearch-3.0.0.jar:3.0.0]
    	at org.opensearch.bootstrap.Bootstrap$5.<init>(Bootstrap.java:243) [opensearch-3.0.0.jar:3.0.0]
    	at org.opensearch.bootstrap.Bootstrap.setup(Bootstrap.java:243) [opensearch-3.0.0.jar:3.0.0]
    	at org.opensearch.bootstrap.Bootstrap.init(Bootstrap.java:405) [opensearch-3.0.0.jar:3.0.0]
    	at org.opensearch.bootstrap.OpenSearch.init(OpenSearch.java:168) [opensearch-3.0.0.jar:3.0.0]
    	at org.opensearch.bootstrap.OpenSearch.execute(OpenSearch.java:159) [opensearch-3.0.0.jar:3.0.0]
    	at org.opensearch.common.cli.EnvironmentAwareCommand.execute(EnvironmentAwareCommand.java:110) [opensearch-3.0.0.jar:3.0.0]
    	at org.opensearch.cli.Command.mainWithoutErrorHandling(Command.java:138) [opensearch-cli-3.0.0.jar:3.0.0]
    	at org.opensearch.cli.Command.main(Command.java:101) [opensearch-cli-3.0.0.jar:3.0.0]
    	at org.opensearch.bootstrap.OpenSearch.main(OpenSearch.java:125) [opensearch-3.0.0.jar:3.0.0]
    	at org.opensearch.bootstrap.OpenSearch.main(OpenSearch.java:91) [opensearch-3.0.0.jar:3.0.0]
    [2026-01-15T00:40:30,266][INFO ][o.o.p.c.SearchBackPressureStatsCollector] [95158d0be5ec] SearchBackPressureStatsCollector started
    [2026-01-15T00:40:30,397][INFO ][o.o.i.r.ReindexModulePlugin] [95158d0be5ec] ReindexPlugin reloadSPI called
    [2026-01-15T00:40:30,398][INFO ][o.o.i.r.ReindexModulePlugin] [95158d0be5ec] Unable to find any implementation for RemoteReindexExtension
    [2026-01-15T00:40:30,435][INFO ][o.o.j.JobSchedulerPlugin ] [95158d0be5ec] Loaded scheduler extension: reports-scheduler, index: .opendistro-reports-definitions
    [2026-01-15T00:40:30,435][INFO ][o.o.j.JobSchedulerPlugin ] [95158d0be5ec] Loaded scheduler extension: opensearch_time_series_analytics, index: .opendistro-anomaly-detector-jobs
    [2026-01-15T00:40:30,436][INFO ][o.o.j.JobSchedulerPlugin ] [95158d0be5ec] Loaded scheduler extension: opendistro-index-management, index: .opendistro-ism-config
    [2026-01-15T00:40:30,437][INFO ][o.o.j.JobSchedulerPlugin ] [95158d0be5ec] Loaded scheduler extension: checkBatchJobTaskStatus, index: .ml_commons_task_polling_job
    [2026-01-15T00:40:30,437][INFO ][o.o.j.JobSchedulerPlugin ] [95158d0be5ec] Loaded scheduler extension: scheduler_geospatial_ip2geo_datasource, index: .scheduler-geospatial-ip2geo-datasource
    [2026-01-15T00:40:30,438][INFO ][o.o.j.JobSchedulerPlugin ] [95158d0be5ec] Loaded scheduler extension: opensearch_sap_job, index: .opensearch-sap--job
    [2026-01-15T00:40:30,438][INFO ][o.o.j.JobSchedulerPlugin ] [95158d0be5ec] Loaded scheduler extension: async-query-scheduler, index: .async-query-scheduler
    [2026-01-15T00:40:30,448][INFO ][o.o.p.PluginsService     ] [95158d0be5ec] loaded module [aggs-matrix-stats]
    [2026-01-15T00:40:30,449][INFO ][o.o.p.PluginsService     ] [95158d0be5ec] loaded module [analysis-common]
    [2026-01-15T00:40:30,449][INFO ][o.o.p.PluginsService     ] [95158d0be5ec] loaded module [cache-common]
    [2026-01-15T00:40:30,449][INFO ][o.o.p.PluginsService     ] [95158d0be5ec] loaded module [geo]
    [2026-01-15T00:40:30,449][INFO ][o.o.p.PluginsService     ] [95158d0be5ec] loaded module [ingest-common]
    [2026-01-15T00:40:30,449][INFO ][o.o.p.PluginsService     ] [95158d0be5ec] loaded module [ingest-geoip]
    [2026-01-15T00:40:30,449][INFO ][o.o.p.PluginsService     ] [95158d0be5ec] loaded module [ingest-user-agent]
    [2026-01-15T00:40:30,449][INFO ][o.o.p.PluginsService     ] [95158d0be5ec] loaded module [lang-expression]
    [2026-01-15T00:40:30,449][INFO ][o.o.p.PluginsService     ] [95158d0be5ec] loaded module [lang-mustache]
    [2026-01-15T00:40:30,449][INFO ][o.o.p.PluginsService     ] [95158d0be5ec] loaded module [lang-painless]
    [2026-01-15T00:40:30,449][INFO ][o.o.p.PluginsService     ] [95158d0be5ec] loaded module [mapper-extras]
    [2026-01-15T00:40:30,449][INFO ][o.o.p.PluginsService     ] [95158d0be5ec] loaded module [opensearch-dashboards]
    [2026-01-15T00:40:30,449][INFO ][o.o.p.PluginsService     ] [95158d0be5ec] loaded module [parent-join]
    [2026-01-15T00:40:30,449][INFO ][o.o.p.PluginsService     ] [95158d0be5ec] loaded module [percolator]
    [2026-01-15T00:40:30,449][INFO ][o.o.p.PluginsService     ] [95158d0be5ec] loaded module [rank-eval]
    [2026-01-15T00:40:30,449][INFO ][o.o.p.PluginsService     ] [95158d0be5ec] loaded module [reindex]
    [2026-01-15T00:40:30,449][INFO ][o.o.p.PluginsService     ] [95158d0be5ec] loaded module [repository-url]
    [2026-01-15T00:40:30,449][INFO ][o.o.p.PluginsService     ] [95158d0be5ec] loaded module [search-pipeline-common]
    [2026-01-15T00:40:30,449][INFO ][o.o.p.PluginsService     ] [95158d0be5ec] loaded module [systemd]
    [2026-01-15T00:40:30,449][INFO ][o.o.p.PluginsService     ] [95158d0be5ec] loaded module [transport-netty4]
    [2026-01-15T00:40:30,449][INFO ][o.o.p.PluginsService     ] [95158d0be5ec] loaded plugin [opensearch-alerting]
    [2026-01-15T00:40:30,449][INFO ][o.o.p.PluginsService     ] [95158d0be5ec] loaded plugin [opensearch-anomaly-detection]
    [2026-01-15T00:40:30,449][INFO ][o.o.p.PluginsService     ] [95158d0be5ec] loaded plugin [opensearch-asynchronous-search]
    [2026-01-15T00:40:30,449][INFO ][o.o.p.PluginsService     ] [95158d0be5ec] loaded plugin [opensearch-cross-cluster-replication]
    [2026-01-15T00:40:30,449][INFO ][o.o.p.PluginsService     ] [95158d0be5ec] loaded plugin [opensearch-custom-codecs]
    [2026-01-15T00:40:30,449][INFO ][o.o.p.PluginsService     ] [95158d0be5ec] loaded plugin [opensearch-flow-framework]
    [2026-01-15T00:40:30,449][INFO ][o.o.p.PluginsService     ] [95158d0be5ec] loaded plugin [opensearch-geospatial]
    [2026-01-15T00:40:30,449][INFO ][o.o.p.PluginsService     ] [95158d0be5ec] loaded plugin [opensearch-index-management]
    [2026-01-15T00:40:30,449][INFO ][o.o.p.PluginsService     ] [95158d0be5ec] loaded plugin [opensearch-job-scheduler]
    [2026-01-15T00:40:30,450][INFO ][o.o.p.PluginsService     ] [95158d0be5ec] loaded plugin [opensearch-knn]
    [2026-01-15T00:40:30,450][INFO ][o.o.p.PluginsService     ] [95158d0be5ec] loaded plugin [opensearch-ltr]
    [2026-01-15T00:40:30,450][INFO ][o.o.p.PluginsService     ] [95158d0be5ec] loaded plugin [opensearch-ml]
    [2026-01-15T00:40:30,450][INFO ][o.o.p.PluginsService     ] [95158d0be5ec] loaded plugin [opensearch-neural-search]
    [2026-01-15T00:40:30,450][INFO ][o.o.p.PluginsService     ] [95158d0be5ec] loaded plugin [opensearch-notifications]
    [2026-01-15T00:40:30,450][INFO ][o.o.p.PluginsService     ] [95158d0be5ec] loaded plugin [opensearch-notifications-core]
    [2026-01-15T00:40:30,450][INFO ][o.o.p.PluginsService     ] [95158d0be5ec] loaded plugin [opensearch-observability]
    [2026-01-15T00:40:30,450][INFO ][o.o.p.PluginsService     ] [95158d0be5ec] loaded plugin [opensearch-performance-analyzer]
    [2026-01-15T00:40:30,450][INFO ][o.o.p.PluginsService     ] [95158d0be5ec] loaded plugin [opensearch-reports-scheduler]
    [2026-01-15T00:40:30,450][INFO ][o.o.p.PluginsService     ] [95158d0be5ec] loaded plugin [opensearch-security]
    [2026-01-15T00:40:30,450][INFO ][o.o.p.PluginsService     ] [95158d0be5ec] loaded plugin [opensearch-security-analytics]
    [2026-01-15T00:40:30,450][INFO ][o.o.p.PluginsService     ] [95158d0be5ec] loaded plugin [opensearch-skills]
    [2026-01-15T00:40:30,450][INFO ][o.o.p.PluginsService     ] [95158d0be5ec] loaded plugin [opensearch-sql]
    [2026-01-15T00:40:30,450][INFO ][o.o.p.PluginsService     ] [95158d0be5ec] loaded plugin [opensearch-system-templates]
    [2026-01-15T00:40:30,450][INFO ][o.o.p.PluginsService     ] [95158d0be5ec] loaded plugin [query-insights]
    [2026-01-15T00:40:30,463][DEPRECATION][o.o.d.c.s.Settings       ] [95158d0be5ec] [node.max_local_storage_nodes] setting was deprecated in OpenSearch and will be removed in a future release! See the breaking changes documentation for the next major version.
    [2026-01-15T00:40:30,468][WARN ][stderr                   ] [95158d0be5ec] WARNING: A restricted method in java.lang.foreign.Linker has been called
    [2026-01-15T00:40:30,468][WARN ][stderr                   ] [95158d0be5ec] WARNING: java.lang.foreign.Linker::downcallHandle has been called by the unnamed module
    [2026-01-15T00:40:30,468][WARN ][stderr                   ] [95158d0be5ec] WARNING: Use --enable-native-access=ALL-UNNAMED to avoid a warning for this module
    [2026-01-15T00:40:30,501][INFO ][o.o.e.NodeEnvironment    ] [95158d0be5ec] using [1] data paths, mounts [[/ (overlay)]], net usable_space [375.7gb], net total_space [452.1gb], types [overlay]
    [2026-01-15T00:40:30,501][INFO ][o.o.e.NodeEnvironment    ] [95158d0be5ec] heap size [1gb], compressed ordinary object pointers [true]
    [2026-01-15T00:40:30,514][INFO ][o.o.n.Node               ] [95158d0be5ec] node name [95158d0be5ec], node ID [MGGBz8ZqSaKYC5DpBCRIpA], cluster name [docker-cluster], roles [ingest, remote_cluster_client, data, cluster_manager]
    [2026-01-15T00:40:30,543][INFO ][o.o.e.ExtensionsManager  ] [95158d0be5ec] ExtensionsManager initialized
    [2026-01-15T00:40:31,270][DEPRECATION][o.o.d.c.s.Settings       ] [95158d0be5ec] [plugins.security.ssl.transport.enforce_hostname_verification] setting was deprecated in OpenSearch and will be removed in a future release! See the breaking changes documentation for the next major version.
    [2026-01-15T00:40:31,852][WARN ][stderr                   ] [95158d0be5ec] SLF4J: Failed to load class "org.slf4j.impl.StaticLoggerBinder".
    [2026-01-15T00:40:31,852][WARN ][stderr                   ] [95158d0be5ec] SLF4J: Defaulting to no-operation (NOP) logger implementation
    [2026-01-15T00:40:31,852][WARN ][stderr                   ] [95158d0be5ec] SLF4J: See http://www.slf4j.org/codes.html#StaticLoggerBinder for further details.
    [2026-01-15T00:40:31,863][INFO ][o.o.l.b.LTRCircuitBreakerService] [95158d0be5ec] Registered memory breaker.
    [2026-01-15T00:40:31,947][INFO ][o.o.t.b.CircuitBreakerService] [95158d0be5ec] Registered memory breaker.
    [2026-01-15T00:40:32,086][INFO ][o.o.r.m.c.i.SdkClientFactory] [95158d0be5ec] Using local opensearch cluster as metadata store.
    [2026-01-15T00:40:32,257][INFO ][o.o.r.m.c.i.SdkClientFactory] [95158d0be5ec] Using local opensearch cluster as metadata store.
    [2026-01-15T00:40:32,266][INFO ][o.o.m.b.MLCircuitBreakerService] [95158d0be5ec] Registered ML memory breaker.
    [2026-01-15T00:40:32,267][INFO ][o.o.m.b.MLCircuitBreakerService] [95158d0be5ec] Registered ML disk breaker.
    [2026-01-15T00:40:32,267][INFO ][o.o.m.b.MLCircuitBreakerService] [95158d0be5ec] Registered ML native memory breaker.
    [2026-01-15T00:40:32,314][INFO ][o.r.Reflections          ] [95158d0be5ec] Reflections took 26 ms to scan 1 urls, producing 31 keys and 81 values 
    [2026-01-15T00:40:32,326][INFO ][o.r.Reflections          ] [95158d0be5ec] Reflections took 1 ms to scan 1 urls, producing 3 keys and 5 values 
    [2026-01-15T00:40:32,425][WARN ][o.o.s.p.SQLPlugin        ] [95158d0be5ec] Master key is a required config for using create and update datasource APIs. Please set plugins.query.datasources.encryption.masterkey config in opensearch.yml in all the cluster nodes. More details can be found here: https://github.com/opensearch-project/sql/blob/main/docs/user/ppl/admin/datasources.rst#master-key-config-for-encrypting-credential-information
    [2026-01-15T00:40:32,567][INFO ][o.o.p.i.c.s.QueryInsightsService] [95158d0be5ec] Setting query insights index template priority to [1847]
    [2026-01-15T00:40:32,911][INFO ][o.o.t.NettyAllocator     ] [95158d0be5ec] creating NettyAllocator with the following configs: [name=unpooled, suggested_max_allocation_size=256kb, factors={opensearch.unsafe.use_unpooled_allocator=null, g1gc_enabled=true, g1gc_region_size=1mb, heap_size=1gb}]
    [2026-01-15T00:40:32,964][INFO ][o.o.d.DiscoveryModule    ] [95158d0be5ec] using discovery type [single-node] and seed hosts providers [settings]
    [2026-01-15T00:40:33,213][WARN ][o.o.g.DanglingIndicesState] [95158d0be5ec] gateway.auto_import_dangling_indices is disabled, dangling indices will not be automatically detected or imported and must be managed manually
    [2026-01-15T00:40:33,486][INFO ][o.o.p.h.c.PerformanceAnalyzerConfigAction] [95158d0be5ec] PerformanceAnalyzer Enabled: false
    [2026-01-15T00:40:33,509][INFO ][o.o.n.Node               ] [95158d0be5ec] initialized
    [2026-01-15T00:40:33,509][INFO ][o.o.n.Node               ] [95158d0be5ec] starting ...
    [2026-01-15T00:40:33,532][INFO ][o.o.s.l.BuiltinLogTypeLoader] [95158d0be5ec] Loaded [windows_logtype.json] log type
    [2026-01-15T00:40:33,533][INFO ][o.o.s.l.BuiltinLogTypeLoader] [95158d0be5ec] Loaded [waf_logtype.json] log type
    [2026-01-15T00:40:33,533][INFO ][o.o.s.l.BuiltinLogTypeLoader] [95158d0be5ec] Loaded [vpcflow_logtype.json] log type
    [2026-01-15T00:40:33,533][INFO ][o.o.s.l.BuiltinLogTypeLoader] [95158d0be5ec] Loaded [test_windows_logtype.json] log type
    [2026-01-15T00:40:33,533][INFO ][o.o.s.l.BuiltinLogTypeLoader] [95158d0be5ec] Loaded [s3_logtype.json] log type
    [2026-01-15T00:40:33,533][INFO ][o.o.s.l.BuiltinLogTypeLoader] [95158d0be5ec] Loaded [others_web_logtype.json] log type
    [2026-01-15T00:40:33,533][INFO ][o.o.s.l.BuiltinLogTypeLoader] [95158d0be5ec] Loaded [others_proxy_logtype.json] log type
    [2026-01-15T00:40:33,533][INFO ][o.o.s.l.BuiltinLogTypeLoader] [95158d0be5ec] Loaded [others_macos_logtype.json] log type
    [2026-01-15T00:40:33,534][INFO ][o.o.s.l.BuiltinLogTypeLoader] [95158d0be5ec] Loaded [others_compliance_logtype.json] log type
    [2026-01-15T00:40:33,534][INFO ][o.o.s.l.BuiltinLogTypeLoader] [95158d0be5ec] Loaded [others_cloud_logtype.json] log type
    [2026-01-15T00:40:33,534][INFO ][o.o.s.l.BuiltinLogTypeLoader] [95158d0be5ec] Loaded [others_apt_logtype.json] log type
    [2026-01-15T00:40:33,534][INFO ][o.o.s.l.BuiltinLogTypeLoader] [95158d0be5ec] Loaded [others_application_logtype.json] log type
    [2026-01-15T00:40:33,534][INFO ][o.o.s.l.BuiltinLogTypeLoader] [95158d0be5ec] Loaded [okta_logtype.json] log type
    [2026-01-15T00:40:33,534][INFO ][o.o.s.l.BuiltinLogTypeLoader] [95158d0be5ec] Loaded [network_logtype.json] log type
    [2026-01-15T00:40:33,534][INFO ][o.o.s.l.BuiltinLogTypeLoader] [95158d0be5ec] Loaded [netflow_logtype.json] log type
    [2026-01-15T00:40:33,534][INFO ][o.o.s.l.BuiltinLogTypeLoader] [95158d0be5ec] Loaded [m365_logtype.json] log type
    [2026-01-15T00:40:33,534][INFO ][o.o.s.l.BuiltinLogTypeLoader] [95158d0be5ec] Loaded [linux_logtype.json] log type
    [2026-01-15T00:40:33,535][INFO ][o.o.s.l.BuiltinLogTypeLoader] [95158d0be5ec] Loaded [gworkspace_logtype.json] log type
    [2026-01-15T00:40:33,535][INFO ][o.o.s.l.BuiltinLogTypeLoader] [95158d0be5ec] Loaded [github_logtype.json] log type
    [2026-01-15T00:40:33,535][INFO ][o.o.s.l.BuiltinLogTypeLoader] [95158d0be5ec] Loaded [dns_logtype.json] log type
    [2026-01-15T00:40:33,535][INFO ][o.o.s.l.BuiltinLogTypeLoader] [95158d0be5ec] Loaded [cloudtrail_logtype.json] log type
    [2026-01-15T00:40:33,535][INFO ][o.o.s.l.BuiltinLogTypeLoader] [95158d0be5ec] Loaded [azure_logtype.json] log type
    [2026-01-15T00:40:33,535][INFO ][o.o.s.l.BuiltinLogTypeLoader] [95158d0be5ec] Loaded [apache_access_logtype.json] log type
    [2026-01-15T00:40:33,535][INFO ][o.o.s.l.BuiltinLogTypeLoader] [95158d0be5ec] Loaded [ad_ldap_logtype.json] log type
    [2026-01-15T00:40:33,601][INFO ][o.o.t.TransportService   ] [95158d0be5ec] publish_address {172.17.0.5:9300}, bound_addresses {[::]:9300}
    [2026-01-15T00:40:33,602][INFO ][o.o.t.TransportService   ] [95158d0be5ec] Remote clusters initialized successfully.
    [2026-01-15T00:40:33,696][INFO ][o.o.c.c.Coordinator      ] [95158d0be5ec] setting initial configuration to VotingConfiguration{MGGBz8ZqSaKYC5DpBCRIpA}
    [2026-01-15T00:40:33,755][INFO ][o.o.c.s.ClusterManagerService] [95158d0be5ec] Tasks batched with key: org.opensearch.cluster.coordination.JoinHelper, count:3 and sample tasks: elected-as-cluster-manager ([1] nodes joined)[{95158d0be5ec}{MGGBz8ZqSaKYC5DpBCRIpA}{l-8IURkYQsWJ62JCKrdYlQ}{172.17.0.5}{172.17.0.5:9300}{dimr}{shard_indexing_pressure_enabled=true} elect leader, _BECOME_CLUSTER_MANAGER_TASK_, _FINISH_ELECTION_], term: 1, version: 1, delta: cluster-manager node changed {previous [], current [{95158d0be5ec}{MGGBz8ZqSaKYC5DpBCRIpA}{l-8IURkYQsWJ62JCKrdYlQ}{172.17.0.5}{172.17.0.5:9300}{dimr}{shard_indexing_pressure_enabled=true}]}
    [2026-01-15T00:40:33,771][INFO ][o.o.c.c.CoordinationState] [95158d0be5ec] cluster UUID set to [-i6DfPm9SPeQ9R65HPKOgQ]
    [2026-01-15T00:40:33,781][INFO ][o.o.c.s.ClusterApplierService] [95158d0be5ec] cluster-manager node changed {previous [], current [{95158d0be5ec}{MGGBz8ZqSaKYC5DpBCRIpA}{l-8IURkYQsWJ62JCKrdYlQ}{172.17.0.5}{172.17.0.5:9300}{dimr}{shard_indexing_pressure_enabled=true}]}, term: 1, version: 1, reason: Publication{term=1, version=1}
    [2026-01-15T00:40:33,784][INFO ][o.o.t.i.IndexManagement  ] [95158d0be5ec] Candidate custom result indices are empty.
    [2026-01-15T00:40:33,785][INFO ][o.o.t.i.IndexManagement  ] [95158d0be5ec] Candidate custom result indices are empty.
    [2026-01-15T00:40:33,785][INFO ][o.o.t.c.ClusterEventListener] [95158d0be5ec] Cluster is not recovered yet.
    [2026-01-15T00:40:33,804][INFO ][o.o.i.i.ManagedIndexCoordinator] [95158d0be5ec] Cache cluster manager node onClusterManager time: 1768437633804
    [2026-01-15T00:40:33,807][WARN ][o.o.p.c.s.h.ConfigOverridesClusterSettingHandler] [95158d0be5ec] Config override setting update called with empty string. Ignoring.
    [2026-01-15T00:40:33,810][INFO ][o.o.d.PeerFinder         ] [95158d0be5ec] setting findPeersInterval to [1s] as node commission status = [true] for local node [{95158d0be5ec}{MGGBz8ZqSaKYC5DpBCRIpA}{l-8IURkYQsWJ62JCKrdYlQ}{172.17.0.5}{172.17.0.5:9300}{dimr}{shard_indexing_pressure_enabled=true}]
    [2026-01-15T00:40:33,811][WARN ][o.o.c.r.a.AllocationService] [95158d0be5ec] Falling back to single shard assignment since batch mode disable or multiple custom allocators set
    [2026-01-15T00:40:33,822][INFO ][o.o.h.AbstractHttpServerTransport] [95158d0be5ec] publish_address {172.17.0.5:9200}, bound_addresses {[::]:9200}
    [2026-01-15T00:40:33,822][INFO ][o.o.n.Node               ] [95158d0be5ec] started
    [2026-01-15T00:40:33,822][INFO ][o.o.s.OpenSearchSecurityPlugin] [95158d0be5ec] 0 OpenSearch Security modules loaded so far: []
    [2026-01-15T00:40:33,823][WARN ][o.o.c.r.a.AllocationService] [95158d0be5ec] Falling back to single shard assignment since batch mode disable or multiple custom allocators set
    [2026-01-15T00:40:33,829][INFO ][o.o.t.c.HashRing         ] [95158d0be5ec] Node added: [MGGBz8ZqSaKYC5DpBCRIpA]
    [2026-01-15T00:40:33,831][INFO ][o.o.t.c.HashRing         ] [95158d0be5ec] Add data node to version hash ring: MGGBz8ZqSaKYC5DpBCRIpA
    [2026-01-15T00:40:33,832][INFO ][o.o.t.c.HashRing         ] [95158d0be5ec] All nodes with known version: {MGGBz8ZqSaKYC5DpBCRIpA=ADNodeInfo{version=3.0.0, isEligibleDataNode=true}}
    [2026-01-15T00:40:33,832][INFO ][o.o.t.c.HashRing         ] [95158d0be5ec] Rebuild hash ring for realtime with cooldown, nodeChangeEvents size 0
    [2026-01-15T00:40:33,832][INFO ][o.o.t.c.HashRing         ] [95158d0be5ec] Build version hash ring successfully
    [2026-01-15T00:40:33,833][INFO ][o.o.t.c.ADDataMigrator   ] [95158d0be5ec] Start migrating AD data
    [2026-01-15T00:40:33,833][INFO ][o.o.t.c.ADDataMigrator   ] [95158d0be5ec] AD job index doesn't exist, no need to migrate
    [2026-01-15T00:40:33,833][INFO ][o.o.t.c.ClusterEventListener] [95158d0be5ec] Init version hash ring successfully
    [2026-01-15T00:40:33,841][INFO ][o.o.c.s.ClusterManagerTaskThrottler] [95158d0be5ec] Starting cluster manager throttling as all nodes are higher than or equal to 2.5.0
    [2026-01-15T00:40:33,842][INFO ][o.o.g.GatewayService     ] [95158d0be5ec] recovered [0] indices into cluster_state
    [2026-01-15T00:40:33,853][INFO ][o.o.p.PluginsService     ] [95158d0be5ec] PluginService:onIndexModule index:[.opensearch-sap-log-types-config/zBF8vDmoRlCZ96JzclAzAQ]
    [2026-01-15T00:40:33,912][INFO ][o.o.c.m.MetadataCreateIndexService] [95158d0be5ec] [.opensearch-sap-log-types-config] creating index, cause [auto(sap-logtype api)], templates [], shards [1]/[1]
    [2026-01-15T00:40:33,916][INFO ][o.o.c.r.a.AllocationService] [95158d0be5ec] updating number_of_replicas to [0] for indices [.opensearch-sap-log-types-config]
    [2026-01-15T00:40:33,917][WARN ][o.o.c.r.a.AllocationService] [95158d0be5ec] Falling back to single shard assignment since batch mode disable or multiple custom allocators set
    [2026-01-15T00:40:33,937][INFO ][o.o.p.PluginsService     ] [95158d0be5ec] PluginService:onIndexModule index:[.opensearch-sap-log-types-config/zBF8vDmoRlCZ96JzclAzAQ]
    [2026-01-15T00:40:34,013][INFO ][o.o.c.r.a.AllocationService] [95158d0be5ec] Cluster health status changed from [YELLOW] to [GREEN] (reason: [shards started [[.opensearch-sap-log-types-config][0]]]).
    [2026-01-15T00:40:34,026][INFO ][o.o.s.l.LogTypeService   ] [95158d0be5ec] Loading builtin types!
    [2026-01-15T00:40:34,027][INFO ][o.o.s.l.LogTypeService   ] [95158d0be5ec] Indexing [432] fieldMappingDocs from logTypes: 24
    [2026-01-15T00:40:34,041][WARN ][o.o.c.r.a.AllocationService] [95158d0be5ec] Falling back to single shard assignment since batch mode disable or multiple custom allocators set
    [2026-01-15T00:40:34,069][INFO ][o.o.s.l.LogTypeService   ] [95158d0be5ec] Indexing [432] fieldMappingDocs
    [2026-01-15T00:40:34,098][INFO ][o.o.p.PluginsService     ] [95158d0be5ec] PluginService:onIndexModule index:[.opensearch-sap-log-types-config/zBF8vDmoRlCZ96JzclAzAQ]
    [2026-01-15T00:40:34,105][INFO ][o.o.c.m.MetadataMappingService] [95158d0be5ec] [.opensearch-sap-log-types-config/zBF8vDmoRlCZ96JzclAzAQ] update_mapping [_doc]
    [2026-01-15T00:40:34,141][INFO ][o.o.p.PluginsService     ] [95158d0be5ec] PluginService:onIndexModule index:[.opensearch-sap-log-types-config/zBF8vDmoRlCZ96JzclAzAQ]
    [2026-01-15T00:40:34,144][INFO ][o.o.c.m.MetadataMappingService] [95158d0be5ec] [.opensearch-sap-log-types-config/zBF8vDmoRlCZ96JzclAzAQ] update_mapping [_doc]
    [2026-01-15T00:40:34,288][INFO ][o.o.s.l.LogTypeService   ] [95158d0be5ec] Loaded [432] field mapping docs successfully!
    [2026-01-15T00:40:34,297][INFO ][o.o.s.l.LogTypeService   ] [95158d0be5ec] Indexing [23] customLogTypes
    [2026-01-15T00:40:34,316][INFO ][o.o.s.l.LogTypeService   ] [95158d0be5ec] Loaded [23] customLogType docs successfully!
    [2026-01-15T00:40:34,316][INFO ][o.o.s.SecurityAnalyticsPlugin] [95158d0be5ec] LogType config index successfully created and builtin log types loaded
    [2026-01-15T00:40:34,812][INFO ][o.o.s.i.DetectorIndexManagementService] [95158d0be5ec] info deleteOldIndices
    [2026-01-15T00:40:34,814][INFO ][o.o.s.i.DetectorIndexManagementService] [95158d0be5ec] No Old Correlation Indices to delete
    [2026-01-15T00:40:34,814][INFO ][o.o.s.l.LogTypeService   ] [95158d0be5ec] Indexing [23] customLogTypes
    [2026-01-15T00:40:34,814][INFO ][o.o.s.i.DetectorIndexManagementService] [95158d0be5ec] info deleteOldIndices
    [2026-01-15T00:40:34,814][INFO ][o.o.s.i.DetectorIndexManagementService] [95158d0be5ec] No Old IOC Findings Indices to delete
    [2026-01-15T00:40:34,821][INFO ][o.o.s.l.LogTypeService   ] [95158d0be5ec] Indexing [23] customLogTypes
    [2026-01-15T00:40:34,856][INFO ][o.o.s.l.LogTypeService   ] [95158d0be5ec] Loaded [23] customLogType docs successfully!
    [2026-01-15T00:40:34,862][INFO ][o.o.s.l.LogTypeService   ] [95158d0be5ec] Loaded [23] customLogType docs successfully!
    [2026-01-15T00:40:34,900][INFO ][o.o.s.i.DetectorIndexManagementService] [95158d0be5ec] info deleteOldIndices
    [2026-01-15T00:40:34,900][INFO ][o.o.s.i.DetectorIndexManagementService] [95158d0be5ec] No Old Finding Indices to delete
    [2026-01-15T00:40:35,904][INFO ][o.o.p.PluginsService     ] [95158d0be5ec] PluginService:onIndexModule index:[source_reconstruction_test/71vqmz4ZRF6c6pnJtmNFDw]
    [2026-01-15T00:40:35,915][INFO ][o.o.c.m.MetadataCreateIndexService] [95158d0be5ec] [source_reconstruction_test] creating index, cause [api], templates [], shards [1]/[0]
    [2026-01-15T00:40:35,915][WARN ][o.o.c.r.a.AllocationService] [95158d0be5ec] Falling back to single shard assignment since batch mode disable or multiple custom allocators set
    [2026-01-15T00:40:35,924][INFO ][o.o.p.PluginsService     ] [95158d0be5ec] PluginService:onIndexModule index:[source_reconstruction_test/71vqmz4ZRF6c6pnJtmNFDw]
    [2026-01-15T00:40:35,946][INFO ][o.o.c.r.a.AllocationService] [95158d0be5ec] Cluster health status changed from [YELLOW] to [GREEN] (reason: [shards started [[source_reconstruction_test][0]]]).
    [2026-01-15T00:40:35,957][WARN ][o.o.c.r.a.AllocationService] [95158d0be5ec] Falling back to single shard assignment since batch mode disable or multiple custom allocators set
    [2026-01-15T00:40:36,004][DEPRECATION][o.o.d.c.m.MetadataCreateIndexService] [95158d0be5ec] index name [.migrations_working_state] starts with a dot '.', in the next major version, index names starting with a dot are reserved for hidden indices and system indices
    [2026-01-15T00:40:36,005][INFO ][o.o.p.PluginsService     ] [95158d0be5ec] PluginService:onIndexModule index:[.migrations_working_state/CZUTLE1tR1G-33aAHNRVkQ]
    [2026-01-15T00:40:36,007][INFO ][o.o.c.m.MetadataCreateIndexService] [95158d0be5ec] [.migrations_working_state] creating index, cause [api], templates [], shards [1]/[1]
    [2026-01-15T00:40:36,007][WARN ][o.o.c.r.a.AllocationService] [95158d0be5ec] Falling back to single shard assignment since batch mode disable or multiple custom allocators set
    [2026-01-15T00:40:36,019][INFO ][o.o.p.PluginsService     ] [95158d0be5ec] PluginService:onIndexModule index:[.migrations_working_state/CZUTLE1tR1G-33aAHNRVkQ]
    [2026-01-15T00:40:36,058][WARN ][o.o.c.r.a.AllocationService] [95158d0be5ec] Falling back to single shard assignment since batch mode disable or multiple custom allocators set
    [2026-01-15T00:40:36,202][INFO ][o.o.p.PluginsService     ] [95158d0be5ec] PluginService:onIndexModule index:[.migrations_working_state/CZUTLE1tR1G-33aAHNRVkQ]
    [2026-01-15T00:40:36,204][INFO ][o.o.c.m.MetadataMappingService] [95158d0be5ec] [.migrations_working_state/CZUTLE1tR1G-33aAHNRVkQ] update_mapping [_doc]
    [2026-01-15T00:40:36,568][WARN ][o.o.a.u.UpdateHelper     ] [95158d0be5ec] Used upsert operation [noop] for script [      if (ctx._source.scriptVersion != "2.0") {        throw new IllegalArgumentException("scriptVersion mismatch.  Not all participants are using the same script: sourceVersion=" + ctx.source.scriptVersion);      }       long serverTimeSeconds = System.currentTimeMillis() / 1000;      if (Math.abs(params.clientTimestamp - serverTimeSeconds) > 3600) {        throw new IllegalArgumentException("The current times indicated between the client and server are too different.");      }      long newExpiration = params.clientTimestamp + (((long)Math.pow(2, ctx._source.nextAcquisitionLeaseExponent)) * params.expirationWindow);      if (params.expirationWindow > 0 && ctx._source.completedAt == null) {          if (ctx._source.leaseHolderId == params.workerId &&             ctx._source.expiration > serverTimeSeconds) {            ctx.op = "update";        } else if (ctx._source.expiration < serverTimeSeconds &&                      ctx._source.expiration < newExpiration) {            ctx._source.expiration = newExpiration;          ctx._source.leaseHolderId = params.workerId;          ctx._source.nextAcquisitionLeaseExponent += 1;        } else {          ctx.op = "noop";        }      } else if (params.expirationWindow != 0) {        ctx.op = "noop";      }], doing nothing...

    2026-01-15 00:40:36,861 INFO o.o.m.b.f.SearchClusterContainer [Test worker] Stopping container version:ELASTICSEARCH 6.8.23
    2026-01-15 00:40:36,875 DEBUG o.o.m.b.f.SearchClusterContainer [Test worker] Instance logs:
    [2026-01-15T00:40:23,174][INFO ][o.e.e.NodeEnvironment    ] [ffMAIDI] using [1] data paths, mounts [[/ (overlay)]], net usable_space [375.7gb], net total_space [452.1gb], types [overlay]
    [2026-01-15T00:40:23,177][INFO ][o.e.e.NodeEnvironment    ] [ffMAIDI] heap size [2gb], compressed ordinary object pointers [true]
    [2026-01-15T00:40:23,178][INFO ][o.e.n.Node               ] [ffMAIDI] node name derived from node ID [ffMAIDIdRyKpn0YdzmFObg]; set [node.name] to override
    [2026-01-15T00:40:23,179][INFO ][o.e.n.Node               ] [ffMAIDI] version[6.8.23], pid[1], build[oss/docker/4f67856/2022-01-06T21:30:50.087716Z], OS[Linux/6.12.54-linuxkit/amd64], JVM[AdoptOpenJDK/OpenJDK 64-Bit Server VM/15.0.1/15.0.1+9]
    [2026-01-15T00:40:23,179][INFO ][o.e.n.Node               ] [ffMAIDI] JVM arguments [-Xms1g, -Xmx1g, -XX:+UseG1GC, -XX:G1ReservePercent=25, -XX:InitiatingHeapOccupancyPercent=30, -Des.networkaddress.cache.ttl=60, -Des.networkaddress.cache.negative.ttl=10, -XX:+AlwaysPreTouch, -Xss1m, -Djava.awt.headless=true, -Dfile.encoding=UTF-8, -Djna.nosys=true, -XX:-OmitStackTraceInFastThrow, -XX:+ShowCodeDetailsInExceptionMessages, -Dio.netty.noUnsafe=true, -Dio.netty.noKeySetOptimization=true, -Dio.netty.recycler.maxCapacityPerThread=0, -Dlog4j.shutdownHookEnabled=false, -Dlog4j2.disable.jmx=true, -Dlog4j2.formatMsgNoLookups=true, -Djava.io.tmpdir=/tmp/elasticsearch-7616824585166844389, -XX:+HeapDumpOnOutOfMemoryError, -XX:HeapDumpPath=data, -XX:ErrorFile=logs/hs_err_pid%p.log, -Xlog:gc*,gc+age=trace,safepoint:file=logs/gc.log:utctime,pid,tags:filecount=32,filesize=64m, -Djava.locale.providers=COMPAT, -XX:UseAVX=2, -Des.cgroups.hierarchy.override=/, -Xms2g, -Xmx2g, -Des.path.home=/usr/share/elasticsearch, -Des.path.conf=/usr/share/elasticsearch/config, -Des.distribution.flavor=oss, -Des.distribution.type=docker]
    [2026-01-15T00:40:24,015][INFO ][o.e.p.PluginsService     ] [ffMAIDI] loaded module [aggs-matrix-stats]
    [2026-01-15T00:40:24,016][INFO ][o.e.p.PluginsService     ] [ffMAIDI] loaded module [analysis-common]
    [2026-01-15T00:40:24,016][INFO ][o.e.p.PluginsService     ] [ffMAIDI] loaded module [ingest-common]
    [2026-01-15T00:40:24,016][INFO ][o.e.p.PluginsService     ] [ffMAIDI] loaded module [ingest-geoip]
    [2026-01-15T00:40:24,016][INFO ][o.e.p.PluginsService     ] [ffMAIDI] loaded module [ingest-user-agent]
    [2026-01-15T00:40:24,016][INFO ][o.e.p.PluginsService     ] [ffMAIDI] loaded module [lang-expression]
    [2026-01-15T00:40:24,016][INFO ][o.e.p.PluginsService     ] [ffMAIDI] loaded module [lang-mustache]
    [2026-01-15T00:40:24,017][INFO ][o.e.p.PluginsService     ] [ffMAIDI] loaded module [lang-painless]
    [2026-01-15T00:40:24,017][INFO ][o.e.p.PluginsService     ] [ffMAIDI] loaded module [mapper-extras]
    [2026-01-15T00:40:24,017][INFO ][o.e.p.PluginsService     ] [ffMAIDI] loaded module [parent-join]
    [2026-01-15T00:40:24,017][INFO ][o.e.p.PluginsService     ] [ffMAIDI] loaded module [percolator]
    [2026-01-15T00:40:24,017][INFO ][o.e.p.PluginsService     ] [ffMAIDI] loaded module [rank-eval]
    [2026-01-15T00:40:24,017][INFO ][o.e.p.PluginsService     ] [ffMAIDI] loaded module [reindex]
    [2026-01-15T00:40:24,017][INFO ][o.e.p.PluginsService     ] [ffMAIDI] loaded module [repository-url]
    [2026-01-15T00:40:24,017][INFO ][o.e.p.PluginsService     ] [ffMAIDI] loaded module [transport-netty4]
    [2026-01-15T00:40:24,017][INFO ][o.e.p.PluginsService     ] [ffMAIDI] loaded module [tribe]
    [2026-01-15T00:40:24,017][INFO ][o.e.p.PluginsService     ] [ffMAIDI] no plugins loaded
    [2026-01-15T00:40:26,378][INFO ][o.e.d.DiscoveryModule    ] [ffMAIDI] using discovery type [single-node] and host providers [settings]
    [2026-01-15T00:40:26,739][INFO ][o.e.n.Node               ] [ffMAIDI] initialized
    [2026-01-15T00:40:26,740][INFO ][o.e.n.Node               ] [ffMAIDI] starting ...
    [2026-01-15T00:40:26,855][INFO ][o.e.t.TransportService   ] [ffMAIDI] publish_address {172.17.0.4:9300}, bound_addresses {[::]:9300}
    [2026-01-15T00:40:26,905][INFO ][o.e.h.n.Netty4HttpServerTransport] [ffMAIDI] publish_address {172.17.0.4:9200}, bound_addresses {[::]:9200}
    [2026-01-15T00:40:26,906][INFO ][o.e.n.Node               ] [ffMAIDI] started
    [2026-01-15T00:40:26,921][INFO ][o.e.g.GatewayService     ] [ffMAIDI] recovered [0] indices into cluster_state
    [2026-01-15T00:40:34,166][WARN ][o.e.d.r.a.a.i.RestPutMappingAction] [ffMAIDI] [types removal] The parameter include_type_name should be explicitly specified in create index requests to prepare for 7.0. In 7.0 include_type_name will default to 'false', and requests are expected to omit the type name in mapping definitions.
    [2026-01-15T00:40:34,271][INFO ][o.e.c.m.MetaDataCreateIndexService] [ffMAIDI] [source_reconstruction_test] creating index, cause [api], templates [], shards [1]/[0], mappings [doc]
    [2026-01-15T00:40:34,416][INFO ][o.e.c.r.a.AllocationService] [ffMAIDI] Cluster health status changed from [YELLOW] to [GREEN] (reason: [shards started [[source_reconstruction_test][0]] ...]).
    [2026-01-15T00:40:34,657][INFO ][o.e.r.RepositoriesService] [ffMAIDI] put repository [null]
    [2026-01-15T00:40:34,688][INFO ][o.e.s.SnapshotsService   ] [ffMAIDI] snapshot [null:snap/GrV9kouFT8yly3IzHCsJ0w] started
    [2026-01-15T00:40:34,727][INFO ][o.e.s.SnapshotsService   ] [ffMAIDI] snapshot [null:snap/GrV9kouFT8yly3IzHCsJ0w] completed with state [SUCCESS]


NoStoredSourceMigrationTest > testSourceReconstruction(ContainerVersion, ContainerVersion) > Container(ELASTICSEARCH 7.10.2) -> Container(OPENSEARCH 3.0.0) STANDARD_OUT
    2026-01-15 00:40:37,120 INFO o.o.m.b.f.SearchClusterContainer [Test worker] Starting container version:ELASTICSEARCH 7.10.2
    2026-01-15 00:40:37,120 INFO t.d.e.c.1.2 [Test worker] Creating container for image: docker.elastic.co/elasticsearch/elasticsearch-oss:7.10.2
    2026-01-15 00:40:37,144 INFO t.d.e.c.1.2 [Test worker] Container docker.elastic.co/elasticsearch/elasticsearch-oss:7.10.2 is starting: 1b08f74d9cfcb076ccad20b40462ad5939611b43405fcdd8c03318b3f2d1b4be
    2026-01-15 00:40:37,240 INFO o.t.c.w.s.HttpWaitStrategy [Test worker] /naughty_leavitt: Waiting for 60 seconds for URL: http://localhost:49382/ (where port 49382 maps to container port 9200)
    2026-01-15 00:40:40,316 INFO t.d.e.c.1.2 [Test worker] Container docker.elastic.co/elasticsearch/elasticsearch-oss:7.10.2 started in PT3.195551S
    2026-01-15 00:40:40,317 INFO o.o.m.b.f.SearchClusterContainer [Test worker] Starting container version:OPENSEARCH 3.0.0
    2026-01-15 00:40:40,318 INFO t.o.0.0 [Test worker] Creating container for image: opensearchproject/opensearch:3.0.0
    2026-01-15 00:40:40,349 INFO t.o.0.0 [Test worker] Container opensearchproject/opensearch:3.0.0 is starting: b82bed86ec0ed7691f7c5cec4f6b229240222462a20a32cf71f72fd722a847bc
    2026-01-15 00:40:40,449 INFO o.t.c.w.s.HttpWaitStrategy [Test worker] /tender_swartz: Waiting for 60 seconds for URL: http://localhost:49402/ (where port 49402 maps to container port 9200)
    2026-01-15 00:40:47,411 INFO t.o.0.0 [Test worker] Container opensearchproject/opensearch:3.0.0 started in PT7.093222S
    2026-01-15 00:40:47,415 INFO o.o.m.b.NoStoredSourceMigrationTest [Test worker] Source version: Container(ELASTICSEARCH 7.10.2), Target version: Container(OPENSEARCH 3.0.0)
    2026-01-15 00:40:47,415 INFO o.o.m.b.NoStoredSourceMigrationTest [Test worker] Index body: {"settings":{"number_of_shards":1,"number_of_replicas":0},"mappings":{"_source":{"enabled":false},"properties":{"keyword_dv_store": {"type": "keyword", "store": true},
    "keyword_dv_nostore": {"type": "keyword"},
    "keyword_nodv_store": {"type": "keyword", "doc_values": false, "store": true},
    "keyword_nodv_nostore": {"type": "keyword", "doc_values": false},
    "boolean_dv_store": {"type": "boolean", "store": true},
    "boolean_dv_nostore": {"type": "boolean"},
    "boolean_nodv_store": {"type": "boolean", "doc_values": false, "store": true},
    "boolean_nodv_nostore": {"type": "boolean", "doc_values": false},
    "binary_nodv_store": {"type": "binary", "store": true},
    "binary_nodv_nostore": {"type": "binary"},
    "integer_dv_store": {"type": "integer", "store": true},
    "integer_dv_nostore": {"type": "integer"},
    "integer_nodv_store": {"type": "integer", "doc_values": false, "store": true},
    "integer_nodv_nostore": {"type": "integer", "doc_values": false},
    "long_dv_store": {"type": "long", "store": true},
    "long_dv_nostore": {"type": "long"},
    "long_nodv_store": {"type": "long", "doc_values": false, "store": true},
    "long_nodv_nostore": {"type": "long", "doc_values": false},
    "float_dv_store": {"type": "float", "store": true},
    "float_dv_nostore": {"type": "float"},
    "float_nodv_store": {"type": "float", "doc_values": false, "store": true},
    "float_nodv_nostore": {"type": "float", "doc_values": false},
    "double_dv_store": {"type": "double", "store": true},
    "double_dv_nostore": {"type": "double"},
    "double_nodv_store": {"type": "double", "doc_values": false, "store": true},
    "double_nodv_nostore": {"type": "double", "doc_values": false},
    "ip_dv_store": {"type": "ip", "store": true},
    "ip_dv_nostore": {"type": "ip"},
    "ip_nodv_store": {"type": "ip", "doc_values": false, "store": true},
    "ip_nodv_nostore": {"type": "ip", "doc_values": false},
    "ipv6_dv_store": {"type": "ip", "store": true},
    "ipv6_dv_nostore": {"type": "ip"},
    "ipv6_nodv_store": {"type": "ip", "doc_values": false, "store": true},
    "ipv6_nodv_nostore": {"type": "ip", "doc_values": false},
    "date_dv_store": {"type": "date", "store": true},
    "date_dv_nostore": {"type": "date"},
    "date_nodv_store": {"type": "date", "doc_values": false, "store": true},
    "date_nodv_nostore": {"type": "date", "doc_values": false},
    "scaled_float_dv_store": {"type": "scaled_float", "scaling_factor": 100, "store": true},
    "scaled_float_dv_nostore": {"type": "scaled_float", "scaling_factor": 100},
    "scaled_float_nodv_store": {"type": "scaled_float", "scaling_factor": 100, "doc_values": false, "store": true},
    "scaled_float_nodv_nostore": {"type": "scaled_float", "scaling_factor": 100, "doc_values": false},
    "date_nanos_dv_store": {"type": "date_nanos", "store": true},
    "date_nanos_dv_nostore": {"type": "date_nanos"},
    "date_nanos_nodv_store": {"type": "date_nanos", "doc_values": false, "store": true},
    "date_nanos_nodv_nostore": {"type": "date_nanos", "doc_values": false},
    "geo_point_dv_store": {"type": "geo_point", "store": true},
    "geo_point_dv_nostore": {"type": "geo_point"},
    "geo_point_nodv_store": {"type": "geo_point", "doc_values": false, "store": true},
    "geo_point_nodv_nostore": {"type": "geo_point", "doc_values": false}}}}
    2026-01-15 00:40:47,415 INFO o.o.m.b.NoStoredSourceMigrationTest [Test worker] Document: {"keyword_dv_store": "test_kw",
    "keyword_dv_nostore": "test_kw",
    "keyword_nodv_store": "test_kw",
    "keyword_nodv_nostore": "test_kw",
    "boolean_dv_store": true,
    "boolean_dv_nostore": true,
    "boolean_nodv_store": true,
    "boolean_nodv_nostore": true,
    "binary_nodv_store": "dGVzdA==",
    "binary_nodv_nostore": "dGVzdA==",
    "integer_dv_store": 42,
    "integer_dv_nostore": 42,
    "integer_nodv_store": 42,
    "integer_nodv_nostore": 42,
    "long_dv_store": 9999,
    "long_dv_nostore": 9999,
    "long_nodv_store": 9999,
    "long_nodv_nostore": 9999,
    "float_dv_store": 3.14,
    "float_dv_nostore": 3.14,
    "float_nodv_store": 3.14,
    "float_nodv_nostore": 3.14,
    "double_dv_store": 2.71828,
    "double_dv_nostore": 2.71828,
    "double_nodv_store": 2.71828,
    "double_nodv_nostore": 2.71828,
    "ip_dv_store": "192.168.1.1",
    "ip_dv_nostore": "192.168.1.1",
    "ip_nodv_store": "192.168.1.1",
    "ip_nodv_nostore": "192.168.1.1",
    "ipv6_dv_store": "2001:db8:85a3::8a2e:370:7334",
    "ipv6_dv_nostore": "2001:db8:85a3::8a2e:370:7334",
    "ipv6_nodv_store": "2001:db8:85a3::8a2e:370:7334",
    "ipv6_nodv_nostore": "2001:db8:85a3::8a2e:370:7334",
    "date_dv_store": "2024-01-15T10:30:00.000Z",
    "date_dv_nostore": "2024-01-15T10:30:00.000Z",
    "date_nodv_store": "2024-01-15T10:30:00.000Z",
    "date_nodv_nostore": "2024-01-15T10:30:00.000Z",
    "scaled_float_dv_store": 123.45,
    "scaled_float_dv_nostore": 123.45,
    "scaled_float_nodv_store": 123.45,
    "scaled_float_nodv_nostore": 123.45,
    "date_nanos_dv_store": "2024-01-15T10:30:00.123456789Z",
    "date_nanos_dv_nostore": "2024-01-15T10:30:00.123456789Z",
    "date_nanos_nodv_store": "2024-01-15T10:30:00.123456789Z",
    "date_nanos_nodv_nostore": "2024-01-15T10:30:00.123456789Z",
    "geo_point_dv_store": {"lat":40.7128,"lon":-74.006},
    "geo_point_dv_nostore": {"lat":40.7128,"lon":-74.006},
    "geo_point_nodv_store": {"lat":40.7128,"lon":-74.006},
    "geo_point_nodv_nostore": {"lat":40.7128,"lon":-74.006}}
    2026-01-15 00:40:47,614 INFO o.o.m.b.h.ClusterOperations [Test worker] PUT /source_reconstruction_test
    {"settings":{"number_of_shards":1,"number_of_replicas":0},"mappings":{"_source":{"enabled":false},"properties":{"keyword_dv_store": {"type": "keyword", "store": true},
    "keyword_dv_nostore": {"type": "keyword"},
    "keyword_nodv_store": {"type": "keyword", "doc_values": false, "store": true},
    "keyword_nodv_nostore": {"type": "keyword", "doc_values": false},
    "boolean_dv_store": {"type": "boolean", "store": true},
    "boolean_dv_nostore": {"type": "boolean"},
    "boolean_nodv_store": {"type": "boolean", "doc_values": false, "store": true},
    "boolean_nodv_nostore": {"type": "boolean", "doc_values": false},
    "binary_nodv_store": {"type": "binary", "store": true},
    "binary_nodv_nostore": {"type": "binary"},
    "integer_dv_store": {"type": "integer", "store": true},
    "integer_dv_nostore": {"type": "integer"},
    "integer_nodv_store": {"type": "integer", "doc_values": false, "store": true},
    "integer_nodv_nostore": {"type": "integer", "doc_values": false},
    "long_dv_store": {"type": "long", "store": true},
    "long_d...
    Response: 200
    {"acknowledged":true,"shards_acknowledged":true,"index":"source_reconstruction_test"}
    2026-01-15 00:40:47,644 INFO o.o.m.b.h.ClusterOperations [Test worker] PUT /source_reconstruction_test/_doc/1
    {"keyword_dv_store": "test_kw",
    "keyword_dv_nostore": "test_kw",
    "keyword_nodv_store": "test_kw",
    "keyword_nodv_nostore": "test_kw",
    "boolean_dv_store": true,
    "boolean_dv_nostore": true,
    "boolean_nodv_store": true,
    "boolean_nodv_nostore": true,
    "binary_nodv_store": "dGVzdA==",
    "binary_nodv_nostore": "dGVzdA==",
    "integer_dv_store": 42,
    "integer_dv_nostore": 42,
    "integer_nodv_store": 42,
    "integer_nodv_nostore": 42,
    "long_dv_store": 9999,
    "long_dv_nostore": 9999,
    "long_nodv_store": 9999,
    "long_nodv_nostore": 9999,
    "float_dv_store": 3.14,
    "float_dv_nostore": 3.14,
    "float_nodv_store": 3.14,
    "float_nodv_nostore": 3.14,
    "double_dv_store": 2.71828,
    "double_dv_nostore": 2.71828,
    "double_nodv_store": 2.71828,
    "double_nodv_nostore": 2.71828,
    "ip_dv_store": "192.168.1.1",
    "ip_dv_nostore": "192.168.1.1",
    "ip_nodv_store": "192.168.1.1",
    "ip_nodv_nostore": "192.168.1.1",
    "ipv6_dv_store": "2001:db8:85a3::8a2e:370:7334",
    "ipv6_dv_nostore": "2001:db8:85a3::8a2e:370:7334",
    "ipv6_nodv_store": "2001:db8:85...
    Response: 201
    {"_index":"source_reconstruction_test","_type":"_doc","_id":"1","_version":1,"result":"created","_shards":{"total":1,"successful":1,"failed":0},"_seq_no":0,"_primary_term":1}
    2026-01-15 00:40:47,665 INFO o.o.m.b.h.ClusterOperations [Test worker] POST /_refresh

    Response: 200
    {"_shards":{"total":1,"successful":1,"failed":0}}
    2026-01-15 00:40:47,682 INFO o.o.m.b.c.OpenSearchClientFactory [reactor-http-kqueue-10] After querying target, compatibilityMode=false
    2026-01-15 00:40:47,683 INFO o.o.m.b.w.SnapshotRunner [Test worker] Attempting to initiate the snapshot...
    2026-01-15 00:40:47,683 INFO o.o.m.b.c.OpenSearchClient [Test worker] Starting registerSnapshotRepo for repoName=null
    2026-01-15 00:40:47,701 INFO o.o.m.b.c.OpenSearchClient [Test worker] Completed registerSnapshotRepo for repoName=null in 18 ms with statusCode=200
    2026-01-15 00:40:47,701 INFO o.o.m.b.c.SnapshotCreator [Test worker] Snapshot repo registration successful
    2026-01-15 00:40:47,701 INFO o.o.m.b.c.OpenSearchClient [Test worker] Starting createSnapshot for repoName=null, snapshotName=snap
    2026-01-15 00:40:47,715 INFO o.o.m.b.c.OpenSearchClient [Test worker] Completed createSnapshot for repoName=null, snapshotName=snap in 14 ms with statusCode=200
    2026-01-15 00:40:47,715 INFO o.o.m.b.c.SnapshotCreator [Test worker] Snapshot snap creation initiated
    2026-01-15 00:40:47,715 INFO o.o.m.b.w.SnapshotRunner [Test worker] Snapshot in progress...
    2026-01-15 00:40:47,715 INFO o.o.m.b.c.OpenSearchClient [Test worker] Starting getSnapshotStatus for repoName=null, snapshotName=snap
    2026-01-15 00:40:47,719 INFO o.o.m.b.c.OpenSearchClient [Test worker] Completed getSnapshotStatus for repoName=null, snapshotName=snap in 4 ms with statusCode=200
    2026-01-15 00:40:47,720 INFO o.o.m.b.w.SnapshotRunner [Test worker] Snapshot not finished yet; sleeping for 1000ms...
    2026-01-15 00:40:48,721 INFO o.o.m.b.c.OpenSearchClient [Test worker] Starting getSnapshotStatus for repoName=null, snapshotName=snap
    2026-01-15 00:40:48,739 INFO o.o.m.b.c.OpenSearchClient [Test worker] Completed getSnapshotStatus for repoName=null, snapshotName=snap in 18 ms with statusCode=200
    2026-01-15 00:40:48,808 DEBUG o.o.m.b.f.SearchClusterContainer [Test worker] Process Exit Code: 0
    2026-01-15 00:40:48,809 DEBUG o.o.m.b.f.SearchClusterContainer [Test worker] Standard Output: /tmp/snapshots/indices/9INOzao7RkKSWRV5lsjBMQ/0/index-8iFa7QvJSTm-lPsdPS0Wxg
    /tmp/snapshots/indices/9INOzao7RkKSWRV5lsjBMQ/0/__Hpda_RAeQzObNgKGskhSTQ
    /tmp/snapshots/indices/9INOzao7RkKSWRV5lsjBMQ/0/__DctNZUkqRwKmvsOtuTQKZQ
    /tmp/snapshots/indices/9INOzao7RkKSWRV5lsjBMQ/0/snap-Et3Mz5lgSi-nDcVkd8ayhg.dat
    /tmp/snapshots/indices/9INOzao7RkKSWRV5lsjBMQ/meta-lSoZv5sBz8jGFdUiCaB0.dat
    /tmp/snapshots/index.latest
    /tmp/snapshots/index-0
    /tmp/snapshots/snap-Et3Mz5lgSi-nDcVkd8ayhg.dat
    /tmp/snapshots/meta-Et3Mz5lgSi-nDcVkd8ayhg.dat

    2026-01-15 00:40:48,809 DEBUG o.o.m.b.f.SearchClusterContainer [Test worker] Standard Error : 
    2026-01-15 00:40:48,811 INFO o.o.m.b.f.SearchClusterContainer [Test worker] Copying file /tmp/snapshots/indices/9INOzao7RkKSWRV5lsjBMQ/0/index-8iFa7QvJSTm-lPsdPS0Wxg from container onto /var/folders/d9/7fcs2fv55k59ps6tpm5gdv900000gq/T/junit-4824299254553748040/indices/9INOzao7RkKSWRV5lsjBMQ/0/index-8iFa7QvJSTm-lPsdPS0Wxg
    2026-01-15 00:40:48,816 INFO o.o.m.b.f.SearchClusterContainer [Test worker] Copying file /tmp/snapshots/indices/9INOzao7RkKSWRV5lsjBMQ/0/__Hpda_RAeQzObNgKGskhSTQ from container onto /var/folders/d9/7fcs2fv55k59ps6tpm5gdv900000gq/T/junit-4824299254553748040/indices/9INOzao7RkKSWRV5lsjBMQ/0/__Hpda_RAeQzObNgKGskhSTQ
    2026-01-15 00:40:48,822 INFO o.o.m.b.f.SearchClusterContainer [Test worker] Copying file /tmp/snapshots/indices/9INOzao7RkKSWRV5lsjBMQ/0/__DctNZUkqRwKmvsOtuTQKZQ from container onto /var/folders/d9/7fcs2fv55k59ps6tpm5gdv900000gq/T/junit-4824299254553748040/indices/9INOzao7RkKSWRV5lsjBMQ/0/__DctNZUkqRwKmvsOtuTQKZQ
    2026-01-15 00:40:48,827 INFO o.o.m.b.f.SearchClusterContainer [Test worker] Copying file /tmp/snapshots/indices/9INOzao7RkKSWRV5lsjBMQ/0/snap-Et3Mz5lgSi-nDcVkd8ayhg.dat from container onto /var/folders/d9/7fcs2fv55k59ps6tpm5gdv900000gq/T/junit-4824299254553748040/indices/9INOzao7RkKSWRV5lsjBMQ/0/snap-Et3Mz5lgSi-nDcVkd8ayhg.dat
    2026-01-15 00:40:48,832 INFO o.o.m.b.f.SearchClusterContainer [Test worker] Copying file /tmp/snapshots/indices/9INOzao7RkKSWRV5lsjBMQ/meta-lSoZv5sBz8jGFdUiCaB0.dat from container onto /var/folders/d9/7fcs2fv55k59ps6tpm5gdv900000gq/T/junit-4824299254553748040/indices/9INOzao7RkKSWRV5lsjBMQ/meta-lSoZv5sBz8jGFdUiCaB0.dat
    2026-01-15 00:40:48,837 INFO o.o.m.b.f.SearchClusterContainer [Test worker] Copying file /tmp/snapshots/index.latest from container onto /var/folders/d9/7fcs2fv55k59ps6tpm5gdv900000gq/T/junit-4824299254553748040/index.latest
    2026-01-15 00:40:48,842 INFO o.o.m.b.f.SearchClusterContainer [Test worker] Copying file /tmp/snapshots/index-0 from container onto /var/folders/d9/7fcs2fv55k59ps6tpm5gdv900000gq/T/junit-4824299254553748040/index-0
    2026-01-15 00:40:48,848 INFO o.o.m.b.f.SearchClusterContainer [Test worker] Copying file /tmp/snapshots/snap-Et3Mz5lgSi-nDcVkd8ayhg.dat from container onto /var/folders/d9/7fcs2fv55k59ps6tpm5gdv900000gq/T/junit-4824299254553748040/snap-Et3Mz5lgSi-nDcVkd8ayhg.dat
    2026-01-15 00:40:48,852 INFO o.o.m.b.f.SearchClusterContainer [Test worker] Copying file /tmp/snapshots/meta-Et3Mz5lgSi-nDcVkd8ayhg.dat from container onto /var/folders/d9/7fcs2fv55k59ps6tpm5gdv900000gq/T/junit-4824299254553748040/meta-Et3Mz5lgSi-nDcVkd8ayhg.dat
    2026-01-15 00:40:48,856 INFO o.o.m.b.NoStoredSourceMigrationTest [Test worker] Target index body: {"settings":{"number_of_shards":1,"number_of_replicas":0},"mappings":{"properties":{"keyword_dv_store": {"type": "keyword"},
    "keyword_dv_nostore": {"type": "keyword"},
    "keyword_nodv_store": {"type": "keyword"},
    "keyword_nodv_nostore": {"type": "keyword"},
    "boolean_dv_store": {"type": "boolean"},
    "boolean_dv_nostore": {"type": "boolean"},
    "boolean_nodv_store": {"type": "boolean"},
    "boolean_nodv_nostore": {"type": "boolean"},
    "binary_nodv_store": {"type": "binary"},
    "binary_nodv_nostore": {"type": "binary"},
    "integer_dv_store": {"type": "integer"},
    "integer_dv_nostore": {"type": "integer"},
    "integer_nodv_store": {"type": "integer"},
    "integer_nodv_nostore": {"type": "integer"},
    "long_dv_store": {"type": "long"},
    "long_dv_nostore": {"type": "long"},
    "long_nodv_store": {"type": "long"},
    "long_nodv_nostore": {"type": "long"},
    "float_dv_store": {"type": "float"},
    "float_dv_nostore": {"type": "float"},
    "float_nodv_store": {"type": "float"},
    "float_nodv_nostore": {"type": "float"},
    "double_dv_store": {"type": "double"},
    "double_dv_nostore": {"type": "double"},
    "double_nodv_store": {"type": "double"},
    "double_nodv_nostore": {"type": "double"},
    "ip_dv_store": {"type": "ip"},
    "ip_dv_nostore": {"type": "ip"},
    "ip_nodv_store": {"type": "ip"},
    "ip_nodv_nostore": {"type": "ip"},
    "ipv6_dv_store": {"type": "ip"},
    "ipv6_dv_nostore": {"type": "ip"},
    "ipv6_nodv_store": {"type": "ip"},
    "ipv6_nodv_nostore": {"type": "ip"},
    "date_dv_store": {"type": "date"},
    "date_dv_nostore": {"type": "date"},
    "date_nodv_store": {"type": "date"},
    "date_nodv_nostore": {"type": "date"},
    "scaled_float_dv_store": {"type": "scaled_float", "scaling_factor": 100},
    "scaled_float_dv_nostore": {"type": "scaled_float", "scaling_factor": 100},
    "scaled_float_nodv_store": {"type": "scaled_float", "scaling_factor": 100},
    "scaled_float_nodv_nostore": {"type": "scaled_float", "scaling_factor": 100},
    "date_nanos_dv_store": {"type": "date_nanos"},
    "date_nanos_dv_nostore": {"type": "date_nanos"},
    "date_nanos_nodv_store": {"type": "date_nanos"},
    "date_nanos_nodv_nostore": {"type": "date_nanos"},
    "geo_point_dv_store": {"type": "geo_point"},
    "geo_point_dv_nostore": {"type": "geo_point"},
    "geo_point_nodv_store": {"type": "geo_point"},
    "geo_point_nodv_nostore": {"type": "geo_point"}}}}
    2026-01-15 00:40:48,932 INFO o.o.m.b.h.ClusterOperations [Test worker] PUT /source_reconstruction_test
    {"settings":{"number_of_shards":1,"number_of_replicas":0},"mappings":{"properties":{"keyword_dv_store": {"type": "keyword"},
    "keyword_dv_nostore": {"type": "keyword"},
    "keyword_nodv_store": {"type": "keyword"},
    "keyword_nodv_nostore": {"type": "keyword"},
    "boolean_dv_store": {"type": "boolean"},
    "boolean_dv_nostore": {"type": "boolean"},
    "boolean_nodv_store": {"type": "boolean"},
    "boolean_nodv_nostore": {"type": "boolean"},
    "binary_nodv_store": {"type": "binary"},
    "binary_nodv_nostore": {"type": "binary"},
    "integer_dv_store": {"type": "integer"},
    "integer_dv_nostore": {"type": "integer"},
    "integer_nodv_store": {"type": "integer"},
    "integer_nodv_nostore": {"type": "integer"},
    "long_dv_store": {"type": "long"},
    "long_dv_nostore": {"type": "long"},
    "long_nodv_store": {"type": "long"},
    "long_nodv_nostore": {"type": "long"},
    "float_dv_store": {"type": "float"},
    "float_dv_nostore": {"type": "float"},
    "float_nodv_store": {"type": "float"},
    "float_nodv_nostore": {"type": "float"},
    "double_dv_s...
    Response: 200
    {"acknowledged":true,"shards_acknowledged":true,"index":"source_reconstruction_test"}
    2026-01-15 00:40:48,934 INFO o.o.m.c.ClusterProviderRegistry [Test worker] Found snapshot resource reader SnapshotReader_ES_7_10 for version: ELASTICSEARCH 7.10.2
    2026-01-15 00:40:48,934 INFO o.o.m.b.SourceTestBase [Test worker] nextClockShift=230
    2026-01-15 00:40:48,935 INFO o.o.m.b.l.LuceneIndexReader$Factory [Test worker] Creating IndexReader9
    2026-01-15 00:40:48,944 INFO o.o.m.t.TransformationLoader [Test worker] Adding IJsonTransfomerProvider: org.opensearch.migrations.transformation.JsonTransformerForDocumentTypeRemovalProvider@3cef755e
    2026-01-15 00:40:48,945 INFO o.o.m.t.TransformationLoader [Test worker] Adding IJsonTransfomerProvider: org.opensearch.migrations.transform.JsonConditionalTransformerProvider@302d6539
    2026-01-15 00:40:48,945 INFO o.o.m.t.TransformationLoader [Test worker] Adding IJsonTransfomerProvider: org.opensearch.migrations.transform.TypeMappingSanitizationTransformerProvider@21ad8083
    2026-01-15 00:40:48,946 INFO o.o.m.t.TransformationLoader [Test worker] Adding IJsonTransfomerProvider: org.opensearch.migrations.transform.JsonJSTransformerProvider@5c2df1e3
    2026-01-15 00:40:48,946 INFO o.o.m.t.TransformationLoader [Test worker] Adding IJsonTransfomerProvider: org.opensearch.migrations.transform.JsonJoltTransformerProvider@390bd8f8
    2026-01-15 00:40:48,946 INFO o.o.m.t.TransformationLoader [Test worker] Adding IJsonTransfomerProvider: org.opensearch.migrations.transform.JsonJMESPathTransformerProvider@3135fff3
    2026-01-15 00:40:48,947 INFO o.o.m.t.TransformationLoader [Test worker] Adding IJsonTransfomerProvider: org.opensearch.migrations.transform.NoopTransformerProvider@368d3918
    2026-01-15 00:40:48,947 INFO o.o.m.t.TransformationLoader [Test worker] IJsonTransformerProviders loaded: class org.opensearch.migrations.transformation.JsonTransformerForDocumentTypeRemovalProvider; class org.opensearch.migrations.transform.JsonConditionalTransformerProvider; class org.opensearch.migrations.transform.TypeMappingSanitizationTransformerProvider; class org.opensearch.migrations.transform.JsonJSTransformerProvider; class org.opensearch.migrations.transform.JsonJoltTransformerProvider; class org.opensearch.migrations.transform.JsonJMESPathTransformerProvider; class org.opensearch.migrations.transform.NoopTransformerProvider
    2026-01-15 00:40:48,948 INFO o.o.m.t.TransformationLoader [Test worker] Creating a transformer through provider=org.opensearch.migrations.transformation.JsonTransformerForDocumentTypeRemovalProvider@3cef755e with configuration=
    2026-01-15 00:40:48,954 INFO o.o.m.b.c.OpenSearchClientFactory [Test worker] Checking compression on cluster
    2026-01-15 00:40:48,972 INFO o.o.m.b.c.OpenSearchClientFactory [reactor-http-kqueue-11] After querying target, compression=false
    2026-01-15 00:40:48,978 INFO o.o.m.b.w.OpenSearchWorkCoordinator [Test worker] Creating .migrations_working_state because HEAD returned 404
    2026-01-15 00:40:49,191 INFO o.o.m.b.w.ScopedWorkCoordinator [Test worker] Acquired work item: shard_setup with lease expiration at 2026-01-15T00:45:49.025159Z
    2026-01-15 00:40:49,191 INFO o.o.m.b.w.ShardWorkPreparer [Test worker] Acquired work to set the shard workitems
    2026-01-15 00:40:49,191 INFO o.o.m.b.w.ShardWorkPreparer [Test worker] Setting up the Documents Work Items...
    2026-01-15 00:40:49,199 INFO o.o.m.b.w.ShardWorkPreparer [Test worker] Index source_reconstruction_test has 1 shards
    2026-01-15 00:40:49,199 INFO o.o.m.b.w.ShardWorkPreparer [Test worker] Creating Documents Work Item for index: source_reconstruction_test, shard: 0
    2026-01-15 00:40:49,217 INFO o.o.m.b.w.ShardWorkPreparer [Test worker] Finished setting up the Documents Work Items.
    2026-01-15 00:40:49,217 INFO o.o.m.b.w.ScopedWorkCoordinator [Test worker] Finished onAcquiredWork for work item: shard_setup in 26 ms
    2026-01-15 00:40:49,237 INFO o.o.m.b.w.ScopedWorkCoordinator [Test worker] Marked work item shard_setup as completed and released lease
    2026-01-15 00:40:49,315 INFO o.o.m.b.w.OpenSearchWorkCoordinator [Test worker] Returning work item and lease: OpenSearchWorkCoordinator.WorkItemWithPotentialSuccessors(workItemId=source_reconstruction_test__0__-2147483648, leaseExpirationTime=2026-01-15T00:50:49Z, successorWorkItemIds=[])
    2026-01-15 00:40:49,315 INFO o.o.m.b.w.ScopedWorkCoordinator [Test worker] Acquired work item: source_reconstruction_test__0__-2147483648 with lease expiration at 2026-01-15T00:50:49Z
    2026-01-15 00:40:49,315 INFO o.o.m.b.w.DocumentsRunner [Test worker] Acquired work item: source_reconstruction_test__0__-2147483648
    2026-01-15 00:40:49,315 INFO o.o.m.b.w.DocumentsRunner [Test worker] Migrating docs for source_reconstruction_test__0__-2147483648
    2026-01-15 00:40:49,322 INFO o.o.m.RfsMigrateDocuments [Test worker] Shard size: 14864 for snapshotName=snap indexName=source_reconstruction_test shardId=0
    2026-01-15 00:40:49,323 INFO o.o.m.b.c.SnapshotShardUnpacker [Test worker] Starting parallel unpacking of 4 files for shard 0 with 12 threads
    2026-01-15 00:40:49,323 INFO o.o.m.b.c.SnapshotShardUnpacker [boundedElastic-4] Unpacking - Blob Name: __Hpda_RAeQzObNgKGskhSTQ, Lucene Name: _0.cfs
    2026-01-15 00:40:49,323 INFO o.o.m.b.c.SnapshotShardUnpacker [boundedElastic-1] Unpacking - Blob Name: v__A0dA0oqjRE2FJ0vOvu0BCA, Lucene Name: segments_3
    2026-01-15 00:40:49,323 INFO o.o.m.b.c.SnapshotShardUnpacker [boundedElastic-2] Unpacking - Blob Name: v__ODnIGNgoSEyYhtjrj_7f5w, Lucene Name: _0.si
    2026-01-15 00:40:49,323 INFO o.o.m.b.c.SnapshotShardUnpacker [boundedElastic-3] Unpacking - Blob Name: __DctNZUkqRwKmvsOtuTQKZQ, Lucene Name: _0.cfe
    2026-01-15 00:40:49,324 INFO o.o.m.b.c.SnapshotShardUnpacker [Test worker] Successfully unpacked 4 files for shard 0
    2026-01-15 00:40:49,325 INFO o.o.m.b.l.LuceneIndexReader$Factory [Test worker] Creating IndexReader9
    2026-01-15 00:40:49,344 INFO o.o.m.b.w.DocumentsRunner [Test worker] Setting up doc migration for index=source_reconstruction_test, shard=0
    2026-01-15 00:40:49,346 INFO o.o.m.RfsMigrateDocuments [Test worker] Shard size: 14864 for snapshotName=snap indexName=source_reconstruction_test shardId=0
    2026-01-15 00:40:49,472 INFO o.o.m.b.l.LuceneReader [Test worker] 1 documents in 1 leaves found in the current Lucene index
    2026-01-15 00:40:49,475 INFO o.o.m.b.w.DocumentsRunner [Test worker] Waiting on latch for index=source_reconstruction_test, shard=0...
    2026-01-15 00:40:49,475 INFO o.o.m.b.w.DocumentsRunner [workFinishScheduler-5] Subscribed to docMigrationCursors for index=source_reconstruction_test, shard=0
    2026-01-15 00:40:49,488 INFO o.o.m.b.c.DocumentReindexer [DocumentBatchReindexer-14] Last doc is: Source Index source_reconstruction_test Lucene Doc Number 0
    2026-01-15 00:40:49,489 INFO o.o.m.b.c.DocumentReindexer [DocumentBatchReindexer-14] Batch Id:9d53198a-7343-4562-a07e-bb9c8102c8d7, 1 documents in current bulk request.
    2026-01-15 00:40:49,506 INFO o.o.m.b.w.DocumentsRunner [DocumentBatchReindexer-15] Completed docMigration for index=source_reconstruction_test, shard=0
    2026-01-15 00:40:49,506 INFO o.o.m.b.w.DocumentsRunner [DocumentBatchReindexer-15] Terminating docMigration Flux for index=source_reconstruction_test, shard=0
    2026-01-15 00:40:49,506 INFO o.o.m.b.w.DocumentsRunner [DocumentBatchReindexer-15] Reindexing completed for Index source_reconstruction_test, Shard 0
    2026-01-15 00:40:49,506 INFO o.o.m.b.w.DocumentsRunner [Test worker] Latch released after 31 ms for index=source_reconstruction_test, shard=0
    2026-01-15 00:40:49,506 INFO o.o.m.b.w.ScopedWorkCoordinator [Test worker] Finished onAcquiredWork for work item: source_reconstruction_test__0__-2147483648 in 191 ms
    2026-01-15 00:40:49,518 INFO o.o.m.b.w.ScopedWorkCoordinator [Test worker] Marked work item source_reconstruction_test__0__-2147483648 as completed and released lease
    2026-01-15 00:40:49,523 INFO o.o.m.u.FileSystemUtils [Test worker] Successfully deleted directory tree at /var/folders/d9/7fcs2fv55k59ps6tpm5gdv900000gq/T/opensearchMigrationReindexFromSnapshot_test_lucene7120081644787695730
    2026-01-15 00:40:49,524 INFO o.o.m.c.ClusterProviderRegistry [Test worker] Found snapshot resource reader SnapshotReader_ES_7_10 for version: ELASTICSEARCH 7.10.2
    2026-01-15 00:40:49,524 INFO o.o.m.b.SourceTestBase [Test worker] nextClockShift=-90
    2026-01-15 00:40:49,524 INFO o.o.m.b.l.LuceneIndexReader$Factory [Test worker] Creating IndexReader9
    2026-01-15 00:40:49,525 INFO o.o.m.t.TransformationLoader [Test worker] Adding IJsonTransfomerProvider: org.opensearch.migrations.transformation.JsonTransformerForDocumentTypeRemovalProvider@5a04007e
    2026-01-15 00:40:49,525 INFO o.o.m.t.TransformationLoader [Test worker] Adding IJsonTransfomerProvider: org.opensearch.migrations.transform.JsonConditionalTransformerProvider@425b6c52
    2026-01-15 00:40:49,525 INFO o.o.m.t.TransformationLoader [Test worker] Adding IJsonTransfomerProvider: org.opensearch.migrations.transform.TypeMappingSanitizationTransformerProvider@738118e5
    2026-01-15 00:40:49,525 INFO o.o.m.t.TransformationLoader [Test worker] Adding IJsonTransfomerProvider: org.opensearch.migrations.transform.JsonJSTransformerProvider@5f4dd848
    2026-01-15 00:40:49,525 INFO o.o.m.t.TransformationLoader [Test worker] Adding IJsonTransfomerProvider: org.opensearch.migrations.transform.JsonJoltTransformerProvider@79671c2b
    2026-01-15 00:40:49,525 INFO o.o.m.t.TransformationLoader [Test worker] Adding IJsonTransfomerProvider: org.opensearch.migrations.transform.JsonJMESPathTransformerProvider@6a79bd1a
    2026-01-15 00:40:49,525 INFO o.o.m.t.TransformationLoader [Test worker] Adding IJsonTransfomerProvider: org.opensearch.migrations.transform.NoopTransformerProvider@b896365
    2026-01-15 00:40:49,525 INFO o.o.m.t.TransformationLoader [Test worker] IJsonTransformerProviders loaded: class org.opensearch.migrations.transformation.JsonTransformerForDocumentTypeRemovalProvider; class org.opensearch.migrations.transform.JsonConditionalTransformerProvider; class org.opensearch.migrations.transform.TypeMappingSanitizationTransformerProvider; class org.opensearch.migrations.transform.JsonJSTransformerProvider; class org.opensearch.migrations.transform.JsonJoltTransformerProvider; class org.opensearch.migrations.transform.JsonJMESPathTransformerProvider; class org.opensearch.migrations.transform.NoopTransformerProvider
    2026-01-15 00:40:49,525 INFO o.o.m.t.TransformationLoader [Test worker] Creating a transformer through provider=org.opensearch.migrations.transformation.JsonTransformerForDocumentTypeRemovalProvider@5a04007e with configuration=
    2026-01-15 00:40:49,528 INFO o.o.m.b.c.OpenSearchClientFactory [Test worker] Checking compression on cluster
    2026-01-15 00:40:49,536 INFO o.o.m.b.c.OpenSearchClientFactory [reactor-http-kqueue-11] After querying target, compression=false
    2026-01-15 00:40:49,539 INFO o.o.m.b.w.OpenSearchWorkCoordinator [Test worker] Not creating .migrations_working_state because it already exists
    2026-01-15 00:40:49,548 INFO o.o.m.b.w.ScopedWorkCoordinator [Test worker] Work item already marked as completed. Skipping.
    2026-01-15 00:40:49,556 INFO o.o.m.u.FileSystemUtils [Test worker] Successfully deleted directory tree at /var/folders/d9/7fcs2fv55k59ps6tpm5gdv900000gq/T/opensearchMigrationReindexFromSnapshot_test_lucene12514845838987148403
    2026-01-15 00:40:49,556 INFO o.o.m.b.SourceTestBase [Test worker] No work at all was found.  Presuming that work was complete and that all worker processes should terminate
    2026-01-15 00:40:49,565 INFO o.o.m.b.h.ClusterOperations [Test worker] POST /_refresh

    Response: 200
    {"_shards":{"total":3,"successful":2,"failed":0}}
    2026-01-15 00:40:49,569 INFO o.o.m.b.h.ClusterOperations [Test worker] GET /source_reconstruction_test/_search

    Response: 200
    {"took":1,"timed_out":false,"_shards":{"total":1,"successful":1,"skipped":0,"failed":0},"hits":{"total":{"value":1,"relation":"eq"},"max_score":1.0,"hits":[{"_index":"source_reconstruction_test","_id":"1","_score":1.0,"_source":{"keyword_dv_store":"test_kw","keyword_nodv_store":"test_kw","boolean_dv_store":true,"boolean_nodv_store":true,"binary_nodv_store":"dGVzdA==","integer_dv_store":42,"integer_nodv_store":42,"long_dv_store":9999,"long_nodv_store":9999,"float_dv_store":3.14,"float_nodv_store":3.14,"double_dv_store":2.71828,"double_nodv_store":2.71828,"ip_dv_store":"192.168.1.1","ip_nodv_store":"192.168.1.1","ipv6_dv_store":"2001:db8:85a3:0:0:8a2e:370:7334","ipv6_nodv_store":"2001:db8:85a3:0:0:8a2e:370:7334","date_dv_store":"2024-01-15T10:30:00Z","date_nodv_store":"2024-01-15T10:30:00Z","scaled_float_dv_store":123.45,"scaled_float_nodv_store":123.45,"date_nanos_dv_store":"2024-01-15T10:30:00.123456789Z","date_nanos_nodv_store":"2024-01-15T10:30:00.123456789Z","geo_point_dv_store":"40...
    2026-01-15 00:40:49,569 INFO o.o.m.b.NoStoredSourceMigrationTest [Test worker] Migrated _source: {"keyword_dv_store":"test_kw","keyword_nodv_store":"test_kw","boolean_dv_store":true,"boolean_nodv_store":true,"binary_nodv_store":"dGVzdA==","integer_dv_store":42,"integer_nodv_store":42,"long_dv_store":9999,"long_nodv_store":9999,"float_dv_store":3.14,"float_nodv_store":3.14,"double_dv_store":2.71828,"double_nodv_store":2.71828,"ip_dv_store":"192.168.1.1","ip_nodv_store":"192.168.1.1","ipv6_dv_store":"2001:db8:85a3:0:0:8a2e:370:7334","ipv6_nodv_store":"2001:db8:85a3:0:0:8a2e:370:7334","date_dv_store":"2024-01-15T10:30:00Z","date_nodv_store":"2024-01-15T10:30:00Z","scaled_float_dv_store":123.45,"scaled_float_nodv_store":123.45,"date_nanos_dv_store":"2024-01-15T10:30:00.123456789Z","date_nanos_nodv_store":"2024-01-15T10:30:00.123456789Z","geo_point_dv_store":"40.7128, -74.006","geo_point_nodv_store":"40.7128, -74.006","keyword_dv_nostore":"test_kw","boolean_dv_nostore":true,"integer_dv_nostore":42,"long_dv_nostore":9999,"float_dv_nostore":3.14,"double_dv_nostore":2.71828,"ip_dv_nostore":"192.168.1.1","ipv6_dv_nostore":"2001:db8:85a3:0:0:8a2e:370:7334","date_dv_nostore":"2024-01-15T10:30:00Z","scaled_float_dv_nostore":123.45,"date_nanos_dv_nostore":"2024-01-15T10:30:00.123456789Z","geo_point_dv_nostore":{"lon":148.0120000988245,"lat":-81.42559996806085},"long_nodv_nostore":9999,"date_nodv_nostore":"2024-01-15T10:30:00Z","ipv6_nodv_nostore":"2001:db8:85a3:0:0:8a2e:370:7334","float_nodv_nostore":3.14,"double_nodv_nostore":2.71828,"integer_nodv_nostore":42,"date_nanos_nodv_nostore":"2024-01-15T10:30:00.123456789Z","ip_nodv_nostore":"192.168.1.1"}
    2026-01-15 00:40:49,569 INFO o.o.m.b.NoStoredSourceMigrationTest [Test worker] Skipping value check for keyword_nodv_store (keyword stored field in ES 5+)
    2026-01-15 00:40:49,570 INFO o.o.m.b.f.SearchClusterContainer [Test worker] Stopping container version:OPENSEARCH 3.0.0
    2026-01-15 00:40:49,585 DEBUG o.o.m.b.f.SearchClusterContainer [Test worker] Instance logs:
    Enabling OpenSearch Security Plugin
    Enabling execution of install_demo_configuration.sh for OpenSearch Security Plugin 
    OpenSearch 2.12.0 onwards, the OpenSearch Security Plugin a change that requires an initial password for 'admin' user. 
    Please define an environment variable 'OPENSEARCH_INITIAL_ADMIN_PASSWORD' with a strong password string. 
    If a password is not provided, the setup will quit. 
     For more details, please visit: https://opensearch.org/docs/latest/install-and-configure/install-opensearch/docker/
    ### OpenSearch Security Demo Installer
    ### ** Warning: Do not use on production or public reachable systems **
    OpenSearch install type: rpm/deb on Linux 6.12.54-linuxkit aarch64
    OpenSearch config dir: /usr/share/opensearch/config/
    OpenSearch config file: /usr/share/opensearch/config/opensearch.yml
    OpenSearch bin dir: /usr/share/opensearch/bin/
    OpenSearch plugins dir: /usr/share/opensearch/plugins/
    OpenSearch lib dir: /usr/share/opensearch/lib/
    Detected OpenSearch Version: 3.0.0
    Detected OpenSearch Security Version: 3.0.0.0
    Admin password set successfully.
    ### Success
    ### Execute this script now on all your nodes and then start all nodes
    ### OpenSearch Security will be automatically initialized.
    ### If you like to change the runtime configuration 
    ### change the files in ../../../config/opensearch-security and execute: 
    sudo "/usr/share/opensearch/plugins/opensearch-security/tools/securityadmin.sh" -cd "/usr/share/opensearch/config/opensearch-security" -icl -key "/usr/share/opensearch/config/kirk-key.pem" -cert "/usr/share/opensearch/config/kirk.pem" -cacert "/usr/share/opensearch/config/root-ca.pem" -nhnv
    ### or run ./securityadmin_demo.sh
    ### To use the Security Plugin ConfigurationGUI
    ### To access your secured cluster open https://<hostname>:<HTTP port> and log in with admin/<your-custom-admin-password>.
    ### (Ignore the SSL certificate warning because we installed self-signed demo certificates)
    Enabling execution of OPENSEARCH_HOME/bin/opensearch-performance-analyzer/performance-analyzer-agent-cli for OpenSearch Performance Analyzer Plugin
    WARNING: Using incubator modules: jdk.incubator.vector
    WARNING: Unknown module: org.apache.arrow.memory.core specified to --add-opens
    [2026-01-15T00:40:42,819][WARN ][stderr                   ] [b82bed86ec0e] Jan 15, 2026 12:40:42 AM org.opensearch.javaagent.bootstrap.AgentPolicy setPolicy
    [2026-01-15T00:40:42,820][WARN ][stderr                   ] [b82bed86ec0e] INFO: Policy attached successfully: org.opensearch.bootstrap.OpenSearchPolicy@5e8cda75
    [2026-01-15T00:40:42,825][INFO ][o.o.n.Node               ] [b82bed86ec0e] version[3.0.0], pid[1], build[tar/dc4efa821904cc2d7ea7ef61c0f577d3fc0d8be9/2025-05-03T06:23:50.311109522Z], OS[Linux/6.12.54-linuxkit/aarch64], JVM[Eclipse Adoptium/OpenJDK 64-Bit Server VM/21.0.7/21.0.7+6-LTS]
    [2026-01-15T00:40:42,825][INFO ][o.o.n.Node               ] [b82bed86ec0e] JVM home [/usr/share/opensearch/jdk], using bundled JDK/JRE [true]
    [2026-01-15T00:40:42,825][INFO ][o.o.n.Node               ] [b82bed86ec0e] JVM arguments [-Xshare:auto, -Dopensearch.networkaddress.cache.ttl=60, -Dopensearch.networkaddress.cache.negative.ttl=10, -XX:+AlwaysPreTouch, -Xss1m, -Djava.awt.headless=true, -Dfile.encoding=UTF-8, -Djna.nosys=true, -XX:-OmitStackTraceInFastThrow, -XX:+ShowCodeDetailsInExceptionMessages, -Dio.netty.noUnsafe=true, -Dio.netty.noKeySetOptimization=true, -Dio.netty.recycler.maxCapacityPerThread=0, -Dio.netty.allocator.numDirectArenas=0, -Dlog4j.shutdownHookEnabled=false, -Dlog4j2.disable.jmx=true, -Djava.locale.providers=SPI,CLDR, -Xms1g, -Xmx1g, -XX:+UseG1GC, -XX:G1ReservePercent=25, -XX:InitiatingHeapOccupancyPercent=30, -Djava.io.tmpdir=/tmp/opensearch-15320983421881574516, -XX:+HeapDumpOnOutOfMemoryError, -XX:HeapDumpPath=data, -XX:ErrorFile=logs/hs_err_pid%p.log, -Xlog:gc*,gc+age=trace,safepoint:file=logs/gc.log:utctime,pid,tags:filecount=32,filesize=64m, --add-modules=jdk.incubator.vector, -javaagent:agent/opensearch-agent.jar, --add-opens=java.base/java.nio=org.apache.arrow.memory.core,ALL-UNNAMED, -Dclk.tck=100, -Djdk.attach.allowAttachSelf=true, -Djava.security.policy=/usr/share/opensearch/config/opensearch-performance-analyzer/opensearch_security.policy, --add-opens=jdk.attach/sun.tools.attach=ALL-UNNAMED, -Dopensearch.cgroups.hierarchy.override=/, -XX:MaxDirectMemorySize=536870912, -Dopensearch.path.home=/usr/share/opensearch, -Dopensearch.path.conf=/usr/share/opensearch/config, -Dopensearch.distribution.type=tar, -Dopensearch.bundled_jdk=true]
    [2026-01-15T00:40:42,891][WARN ][stderr                   ] [b82bed86ec0e] Jan 15, 2026 12:40:42 AM org.apache.lucene.internal.vectorization.PanamaVectorizationProvider <init>
    [2026-01-15T00:40:42,891][WARN ][stderr                   ] [b82bed86ec0e] INFO: Java vector incubator API enabled; uses preferredBitSize=128; FMA enabled
    [2026-01-15T00:40:43,181][INFO ][o.o.s.s.t.SSLConfig      ] [b82bed86ec0e] SSL dual mode is disabled
    [2026-01-15T00:40:43,181][WARN ][o.o.s.OpenSearchSecurityPlugin] [b82bed86ec0e] OpenSearch Security plugin installed but disabled. This can expose your configuration (including passwords) to the public.
    [2026-01-15T00:40:43,451][ERROR][o.o.p.c.c.PluginSettings ] [b82bed86ec0e] Loading config file /usr/share/opensearch/config/opensearch-performance-analyzer/performance-analyzer.properties failed with error: org.opensearch.performanceanalyzer.commons.config.ConfigFileException: java.io.FileNotFoundException: /usr/share/opensearch/config/opensearch-performance-analyzer/performance-analyzer.properties (No such file or directory). Disabling plugin.
    [2026-01-15T00:40:43,451][INFO ][o.o.p.c.c.PluginSettings ] [b82bed86ec0e] Config: metricsLocation: /dev/shm/performanceanalyzer/, metricsDeletionInterval: 1, httpsEnabled: false, cleanup-metrics-db-files: false, batch-metrics-retention-period-minutes: 7, rpc-port: 9650, webservice-port 9600
    [2026-01-15T00:40:43,532][ERROR][o.o.p.c.c.StatsCollector ] [b82bed86ec0e] Error in loading metadata for folderLocation: /usr/share/opensearch/config/opensearch-performance-analyzer/, fileLocation: plugin-stats-metadata
    java.io.FileNotFoundException: /usr/share/opensearch/config/opensearch-performance-analyzer/plugin-stats-metadata (No such file or directory)
    	at java.base/java.io.FileInputStream.open0(Native Method) ~[?:?]
    	at java.base/java.io.FileInputStream.open(FileInputStream.java:213) ~[?:?]
    	at java.base/java.io.FileInputStream.<init>(FileInputStream.java:152) ~[?:?]
    	at java.base/java.io.FileInputStream.<init>(FileInputStream.java:106) ~[?:?]
    	at org.opensearch.performanceanalyzer.commons.collectors.StatsCollector.loadMetadata(StatsCollector.java:158) ~[performance-analyzer-commons-2.0.0.jar:?]
    	at org.opensearch.performanceanalyzer.commons.collectors.StatsCollector.instance(StatsCollector.java:73) ~[performance-analyzer-commons-2.0.0.jar:?]
    	at org.opensearch.performanceanalyzer.PerformanceAnalyzerPlugin.scheduleRcaCollectors(PerformanceAnalyzerPlugin.java:264) ~[opensearch-performance-analyzer-3.0.0.0.jar:3.0.0.0]
    	at org.opensearch.performanceanalyzer.PerformanceAnalyzerPlugin.<init>(PerformanceAnalyzerPlugin.java:213) ~[opensearch-performance-analyzer-3.0.0.0.jar:3.0.0.0]
    	at java.base/jdk.internal.reflect.DirectConstructorHandleAccessor.newInstance(DirectConstructorHandleAccessor.java:62) [?:?]
    	at java.base/java.lang.reflect.Constructor.newInstanceWithCaller(Constructor.java:502) [?:?]
    	at java.base/java.lang.reflect.Constructor.newInstance(Constructor.java:486) [?:?]
    	at org.opensearch.plugins.PluginsService.loadPlugin(PluginsService.java:840) [opensearch-3.0.0.jar:3.0.0]
    	at org.opensearch.plugins.PluginsService.loadBundle(PluginsService.java:788) [opensearch-3.0.0.jar:3.0.0]
    	at org.opensearch.plugins.PluginsService.loadBundles(PluginsService.java:582) [opensearch-3.0.0.jar:3.0.0]
    	at org.opensearch.plugins.PluginsService.<init>(PluginsService.java:197) [opensearch-3.0.0.jar:3.0.0]
    	at org.opensearch.node.Node.<init>(Node.java:533) [opensearch-3.0.0.jar:3.0.0]
    	at org.opensearch.node.Node.<init>(Node.java:460) [opensearch-3.0.0.jar:3.0.0]
    	at org.opensearch.bootstrap.Bootstrap$5.<init>(Bootstrap.java:243) [opensearch-3.0.0.jar:3.0.0]
    	at org.opensearch.bootstrap.Bootstrap.setup(Bootstrap.java:243) [opensearch-3.0.0.jar:3.0.0]
    	at org.opensearch.bootstrap.Bootstrap.init(Bootstrap.java:405) [opensearch-3.0.0.jar:3.0.0]
    	at org.opensearch.bootstrap.OpenSearch.init(OpenSearch.java:168) [opensearch-3.0.0.jar:3.0.0]
    	at org.opensearch.bootstrap.OpenSearch.execute(OpenSearch.java:159) [opensearch-3.0.0.jar:3.0.0]
    	at org.opensearch.common.cli.EnvironmentAwareCommand.execute(EnvironmentAwareCommand.java:110) [opensearch-3.0.0.jar:3.0.0]
    	at org.opensearch.cli.Command.mainWithoutErrorHandling(Command.java:138) [opensearch-cli-3.0.0.jar:3.0.0]
    	at org.opensearch.cli.Command.main(Command.java:101) [opensearch-cli-3.0.0.jar:3.0.0]
    	at org.opensearch.bootstrap.OpenSearch.main(OpenSearch.java:125) [opensearch-3.0.0.jar:3.0.0]
    	at org.opensearch.bootstrap.OpenSearch.main(OpenSearch.java:91) [opensearch-3.0.0.jar:3.0.0]
    [2026-01-15T00:40:43,534][INFO ][o.o.p.c.SearchBackPressureStatsCollector] [b82bed86ec0e] SearchBackPressureStatsCollector started
    [2026-01-15T00:40:43,658][INFO ][o.o.i.r.ReindexModulePlugin] [b82bed86ec0e] ReindexPlugin reloadSPI called
    [2026-01-15T00:40:43,658][INFO ][o.o.i.r.ReindexModulePlugin] [b82bed86ec0e] Unable to find any implementation for RemoteReindexExtension
    [2026-01-15T00:40:43,693][INFO ][o.o.j.JobSchedulerPlugin ] [b82bed86ec0e] Loaded scheduler extension: reports-scheduler, index: .opendistro-reports-definitions
    [2026-01-15T00:40:43,694][INFO ][o.o.j.JobSchedulerPlugin ] [b82bed86ec0e] Loaded scheduler extension: opensearch_time_series_analytics, index: .opendistro-anomaly-detector-jobs
    [2026-01-15T00:40:43,694][INFO ][o.o.j.JobSchedulerPlugin ] [b82bed86ec0e] Loaded scheduler extension: opendistro-index-management, index: .opendistro-ism-config
    [2026-01-15T00:40:43,695][INFO ][o.o.j.JobSchedulerPlugin ] [b82bed86ec0e] Loaded scheduler extension: checkBatchJobTaskStatus, index: .ml_commons_task_polling_job
    [2026-01-15T00:40:43,696][INFO ][o.o.j.JobSchedulerPlugin ] [b82bed86ec0e] Loaded scheduler extension: scheduler_geospatial_ip2geo_datasource, index: .scheduler-geospatial-ip2geo-datasource
    [2026-01-15T00:40:43,696][INFO ][o.o.j.JobSchedulerPlugin ] [b82bed86ec0e] Loaded scheduler extension: opensearch_sap_job, index: .opensearch-sap--job
    [2026-01-15T00:40:43,697][INFO ][o.o.j.JobSchedulerPlugin ] [b82bed86ec0e] Loaded scheduler extension: async-query-scheduler, index: .async-query-scheduler
    [2026-01-15T00:40:43,706][INFO ][o.o.p.PluginsService     ] [b82bed86ec0e] loaded module [aggs-matrix-stats]
    [2026-01-15T00:40:43,707][INFO ][o.o.p.PluginsService     ] [b82bed86ec0e] loaded module [analysis-common]
    [2026-01-15T00:40:43,707][INFO ][o.o.p.PluginsService     ] [b82bed86ec0e] loaded module [cache-common]
    [2026-01-15T00:40:43,707][INFO ][o.o.p.PluginsService     ] [b82bed86ec0e] loaded module [geo]
    [2026-01-15T00:40:43,707][INFO ][o.o.p.PluginsService     ] [b82bed86ec0e] loaded module [ingest-common]
    [2026-01-15T00:40:43,707][INFO ][o.o.p.PluginsService     ] [b82bed86ec0e] loaded module [ingest-geoip]
    [2026-01-15T00:40:43,707][INFO ][o.o.p.PluginsService     ] [b82bed86ec0e] loaded module [ingest-user-agent]
    [2026-01-15T00:40:43,707][INFO ][o.o.p.PluginsService     ] [b82bed86ec0e] loaded module [lang-expression]
    [2026-01-15T00:40:43,707][INFO ][o.o.p.PluginsService     ] [b82bed86ec0e] loaded module [lang-mustache]
    [2026-01-15T00:40:43,707][INFO ][o.o.p.PluginsService     ] [b82bed86ec0e] loaded module [lang-painless]
    [2026-01-15T00:40:43,707][INFO ][o.o.p.PluginsService     ] [b82bed86ec0e] loaded module [mapper-extras]
    [2026-01-15T00:40:43,707][INFO ][o.o.p.PluginsService     ] [b82bed86ec0e] loaded module [opensearch-dashboards]
    [2026-01-15T00:40:43,707][INFO ][o.o.p.PluginsService     ] [b82bed86ec0e] loaded module [parent-join]
    [2026-01-15T00:40:43,707][INFO ][o.o.p.PluginsService     ] [b82bed86ec0e] loaded module [percolator]
    [2026-01-15T00:40:43,707][INFO ][o.o.p.PluginsService     ] [b82bed86ec0e] loaded module [rank-eval]
    [2026-01-15T00:40:43,707][INFO ][o.o.p.PluginsService     ] [b82bed86ec0e] loaded module [reindex]
    [2026-01-15T00:40:43,707][INFO ][o.o.p.PluginsService     ] [b82bed86ec0e] loaded module [repository-url]
    [2026-01-15T00:40:43,707][INFO ][o.o.p.PluginsService     ] [b82bed86ec0e] loaded module [search-pipeline-common]
    [2026-01-15T00:40:43,707][INFO ][o.o.p.PluginsService     ] [b82bed86ec0e] loaded module [systemd]
    [2026-01-15T00:40:43,707][INFO ][o.o.p.PluginsService     ] [b82bed86ec0e] loaded module [transport-netty4]
    [2026-01-15T00:40:43,707][INFO ][o.o.p.PluginsService     ] [b82bed86ec0e] loaded plugin [opensearch-alerting]
    [2026-01-15T00:40:43,707][INFO ][o.o.p.PluginsService     ] [b82bed86ec0e] loaded plugin [opensearch-anomaly-detection]
    [2026-01-15T00:40:43,707][INFO ][o.o.p.PluginsService     ] [b82bed86ec0e] loaded plugin [opensearch-asynchronous-search]
    [2026-01-15T00:40:43,707][INFO ][o.o.p.PluginsService     ] [b82bed86ec0e] loaded plugin [opensearch-cross-cluster-replication]
    [2026-01-15T00:40:43,707][INFO ][o.o.p.PluginsService     ] [b82bed86ec0e] loaded plugin [opensearch-custom-codecs]
    [2026-01-15T00:40:43,707][INFO ][o.o.p.PluginsService     ] [b82bed86ec0e] loaded plugin [opensearch-flow-framework]
    [2026-01-15T00:40:43,707][INFO ][o.o.p.PluginsService     ] [b82bed86ec0e] loaded plugin [opensearch-geospatial]
    [2026-01-15T00:40:43,707][INFO ][o.o.p.PluginsService     ] [b82bed86ec0e] loaded plugin [opensearch-index-management]
    [2026-01-15T00:40:43,707][INFO ][o.o.p.PluginsService     ] [b82bed86ec0e] loaded plugin [opensearch-job-scheduler]
    [2026-01-15T00:40:43,707][INFO ][o.o.p.PluginsService     ] [b82bed86ec0e] loaded plugin [opensearch-knn]
    [2026-01-15T00:40:43,707][INFO ][o.o.p.PluginsService     ] [b82bed86ec0e] loaded plugin [opensearch-ltr]
    [2026-01-15T00:40:43,707][INFO ][o.o.p.PluginsService     ] [b82bed86ec0e] loaded plugin [opensearch-ml]
    [2026-01-15T00:40:43,708][INFO ][o.o.p.PluginsService     ] [b82bed86ec0e] loaded plugin [opensearch-neural-search]
    [2026-01-15T00:40:43,708][INFO ][o.o.p.PluginsService     ] [b82bed86ec0e] loaded plugin [opensearch-notifications]
    [2026-01-15T00:40:43,708][INFO ][o.o.p.PluginsService     ] [b82bed86ec0e] loaded plugin [opensearch-notifications-core]
    [2026-01-15T00:40:43,708][INFO ][o.o.p.PluginsService     ] [b82bed86ec0e] loaded plugin [opensearch-observability]
    [2026-01-15T00:40:43,708][INFO ][o.o.p.PluginsService     ] [b82bed86ec0e] loaded plugin [opensearch-performance-analyzer]
    [2026-01-15T00:40:43,708][INFO ][o.o.p.PluginsService     ] [b82bed86ec0e] loaded plugin [opensearch-reports-scheduler]
    [2026-01-15T00:40:43,708][INFO ][o.o.p.PluginsService     ] [b82bed86ec0e] loaded plugin [opensearch-security]
    [2026-01-15T00:40:43,708][INFO ][o.o.p.PluginsService     ] [b82bed86ec0e] loaded plugin [opensearch-security-analytics]
    [2026-01-15T00:40:43,708][INFO ][o.o.p.PluginsService     ] [b82bed86ec0e] loaded plugin [opensearch-skills]
    [2026-01-15T00:40:43,708][INFO ][o.o.p.PluginsService     ] [b82bed86ec0e] loaded plugin [opensearch-sql]
    [2026-01-15T00:40:43,708][INFO ][o.o.p.PluginsService     ] [b82bed86ec0e] loaded plugin [opensearch-system-templates]
    [2026-01-15T00:40:43,708][INFO ][o.o.p.PluginsService     ] [b82bed86ec0e] loaded plugin [query-insights]
    [2026-01-15T00:40:43,721][DEPRECATION][o.o.d.c.s.Settings       ] [b82bed86ec0e] [node.max_local_storage_nodes] setting was deprecated in OpenSearch and will be removed in a future release! See the breaking changes documentation for the next major version.
    [2026-01-15T00:40:43,727][WARN ][stderr                   ] [b82bed86ec0e] WARNING: A restricted method in java.lang.foreign.Linker has been called
    [2026-01-15T00:40:43,727][WARN ][stderr                   ] [b82bed86ec0e] WARNING: java.lang.foreign.Linker::downcallHandle has been called by the unnamed module
    [2026-01-15T00:40:43,727][WARN ][stderr                   ] [b82bed86ec0e] WARNING: Use --enable-native-access=ALL-UNNAMED to avoid a warning for this module
    [2026-01-15T00:40:43,758][INFO ][o.o.e.NodeEnvironment    ] [b82bed86ec0e] using [1] data paths, mounts [[/ (overlay)]], net usable_space [375.7gb], net total_space [452.1gb], types [overlay]
    [2026-01-15T00:40:43,758][INFO ][o.o.e.NodeEnvironment    ] [b82bed86ec0e] heap size [1gb], compressed ordinary object pointers [true]
    [2026-01-15T00:40:43,770][INFO ][o.o.n.Node               ] [b82bed86ec0e] node name [b82bed86ec0e], node ID [1NUj2sugTbmVINekxu7VoQ], cluster name [docker-cluster], roles [ingest, remote_cluster_client, data, cluster_manager]
    [2026-01-15T00:40:43,798][INFO ][o.o.e.ExtensionsManager  ] [b82bed86ec0e] ExtensionsManager initialized
    [2026-01-15T00:40:44,506][DEPRECATION][o.o.d.c.s.Settings       ] [b82bed86ec0e] [plugins.security.ssl.transport.enforce_hostname_verification] setting was deprecated in OpenSearch and will be removed in a future release! See the breaking changes documentation for the next major version.
    [2026-01-15T00:40:45,055][WARN ][stderr                   ] [b82bed86ec0e] SLF4J: Failed to load class "org.slf4j.impl.StaticLoggerBinder".
    [2026-01-15T00:40:45,055][WARN ][stderr                   ] [b82bed86ec0e] SLF4J: Defaulting to no-operation (NOP) logger implementation
    [2026-01-15T00:40:45,055][WARN ][stderr                   ] [b82bed86ec0e] SLF4J: See http://www.slf4j.org/codes.html#StaticLoggerBinder for further details.
    [2026-01-15T00:40:45,066][INFO ][o.o.l.b.LTRCircuitBreakerService] [b82bed86ec0e] Registered memory breaker.
    [2026-01-15T00:40:45,151][INFO ][o.o.t.b.CircuitBreakerService] [b82bed86ec0e] Registered memory breaker.
    [2026-01-15T00:40:45,276][INFO ][o.o.r.m.c.i.SdkClientFactory] [b82bed86ec0e] Using local opensearch cluster as metadata store.
    [2026-01-15T00:40:45,439][INFO ][o.o.r.m.c.i.SdkClientFactory] [b82bed86ec0e] Using local opensearch cluster as metadata store.
    [2026-01-15T00:40:45,448][INFO ][o.o.m.b.MLCircuitBreakerService] [b82bed86ec0e] Registered ML memory breaker.
    [2026-01-15T00:40:45,448][INFO ][o.o.m.b.MLCircuitBreakerService] [b82bed86ec0e] Registered ML disk breaker.
    [2026-01-15T00:40:45,448][INFO ][o.o.m.b.MLCircuitBreakerService] [b82bed86ec0e] Registered ML native memory breaker.
    [2026-01-15T00:40:45,493][INFO ][o.r.Reflections          ] [b82bed86ec0e] Reflections took 25 ms to scan 1 urls, producing 31 keys and 81 values 
    [2026-01-15T00:40:45,503][INFO ][o.r.Reflections          ] [b82bed86ec0e] Reflections took 0 ms to scan 1 urls, producing 3 keys and 5 values 
    [2026-01-15T00:40:45,596][WARN ][o.o.s.p.SQLPlugin        ] [b82bed86ec0e] Master key is a required config for using create and update datasource APIs. Please set plugins.query.datasources.encryption.masterkey config in opensearch.yml in all the cluster nodes. More details can be found here: https://github.com/opensearch-project/sql/blob/main/docs/user/ppl/admin/datasources.rst#master-key-config-for-encrypting-credential-information
    [2026-01-15T00:40:45,730][INFO ][o.o.p.i.c.s.QueryInsightsService] [b82bed86ec0e] Setting query insights index template priority to [1847]
    [2026-01-15T00:40:46,059][INFO ][o.o.t.NettyAllocator     ] [b82bed86ec0e] creating NettyAllocator with the following configs: [name=unpooled, suggested_max_allocation_size=256kb, factors={opensearch.unsafe.use_unpooled_allocator=null, g1gc_enabled=true, g1gc_region_size=1mb, heap_size=1gb}]
    [2026-01-15T00:40:46,113][INFO ][o.o.d.DiscoveryModule    ] [b82bed86ec0e] using discovery type [single-node] and seed hosts providers [settings]
    [2026-01-15T00:40:46,353][WARN ][o.o.g.DanglingIndicesState] [b82bed86ec0e] gateway.auto_import_dangling_indices is disabled, dangling indices will not be automatically detected or imported and must be managed manually
    [2026-01-15T00:40:46,624][INFO ][o.o.p.h.c.PerformanceAnalyzerConfigAction] [b82bed86ec0e] PerformanceAnalyzer Enabled: false
    [2026-01-15T00:40:46,646][INFO ][o.o.n.Node               ] [b82bed86ec0e] initialized
    [2026-01-15T00:40:46,647][INFO ][o.o.n.Node               ] [b82bed86ec0e] starting ...
    [2026-01-15T00:40:46,669][INFO ][o.o.s.l.BuiltinLogTypeLoader] [b82bed86ec0e] Loaded [windows_logtype.json] log type
    [2026-01-15T00:40:46,669][INFO ][o.o.s.l.BuiltinLogTypeLoader] [b82bed86ec0e] Loaded [waf_logtype.json] log type
    [2026-01-15T00:40:46,669][INFO ][o.o.s.l.BuiltinLogTypeLoader] [b82bed86ec0e] Loaded [vpcflow_logtype.json] log type
    [2026-01-15T00:40:46,670][INFO ][o.o.s.l.BuiltinLogTypeLoader] [b82bed86ec0e] Loaded [test_windows_logtype.json] log type
    [2026-01-15T00:40:46,670][INFO ][o.o.s.l.BuiltinLogTypeLoader] [b82bed86ec0e] Loaded [s3_logtype.json] log type
    [2026-01-15T00:40:46,670][INFO ][o.o.s.l.BuiltinLogTypeLoader] [b82bed86ec0e] Loaded [others_web_logtype.json] log type
    [2026-01-15T00:40:46,670][INFO ][o.o.s.l.BuiltinLogTypeLoader] [b82bed86ec0e] Loaded [others_proxy_logtype.json] log type
    [2026-01-15T00:40:46,670][INFO ][o.o.s.l.BuiltinLogTypeLoader] [b82bed86ec0e] Loaded [others_macos_logtype.json] log type
    [2026-01-15T00:40:46,670][INFO ][o.o.s.l.BuiltinLogTypeLoader] [b82bed86ec0e] Loaded [others_compliance_logtype.json] log type
    [2026-01-15T00:40:46,670][INFO ][o.o.s.l.BuiltinLogTypeLoader] [b82bed86ec0e] Loaded [others_cloud_logtype.json] log type
    [2026-01-15T00:40:46,670][INFO ][o.o.s.l.BuiltinLogTypeLoader] [b82bed86ec0e] Loaded [others_apt_logtype.json] log type
    [2026-01-15T00:40:46,670][INFO ][o.o.s.l.BuiltinLogTypeLoader] [b82bed86ec0e] Loaded [others_application_logtype.json] log type
    [2026-01-15T00:40:46,671][INFO ][o.o.s.l.BuiltinLogTypeLoader] [b82bed86ec0e] Loaded [okta_logtype.json] log type
    [2026-01-15T00:40:46,671][INFO ][o.o.s.l.BuiltinLogTypeLoader] [b82bed86ec0e] Loaded [network_logtype.json] log type
    [2026-01-15T00:40:46,671][INFO ][o.o.s.l.BuiltinLogTypeLoader] [b82bed86ec0e] Loaded [netflow_logtype.json] log type
    [2026-01-15T00:40:46,671][INFO ][o.o.s.l.BuiltinLogTypeLoader] [b82bed86ec0e] Loaded [m365_logtype.json] log type
    [2026-01-15T00:40:46,671][INFO ][o.o.s.l.BuiltinLogTypeLoader] [b82bed86ec0e] Loaded [linux_logtype.json] log type
    [2026-01-15T00:40:46,671][INFO ][o.o.s.l.BuiltinLogTypeLoader] [b82bed86ec0e] Loaded [gworkspace_logtype.json] log type
    [2026-01-15T00:40:46,671][INFO ][o.o.s.l.BuiltinLogTypeLoader] [b82bed86ec0e] Loaded [github_logtype.json] log type
    [2026-01-15T00:40:46,671][INFO ][o.o.s.l.BuiltinLogTypeLoader] [b82bed86ec0e] Loaded [dns_logtype.json] log type
    [2026-01-15T00:40:46,671][INFO ][o.o.s.l.BuiltinLogTypeLoader] [b82bed86ec0e] Loaded [cloudtrail_logtype.json] log type
    [2026-01-15T00:40:46,672][INFO ][o.o.s.l.BuiltinLogTypeLoader] [b82bed86ec0e] Loaded [azure_logtype.json] log type
    [2026-01-15T00:40:46,672][INFO ][o.o.s.l.BuiltinLogTypeLoader] [b82bed86ec0e] Loaded [apache_access_logtype.json] log type
    [2026-01-15T00:40:46,672][INFO ][o.o.s.l.BuiltinLogTypeLoader] [b82bed86ec0e] Loaded [ad_ldap_logtype.json] log type
    [2026-01-15T00:40:46,734][INFO ][o.o.t.TransportService   ] [b82bed86ec0e] publish_address {172.17.0.5:9300}, bound_addresses {[::]:9300}
    [2026-01-15T00:40:46,735][INFO ][o.o.t.TransportService   ] [b82bed86ec0e] Remote clusters initialized successfully.
    [2026-01-15T00:40:46,826][INFO ][o.o.c.c.Coordinator      ] [b82bed86ec0e] setting initial configuration to VotingConfiguration{1NUj2sugTbmVINekxu7VoQ}
    [2026-01-15T00:40:46,971][INFO ][o.o.c.s.ClusterManagerService] [b82bed86ec0e] Tasks batched with key: org.opensearch.cluster.coordination.JoinHelper, count:3 and sample tasks: elected-as-cluster-manager ([1] nodes joined)[{b82bed86ec0e}{1NUj2sugTbmVINekxu7VoQ}{CLrQz6L6QR28qiQfFLmfkw}{172.17.0.5}{172.17.0.5:9300}{dimr}{shard_indexing_pressure_enabled=true} elect leader, _BECOME_CLUSTER_MANAGER_TASK_, _FINISH_ELECTION_], term: 1, version: 1, delta: cluster-manager node changed {previous [], current [{b82bed86ec0e}{1NUj2sugTbmVINekxu7VoQ}{CLrQz6L6QR28qiQfFLmfkw}{172.17.0.5}{172.17.0.5:9300}{dimr}{shard_indexing_pressure_enabled=true}]}
    [2026-01-15T00:40:46,986][INFO ][o.o.c.c.CoordinationState] [b82bed86ec0e] cluster UUID set to [0BUvVKIERR2BaFVs8OOqVg]
    [2026-01-15T00:40:46,996][INFO ][o.o.c.s.ClusterApplierService] [b82bed86ec0e] cluster-manager node changed {previous [], current [{b82bed86ec0e}{1NUj2sugTbmVINekxu7VoQ}{CLrQz6L6QR28qiQfFLmfkw}{172.17.0.5}{172.17.0.5:9300}{dimr}{shard_indexing_pressure_enabled=true}]}, term: 1, version: 1, reason: Publication{term=1, version=1}
    [2026-01-15T00:40:46,999][INFO ][o.o.t.i.IndexManagement  ] [b82bed86ec0e] Candidate custom result indices are empty.
    [2026-01-15T00:40:46,999][INFO ][o.o.t.i.IndexManagement  ] [b82bed86ec0e] Candidate custom result indices are empty.
    [2026-01-15T00:40:46,999][INFO ][o.o.t.c.ClusterEventListener] [b82bed86ec0e] Cluster is not recovered yet.
    [2026-01-15T00:40:47,026][INFO ][o.o.i.i.ManagedIndexCoordinator] [b82bed86ec0e] Cache cluster manager node onClusterManager time: 1768437647026
    [2026-01-15T00:40:47,029][WARN ][o.o.p.c.s.h.ConfigOverridesClusterSettingHandler] [b82bed86ec0e] Config override setting update called with empty string. Ignoring.
    [2026-01-15T00:40:47,032][INFO ][o.o.d.PeerFinder         ] [b82bed86ec0e] setting findPeersInterval to [1s] as node commission status = [true] for local node [{b82bed86ec0e}{1NUj2sugTbmVINekxu7VoQ}{CLrQz6L6QR28qiQfFLmfkw}{172.17.0.5}{172.17.0.5:9300}{dimr}{shard_indexing_pressure_enabled=true}]
    [2026-01-15T00:40:47,033][WARN ][o.o.c.r.a.AllocationService] [b82bed86ec0e] Falling back to single shard assignment since batch mode disable or multiple custom allocators set
    [2026-01-15T00:40:47,035][INFO ][o.o.h.AbstractHttpServerTransport] [b82bed86ec0e] publish_address {172.17.0.5:9200}, bound_addresses {[::]:9200}
    [2026-01-15T00:40:47,035][INFO ][o.o.n.Node               ] [b82bed86ec0e] started
    [2026-01-15T00:40:47,036][INFO ][o.o.s.OpenSearchSecurityPlugin] [b82bed86ec0e] 0 OpenSearch Security modules loaded so far: []
    [2026-01-15T00:40:47,036][WARN ][o.o.c.r.a.AllocationService] [b82bed86ec0e] Falling back to single shard assignment since batch mode disable or multiple custom allocators set
    [2026-01-15T00:40:47,042][INFO ][o.o.t.c.HashRing         ] [b82bed86ec0e] Node added: [1NUj2sugTbmVINekxu7VoQ]
    [2026-01-15T00:40:47,044][INFO ][o.o.t.c.HashRing         ] [b82bed86ec0e] Add data node to version hash ring: 1NUj2sugTbmVINekxu7VoQ
    [2026-01-15T00:40:47,045][INFO ][o.o.t.c.HashRing         ] [b82bed86ec0e] All nodes with known version: {1NUj2sugTbmVINekxu7VoQ=ADNodeInfo{version=3.0.0, isEligibleDataNode=true}}
    [2026-01-15T00:40:47,045][INFO ][o.o.t.c.HashRing         ] [b82bed86ec0e] Rebuild hash ring for realtime with cooldown, nodeChangeEvents size 0
    [2026-01-15T00:40:47,045][INFO ][o.o.t.c.HashRing         ] [b82bed86ec0e] Build version hash ring successfully
    [2026-01-15T00:40:47,045][INFO ][o.o.t.c.ADDataMigrator   ] [b82bed86ec0e] Start migrating AD data
    [2026-01-15T00:40:47,045][INFO ][o.o.t.c.ADDataMigrator   ] [b82bed86ec0e] AD job index doesn't exist, no need to migrate
    [2026-01-15T00:40:47,045][INFO ][o.o.t.c.ClusterEventListener] [b82bed86ec0e] Init version hash ring successfully
    [2026-01-15T00:40:47,053][INFO ][o.o.c.s.ClusterManagerTaskThrottler] [b82bed86ec0e] Starting cluster manager throttling as all nodes are higher than or equal to 2.5.0
    [2026-01-15T00:40:47,054][INFO ][o.o.g.GatewayService     ] [b82bed86ec0e] recovered [0] indices into cluster_state
    [2026-01-15T00:40:47,065][INFO ][o.o.p.PluginsService     ] [b82bed86ec0e] PluginService:onIndexModule index:[.opensearch-sap-log-types-config/4vqucitTQ-aVc8RFUo9gOg]
    [2026-01-15T00:40:47,138][INFO ][o.o.c.m.MetadataCreateIndexService] [b82bed86ec0e] [.opensearch-sap-log-types-config] creating index, cause [auto(sap-logtype api)], templates [], shards [1]/[1]
    [2026-01-15T00:40:47,145][INFO ][o.o.c.r.a.AllocationService] [b82bed86ec0e] updating number_of_replicas to [0] for indices [.opensearch-sap-log-types-config]
    [2026-01-15T00:40:47,145][WARN ][o.o.c.r.a.AllocationService] [b82bed86ec0e] Falling back to single shard assignment since batch mode disable or multiple custom allocators set
    [2026-01-15T00:40:47,171][INFO ][o.o.p.PluginsService     ] [b82bed86ec0e] PluginService:onIndexModule index:[.opensearch-sap-log-types-config/4vqucitTQ-aVc8RFUo9gOg]
    [2026-01-15T00:40:47,250][INFO ][o.o.c.r.a.AllocationService] [b82bed86ec0e] Cluster health status changed from [YELLOW] to [GREEN] (reason: [shards started [[.opensearch-sap-log-types-config][0]]]).
    [2026-01-15T00:40:47,264][INFO ][o.o.s.l.LogTypeService   ] [b82bed86ec0e] Loading builtin types!
    [2026-01-15T00:40:47,265][INFO ][o.o.s.l.LogTypeService   ] [b82bed86ec0e] Indexing [432] fieldMappingDocs from logTypes: 24
    [2026-01-15T00:40:47,281][WARN ][o.o.c.r.a.AllocationService] [b82bed86ec0e] Falling back to single shard assignment since batch mode disable or multiple custom allocators set
    [2026-01-15T00:40:47,305][INFO ][o.o.s.l.LogTypeService   ] [b82bed86ec0e] Indexing [432] fieldMappingDocs
    [2026-01-15T00:40:47,325][INFO ][o.o.p.PluginsService     ] [b82bed86ec0e] PluginService:onIndexModule index:[.opensearch-sap-log-types-config/4vqucitTQ-aVc8RFUo9gOg]
    [2026-01-15T00:40:47,329][INFO ][o.o.c.m.MetadataMappingService] [b82bed86ec0e] [.opensearch-sap-log-types-config/4vqucitTQ-aVc8RFUo9gOg] update_mapping [_doc]
    [2026-01-15T00:40:47,352][INFO ][o.o.p.PluginsService     ] [b82bed86ec0e] PluginService:onIndexModule index:[.opensearch-sap-log-types-config/4vqucitTQ-aVc8RFUo9gOg]
    [2026-01-15T00:40:47,355][INFO ][o.o.c.m.MetadataMappingService] [b82bed86ec0e] [.opensearch-sap-log-types-config/4vqucitTQ-aVc8RFUo9gOg] update_mapping [_doc]
    [2026-01-15T00:40:47,498][INFO ][o.o.s.l.LogTypeService   ] [b82bed86ec0e] Loaded [432] field mapping docs successfully!
    [2026-01-15T00:40:47,507][INFO ][o.o.s.l.LogTypeService   ] [b82bed86ec0e] Indexing [23] customLogTypes
    [2026-01-15T00:40:47,527][INFO ][o.o.s.l.LogTypeService   ] [b82bed86ec0e] Loaded [23] customLogType docs successfully!
    [2026-01-15T00:40:47,527][INFO ][o.o.s.SecurityAnalyticsPlugin] [b82bed86ec0e] LogType config index successfully created and builtin log types loaded
    [2026-01-15T00:40:48,043][INFO ][o.o.s.i.DetectorIndexManagementService] [b82bed86ec0e] info deleteOldIndices
    [2026-01-15T00:40:48,048][INFO ][o.o.s.i.DetectorIndexManagementService] [b82bed86ec0e] No Old Correlation Indices to delete
    [2026-01-15T00:40:48,048][INFO ][o.o.s.l.LogTypeService   ] [b82bed86ec0e] Indexing [23] customLogTypes
    [2026-01-15T00:40:48,049][INFO ][o.o.s.i.DetectorIndexManagementService] [b82bed86ec0e] info deleteOldIndices
    [2026-01-15T00:40:48,049][INFO ][o.o.s.i.DetectorIndexManagementService] [b82bed86ec0e] No Old IOC Findings Indices to delete
    [2026-01-15T00:40:48,061][INFO ][o.o.s.l.LogTypeService   ] [b82bed86ec0e] Indexing [23] customLogTypes
    [2026-01-15T00:40:48,099][INFO ][o.o.s.l.LogTypeService   ] [b82bed86ec0e] Loaded [23] customLogType docs successfully!
    [2026-01-15T00:40:48,108][INFO ][o.o.s.l.LogTypeService   ] [b82bed86ec0e] Loaded [23] customLogType docs successfully!
    [2026-01-15T00:40:48,150][INFO ][o.o.s.i.DetectorIndexManagementService] [b82bed86ec0e] info deleteOldIndices
    [2026-01-15T00:40:48,150][INFO ][o.o.s.i.DetectorIndexManagementService] [b82bed86ec0e] info deleteOldIndices
    [2026-01-15T00:40:48,150][INFO ][o.o.s.i.DetectorIndexManagementService] [b82bed86ec0e] No Old Finding Indices to delete
    [2026-01-15T00:40:48,150][INFO ][o.o.s.i.DetectorIndexManagementService] [b82bed86ec0e] No Old Alert Indices to delete
    [2026-01-15T00:40:48,863][INFO ][o.o.p.PluginsService     ] [b82bed86ec0e] PluginService:onIndexModule index:[source_reconstruction_test/b-0jwXTgR02jHZ9ILL9esw]
    [2026-01-15T00:40:48,874][INFO ][o.o.c.m.MetadataCreateIndexService] [b82bed86ec0e] [source_reconstruction_test] creating index, cause [api], templates [], shards [1]/[0]
    [2026-01-15T00:40:48,874][WARN ][o.o.c.r.a.AllocationService] [b82bed86ec0e] Falling back to single shard assignment since batch mode disable or multiple custom allocators set
    [2026-01-15T00:40:48,886][INFO ][o.o.p.PluginsService     ] [b82bed86ec0e] PluginService:onIndexModule index:[source_reconstruction_test/b-0jwXTgR02jHZ9ILL9esw]
    [2026-01-15T00:40:48,905][INFO ][o.o.c.r.a.AllocationService] [b82bed86ec0e] Cluster health status changed from [YELLOW] to [GREEN] (reason: [shards started [[source_reconstruction_test][0]]]).
    [2026-01-15T00:40:48,919][WARN ][o.o.c.r.a.AllocationService] [b82bed86ec0e] Falling back to single shard assignment since batch mode disable or multiple custom allocators set
    [2026-01-15T00:40:48,980][DEPRECATION][o.o.d.c.m.MetadataCreateIndexService] [b82bed86ec0e] index name [.migrations_working_state] starts with a dot '.', in the next major version, index names starting with a dot are reserved for hidden indices and system indices
    [2026-01-15T00:40:48,981][INFO ][o.o.p.PluginsService     ] [b82bed86ec0e] PluginService:onIndexModule index:[.migrations_working_state/lJ2CSZRsQNiCn0maFxgVGA]
    [2026-01-15T00:40:48,983][INFO ][o.o.c.m.MetadataCreateIndexService] [b82bed86ec0e] [.migrations_working_state] creating index, cause [api], templates [], shards [1]/[1]
    [2026-01-15T00:40:48,983][WARN ][o.o.c.r.a.AllocationService] [b82bed86ec0e] Falling back to single shard assignment since batch mode disable or multiple custom allocators set
    [2026-01-15T00:40:48,994][INFO ][o.o.p.PluginsService     ] [b82bed86ec0e] PluginService:onIndexModule index:[.migrations_working_state/lJ2CSZRsQNiCn0maFxgVGA]
    [2026-01-15T00:40:49,023][WARN ][o.o.c.r.a.AllocationService] [b82bed86ec0e] Falling back to single shard assignment since batch mode disable or multiple custom allocators set
    [2026-01-15T00:40:49,163][INFO ][o.o.p.PluginsService     ] [b82bed86ec0e] PluginService:onIndexModule index:[.migrations_working_state/lJ2CSZRsQNiCn0maFxgVGA]
    [2026-01-15T00:40:49,166][INFO ][o.o.c.m.MetadataMappingService] [b82bed86ec0e] [.migrations_working_state/lJ2CSZRsQNiCn0maFxgVGA] update_mapping [_doc]
    [2026-01-15T00:40:49,541][WARN ][o.o.a.u.UpdateHelper     ] [b82bed86ec0e] Used upsert operation [noop] for script [      if (ctx._source.scriptVersion != "2.0") {        throw new IllegalArgumentException("scriptVersion mismatch.  Not all participants are using the same script: sourceVersion=" + ctx.source.scriptVersion);      }       long serverTimeSeconds = System.currentTimeMillis() / 1000;      if (Math.abs(params.clientTimestamp - serverTimeSeconds) > 3600) {        throw new IllegalArgumentException("The current times indicated between the client and server are too different.");      }      long newExpiration = params.clientTimestamp + (((long)Math.pow(2, ctx._source.nextAcquisitionLeaseExponent)) * params.expirationWindow);      if (params.expirationWindow > 0 && ctx._source.completedAt == null) {          if (ctx._source.leaseHolderId == params.workerId &&             ctx._source.expiration > serverTimeSeconds) {            ctx.op = "update";        } else if (ctx._source.expiration < serverTimeSeconds &&                      ctx._source.expiration < newExpiration) {            ctx._source.expiration = newExpiration;          ctx._source.leaseHolderId = params.workerId;          ctx._source.nextAcquisitionLeaseExponent += 1;        } else {          ctx.op = "noop";        }      } else if (params.expirationWindow != 0) {        ctx.op = "noop";      }], doing nothing...

    2026-01-15 00:40:49,840 INFO o.o.m.b.f.SearchClusterContainer [Test worker] Stopping container version:ELASTICSEARCH 7.10.2
    2026-01-15 00:40:49,852 DEBUG o.o.m.b.f.SearchClusterContainer [Test worker] Instance logs:
    {"type": "server", "timestamp": "2026-01-15T00:40:38,351Z", "level": "INFO", "component": "o.e.n.Node", "cluster.name": "docker-cluster", "node.name": "1b08f74d9cfc", "message": "version[7.10.2], pid[7], build[oss/docker/747e1cc71def077253878a59143c1f785afa92b9/2021-01-13T00:42:12.435326Z], OS[Linux/6.12.54-linuxkit/aarch64], JVM[AdoptOpenJDK/OpenJDK 64-Bit Server VM/15.0.1/15.0.1+9]" }
    {"type": "server", "timestamp": "2026-01-15T00:40:38,352Z", "level": "INFO", "component": "o.e.n.Node", "cluster.name": "docker-cluster", "node.name": "1b08f74d9cfc", "message": "JVM home [/usr/share/elasticsearch/jdk], using bundled JDK [true]" }
    {"type": "server", "timestamp": "2026-01-15T00:40:38,352Z", "level": "INFO", "component": "o.e.n.Node", "cluster.name": "docker-cluster", "node.name": "1b08f74d9cfc", "message": "JVM arguments [-Xshare:auto, -Des.networkaddress.cache.ttl=60, -Des.networkaddress.cache.negative.ttl=10, -XX:+AlwaysPreTouch, -Xss1m, -Djava.awt.headless=true, -Dfile.encoding=UTF-8, -Djna.nosys=true, -XX:-OmitStackTraceInFastThrow, -XX:+ShowCodeDetailsInExceptionMessages, -Dio.netty.noUnsafe=true, -Dio.netty.noKeySetOptimization=true, -Dio.netty.recycler.maxCapacityPerThread=0, -Dio.netty.allocator.numDirectArenas=0, -Dlog4j.shutdownHookEnabled=false, -Dlog4j2.disable.jmx=true, -Djava.locale.providers=SPI,COMPAT, -Xms1g, -Xmx1g, -XX:+UseG1GC, -XX:G1ReservePercent=25, -XX:InitiatingHeapOccupancyPercent=30, -Djava.io.tmpdir=/tmp/elasticsearch-3745132328076188798, -XX:+HeapDumpOnOutOfMemoryError, -XX:HeapDumpPath=data, -XX:ErrorFile=logs/hs_err_pid%p.log, -Xlog:gc*,gc+age=trace,safepoint:file=logs/gc.log:utctime,pid,tags:filecount=32,filesize=64m, -Des.cgroups.hierarchy.override=/, -Xms2g, -Xmx2g, -XX:MaxDirectMemorySize=1073741824, -Des.path.home=/usr/share/elasticsearch, -Des.path.conf=/usr/share/elasticsearch/config, -Des.distribution.flavor=oss, -Des.distribution.type=docker, -Des.bundled_jdk=true]" }
    {"type": "server", "timestamp": "2026-01-15T00:40:38,608Z", "level": "INFO", "component": "o.e.p.PluginsService", "cluster.name": "docker-cluster", "node.name": "1b08f74d9cfc", "message": "loaded module [aggs-matrix-stats]" }
    {"type": "server", "timestamp": "2026-01-15T00:40:38,609Z", "level": "INFO", "component": "o.e.p.PluginsService", "cluster.name": "docker-cluster", "node.name": "1b08f74d9cfc", "message": "loaded module [analysis-common]" }
    {"type": "server", "timestamp": "2026-01-15T00:40:38,609Z", "level": "INFO", "component": "o.e.p.PluginsService", "cluster.name": "docker-cluster", "node.name": "1b08f74d9cfc", "message": "loaded module [geo]" }
    {"type": "server", "timestamp": "2026-01-15T00:40:38,609Z", "level": "INFO", "component": "o.e.p.PluginsService", "cluster.name": "docker-cluster", "node.name": "1b08f74d9cfc", "message": "loaded module [ingest-common]" }
    {"type": "server", "timestamp": "2026-01-15T00:40:38,609Z", "level": "INFO", "component": "o.e.p.PluginsService", "cluster.name": "docker-cluster", "node.name": "1b08f74d9cfc", "message": "loaded module [ingest-geoip]" }
    {"type": "server", "timestamp": "2026-01-15T00:40:38,609Z", "level": "INFO", "component": "o.e.p.PluginsService", "cluster.name": "docker-cluster", "node.name": "1b08f74d9cfc", "message": "loaded module [ingest-user-agent]" }
    {"type": "server", "timestamp": "2026-01-15T00:40:38,609Z", "level": "INFO", "component": "o.e.p.PluginsService", "cluster.name": "docker-cluster", "node.name": "1b08f74d9cfc", "message": "loaded module [kibana]" }
    {"type": "server", "timestamp": "2026-01-15T00:40:38,609Z", "level": "INFO", "component": "o.e.p.PluginsService", "cluster.name": "docker-cluster", "node.name": "1b08f74d9cfc", "message": "loaded module [lang-expression]" }
    {"type": "server", "timestamp": "2026-01-15T00:40:38,609Z", "level": "INFO", "component": "o.e.p.PluginsService", "cluster.name": "docker-cluster", "node.name": "1b08f74d9cfc", "message": "loaded module [lang-mustache]" }
    {"type": "server", "timestamp": "2026-01-15T00:40:38,610Z", "level": "INFO", "component": "o.e.p.PluginsService", "cluster.name": "docker-cluster", "node.name": "1b08f74d9cfc", "message": "loaded module [lang-painless]" }
    {"type": "server", "timestamp": "2026-01-15T00:40:38,610Z", "level": "INFO", "component": "o.e.p.PluginsService", "cluster.name": "docker-cluster", "node.name": "1b08f74d9cfc", "message": "loaded module [mapper-extras]" }
    {"type": "server", "timestamp": "2026-01-15T00:40:38,610Z", "level": "INFO", "component": "o.e.p.PluginsService", "cluster.name": "docker-cluster", "node.name": "1b08f74d9cfc", "message": "loaded module [parent-join]" }
    {"type": "server", "timestamp": "2026-01-15T00:40:38,610Z", "level": "INFO", "component": "o.e.p.PluginsService", "cluster.name": "docker-cluster", "node.name": "1b08f74d9cfc", "message": "loaded module [percolator]" }
    {"type": "server", "timestamp": "2026-01-15T00:40:38,610Z", "level": "INFO", "component": "o.e.p.PluginsService", "cluster.name": "docker-cluster", "node.name": "1b08f74d9cfc", "message": "loaded module [rank-eval]" }
    {"type": "server", "timestamp": "2026-01-15T00:40:38,610Z", "level": "INFO", "component": "o.e.p.PluginsService", "cluster.name": "docker-cluster", "node.name": "1b08f74d9cfc", "message": "loaded module [reindex]" }
    {"type": "server", "timestamp": "2026-01-15T00:40:38,610Z", "level": "INFO", "component": "o.e.p.PluginsService", "cluster.name": "docker-cluster", "node.name": "1b08f74d9cfc", "message": "loaded module [repository-url]" }
    {"type": "server", "timestamp": "2026-01-15T00:40:38,610Z", "level": "INFO", "component": "o.e.p.PluginsService", "cluster.name": "docker-cluster", "node.name": "1b08f74d9cfc", "message": "loaded module [transport-netty4]" }
    {"type": "server", "timestamp": "2026-01-15T00:40:38,611Z", "level": "INFO", "component": "o.e.p.PluginsService", "cluster.name": "docker-cluster", "node.name": "1b08f74d9cfc", "message": "no plugins loaded" }
    {"type": "server", "timestamp": "2026-01-15T00:40:38,624Z", "level": "INFO", "component": "o.e.e.NodeEnvironment", "cluster.name": "docker-cluster", "node.name": "1b08f74d9cfc", "message": "using [1] data paths, mounts [[/ (overlay)]], net usable_space [375.7gb], net total_space [452.1gb], types [overlay]" }
    {"type": "server", "timestamp": "2026-01-15T00:40:38,625Z", "level": "INFO", "component": "o.e.e.NodeEnvironment", "cluster.name": "docker-cluster", "node.name": "1b08f74d9cfc", "message": "heap size [2gb], compressed ordinary object pointers [true]" }
    {"type": "server", "timestamp": "2026-01-15T00:40:38,639Z", "level": "INFO", "component": "o.e.n.Node", "cluster.name": "docker-cluster", "node.name": "1b08f74d9cfc", "message": "node name [1b08f74d9cfc], node ID [Gqx8xO7ETVyvMoLHCLOYSw], cluster name [docker-cluster], roles [master, remote_cluster_client, data, ingest]" }
    {"type": "server", "timestamp": "2026-01-15T00:40:39,611Z", "level": "INFO", "component": "o.e.t.NettyAllocator", "cluster.name": "docker-cluster", "node.name": "1b08f74d9cfc", "message": "creating NettyAllocator with the following configs: [name=elasticsearch_configured, chunk_size=256kb, suggested_max_allocation_size=256kb, factors={es.unsafe.use_netty_default_chunk_and_page_size=false, g1gc_enabled=true, g1gc_region_size=1mb}]" }
    {"type": "server", "timestamp": "2026-01-15T00:40:39,633Z", "level": "INFO", "component": "o.e.d.DiscoveryModule", "cluster.name": "docker-cluster", "node.name": "1b08f74d9cfc", "message": "using discovery type [single-node] and seed hosts providers [settings]" }
    {"type": "server", "timestamp": "2026-01-15T00:40:39,716Z", "level": "WARN", "component": "o.e.g.DanglingIndicesState", "cluster.name": "docker-cluster", "node.name": "1b08f74d9cfc", "message": "gateway.auto_import_dangling_indices is disabled, dangling indices will not be automatically detected or imported and must be managed manually" }
    {"type": "server", "timestamp": "2026-01-15T00:40:39,762Z", "level": "INFO", "component": "o.e.n.Node", "cluster.name": "docker-cluster", "node.name": "1b08f74d9cfc", "message": "initialized" }
    {"type": "server", "timestamp": "2026-01-15T00:40:39,762Z", "level": "INFO", "component": "o.e.n.Node", "cluster.name": "docker-cluster", "node.name": "1b08f74d9cfc", "message": "starting ..." }
    {"type": "server", "timestamp": "2026-01-15T00:40:39,795Z", "level": "INFO", "component": "o.e.t.TransportService", "cluster.name": "docker-cluster", "node.name": "1b08f74d9cfc", "message": "publish_address {172.17.0.4:9300}, bound_addresses {[::]:9300}" }
    {"type": "server", "timestamp": "2026-01-15T00:40:39,847Z", "level": "INFO", "component": "o.e.c.c.Coordinator", "cluster.name": "docker-cluster", "node.name": "1b08f74d9cfc", "message": "setting initial configuration to VotingConfiguration{Gqx8xO7ETVyvMoLHCLOYSw}" }
    {"type": "server", "timestamp": "2026-01-15T00:40:39,966Z", "level": "INFO", "component": "o.e.c.s.MasterService", "cluster.name": "docker-cluster", "node.name": "1b08f74d9cfc", "message": "elected-as-master ([1] nodes joined)[{1b08f74d9cfc}{Gqx8xO7ETVyvMoLHCLOYSw}{hALwyf_rRqWenBiKJgVrSg}{172.17.0.4}{172.17.0.4:9300}{dimr} elect leader, _BECOME_MASTER_TASK_, _FINISH_ELECTION_], term: 1, version: 1, delta: master node changed {previous [], current [{1b08f74d9cfc}{Gqx8xO7ETVyvMoLHCLOYSw}{hALwyf_rRqWenBiKJgVrSg}{172.17.0.4}{172.17.0.4:9300}{dimr}]}" }
    {"type": "server", "timestamp": "2026-01-15T00:40:39,981Z", "level": "INFO", "component": "o.e.c.c.CoordinationState", "cluster.name": "docker-cluster", "node.name": "1b08f74d9cfc", "message": "cluster UUID set to [CIxwqmYcTSufdRZyf29IOg]" }
    {"type": "server", "timestamp": "2026-01-15T00:40:39,994Z", "level": "INFO", "component": "o.e.c.s.ClusterApplierService", "cluster.name": "docker-cluster", "node.name": "1b08f74d9cfc", "message": "master node changed {previous [], current [{1b08f74d9cfc}{Gqx8xO7ETVyvMoLHCLOYSw}{hALwyf_rRqWenBiKJgVrSg}{172.17.0.4}{172.17.0.4:9300}{dimr}]}, term: 1, version: 1, reason: Publication{term=1, version=1}" }
    {"type": "server", "timestamp": "2026-01-15T00:40:39,999Z", "level": "INFO", "component": "o.e.h.AbstractHttpServerTransport", "cluster.name": "docker-cluster", "node.name": "1b08f74d9cfc", "message": "publish_address {172.17.0.4:9200}, bound_addresses {[::]:9200}", "cluster.uuid": "CIxwqmYcTSufdRZyf29IOg", "node.id": "Gqx8xO7ETVyvMoLHCLOYSw"  }
    {"type": "server", "timestamp": "2026-01-15T00:40:39,999Z", "level": "INFO", "component": "o.e.n.Node", "cluster.name": "docker-cluster", "node.name": "1b08f74d9cfc", "message": "started", "cluster.uuid": "CIxwqmYcTSufdRZyf29IOg", "node.id": "Gqx8xO7ETVyvMoLHCLOYSw"  }
    {"type": "server", "timestamp": "2026-01-15T00:40:40,004Z", "level": "INFO", "component": "o.e.g.GatewayService", "cluster.name": "docker-cluster", "node.name": "1b08f74d9cfc", "message": "recovered [0] indices into cluster_state", "cluster.uuid": "CIxwqmYcTSufdRZyf29IOg", "node.id": "Gqx8xO7ETVyvMoLHCLOYSw"  }
    {"type": "server", "timestamp": "2026-01-15T00:40:47,523Z", "level": "INFO", "component": "o.e.c.m.MetadataCreateIndexService", "cluster.name": "docker-cluster", "node.name": "1b08f74d9cfc", "message": "[source_reconstruction_test] creating index, cause [api], templates [], shards [1]/[0]", "cluster.uuid": "CIxwqmYcTSufdRZyf29IOg", "node.id": "Gqx8xO7ETVyvMoLHCLOYSw"  }
    {"type": "server", "timestamp": "2026-01-15T00:40:47,596Z", "level": "INFO", "component": "o.e.c.r.a.AllocationService", "cluster.name": "docker-cluster", "node.name": "1b08f74d9cfc", "message": "Cluster health status changed from [YELLOW] to [GREEN] (reason: [shards started [[source_reconstruction_test][0]]]).", "cluster.uuid": "CIxwqmYcTSufdRZyf29IOg", "node.id": "Gqx8xO7ETVyvMoLHCLOYSw"  }
    {"type": "server", "timestamp": "2026-01-15T00:40:47,687Z", "level": "INFO", "component": "o.e.r.RepositoriesService", "cluster.name": "docker-cluster", "node.name": "1b08f74d9cfc", "message": "put repository [null]", "cluster.uuid": "CIxwqmYcTSufdRZyf29IOg", "node.id": "Gqx8xO7ETVyvMoLHCLOYSw"  }
    {"type": "server", "timestamp": "2026-01-15T00:40:47,713Z", "level": "INFO", "component": "o.e.s.SnapshotsService", "cluster.name": "docker-cluster", "node.name": "1b08f74d9cfc", "message": "snapshot [null:snap/Et3Mz5lgSi-nDcVkd8ayhg] started", "cluster.uuid": "CIxwqmYcTSufdRZyf29IOg", "node.id": "Gqx8xO7ETVyvMoLHCLOYSw"  }
    {"type": "server", "timestamp": "2026-01-15T00:40:47,753Z", "level": "INFO", "component": "o.e.s.SnapshotsService", "cluster.name": "docker-cluster", "node.name": "1b08f74d9cfc", "message": "snapshot [null:snap/Et3Mz5lgSi-nDcVkd8ayhg] completed with state [SUCCESS]", "cluster.uuid": "CIxwqmYcTSufdRZyf29IOg", "node.id": "Gqx8xO7ETVyvMoLHCLOYSw"  }


NoStoredSourceMigrationTest > testSourceReconstruction(ContainerVersion, ContainerVersion) > Container(OPENSEARCH 1.3.16) -> Container(OPENSEARCH 3.0.0) STANDARD_OUT
    2026-01-15 00:40:50,117 INFO o.o.m.b.f.SearchClusterContainer [Test worker] Starting container version:OPENSEARCH 1.3.16
    2026-01-15 00:40:50,117 INFO t.o.3.16 [Test worker] Creating container for image: opensearchproject/opensearch:1.3.16
    2026-01-15 00:40:50,144 INFO t.o.3.16 [Test worker] Container opensearchproject/opensearch:1.3.16 is starting: 323a70cf077823156ff3f3e47fb36b681b9d72eacf54d2eab0ffd7a2e14090c6
    2026-01-15 00:40:50,231 INFO o.t.c.w.s.HttpWaitStrategy [Test worker] /mystifying_davinci: Waiting for 60 seconds for URL: http://localhost:49458/ (where port 49458 maps to container port 9200)
    2026-01-15 00:40:55,334 INFO t.o.3.16 [Test worker] Container opensearchproject/opensearch:1.3.16 started in PT5.216234S
    2026-01-15 00:40:55,334 INFO o.o.m.b.f.SearchClusterContainer [Test worker] Starting container version:OPENSEARCH 3.0.0
    2026-01-15 00:40:55,334 INFO t.o.0.0 [Test worker] Creating container for image: opensearchproject/opensearch:3.0.0
    2026-01-15 00:40:55,361 INFO t.o.0.0 [Test worker] Container opensearchproject/opensearch:3.0.0 is starting: 569e59d0e1f3dbb3701bd03af3e53b0ff4686baa4298bb7bc4197652e56d2c9a
    2026-01-15 00:40:55,459 INFO o.t.c.w.s.HttpWaitStrategy [Test worker] /zealous_dubinsky: Waiting for 60 seconds for URL: http://localhost:49491/ (where port 49491 maps to container port 9200)
    2026-01-15 00:41:04,453 INFO t.o.0.0 [Test worker] Container opensearchproject/opensearch:3.0.0 started in PT9.118799S
    2026-01-15 00:41:04,457 INFO o.o.m.b.NoStoredSourceMigrationTest [Test worker] Source version: Container(OPENSEARCH 1.3.16), Target version: Container(OPENSEARCH 3.0.0)
    2026-01-15 00:41:04,457 INFO o.o.m.b.NoStoredSourceMigrationTest [Test worker] Index body: {"settings":{"number_of_shards":1,"number_of_replicas":0},"mappings":{"_source":{"enabled":false},"properties":{"keyword_dv_store": {"type": "keyword", "store": true},
    "keyword_dv_nostore": {"type": "keyword"},
    "keyword_nodv_store": {"type": "keyword", "doc_values": false, "store": true},
    "keyword_nodv_nostore": {"type": "keyword", "doc_values": false},
    "boolean_dv_store": {"type": "boolean", "store": true},
    "boolean_dv_nostore": {"type": "boolean"},
    "boolean_nodv_store": {"type": "boolean", "doc_values": false, "store": true},
    "boolean_nodv_nostore": {"type": "boolean", "doc_values": false},
    "binary_nodv_store": {"type": "binary", "store": true},
    "binary_nodv_nostore": {"type": "binary"},
    "integer_dv_store": {"type": "integer", "store": true},
    "integer_dv_nostore": {"type": "integer"},
    "integer_nodv_store": {"type": "integer", "doc_values": false, "store": true},
    "integer_nodv_nostore": {"type": "integer", "doc_values": false},
    "long_dv_store": {"type": "long", "store": true},
    "long_dv_nostore": {"type": "long"},
    "long_nodv_store": {"type": "long", "doc_values": false, "store": true},
    "long_nodv_nostore": {"type": "long", "doc_values": false},
    "float_dv_store": {"type": "float", "store": true},
    "float_dv_nostore": {"type": "float"},
    "float_nodv_store": {"type": "float", "doc_values": false, "store": true},
    "float_nodv_nostore": {"type": "float", "doc_values": false},
    "double_dv_store": {"type": "double", "store": true},
    "double_dv_nostore": {"type": "double"},
    "double_nodv_store": {"type": "double", "doc_values": false, "store": true},
    "double_nodv_nostore": {"type": "double", "doc_values": false},
    "ip_dv_store": {"type": "ip", "store": true},
    "ip_dv_nostore": {"type": "ip"},
    "ip_nodv_store": {"type": "ip", "doc_values": false, "store": true},
    "ip_nodv_nostore": {"type": "ip", "doc_values": false},
    "ipv6_dv_store": {"type": "ip", "store": true},
    "ipv6_dv_nostore": {"type": "ip"},
    "ipv6_nodv_store": {"type": "ip", "doc_values": false, "store": true},
    "ipv6_nodv_nostore": {"type": "ip", "doc_values": false},
    "date_dv_store": {"type": "date", "store": true},
    "date_dv_nostore": {"type": "date"},
    "date_nodv_store": {"type": "date", "doc_values": false, "store": true},
    "date_nodv_nostore": {"type": "date", "doc_values": false},
    "scaled_float_dv_store": {"type": "scaled_float", "scaling_factor": 100, "store": true},
    "scaled_float_dv_nostore": {"type": "scaled_float", "scaling_factor": 100},
    "scaled_float_nodv_store": {"type": "scaled_float", "scaling_factor": 100, "doc_values": false, "store": true},
    "scaled_float_nodv_nostore": {"type": "scaled_float", "scaling_factor": 100, "doc_values": false},
    "date_nanos_dv_store": {"type": "date_nanos", "store": true},
    "date_nanos_dv_nostore": {"type": "date_nanos"},
    "date_nanos_nodv_store": {"type": "date_nanos", "doc_values": false, "store": true},
    "date_nanos_nodv_nostore": {"type": "date_nanos", "doc_values": false},
    "geo_point_dv_store": {"type": "geo_point", "store": true},
    "geo_point_dv_nostore": {"type": "geo_point"},
    "geo_point_nodv_store": {"type": "geo_point", "doc_values": false, "store": true},
    "geo_point_nodv_nostore": {"type": "geo_point", "doc_values": false}}}}
    2026-01-15 00:41:04,458 INFO o.o.m.b.NoStoredSourceMigrationTest [Test worker] Document: {"keyword_dv_store": "test_kw",
    "keyword_dv_nostore": "test_kw",
    "keyword_nodv_store": "test_kw",
    "keyword_nodv_nostore": "test_kw",
    "boolean_dv_store": true,
    "boolean_dv_nostore": true,
    "boolean_nodv_store": true,
    "boolean_nodv_nostore": true,
    "binary_nodv_store": "dGVzdA==",
    "binary_nodv_nostore": "dGVzdA==",
    "integer_dv_store": 42,
    "integer_dv_nostore": 42,
    "integer_nodv_store": 42,
    "integer_nodv_nostore": 42,
    "long_dv_store": 9999,
    "long_dv_nostore": 9999,
    "long_nodv_store": 9999,
    "long_nodv_nostore": 9999,
    "float_dv_store": 3.14,
    "float_dv_nostore": 3.14,
    "float_nodv_store": 3.14,
    "float_nodv_nostore": 3.14,
    "double_dv_store": 2.71828,
    "double_dv_nostore": 2.71828,
    "double_nodv_store": 2.71828,
    "double_nodv_nostore": 2.71828,
    "ip_dv_store": "192.168.1.1",
    "ip_dv_nostore": "192.168.1.1",
    "ip_nodv_store": "192.168.1.1",
    "ip_nodv_nostore": "192.168.1.1",
    "ipv6_dv_store": "2001:db8:85a3::8a2e:370:7334",
    "ipv6_dv_nostore": "2001:db8:85a3::8a2e:370:7334",
    "ipv6_nodv_store": "2001:db8:85a3::8a2e:370:7334",
    "ipv6_nodv_nostore": "2001:db8:85a3::8a2e:370:7334",
    "date_dv_store": "2024-01-15T10:30:00.000Z",
    "date_dv_nostore": "2024-01-15T10:30:00.000Z",
    "date_nodv_store": "2024-01-15T10:30:00.000Z",
    "date_nodv_nostore": "2024-01-15T10:30:00.000Z",
    "scaled_float_dv_store": 123.45,
    "scaled_float_dv_nostore": 123.45,
    "scaled_float_nodv_store": 123.45,
    "scaled_float_nodv_nostore": 123.45,
    "date_nanos_dv_store": "2024-01-15T10:30:00.123456789Z",
    "date_nanos_dv_nostore": "2024-01-15T10:30:00.123456789Z",
    "date_nanos_nodv_store": "2024-01-15T10:30:00.123456789Z",
    "date_nanos_nodv_nostore": "2024-01-15T10:30:00.123456789Z",
    "geo_point_dv_store": {"lat":40.7128,"lon":-74.006},
    "geo_point_dv_nostore": {"lat":40.7128,"lon":-74.006},
    "geo_point_nodv_store": {"lat":40.7128,"lon":-74.006},
    "geo_point_nodv_nostore": {"lat":40.7128,"lon":-74.006}}
    2026-01-15 00:41:04,746 INFO o.o.m.b.h.ClusterOperations [Test worker] PUT /source_reconstruction_test
    {"settings":{"number_of_shards":1,"number_of_replicas":0},"mappings":{"_source":{"enabled":false},"properties":{"keyword_dv_store": {"type": "keyword", "store": true},
    "keyword_dv_nostore": {"type": "keyword"},
    "keyword_nodv_store": {"type": "keyword", "doc_values": false, "store": true},
    "keyword_nodv_nostore": {"type": "keyword", "doc_values": false},
    "boolean_dv_store": {"type": "boolean", "store": true},
    "boolean_dv_nostore": {"type": "boolean"},
    "boolean_nodv_store": {"type": "boolean", "doc_values": false, "store": true},
    "boolean_nodv_nostore": {"type": "boolean", "doc_values": false},
    "binary_nodv_store": {"type": "binary", "store": true},
    "binary_nodv_nostore": {"type": "binary"},
    "integer_dv_store": {"type": "integer", "store": true},
    "integer_dv_nostore": {"type": "integer"},
    "integer_nodv_store": {"type": "integer", "doc_values": false, "store": true},
    "integer_nodv_nostore": {"type": "integer", "doc_values": false},
    "long_dv_store": {"type": "long", "store": true},
    "long_d...
    Response: 200
    {"acknowledged":true,"shards_acknowledged":true,"index":"source_reconstruction_test"}
    2026-01-15 00:41:04,795 INFO o.o.m.b.h.ClusterOperations [Test worker] PUT /source_reconstruction_test/_doc/1
    {"keyword_dv_store": "test_kw",
    "keyword_dv_nostore": "test_kw",
    "keyword_nodv_store": "test_kw",
    "keyword_nodv_nostore": "test_kw",
    "boolean_dv_store": true,
    "boolean_dv_nostore": true,
    "boolean_nodv_store": true,
    "boolean_nodv_nostore": true,
    "binary_nodv_store": "dGVzdA==",
    "binary_nodv_nostore": "dGVzdA==",
    "integer_dv_store": 42,
    "integer_dv_nostore": 42,
    "integer_nodv_store": 42,
    "integer_nodv_nostore": 42,
    "long_dv_store": 9999,
    "long_dv_nostore": 9999,
    "long_nodv_store": 9999,
    "long_nodv_nostore": 9999,
    "float_dv_store": 3.14,
    "float_dv_nostore": 3.14,
    "float_nodv_store": 3.14,
    "float_nodv_nostore": 3.14,
    "double_dv_store": 2.71828,
    "double_dv_nostore": 2.71828,
    "double_nodv_store": 2.71828,
    "double_nodv_nostore": 2.71828,
    "ip_dv_store": "192.168.1.1",
    "ip_dv_nostore": "192.168.1.1",
    "ip_nodv_store": "192.168.1.1",
    "ip_nodv_nostore": "192.168.1.1",
    "ipv6_dv_store": "2001:db8:85a3::8a2e:370:7334",
    "ipv6_dv_nostore": "2001:db8:85a3::8a2e:370:7334",
    "ipv6_nodv_store": "2001:db8:85...
    Response: 201
    {"_index":"source_reconstruction_test","_type":"_doc","_id":"1","_version":1,"result":"created","_shards":{"total":1,"successful":1,"failed":0},"_seq_no":0,"_primary_term":1}
    2026-01-15 00:41:04,823 INFO o.o.m.b.h.ClusterOperations [Test worker] POST /_refresh

    Response: 200
    {"_shards":{"total":1,"successful":1,"failed":0}}
    2026-01-15 00:41:04,836 INFO o.o.m.b.w.SnapshotRunner [Test worker] Attempting to initiate the snapshot...
    2026-01-15 00:41:04,836 INFO o.o.m.b.c.OpenSearchClient [Test worker] Starting registerSnapshotRepo for repoName=null
    2026-01-15 00:41:04,859 INFO o.o.m.b.c.OpenSearchClient [Test worker] Completed registerSnapshotRepo for repoName=null in 23 ms with statusCode=200
    2026-01-15 00:41:04,859 INFO o.o.m.b.c.SnapshotCreator [Test worker] Snapshot repo registration successful
    2026-01-15 00:41:04,859 INFO o.o.m.b.c.OpenSearchClient [Test worker] Starting createSnapshot for repoName=null, snapshotName=snap
    2026-01-15 00:41:04,875 INFO o.o.m.b.c.OpenSearchClient [Test worker] Completed createSnapshot for repoName=null, snapshotName=snap in 16 ms with statusCode=200
    2026-01-15 00:41:04,876 INFO o.o.m.b.c.SnapshotCreator [Test worker] Snapshot snap creation initiated
    2026-01-15 00:41:04,876 INFO o.o.m.b.w.SnapshotRunner [Test worker] Snapshot in progress...
    2026-01-15 00:41:04,876 INFO o.o.m.b.c.OpenSearchClient [Test worker] Starting getSnapshotStatus for repoName=null, snapshotName=snap
    2026-01-15 00:41:04,880 INFO o.o.m.b.c.OpenSearchClient [Test worker] Completed getSnapshotStatus for repoName=null, snapshotName=snap in 4 ms with statusCode=200
    2026-01-15 00:41:04,880 INFO o.o.m.b.w.SnapshotRunner [Test worker] Snapshot not finished yet; sleeping for 1000ms...
    2026-01-15 00:46:55,273 INFO o.o.m.b.c.OpenSearchClient [Test worker] Starting getSnapshotStatus for repoName=null, snapshotName=snap
    2026-01-15 00:46:55,301 INFO o.o.m.b.c.OpenSearchClient [Test worker] Completed getSnapshotStatus for repoName=null, snapshotName=snap in 27 ms with statusCode=200
    2026-01-15 00:46:55,567 DEBUG o.o.m.b.f.SearchClusterContainer [Test worker] Process Exit Code: 0
    2026-01-15 00:46:55,567 DEBUG o.o.m.b.f.SearchClusterContainer [Test worker] Standard Output: /tmp/snapshots/indices/7AmxRa75Rbq5Iu9uLGOADw/meta-fdEZv5sBtbkJHVO9TN6B.dat
    /tmp/snapshots/indices/7AmxRa75Rbq5Iu9uLGOADw/0/__l-jh5j3CR4yp-7pLIbJqmg
    /tmp/snapshots/indices/7AmxRa75Rbq5Iu9uLGOADw/0/snap-Xus-rK-NQMOiQdOL9mluGw.dat
    /tmp/snapshots/indices/7AmxRa75Rbq5Iu9uLGOADw/0/index-pcAwApL5SOCej20kF31raw
    /tmp/snapshots/indices/7AmxRa75Rbq5Iu9uLGOADw/0/__pe_yPtPyRbSLsXvcpHoTGA
    /tmp/snapshots/snap-Xus-rK-NQMOiQdOL9mluGw.dat
    /tmp/snapshots/meta-Xus-rK-NQMOiQdOL9mluGw.dat
    /tmp/snapshots/index.latest
    /tmp/snapshots/index-0

    2026-01-15 00:46:55,567 DEBUG o.o.m.b.f.SearchClusterContainer [Test worker] Standard Error : 
    2026-01-15 00:46:55,568 INFO o.o.m.b.f.SearchClusterContainer [Test worker] Copying file /tmp/snapshots/indices/7AmxRa75Rbq5Iu9uLGOADw/meta-fdEZv5sBtbkJHVO9TN6B.dat from container onto /var/folders/d9/7fcs2fv55k59ps6tpm5gdv900000gq/T/junit-4378842052732789547/indices/7AmxRa75Rbq5Iu9uLGOADw/meta-fdEZv5sBtbkJHVO9TN6B.dat
    2026-01-15 00:46:55,620 INFO o.o.m.b.f.SearchClusterContainer [Test worker] Copying file /tmp/snapshots/indices/7AmxRa75Rbq5Iu9uLGOADw/0/__l-jh5j3CR4yp-7pLIbJqmg from container onto /var/folders/d9/7fcs2fv55k59ps6tpm5gdv900000gq/T/junit-4378842052732789547/indices/7AmxRa75Rbq5Iu9uLGOADw/0/__l-jh5j3CR4yp-7pLIbJqmg
    2026-01-15 00:46:55,656 INFO o.o.m.b.f.SearchClusterContainer [Test worker] Copying file /tmp/snapshots/indices/7AmxRa75Rbq5Iu9uLGOADw/0/snap-Xus-rK-NQMOiQdOL9mluGw.dat from container onto /var/folders/d9/7fcs2fv55k59ps6tpm5gdv900000gq/T/junit-4378842052732789547/indices/7AmxRa75Rbq5Iu9uLGOADw/0/snap-Xus-rK-NQMOiQdOL9mluGw.dat
    2026-01-15 00:46:55,673 INFO o.o.m.b.f.SearchClusterContainer [Test worker] Copying file /tmp/snapshots/indices/7AmxRa75Rbq5Iu9uLGOADw/0/index-pcAwApL5SOCej20kF31raw from container onto /var/folders/d9/7fcs2fv55k59ps6tpm5gdv900000gq/T/junit-4378842052732789547/indices/7AmxRa75Rbq5Iu9uLGOADw/0/index-pcAwApL5SOCej20kF31raw
    2026-01-15 00:46:55,685 INFO o.o.m.b.f.SearchClusterContainer [Test worker] Copying file /tmp/snapshots/indices/7AmxRa75Rbq5Iu9uLGOADw/0/__pe_yPtPyRbSLsXvcpHoTGA from container onto /var/folders/d9/7fcs2fv55k59ps6tpm5gdv900000gq/T/junit-4378842052732789547/indices/7AmxRa75Rbq5Iu9uLGOADw/0/__pe_yPtPyRbSLsXvcpHoTGA
    2026-01-15 00:46:55,719 INFO o.o.m.b.f.SearchClusterContainer [Test worker] Copying file /tmp/snapshots/snap-Xus-rK-NQMOiQdOL9mluGw.dat from container onto /var/folders/d9/7fcs2fv55k59ps6tpm5gdv900000gq/T/junit-4378842052732789547/snap-Xus-rK-NQMOiQdOL9mluGw.dat
    2026-01-15 00:46:55,752 INFO o.o.m.b.f.SearchClusterContainer [Test worker] Copying file /tmp/snapshots/meta-Xus-rK-NQMOiQdOL9mluGw.dat from container onto /var/folders/d9/7fcs2fv55k59ps6tpm5gdv900000gq/T/junit-4378842052732789547/meta-Xus-rK-NQMOiQdOL9mluGw.dat
    2026-01-15 00:46:55,778 INFO o.o.m.b.f.SearchClusterContainer [Test worker] Copying file /tmp/snapshots/index.latest from container onto /var/folders/d9/7fcs2fv55k59ps6tpm5gdv900000gq/T/junit-4378842052732789547/index.latest
    2026-01-15 00:46:55,795 INFO o.o.m.b.f.SearchClusterContainer [Test worker] Copying file /tmp/snapshots/index-0 from container onto /var/folders/d9/7fcs2fv55k59ps6tpm5gdv900000gq/T/junit-4378842052732789547/index-0
    2026-01-15 00:46:55,806 INFO o.o.m.b.NoStoredSourceMigrationTest [Test worker] Target index body: {"settings":{"number_of_shards":1,"number_of_replicas":0},"mappings":{"properties":{"keyword_dv_store": {"type": "keyword"},
    "keyword_dv_nostore": {"type": "keyword"},
    "keyword_nodv_store": {"type": "keyword"},
    "keyword_nodv_nostore": {"type": "keyword"},
    "boolean_dv_store": {"type": "boolean"},
    "boolean_dv_nostore": {"type": "boolean"},
    "boolean_nodv_store": {"type": "boolean"},
    "boolean_nodv_nostore": {"type": "boolean"},
    "binary_nodv_store": {"type": "binary"},
    "binary_nodv_nostore": {"type": "binary"},
    "integer_dv_store": {"type": "integer"},
    "integer_dv_nostore": {"type": "integer"},
    "integer_nodv_store": {"type": "integer"},
    "integer_nodv_nostore": {"type": "integer"},
    "long_dv_store": {"type": "long"},
    "long_dv_nostore": {"type": "long"},
    "long_nodv_store": {"type": "long"},
    "long_nodv_nostore": {"type": "long"},
    "float_dv_store": {"type": "float"},
    "float_dv_nostore": {"type": "float"},
    "float_nodv_store": {"type": "float"},
    "float_nodv_nostore": {"type": "float"},
    "double_dv_store": {"type": "double"},
    "double_dv_nostore": {"type": "double"},
    "double_nodv_store": {"type": "double"},
    "double_nodv_nostore": {"type": "double"},
    "ip_dv_store": {"type": "ip"},
    "ip_dv_nostore": {"type": "ip"},
    "ip_nodv_store": {"type": "ip"},
    "ip_nodv_nostore": {"type": "ip"},
    "ipv6_dv_store": {"type": "ip"},
    "ipv6_dv_nostore": {"type": "ip"},
    "ipv6_nodv_store": {"type": "ip"},
    "ipv6_nodv_nostore": {"type": "ip"},
    "date_dv_store": {"type": "date"},
    "date_dv_nostore": {"type": "date"},
    "date_nodv_store": {"type": "date"},
    "date_nodv_nostore": {"type": "date"},
    "scaled_float_dv_store": {"type": "scaled_float", "scaling_factor": 100},
    "scaled_float_dv_nostore": {"type": "scaled_float", "scaling_factor": 100},
    "scaled_float_nodv_store": {"type": "scaled_float", "scaling_factor": 100},
    "scaled_float_nodv_nostore": {"type": "scaled_float", "scaling_factor": 100},
    "date_nanos_dv_store": {"type": "date_nanos"},
    "date_nanos_dv_nostore": {"type": "date_nanos"},
    "date_nanos_nodv_store": {"type": "date_nanos"},
    "date_nanos_nodv_nostore": {"type": "date_nanos"},
    "geo_point_dv_store": {"type": "geo_point"},
    "geo_point_dv_nostore": {"type": "geo_point"},
    "geo_point_nodv_store": {"type": "geo_point"},
    "geo_point_nodv_nostore": {"type": "geo_point"}}}}
    2026-01-15 00:46:55,972 INFO o.o.m.b.h.ClusterOperations [Test worker] PUT /source_reconstruction_test
    {"settings":{"number_of_shards":1,"number_of_replicas":0},"mappings":{"properties":{"keyword_dv_store": {"type": "keyword"},
    "keyword_dv_nostore": {"type": "keyword"},
    "keyword_nodv_store": {"type": "keyword"},
    "keyword_nodv_nostore": {"type": "keyword"},
    "boolean_dv_store": {"type": "boolean"},
    "boolean_dv_nostore": {"type": "boolean"},
    "boolean_nodv_store": {"type": "boolean"},
    "boolean_nodv_nostore": {"type": "boolean"},
    "binary_nodv_store": {"type": "binary"},
    "binary_nodv_nostore": {"type": "binary"},
    "integer_dv_store": {"type": "integer"},
    "integer_dv_nostore": {"type": "integer"},
    "integer_nodv_store": {"type": "integer"},
    "integer_nodv_nostore": {"type": "integer"},
    "long_dv_store": {"type": "long"},
    "long_dv_nostore": {"type": "long"},
    "long_nodv_store": {"type": "long"},
    "long_nodv_nostore": {"type": "long"},
    "float_dv_store": {"type": "float"},
    "float_dv_nostore": {"type": "float"},
    "float_nodv_store": {"type": "float"},
    "float_nodv_nostore": {"type": "float"},
    "double_dv_s...
    Response: 200
    {"acknowledged":true,"shards_acknowledged":true,"index":"source_reconstruction_test"}
    2026-01-15 00:46:55,975 INFO o.o.m.c.ClusterProviderRegistry [Test worker] Found snapshot resource reader SnapshotReader_ES_7_10 for version: OPENSEARCH 1.3.16
    2026-01-15 00:46:55,975 INFO o.o.m.b.SourceTestBase [Test worker] nextClockShift=230
    2026-01-15 00:46:55,981 INFO o.o.m.b.l.LuceneIndexReader$Factory [Test worker] Creating IndexReader9
    2026-01-15 00:46:55,984 INFO o.o.m.t.TransformationLoader [Test worker] Adding IJsonTransfomerProvider: org.opensearch.migrations.transformation.JsonTransformerForDocumentTypeRemovalProvider@6bdd6cd7
    2026-01-15 00:46:55,985 INFO o.o.m.t.TransformationLoader [Test worker] Adding IJsonTransfomerProvider: org.opensearch.migrations.transform.JsonConditionalTransformerProvider@7de02b43
    2026-01-15 00:46:55,986 INFO o.o.m.t.TransformationLoader [Test worker] Adding IJsonTransfomerProvider: org.opensearch.migrations.transform.TypeMappingSanitizationTransformerProvider@1001b3b
    2026-01-15 00:46:55,986 INFO o.o.m.t.TransformationLoader [Test worker] Adding IJsonTransfomerProvider: org.opensearch.migrations.transform.JsonJSTransformerProvider@68c89396
    2026-01-15 00:46:55,987 INFO o.o.m.t.TransformationLoader [Test worker] Adding IJsonTransfomerProvider: org.opensearch.migrations.transform.JsonJoltTransformerProvider@79ba2ac7
    2026-01-15 00:46:55,987 INFO o.o.m.t.TransformationLoader [Test worker] Adding IJsonTransfomerProvider: org.opensearch.migrations.transform.JsonJMESPathTransformerProvider@5e0a76e9
    2026-01-15 00:46:55,988 INFO o.o.m.t.TransformationLoader [Test worker] Adding IJsonTransfomerProvider: org.opensearch.migrations.transform.NoopTransformerProvider@5f699e97
    2026-01-15 00:46:55,989 INFO o.o.m.t.TransformationLoader [Test worker] IJsonTransformerProviders loaded: class org.opensearch.migrations.transformation.JsonTransformerForDocumentTypeRemovalProvider; class org.opensearch.migrations.transform.JsonConditionalTransformerProvider; class org.opensearch.migrations.transform.TypeMappingSanitizationTransformerProvider; class org.opensearch.migrations.transform.JsonJSTransformerProvider; class org.opensearch.migrations.transform.JsonJoltTransformerProvider; class org.opensearch.migrations.transform.JsonJMESPathTransformerProvider; class org.opensearch.migrations.transform.NoopTransformerProvider
    2026-01-15 00:46:55,991 INFO o.o.m.t.TransformationLoader [Test worker] Creating a transformer through provider=org.opensearch.migrations.transformation.JsonTransformerForDocumentTypeRemovalProvider@6bdd6cd7 with configuration=
    2026-01-15 00:46:56,000 INFO o.o.m.b.c.OpenSearchClientFactory [Test worker] Checking compression on cluster
    2026-01-15 00:46:56,028 INFO o.o.m.b.c.OpenSearchClientFactory [reactor-http-kqueue-1] After querying target, compression=false
    2026-01-15 00:46:56,039 INFO o.o.m.b.w.OpenSearchWorkCoordinator [Test worker] Creating .migrations_working_state because HEAD returned 404
    2026-01-15 00:46:56,477 INFO o.o.m.b.w.ScopedWorkCoordinator [Test worker] Acquired work item: shard_setup with lease expiration at 2026-01-15T00:51:56.151076Z
    2026-01-15 00:46:56,478 INFO o.o.m.b.w.ShardWorkPreparer [Test worker] Acquired work to set the shard workitems
    2026-01-15 00:46:56,478 INFO o.o.m.b.w.ShardWorkPreparer [Test worker] Setting up the Documents Work Items...
    2026-01-15 00:46:56,487 INFO o.o.m.b.w.ShardWorkPreparer [Test worker] Index source_reconstruction_test has 1 shards
    2026-01-15 00:46:56,488 INFO o.o.m.b.w.ShardWorkPreparer [Test worker] Creating Documents Work Item for index: source_reconstruction_test, shard: 0
    2026-01-15 00:46:56,511 INFO o.o.m.b.w.ShardWorkPreparer [Test worker] Finished setting up the Documents Work Items.
    2026-01-15 00:46:56,511 INFO o.o.m.b.w.ScopedWorkCoordinator [Test worker] Finished onAcquiredWork for work item: shard_setup in 34 ms
    2026-01-15 00:46:56,543 INFO o.o.m.b.w.ScopedWorkCoordinator [Test worker] Marked work item shard_setup as completed and released lease
    2026-01-15 00:46:56,672 INFO o.o.m.b.w.OpenSearchWorkCoordinator [Test worker] Returning work item and lease: OpenSearchWorkCoordinator.WorkItemWithPotentialSuccessors(workItemId=source_reconstruction_test__0__-2147483648, leaseExpirationTime=2026-01-15T00:56:56Z, successorWorkItemIds=[])
    2026-01-15 00:46:56,672 INFO o.o.m.b.w.ScopedWorkCoordinator [Test worker] Acquired work item: source_reconstruction_test__0__-2147483648 with lease expiration at 2026-01-15T00:56:56Z
    2026-01-15 00:46:56,672 INFO o.o.m.b.w.DocumentsRunner [Test worker] Acquired work item: source_reconstruction_test__0__-2147483648
    2026-01-15 00:46:56,673 INFO o.o.m.b.w.DocumentsRunner [Test worker] Migrating docs for source_reconstruction_test__0__-2147483648
    2026-01-15 00:46:56,688 INFO o.o.m.RfsMigrateDocuments [Test worker] Shard size: 14809 for snapshotName=snap indexName=source_reconstruction_test shardId=0
    2026-01-15 00:46:56,689 INFO o.o.m.b.c.SnapshotShardUnpacker [Test worker] Starting parallel unpacking of 4 files for shard 0 with 12 threads
    2026-01-15 00:46:56,689 INFO o.o.m.b.c.SnapshotShardUnpacker [boundedElastic-3] Unpacking - Blob Name: __l-jh5j3CR4yp-7pLIbJqmg, Lucene Name: _0.cfe
    2026-01-15 00:46:56,689 INFO o.o.m.b.c.SnapshotShardUnpacker [boundedElastic-1] Unpacking - Blob Name: v__25k-e2pETXapoQcbHZvlaA, Lucene Name: segments_3
    2026-01-15 00:46:56,689 INFO o.o.m.b.c.SnapshotShardUnpacker [boundedElastic-4] Unpacking - Blob Name: __pe_yPtPyRbSLsXvcpHoTGA, Lucene Name: _0.cfs
    2026-01-15 00:46:56,689 INFO o.o.m.b.c.SnapshotShardUnpacker [boundedElastic-2] Unpacking - Blob Name: v__j3ohpkC9SaGZTBr6zBlY2Q, Lucene Name: _0.si
    2026-01-15 00:46:56,690 INFO o.o.m.b.c.SnapshotShardUnpacker [Test worker] Successfully unpacked 4 files for shard 0
    2026-01-15 00:46:56,691 INFO o.o.m.b.l.LuceneIndexReader$Factory [Test worker] Creating IndexReader9
    2026-01-15 00:46:56,692 INFO o.o.m.b.w.DocumentsRunner [Test worker] Setting up doc migration for index=source_reconstruction_test, shard=0
    2026-01-15 00:46:56,695 INFO o.o.m.RfsMigrateDocuments [Test worker] Shard size: 14809 for snapshotName=snap indexName=source_reconstruction_test shardId=0
    2026-01-15 00:46:56,712 INFO o.o.m.b.l.LuceneReader [Test worker] 1 documents in 1 leaves found in the current Lucene index
    2026-01-15 00:46:56,712 INFO o.o.m.b.w.DocumentsRunner [Test worker] Waiting on latch for index=source_reconstruction_test, shard=0...
    2026-01-15 00:46:56,713 INFO o.o.m.b.w.DocumentsRunner [workFinishScheduler-6] Subscribed to docMigrationCursors for index=source_reconstruction_test, shard=0
    2026-01-15 00:46:56,717 INFO o.o.m.b.c.DocumentReindexer [DocumentBatchReindexer-17] Last doc is: Source Index source_reconstruction_test Lucene Doc Number 0
    2026-01-15 00:46:56,717 INFO o.o.m.b.c.DocumentReindexer [DocumentBatchReindexer-17] Batch Id:73dcbb2b-6453-4dee-89a7-80e2fd97a24f, 1 documents in current bulk request.
    2026-01-15 00:46:56,748 INFO o.o.m.b.w.DocumentsRunner [DocumentBatchReindexer-18] Completed docMigration for index=source_reconstruction_test, shard=0
    2026-01-15 00:46:56,748 INFO o.o.m.b.w.DocumentsRunner [DocumentBatchReindexer-18] Terminating docMigration Flux for index=source_reconstruction_test, shard=0
    2026-01-15 00:46:56,748 INFO o.o.m.b.w.DocumentsRunner [DocumentBatchReindexer-18] Reindexing completed for Index source_reconstruction_test, Shard 0
    2026-01-15 00:46:56,748 INFO o.o.m.b.w.DocumentsRunner [Test worker] Latch released after 36 ms for index=source_reconstruction_test, shard=0
    2026-01-15 00:46:56,748 INFO o.o.m.b.w.ScopedWorkCoordinator [Test worker] Finished onAcquiredWork for work item: source_reconstruction_test__0__-2147483648 in 76 ms
    2026-01-15 00:46:56,776 INFO o.o.m.b.w.ScopedWorkCoordinator [Test worker] Marked work item source_reconstruction_test__0__-2147483648 as completed and released lease
    2026-01-15 00:46:56,779 INFO o.o.m.u.FileSystemUtils [Test worker] Successfully deleted directory tree at /var/folders/d9/7fcs2fv55k59ps6tpm5gdv900000gq/T/opensearchMigrationReindexFromSnapshot_test_lucene16091463925399784254
    2026-01-15 00:46:56,780 INFO o.o.m.c.ClusterProviderRegistry [Test worker] Found snapshot resource reader SnapshotReader_ES_7_10 for version: OPENSEARCH 1.3.16
    2026-01-15 00:46:56,780 INFO o.o.m.b.SourceTestBase [Test worker] nextClockShift=-90
    2026-01-15 00:46:56,781 INFO o.o.m.b.l.LuceneIndexReader$Factory [Test worker] Creating IndexReader9
    2026-01-15 00:46:56,781 INFO o.o.m.t.TransformationLoader [Test worker] Adding IJsonTransfomerProvider: org.opensearch.migrations.transformation.JsonTransformerForDocumentTypeRemovalProvider@474dae21
    2026-01-15 00:46:56,781 INFO o.o.m.t.TransformationLoader [Test worker] Adding IJsonTransfomerProvider: org.opensearch.migrations.transform.JsonConditionalTransformerProvider@7a3f567c
    2026-01-15 00:46:56,782 INFO o.o.m.t.TransformationLoader [Test worker] Adding IJsonTransfomerProvider: org.opensearch.migrations.transform.TypeMappingSanitizationTransformerProvider@30f942f
    2026-01-15 00:46:56,782 INFO o.o.m.t.TransformationLoader [Test worker] Adding IJsonTransfomerProvider: org.opensearch.migrations.transform.JsonJSTransformerProvider@2c6c98f0
    2026-01-15 00:46:56,782 INFO o.o.m.t.TransformationLoader [Test worker] Adding IJsonTransfomerProvider: org.opensearch.migrations.transform.JsonJoltTransformerProvider@706791a2
    2026-01-15 00:46:56,782 INFO o.o.m.t.TransformationLoader [Test worker] Adding IJsonTransfomerProvider: org.opensearch.migrations.transform.JsonJMESPathTransformerProvider@1b7671d7
    2026-01-15 00:46:56,782 INFO o.o.m.t.TransformationLoader [Test worker] Adding IJsonTransfomerProvider: org.opensearch.migrations.transform.NoopTransformerProvider@27a38afa
    2026-01-15 00:46:56,782 INFO o.o.m.t.TransformationLoader [Test worker] IJsonTransformerProviders loaded: class org.opensearch.migrations.transformation.JsonTransformerForDocumentTypeRemovalProvider; class org.opensearch.migrations.transform.JsonConditionalTransformerProvider; class org.opensearch.migrations.transform.TypeMappingSanitizationTransformerProvider; class org.opensearch.migrations.transform.JsonJSTransformerProvider; class org.opensearch.migrations.transform.JsonJoltTransformerProvider; class org.opensearch.migrations.transform.JsonJMESPathTransformerProvider; class org.opensearch.migrations.transform.NoopTransformerProvider
    2026-01-15 00:46:56,782 INFO o.o.m.t.TransformationLoader [Test worker] Creating a transformer through provider=org.opensearch.migrations.transformation.JsonTransformerForDocumentTypeRemovalProvider@474dae21 with configuration=
    2026-01-15 00:46:56,786 INFO o.o.m.b.c.OpenSearchClientFactory [Test worker] Checking compression on cluster
    2026-01-15 00:46:56,799 INFO o.o.m.b.c.OpenSearchClientFactory [reactor-http-kqueue-1] After querying target, compression=false
    2026-01-15 00:46:56,806 INFO o.o.m.b.w.OpenSearchWorkCoordinator [Test worker] Not creating .migrations_working_state because it already exists
    2026-01-15 00:46:56,820 INFO o.o.m.b.w.ScopedWorkCoordinator [Test worker] Work item already marked as completed. Skipping.
    2026-01-15 00:46:56,834 INFO o.o.m.u.FileSystemUtils [Test worker] Successfully deleted directory tree at /var/folders/d9/7fcs2fv55k59ps6tpm5gdv900000gq/T/opensearchMigrationReindexFromSnapshot_test_lucene9811912550031624279
    2026-01-15 00:46:56,834 INFO o.o.m.b.SourceTestBase [Test worker] No work at all was found.  Presuming that work was complete and that all worker processes should terminate
    2026-01-15 00:46:56,850 INFO o.o.m.b.h.ClusterOperations [Test worker] POST /_refresh

    Response: 200
    {"_shards":{"total":3,"successful":2,"failed":0}}
    2026-01-15 00:46:56,855 INFO o.o.m.b.h.ClusterOperations [Test worker] GET /source_reconstruction_test/_search

    Response: 200
    {"took":1,"timed_out":false,"_shards":{"total":1,"successful":1,"skipped":0,"failed":0},"hits":{"total":{"value":1,"relation":"eq"},"max_score":1.0,"hits":[{"_index":"source_reconstruction_test","_id":"1","_score":1.0,"_source":{"keyword_dv_store":"test_kw","keyword_nodv_store":"test_kw","boolean_dv_store":true,"boolean_nodv_store":true,"binary_nodv_store":"dGVzdA==","integer_dv_store":42,"integer_nodv_store":42,"long_dv_store":9999,"long_nodv_store":9999,"float_dv_store":3.14,"float_nodv_store":3.14,"double_dv_store":2.71828,"double_nodv_store":2.71828,"ip_dv_store":"192.168.1.1","ip_nodv_store":"192.168.1.1","ipv6_dv_store":"2001:db8:85a3:0:0:8a2e:370:7334","ipv6_nodv_store":"2001:db8:85a3:0:0:8a2e:370:7334","date_dv_store":"2024-01-15T10:30:00Z","date_nodv_store":"2024-01-15T10:30:00Z","scaled_float_dv_store":123.45,"scaled_float_nodv_store":123.45,"date_nanos_dv_store":"2024-01-15T10:30:00.123456789Z","date_nanos_nodv_store":"2024-01-15T10:30:00.123456789Z","geo_point_dv_store":"40...
    2026-01-15 00:46:56,855 INFO o.o.m.b.NoStoredSourceMigrationTest [Test worker] Migrated _source: {"keyword_dv_store":"test_kw","keyword_nodv_store":"test_kw","boolean_dv_store":true,"boolean_nodv_store":true,"binary_nodv_store":"dGVzdA==","integer_dv_store":42,"integer_nodv_store":42,"long_dv_store":9999,"long_nodv_store":9999,"float_dv_store":3.14,"float_nodv_store":3.14,"double_dv_store":2.71828,"double_nodv_store":2.71828,"ip_dv_store":"192.168.1.1","ip_nodv_store":"192.168.1.1","ipv6_dv_store":"2001:db8:85a3:0:0:8a2e:370:7334","ipv6_nodv_store":"2001:db8:85a3:0:0:8a2e:370:7334","date_dv_store":"2024-01-15T10:30:00Z","date_nodv_store":"2024-01-15T10:30:00Z","scaled_float_dv_store":123.45,"scaled_float_nodv_store":123.45,"date_nanos_dv_store":"2024-01-15T10:30:00.123456789Z","date_nanos_nodv_store":"2024-01-15T10:30:00.123456789Z","geo_point_dv_store":"40.7128, -74.006","geo_point_nodv_store":"40.7128, -74.006","keyword_dv_nostore":"test_kw","boolean_dv_nostore":true,"integer_dv_nostore":42,"long_dv_nostore":9999,"float_dv_nostore":3.14,"double_dv_nostore":2.71828,"ip_dv_nostore":"192.168.1.1","ipv6_dv_nostore":"2001:db8:85a3:0:0:8a2e:370:7334","date_dv_nostore":"2024-01-15T10:30:00Z","scaled_float_dv_nostore":123.45,"date_nanos_dv_nostore":"2024-01-15T10:30:00.123456789Z","geo_point_dv_nostore":{"lon":148.0120000988245,"lat":-81.42559996806085},"long_nodv_nostore":9999,"date_nodv_nostore":"2024-01-15T10:30:00Z","ipv6_nodv_nostore":"2001:db8:85a3:0:0:8a2e:370:7334","float_nodv_nostore":3.14,"double_nodv_nostore":2.71828,"integer_nodv_nostore":42,"date_nanos_nodv_nostore":"2024-01-15T10:30:00.123456789Z","ip_nodv_nostore":"192.168.1.1"}
    2026-01-15 00:46:56,855 INFO o.o.m.b.NoStoredSourceMigrationTest [Test worker] Skipping value check for keyword_nodv_store (keyword stored field in ES 5+)
    2026-01-15 00:46:56,856 INFO o.o.m.b.f.SearchClusterContainer [Test worker] Stopping container version:OPENSEARCH 3.0.0
    2026-01-15 00:46:56,870 DEBUG o.o.m.b.f.SearchClusterContainer [Test worker] Instance logs:
    Enabling OpenSearch Security Plugin
    Enabling execution of install_demo_configuration.sh for OpenSearch Security Plugin 
    OpenSearch 2.12.0 onwards, the OpenSearch Security Plugin a change that requires an initial password for 'admin' user. 
    Please define an environment variable 'OPENSEARCH_INITIAL_ADMIN_PASSWORD' with a strong password string. 
    If a password is not provided, the setup will quit. 
     For more details, please visit: https://opensearch.org/docs/latest/install-and-configure/install-opensearch/docker/
    ### OpenSearch Security Demo Installer
    ### ** Warning: Do not use on production or public reachable systems **
    OpenSearch install type: rpm/deb on Linux 6.12.54-linuxkit aarch64
    OpenSearch config dir: /usr/share/opensearch/config/
    OpenSearch config file: /usr/share/opensearch/config/opensearch.yml
    OpenSearch bin dir: /usr/share/opensearch/bin/
    OpenSearch plugins dir: /usr/share/opensearch/plugins/
    OpenSearch lib dir: /usr/share/opensearch/lib/
    Detected OpenSearch Version: 3.0.0
    Detected OpenSearch Security Version: 3.0.0.0
    Admin password set successfully.
    ### Success
    ### Execute this script now on all your nodes and then start all nodes
    ### OpenSearch Security will be automatically initialized.
    ### If you like to change the runtime configuration 
    ### change the files in ../../../config/opensearch-security and execute: 
    sudo "/usr/share/opensearch/plugins/opensearch-security/tools/securityadmin.sh" -cd "/usr/share/opensearch/config/opensearch-security" -icl -key "/usr/share/opensearch/config/kirk-key.pem" -cert "/usr/share/opensearch/config/kirk.pem" -cacert "/usr/share/opensearch/config/root-ca.pem" -nhnv
    ### or run ./securityadmin_demo.sh
    ### To use the Security Plugin ConfigurationGUI
    ### To access your secured cluster open https://<hostname>:<HTTP port> and log in with admin/<your-custom-admin-password>.
    ### (Ignore the SSL certificate warning because we installed self-signed demo certificates)
    Enabling execution of OPENSEARCH_HOME/bin/opensearch-performance-analyzer/performance-analyzer-agent-cli for OpenSearch Performance Analyzer Plugin
    WARNING: Using incubator modules: jdk.incubator.vector
    WARNING: Unknown module: org.apache.arrow.memory.core specified to --add-opens
    [2026-01-15T00:40:57,801][WARN ][stderr                   ] [569e59d0e1f3] Jan 15, 2026 12:40:57 AM org.opensearch.javaagent.bootstrap.AgentPolicy setPolicy
    [2026-01-15T00:40:57,802][WARN ][stderr                   ] [569e59d0e1f3] INFO: Policy attached successfully: org.opensearch.bootstrap.OpenSearchPolicy@2cfa2c4f
    [2026-01-15T00:40:57,806][INFO ][o.o.n.Node               ] [569e59d0e1f3] version[3.0.0], pid[1], build[tar/dc4efa821904cc2d7ea7ef61c0f577d3fc0d8be9/2025-05-03T06:23:50.311109522Z], OS[Linux/6.12.54-linuxkit/aarch64], JVM[Eclipse Adoptium/OpenJDK 64-Bit Server VM/21.0.7/21.0.7+6-LTS]
    [2026-01-15T00:40:57,806][INFO ][o.o.n.Node               ] [569e59d0e1f3] JVM home [/usr/share/opensearch/jdk], using bundled JDK/JRE [true]
    [2026-01-15T00:40:57,806][INFO ][o.o.n.Node               ] [569e59d0e1f3] JVM arguments [-Xshare:auto, -Dopensearch.networkaddress.cache.ttl=60, -Dopensearch.networkaddress.cache.negative.ttl=10, -XX:+AlwaysPreTouch, -Xss1m, -Djava.awt.headless=true, -Dfile.encoding=UTF-8, -Djna.nosys=true, -XX:-OmitStackTraceInFastThrow, -XX:+ShowCodeDetailsInExceptionMessages, -Dio.netty.noUnsafe=true, -Dio.netty.noKeySetOptimization=true, -Dio.netty.recycler.maxCapacityPerThread=0, -Dio.netty.allocator.numDirectArenas=0, -Dlog4j.shutdownHookEnabled=false, -Dlog4j2.disable.jmx=true, -Djava.locale.providers=SPI,CLDR, -Xms1g, -Xmx1g, -XX:+UseG1GC, -XX:G1ReservePercent=25, -XX:InitiatingHeapOccupancyPercent=30, -Djava.io.tmpdir=/tmp/opensearch-16457962295004817758, -XX:+HeapDumpOnOutOfMemoryError, -XX:HeapDumpPath=data, -XX:ErrorFile=logs/hs_err_pid%p.log, -Xlog:gc*,gc+age=trace,safepoint:file=logs/gc.log:utctime,pid,tags:filecount=32,filesize=64m, --add-modules=jdk.incubator.vector, -javaagent:agent/opensearch-agent.jar, --add-opens=java.base/java.nio=org.apache.arrow.memory.core,ALL-UNNAMED, -Dclk.tck=100, -Djdk.attach.allowAttachSelf=true, -Djava.security.policy=/usr/share/opensearch/config/opensearch-performance-analyzer/opensearch_security.policy, --add-opens=jdk.attach/sun.tools.attach=ALL-UNNAMED, -Dopensearch.cgroups.hierarchy.override=/, -XX:MaxDirectMemorySize=536870912, -Dopensearch.path.home=/usr/share/opensearch, -Dopensearch.path.conf=/usr/share/opensearch/config, -Dopensearch.distribution.type=tar, -Dopensearch.bundled_jdk=true]
    [2026-01-15T00:40:57,867][WARN ][stderr                   ] [569e59d0e1f3] Jan 15, 2026 12:40:57 AM org.apache.lucene.internal.vectorization.PanamaVectorizationProvider <init>
    [2026-01-15T00:40:57,867][WARN ][stderr                   ] [569e59d0e1f3] INFO: Java vector incubator API enabled; uses preferredBitSize=128; FMA enabled
    [2026-01-15T00:40:58,150][INFO ][o.o.s.s.t.SSLConfig      ] [569e59d0e1f3] SSL dual mode is disabled
    [2026-01-15T00:40:58,150][WARN ][o.o.s.OpenSearchSecurityPlugin] [569e59d0e1f3] OpenSearch Security plugin installed but disabled. This can expose your configuration (including passwords) to the public.
    [2026-01-15T00:40:58,524][ERROR][o.o.p.c.c.PluginSettings ] [569e59d0e1f3] Loading config file /usr/share/opensearch/config/opensearch-performance-analyzer/performance-analyzer.properties failed with error: org.opensearch.performanceanalyzer.commons.config.ConfigFileException: java.io.FileNotFoundException: /usr/share/opensearch/config/opensearch-performance-analyzer/performance-analyzer.properties (No such file or directory). Disabling plugin.
    [2026-01-15T00:40:58,526][INFO ][o.o.p.c.c.PluginSettings ] [569e59d0e1f3] Config: metricsLocation: /dev/shm/performanceanalyzer/, metricsDeletionInterval: 1, httpsEnabled: false, cleanup-metrics-db-files: false, batch-metrics-retention-period-minutes: 7, rpc-port: 9650, webservice-port 9600
    [2026-01-15T00:40:58,635][ERROR][o.o.p.c.c.StatsCollector ] [569e59d0e1f3] Error in loading metadata for folderLocation: /usr/share/opensearch/config/opensearch-performance-analyzer/, fileLocation: plugin-stats-metadata
    java.io.FileNotFoundException: /usr/share/opensearch/config/opensearch-performance-analyzer/plugin-stats-metadata (No such file or directory)
    	at java.base/java.io.FileInputStream.open0(Native Method) ~[?:?]
    	at java.base/java.io.FileInputStream.open(FileInputStream.java:213) ~[?:?]
    	at java.base/java.io.FileInputStream.<init>(FileInputStream.java:152) ~[?:?]
    	at java.base/java.io.FileInputStream.<init>(FileInputStream.java:106) ~[?:?]
    	at org.opensearch.performanceanalyzer.commons.collectors.StatsCollector.loadMetadata(StatsCollector.java:158) ~[performance-analyzer-commons-2.0.0.jar:?]
    	at org.opensearch.performanceanalyzer.commons.collectors.StatsCollector.instance(StatsCollector.java:73) ~[performance-analyzer-commons-2.0.0.jar:?]
    	at org.opensearch.performanceanalyzer.PerformanceAnalyzerPlugin.scheduleRcaCollectors(PerformanceAnalyzerPlugin.java:264) ~[opensearch-performance-analyzer-3.0.0.0.jar:3.0.0.0]
    	at org.opensearch.performanceanalyzer.PerformanceAnalyzerPlugin.<init>(PerformanceAnalyzerPlugin.java:213) ~[opensearch-performance-analyzer-3.0.0.0.jar:3.0.0.0]
    	at java.base/jdk.internal.reflect.DirectConstructorHandleAccessor.newInstance(DirectConstructorHandleAccessor.java:62) [?:?]
    	at java.base/java.lang.reflect.Constructor.newInstanceWithCaller(Constructor.java:502) [?:?]
    	at java.base/java.lang.reflect.Constructor.newInstance(Constructor.java:486) [?:?]
    	at org.opensearch.plugins.PluginsService.loadPlugin(PluginsService.java:840) [opensearch-3.0.0.jar:3.0.0]
    	at org.opensearch.plugins.PluginsService.loadBundle(PluginsService.java:788) [opensearch-3.0.0.jar:3.0.0]
    	at org.opensearch.plugins.PluginsService.loadBundles(PluginsService.java:582) [opensearch-3.0.0.jar:3.0.0]
    	at org.opensearch.plugins.PluginsService.<init>(PluginsService.java:197) [opensearch-3.0.0.jar:3.0.0]
    	at org.opensearch.node.Node.<init>(Node.java:533) [opensearch-3.0.0.jar:3.0.0]
    	at org.opensearch.node.Node.<init>(Node.java:460) [opensearch-3.0.0.jar:3.0.0]
    	at org.opensearch.bootstrap.Bootstrap$5.<init>(Bootstrap.java:243) [opensearch-3.0.0.jar:3.0.0]
    	at org.opensearch.bootstrap.Bootstrap.setup(Bootstrap.java:243) [opensearch-3.0.0.jar:3.0.0]
    	at org.opensearch.bootstrap.Bootstrap.init(Bootstrap.java:405) [opensearch-3.0.0.jar:3.0.0]
    	at org.opensearch.bootstrap.OpenSearch.init(OpenSearch.java:168) [opensearch-3.0.0.jar:3.0.0]
    	at org.opensearch.bootstrap.OpenSearch.execute(OpenSearch.java:159) [opensearch-3.0.0.jar:3.0.0]
    	at org.opensearch.common.cli.EnvironmentAwareCommand.execute(EnvironmentAwareCommand.java:110) [opensearch-3.0.0.jar:3.0.0]
    	at org.opensearch.cli.Command.mainWithoutErrorHandling(Command.java:138) [opensearch-cli-3.0.0.jar:3.0.0]
    	at org.opensearch.cli.Command.main(Command.java:101) [opensearch-cli-3.0.0.jar:3.0.0]
    	at org.opensearch.bootstrap.OpenSearch.main(OpenSearch.java:125) [opensearch-3.0.0.jar:3.0.0]
    	at org.opensearch.bootstrap.OpenSearch.main(OpenSearch.java:91) [opensearch-3.0.0.jar:3.0.0]
    [2026-01-15T00:40:58,637][INFO ][o.o.p.c.SearchBackPressureStatsCollector] [569e59d0e1f3] SearchBackPressureStatsCollector started
    [2026-01-15T00:40:59,184][INFO ][o.o.i.r.ReindexModulePlugin] [569e59d0e1f3] ReindexPlugin reloadSPI called
    [2026-01-15T00:40:59,185][INFO ][o.o.i.r.ReindexModulePlugin] [569e59d0e1f3] Unable to find any implementation for RemoteReindexExtension
    [2026-01-15T00:40:59,248][INFO ][o.o.j.JobSchedulerPlugin ] [569e59d0e1f3] Loaded scheduler extension: reports-scheduler, index: .opendistro-reports-definitions
    [2026-01-15T00:40:59,249][INFO ][o.o.j.JobSchedulerPlugin ] [569e59d0e1f3] Loaded scheduler extension: opensearch_time_series_analytics, index: .opendistro-anomaly-detector-jobs
    [2026-01-15T00:40:59,250][INFO ][o.o.j.JobSchedulerPlugin ] [569e59d0e1f3] Loaded scheduler extension: opendistro-index-management, index: .opendistro-ism-config
    [2026-01-15T00:40:59,251][INFO ][o.o.j.JobSchedulerPlugin ] [569e59d0e1f3] Loaded scheduler extension: checkBatchJobTaskStatus, index: .ml_commons_task_polling_job
    [2026-01-15T00:40:59,252][INFO ][o.o.j.JobSchedulerPlugin ] [569e59d0e1f3] Loaded scheduler extension: scheduler_geospatial_ip2geo_datasource, index: .scheduler-geospatial-ip2geo-datasource
    [2026-01-15T00:40:59,252][INFO ][o.o.j.JobSchedulerPlugin ] [569e59d0e1f3] Loaded scheduler extension: opensearch_sap_job, index: .opensearch-sap--job
    [2026-01-15T00:40:59,253][INFO ][o.o.j.JobSchedulerPlugin ] [569e59d0e1f3] Loaded scheduler extension: async-query-scheduler, index: .async-query-scheduler
    [2026-01-15T00:40:59,270][INFO ][o.o.p.PluginsService     ] [569e59d0e1f3] loaded module [aggs-matrix-stats]
    [2026-01-15T00:40:59,270][INFO ][o.o.p.PluginsService     ] [569e59d0e1f3] loaded module [analysis-common]
    [2026-01-15T00:40:59,270][INFO ][o.o.p.PluginsService     ] [569e59d0e1f3] loaded module [cache-common]
    [2026-01-15T00:40:59,270][INFO ][o.o.p.PluginsService     ] [569e59d0e1f3] loaded module [geo]
    [2026-01-15T00:40:59,270][INFO ][o.o.p.PluginsService     ] [569e59d0e1f3] loaded module [ingest-common]
    [2026-01-15T00:40:59,270][INFO ][o.o.p.PluginsService     ] [569e59d0e1f3] loaded module [ingest-geoip]
    [2026-01-15T00:40:59,270][INFO ][o.o.p.PluginsService     ] [569e59d0e1f3] loaded module [ingest-user-agent]
    [2026-01-15T00:40:59,270][INFO ][o.o.p.PluginsService     ] [569e59d0e1f3] loaded module [lang-expression]
    [2026-01-15T00:40:59,270][INFO ][o.o.p.PluginsService     ] [569e59d0e1f3] loaded module [lang-mustache]
    [2026-01-15T00:40:59,270][INFO ][o.o.p.PluginsService     ] [569e59d0e1f3] loaded module [lang-painless]
    [2026-01-15T00:40:59,270][INFO ][o.o.p.PluginsService     ] [569e59d0e1f3] loaded module [mapper-extras]
    [2026-01-15T00:40:59,270][INFO ][o.o.p.PluginsService     ] [569e59d0e1f3] loaded module [opensearch-dashboards]
    [2026-01-15T00:40:59,270][INFO ][o.o.p.PluginsService     ] [569e59d0e1f3] loaded module [parent-join]
    [2026-01-15T00:40:59,270][INFO ][o.o.p.PluginsService     ] [569e59d0e1f3] loaded module [percolator]
    [2026-01-15T00:40:59,270][INFO ][o.o.p.PluginsService     ] [569e59d0e1f3] loaded module [rank-eval]
    [2026-01-15T00:40:59,270][INFO ][o.o.p.PluginsService     ] [569e59d0e1f3] loaded module [reindex]
    [2026-01-15T00:40:59,271][INFO ][o.o.p.PluginsService     ] [569e59d0e1f3] loaded module [repository-url]
    [2026-01-15T00:40:59,271][INFO ][o.o.p.PluginsService     ] [569e59d0e1f3] loaded module [search-pipeline-common]
    [2026-01-15T00:40:59,271][INFO ][o.o.p.PluginsService     ] [569e59d0e1f3] loaded module [systemd]
    [2026-01-15T00:40:59,271][INFO ][o.o.p.PluginsService     ] [569e59d0e1f3] loaded module [transport-netty4]
    [2026-01-15T00:40:59,271][INFO ][o.o.p.PluginsService     ] [569e59d0e1f3] loaded plugin [opensearch-alerting]
    [2026-01-15T00:40:59,271][INFO ][o.o.p.PluginsService     ] [569e59d0e1f3] loaded plugin [opensearch-anomaly-detection]
    [2026-01-15T00:40:59,271][INFO ][o.o.p.PluginsService     ] [569e59d0e1f3] loaded plugin [opensearch-asynchronous-search]
    [2026-01-15T00:40:59,271][INFO ][o.o.p.PluginsService     ] [569e59d0e1f3] loaded plugin [opensearch-cross-cluster-replication]
    [2026-01-15T00:40:59,271][INFO ][o.o.p.PluginsService     ] [569e59d0e1f3] loaded plugin [opensearch-custom-codecs]
    [2026-01-15T00:40:59,271][INFO ][o.o.p.PluginsService     ] [569e59d0e1f3] loaded plugin [opensearch-flow-framework]
    [2026-01-15T00:40:59,271][INFO ][o.o.p.PluginsService     ] [569e59d0e1f3] loaded plugin [opensearch-geospatial]
    [2026-01-15T00:40:59,271][INFO ][o.o.p.PluginsService     ] [569e59d0e1f3] loaded plugin [opensearch-index-management]
    [2026-01-15T00:40:59,271][INFO ][o.o.p.PluginsService     ] [569e59d0e1f3] loaded plugin [opensearch-job-scheduler]
    [2026-01-15T00:40:59,271][INFO ][o.o.p.PluginsService     ] [569e59d0e1f3] loaded plugin [opensearch-knn]
    [2026-01-15T00:40:59,271][INFO ][o.o.p.PluginsService     ] [569e59d0e1f3] loaded plugin [opensearch-ltr]
    [2026-01-15T00:40:59,271][INFO ][o.o.p.PluginsService     ] [569e59d0e1f3] loaded plugin [opensearch-ml]
    [2026-01-15T00:40:59,271][INFO ][o.o.p.PluginsService     ] [569e59d0e1f3] loaded plugin [opensearch-neural-search]
    [2026-01-15T00:40:59,271][INFO ][o.o.p.PluginsService     ] [569e59d0e1f3] loaded plugin [opensearch-notifications]
    [2026-01-15T00:40:59,271][INFO ][o.o.p.PluginsService     ] [569e59d0e1f3] loaded plugin [opensearch-notifications-core]
    [2026-01-15T00:40:59,271][INFO ][o.o.p.PluginsService     ] [569e59d0e1f3] loaded plugin [opensearch-observability]
    [2026-01-15T00:40:59,271][INFO ][o.o.p.PluginsService     ] [569e59d0e1f3] loaded plugin [opensearch-performance-analyzer]
    [2026-01-15T00:40:59,271][INFO ][o.o.p.PluginsService     ] [569e59d0e1f3] loaded plugin [opensearch-reports-scheduler]
    [2026-01-15T00:40:59,271][INFO ][o.o.p.PluginsService     ] [569e59d0e1f3] loaded plugin [opensearch-security]
    [2026-01-15T00:40:59,271][INFO ][o.o.p.PluginsService     ] [569e59d0e1f3] loaded plugin [opensearch-security-analytics]
    [2026-01-15T00:40:59,271][INFO ][o.o.p.PluginsService     ] [569e59d0e1f3] loaded plugin [opensearch-skills]
    [2026-01-15T00:40:59,271][INFO ][o.o.p.PluginsService     ] [569e59d0e1f3] loaded plugin [opensearch-sql]
    [2026-01-15T00:40:59,271][INFO ][o.o.p.PluginsService     ] [569e59d0e1f3] loaded plugin [opensearch-system-templates]
    [2026-01-15T00:40:59,271][INFO ][o.o.p.PluginsService     ] [569e59d0e1f3] loaded plugin [query-insights]
    [2026-01-15T00:40:59,300][DEPRECATION][o.o.d.c.s.Settings       ] [569e59d0e1f3] [node.max_local_storage_nodes] setting was deprecated in OpenSearch and will be removed in a future release! See the breaking changes documentation for the next major version.
    [2026-01-15T00:40:59,315][WARN ][stderr                   ] [569e59d0e1f3] WARNING: A restricted method in java.lang.foreign.Linker has been called
    [2026-01-15T00:40:59,315][WARN ][stderr                   ] [569e59d0e1f3] WARNING: java.lang.foreign.Linker::downcallHandle has been called by the unnamed module
    [2026-01-15T00:40:59,315][WARN ][stderr                   ] [569e59d0e1f3] WARNING: Use --enable-native-access=ALL-UNNAMED to avoid a warning for this module
    [2026-01-15T00:40:59,360][INFO ][o.o.e.NodeEnvironment    ] [569e59d0e1f3] using [1] data paths, mounts [[/ (overlay)]], net usable_space [375.7gb], net total_space [452.1gb], types [overlay]
    [2026-01-15T00:40:59,360][INFO ][o.o.e.NodeEnvironment    ] [569e59d0e1f3] heap size [1gb], compressed ordinary object pointers [true]
    [2026-01-15T00:40:59,379][INFO ][o.o.n.Node               ] [569e59d0e1f3] node name [569e59d0e1f3], node ID [SRdaemDUSAS0DgcUerjWtw], cluster name [docker-cluster], roles [ingest, remote_cluster_client, data, cluster_manager]
    [2026-01-15T00:40:59,428][INFO ][o.o.e.ExtensionsManager  ] [569e59d0e1f3] ExtensionsManager initialized
    [2026-01-15T00:41:00,197][DEPRECATION][o.o.d.c.s.Settings       ] [569e59d0e1f3] [plugins.security.ssl.transport.enforce_hostname_verification] setting was deprecated in OpenSearch and will be removed in a future release! See the breaking changes documentation for the next major version.
    [2026-01-15T00:41:00,801][WARN ][stderr                   ] [569e59d0e1f3] SLF4J: Failed to load class "org.slf4j.impl.StaticLoggerBinder".
    [2026-01-15T00:41:00,801][WARN ][stderr                   ] [569e59d0e1f3] SLF4J: Defaulting to no-operation (NOP) logger implementation
    [2026-01-15T00:41:00,801][WARN ][stderr                   ] [569e59d0e1f3] SLF4J: See http://www.slf4j.org/codes.html#StaticLoggerBinder for further details.
    [2026-01-15T00:41:00,814][INFO ][o.o.l.b.LTRCircuitBreakerService] [569e59d0e1f3] Registered memory breaker.
    [2026-01-15T00:41:00,908][INFO ][o.o.t.b.CircuitBreakerService] [569e59d0e1f3] Registered memory breaker.
    [2026-01-15T00:41:01,053][INFO ][o.o.r.m.c.i.SdkClientFactory] [569e59d0e1f3] Using local opensearch cluster as metadata store.
    [2026-01-15T00:41:01,239][INFO ][o.o.r.m.c.i.SdkClientFactory] [569e59d0e1f3] Using local opensearch cluster as metadata store.
    [2026-01-15T00:41:01,248][INFO ][o.o.m.b.MLCircuitBreakerService] [569e59d0e1f3] Registered ML memory breaker.
    [2026-01-15T00:41:01,249][INFO ][o.o.m.b.MLCircuitBreakerService] [569e59d0e1f3] Registered ML disk breaker.
    [2026-01-15T00:41:01,249][INFO ][o.o.m.b.MLCircuitBreakerService] [569e59d0e1f3] Registered ML native memory breaker.
    [2026-01-15T00:41:01,296][INFO ][o.r.Reflections          ] [569e59d0e1f3] Reflections took 26 ms to scan 1 urls, producing 31 keys and 81 values 
    [2026-01-15T00:41:01,307][INFO ][o.r.Reflections          ] [569e59d0e1f3] Reflections took 1 ms to scan 1 urls, producing 3 keys and 5 values 
    [2026-01-15T00:41:01,408][WARN ][o.o.s.p.SQLPlugin        ] [569e59d0e1f3] Master key is a required config for using create and update datasource APIs. Please set plugins.query.datasources.encryption.masterkey config in opensearch.yml in all the cluster nodes. More details can be found here: https://github.com/opensearch-project/sql/blob/main/docs/user/ppl/admin/datasources.rst#master-key-config-for-encrypting-credential-information
    [2026-01-15T00:41:01,554][INFO ][o.o.p.i.c.s.QueryInsightsService] [569e59d0e1f3] Setting query insights index template priority to [1847]
    [2026-01-15T00:41:01,899][INFO ][o.o.t.NettyAllocator     ] [569e59d0e1f3] creating NettyAllocator with the following configs: [name=unpooled, suggested_max_allocation_size=256kb, factors={opensearch.unsafe.use_unpooled_allocator=null, g1gc_enabled=true, g1gc_region_size=1mb, heap_size=1gb}]
    [2026-01-15T00:41:01,959][INFO ][o.o.d.DiscoveryModule    ] [569e59d0e1f3] using discovery type [single-node] and seed hosts providers [settings]
    [2026-01-15T00:41:02,351][WARN ][o.o.g.DanglingIndicesState] [569e59d0e1f3] gateway.auto_import_dangling_indices is disabled, dangling indices will not be automatically detected or imported and must be managed manually
    [2026-01-15T00:41:03,263][INFO ][o.o.p.h.c.PerformanceAnalyzerConfigAction] [569e59d0e1f3] PerformanceAnalyzer Enabled: false
    [2026-01-15T00:41:03,318][INFO ][o.o.n.Node               ] [569e59d0e1f3] initialized
    [2026-01-15T00:41:03,319][INFO ][o.o.n.Node               ] [569e59d0e1f3] starting ...
    [2026-01-15T00:41:03,367][INFO ][o.o.s.l.BuiltinLogTypeLoader] [569e59d0e1f3] Loaded [windows_logtype.json] log type
    [2026-01-15T00:41:03,367][INFO ][o.o.s.l.BuiltinLogTypeLoader] [569e59d0e1f3] Loaded [waf_logtype.json] log type
    [2026-01-15T00:41:03,368][INFO ][o.o.s.l.BuiltinLogTypeLoader] [569e59d0e1f3] Loaded [vpcflow_logtype.json] log type
    [2026-01-15T00:41:03,368][INFO ][o.o.s.l.BuiltinLogTypeLoader] [569e59d0e1f3] Loaded [test_windows_logtype.json] log type
    [2026-01-15T00:41:03,368][INFO ][o.o.s.l.BuiltinLogTypeLoader] [569e59d0e1f3] Loaded [s3_logtype.json] log type
    [2026-01-15T00:41:03,368][INFO ][o.o.s.l.BuiltinLogTypeLoader] [569e59d0e1f3] Loaded [others_web_logtype.json] log type
    [2026-01-15T00:41:03,369][INFO ][o.o.s.l.BuiltinLogTypeLoader] [569e59d0e1f3] Loaded [others_proxy_logtype.json] log type
    [2026-01-15T00:41:03,369][INFO ][o.o.s.l.BuiltinLogTypeLoader] [569e59d0e1f3] Loaded [others_macos_logtype.json] log type
    [2026-01-15T00:41:03,369][INFO ][o.o.s.l.BuiltinLogTypeLoader] [569e59d0e1f3] Loaded [others_compliance_logtype.json] log type
    [2026-01-15T00:41:03,369][INFO ][o.o.s.l.BuiltinLogTypeLoader] [569e59d0e1f3] Loaded [others_cloud_logtype.json] log type
    [2026-01-15T00:41:03,369][INFO ][o.o.s.l.BuiltinLogTypeLoader] [569e59d0e1f3] Loaded [others_apt_logtype.json] log type
    [2026-01-15T00:41:03,370][INFO ][o.o.s.l.BuiltinLogTypeLoader] [569e59d0e1f3] Loaded [others_application_logtype.json] log type
    [2026-01-15T00:41:03,370][INFO ][o.o.s.l.BuiltinLogTypeLoader] [569e59d0e1f3] Loaded [okta_logtype.json] log type
    [2026-01-15T00:41:03,370][INFO ][o.o.s.l.BuiltinLogTypeLoader] [569e59d0e1f3] Loaded [network_logtype.json] log type
    [2026-01-15T00:41:03,370][INFO ][o.o.s.l.BuiltinLogTypeLoader] [569e59d0e1f3] Loaded [netflow_logtype.json] log type
    [2026-01-15T00:41:03,370][INFO ][o.o.s.l.BuiltinLogTypeLoader] [569e59d0e1f3] Loaded [m365_logtype.json] log type
    [2026-01-15T00:41:03,371][INFO ][o.o.s.l.BuiltinLogTypeLoader] [569e59d0e1f3] Loaded [linux_logtype.json] log type
    [2026-01-15T00:41:03,371][INFO ][o.o.s.l.BuiltinLogTypeLoader] [569e59d0e1f3] Loaded [gworkspace_logtype.json] log type
    [2026-01-15T00:41:03,371][INFO ][o.o.s.l.BuiltinLogTypeLoader] [569e59d0e1f3] Loaded [github_logtype.json] log type
    [2026-01-15T00:41:03,371][INFO ][o.o.s.l.BuiltinLogTypeLoader] [569e59d0e1f3] Loaded [dns_logtype.json] log type
    [2026-01-15T00:41:03,372][INFO ][o.o.s.l.BuiltinLogTypeLoader] [569e59d0e1f3] Loaded [cloudtrail_logtype.json] log type
    [2026-01-15T00:41:03,372][INFO ][o.o.s.l.BuiltinLogTypeLoader] [569e59d0e1f3] Loaded [azure_logtype.json] log type
    [2026-01-15T00:41:03,372][INFO ][o.o.s.l.BuiltinLogTypeLoader] [569e59d0e1f3] Loaded [apache_access_logtype.json] log type
    [2026-01-15T00:41:03,373][INFO ][o.o.s.l.BuiltinLogTypeLoader] [569e59d0e1f3] Loaded [ad_ldap_logtype.json] log type
    [2026-01-15T00:41:03,533][INFO ][o.o.t.TransportService   ] [569e59d0e1f3] publish_address {172.17.0.5:9300}, bound_addresses {[::]:9300}
    [2026-01-15T00:41:03,535][INFO ][o.o.t.TransportService   ] [569e59d0e1f3] Remote clusters initialized successfully.
    [2026-01-15T00:41:03,752][INFO ][o.o.c.c.Coordinator      ] [569e59d0e1f3] setting initial configuration to VotingConfiguration{SRdaemDUSAS0DgcUerjWtw}
    [2026-01-15T00:41:03,906][INFO ][o.o.c.s.ClusterManagerService] [569e59d0e1f3] Tasks batched with key: org.opensearch.cluster.coordination.JoinHelper, count:3 and sample tasks: elected-as-cluster-manager ([1] nodes joined)[{569e59d0e1f3}{SRdaemDUSAS0DgcUerjWtw}{F73T7BWeTee31F0IgcYCWw}{172.17.0.5}{172.17.0.5:9300}{dimr}{shard_indexing_pressure_enabled=true} elect leader, _BECOME_CLUSTER_MANAGER_TASK_, _FINISH_ELECTION_], term: 1, version: 1, delta: cluster-manager node changed {previous [], current [{569e59d0e1f3}{SRdaemDUSAS0DgcUerjWtw}{F73T7BWeTee31F0IgcYCWw}{172.17.0.5}{172.17.0.5:9300}{dimr}{shard_indexing_pressure_enabled=true}]}
    [2026-01-15T00:41:03,925][INFO ][o.o.c.c.CoordinationState] [569e59d0e1f3] cluster UUID set to [-omBvnreRdSlT8VrGSCgoA]
    [2026-01-15T00:41:03,936][INFO ][o.o.c.s.ClusterApplierService] [569e59d0e1f3] cluster-manager node changed {previous [], current [{569e59d0e1f3}{SRdaemDUSAS0DgcUerjWtw}{F73T7BWeTee31F0IgcYCWw}{172.17.0.5}{172.17.0.5:9300}{dimr}{shard_indexing_pressure_enabled=true}]}, term: 1, version: 1, reason: Publication{term=1, version=1}
    [2026-01-15T00:41:03,941][INFO ][o.o.t.i.IndexManagement  ] [569e59d0e1f3] Candidate custom result indices are empty.
    [2026-01-15T00:41:03,941][INFO ][o.o.t.i.IndexManagement  ] [569e59d0e1f3] Candidate custom result indices are empty.
    [2026-01-15T00:41:03,941][INFO ][o.o.t.c.ClusterEventListener] [569e59d0e1f3] Cluster is not recovered yet.
    [2026-01-15T00:41:03,973][INFO ][o.o.i.i.ManagedIndexCoordinator] [569e59d0e1f3] Cache cluster manager node onClusterManager time: 1768437663973
    [2026-01-15T00:41:03,977][WARN ][o.o.p.c.s.h.ConfigOverridesClusterSettingHandler] [569e59d0e1f3] Config override setting update called with empty string. Ignoring.
    [2026-01-15T00:41:03,980][INFO ][o.o.d.PeerFinder         ] [569e59d0e1f3] setting findPeersInterval to [1s] as node commission status = [true] for local node [{569e59d0e1f3}{SRdaemDUSAS0DgcUerjWtw}{F73T7BWeTee31F0IgcYCWw}{172.17.0.5}{172.17.0.5:9300}{dimr}{shard_indexing_pressure_enabled=true}]
    [2026-01-15T00:41:03,982][WARN ][o.o.c.r.a.AllocationService] [569e59d0e1f3] Falling back to single shard assignment since batch mode disable or multiple custom allocators set
    [2026-01-15T00:41:03,985][INFO ][o.o.h.AbstractHttpServerTransport] [569e59d0e1f3] publish_address {172.17.0.5:9200}, bound_addresses {[::]:9200}
    [2026-01-15T00:41:03,985][INFO ][o.o.n.Node               ] [569e59d0e1f3] started
    [2026-01-15T00:41:03,985][INFO ][o.o.s.OpenSearchSecurityPlugin] [569e59d0e1f3] 0 OpenSearch Security modules loaded so far: []
    [2026-01-15T00:41:03,985][WARN ][o.o.c.r.a.AllocationService] [569e59d0e1f3] Falling back to single shard assignment since batch mode disable or multiple custom allocators set
    [2026-01-15T00:41:03,993][INFO ][o.o.t.c.HashRing         ] [569e59d0e1f3] Node added: [SRdaemDUSAS0DgcUerjWtw]
    [2026-01-15T00:41:03,996][INFO ][o.o.t.c.HashRing         ] [569e59d0e1f3] Add data node to version hash ring: SRdaemDUSAS0DgcUerjWtw
    [2026-01-15T00:41:03,997][INFO ][o.o.t.c.HashRing         ] [569e59d0e1f3] All nodes with known version: {SRdaemDUSAS0DgcUerjWtw=ADNodeInfo{version=3.0.0, isEligibleDataNode=true}}
    [2026-01-15T00:41:03,997][INFO ][o.o.t.c.HashRing         ] [569e59d0e1f3] Rebuild hash ring for realtime with cooldown, nodeChangeEvents size 0
    [2026-01-15T00:41:03,997][INFO ][o.o.t.c.HashRing         ] [569e59d0e1f3] Build version hash ring successfully
    [2026-01-15T00:41:03,997][INFO ][o.o.t.c.ADDataMigrator   ] [569e59d0e1f3] Start migrating AD data
    [2026-01-15T00:41:03,997][INFO ][o.o.t.c.ADDataMigrator   ] [569e59d0e1f3] AD job index doesn't exist, no need to migrate
    [2026-01-15T00:41:03,997][INFO ][o.o.t.c.ClusterEventListener] [569e59d0e1f3] Init version hash ring successfully
    [2026-01-15T00:41:04,007][INFO ][o.o.c.s.ClusterManagerTaskThrottler] [569e59d0e1f3] Starting cluster manager throttling as all nodes are higher than or equal to 2.5.0
    [2026-01-15T00:41:04,008][INFO ][o.o.g.GatewayService     ] [569e59d0e1f3] recovered [0] indices into cluster_state
    [2026-01-15T00:41:04,021][INFO ][o.o.p.PluginsService     ] [569e59d0e1f3] PluginService:onIndexModule index:[.opensearch-sap-log-types-config/wI2CzfzCR4-5O5kdWj-3PQ]
    [2026-01-15T00:41:04,088][INFO ][o.o.c.m.MetadataCreateIndexService] [569e59d0e1f3] [.opensearch-sap-log-types-config] creating index, cause [auto(sap-logtype api)], templates [], shards [1]/[1]
    [2026-01-15T00:41:04,092][INFO ][o.o.c.r.a.AllocationService] [569e59d0e1f3] updating number_of_replicas to [0] for indices [.opensearch-sap-log-types-config]
    [2026-01-15T00:41:04,092][WARN ][o.o.c.r.a.AllocationService] [569e59d0e1f3] Falling back to single shard assignment since batch mode disable or multiple custom allocators set
    [2026-01-15T00:41:04,113][INFO ][o.o.p.PluginsService     ] [569e59d0e1f3] PluginService:onIndexModule index:[.opensearch-sap-log-types-config/wI2CzfzCR4-5O5kdWj-3PQ]
    [2026-01-15T00:41:04,192][INFO ][o.o.c.r.a.AllocationService] [569e59d0e1f3] Cluster health status changed from [YELLOW] to [GREEN] (reason: [shards started [[.opensearch-sap-log-types-config][0]]]).
    [2026-01-15T00:41:04,206][INFO ][o.o.s.l.LogTypeService   ] [569e59d0e1f3] Loading builtin types!
    [2026-01-15T00:41:04,207][INFO ][o.o.s.l.LogTypeService   ] [569e59d0e1f3] Indexing [432] fieldMappingDocs from logTypes: 24
    [2026-01-15T00:41:04,226][WARN ][o.o.c.r.a.AllocationService] [569e59d0e1f3] Falling back to single shard assignment since batch mode disable or multiple custom allocators set
    [2026-01-15T00:41:04,252][INFO ][o.o.s.l.LogTypeService   ] [569e59d0e1f3] Indexing [432] fieldMappingDocs
    [2026-01-15T00:41:04,276][INFO ][o.o.p.PluginsService     ] [569e59d0e1f3] PluginService:onIndexModule index:[.opensearch-sap-log-types-config/wI2CzfzCR4-5O5kdWj-3PQ]
    [2026-01-15T00:41:04,280][INFO ][o.o.c.m.MetadataMappingService] [569e59d0e1f3] [.opensearch-sap-log-types-config/wI2CzfzCR4-5O5kdWj-3PQ] update_mapping [_doc]
    [2026-01-15T00:41:04,305][INFO ][o.o.p.PluginsService     ] [569e59d0e1f3] PluginService:onIndexModule index:[.opensearch-sap-log-types-config/wI2CzfzCR4-5O5kdWj-3PQ]
    [2026-01-15T00:41:04,308][INFO ][o.o.c.m.MetadataMappingService] [569e59d0e1f3] [.opensearch-sap-log-types-config/wI2CzfzCR4-5O5kdWj-3PQ] update_mapping [_doc]
    [2026-01-15T00:41:04,444][INFO ][o.o.s.l.LogTypeService   ] [569e59d0e1f3] Loaded [432] field mapping docs successfully!
    [2026-01-15T00:41:04,452][INFO ][o.o.s.l.LogTypeService   ] [569e59d0e1f3] Indexing [23] customLogTypes
    [2026-01-15T00:41:04,476][INFO ][o.o.s.l.LogTypeService   ] [569e59d0e1f3] Loaded [23] customLogType docs successfully!
    [2026-01-15T00:41:04,476][INFO ][o.o.s.SecurityAnalyticsPlugin] [569e59d0e1f3] LogType config index successfully created and builtin log types loaded
    [2026-01-15T00:41:04,987][INFO ][o.o.s.i.DetectorIndexManagementService] [569e59d0e1f3] info deleteOldIndices
    [2026-01-15T00:41:04,988][INFO ][o.o.s.i.DetectorIndexManagementService] [569e59d0e1f3] No Old Correlation Indices to delete
    [2026-01-15T00:41:04,988][INFO ][o.o.s.l.LogTypeService   ] [569e59d0e1f3] Indexing [23] customLogTypes
    [2026-01-15T00:41:04,988][INFO ][o.o.s.i.DetectorIndexManagementService] [569e59d0e1f3] info deleteOldIndices
    [2026-01-15T00:41:04,989][INFO ][o.o.s.i.DetectorIndexManagementService] [569e59d0e1f3] No Old IOC Findings Indices to delete
    [2026-01-15T00:41:04,994][INFO ][o.o.s.l.LogTypeService   ] [569e59d0e1f3] Indexing [23] customLogTypes
    [2026-01-15T00:41:05,025][INFO ][o.o.s.l.LogTypeService   ] [569e59d0e1f3] Loaded [23] customLogType docs successfully!
    [2026-01-15T00:41:05,032][INFO ][o.o.s.l.LogTypeService   ] [569e59d0e1f3] Loaded [23] customLogType docs successfully!
    [2026-01-15T00:41:05,071][INFO ][o.o.s.i.DetectorIndexManagementService] [569e59d0e1f3] info deleteOldIndices
    [2026-01-15T00:41:05,071][INFO ][o.o.s.i.DetectorIndexManagementService] [569e59d0e1f3] info deleteOldIndices
    [2026-01-15T00:41:05,071][INFO ][o.o.s.i.DetectorIndexManagementService] [569e59d0e1f3] No Old Alert Indices to delete
    [2026-01-15T00:41:05,071][INFO ][o.o.s.i.DetectorIndexManagementService] [569e59d0e1f3] No Old Finding Indices to delete
    [2026-01-15T00:41:06,849][INFO ][o.o.p.PluginsService     ] [569e59d0e1f3] PluginService:onIndexModule index:[source_reconstruction_test/Npd1NrJyR6eKj3Qc5gRH4Q]
    [2026-01-15T00:41:06,878][INFO ][o.o.c.m.MetadataCreateIndexService] [569e59d0e1f3] [source_reconstruction_test] creating index, cause [api], templates [], shards [1]/[0]
    [2026-01-15T00:41:06,879][WARN ][o.o.c.r.a.AllocationService] [569e59d0e1f3] Falling back to single shard assignment since batch mode disable or multiple custom allocators set
    [2026-01-15T00:41:06,910][INFO ][o.o.p.PluginsService     ] [569e59d0e1f3] PluginService:onIndexModule index:[source_reconstruction_test/Npd1NrJyR6eKj3Qc5gRH4Q]
    [2026-01-15T00:41:06,965][INFO ][o.o.c.r.a.AllocationService] [569e59d0e1f3] Cluster health status changed from [YELLOW] to [GREEN] (reason: [shards started [[source_reconstruction_test][0]]]).
    [2026-01-15T00:41:06,982][WARN ][o.o.c.r.a.AllocationService] [569e59d0e1f3] Falling back to single shard assignment since batch mode disable or multiple custom allocators set
    [2026-01-15T00:41:07,070][DEPRECATION][o.o.d.c.m.MetadataCreateIndexService] [569e59d0e1f3] index name [.migrations_working_state] starts with a dot '.', in the next major version, index names starting with a dot are reserved for hidden indices and system indices
    [2026-01-15T00:41:07,072][INFO ][o.o.p.PluginsService     ] [569e59d0e1f3] PluginService:onIndexModule index:[.migrations_working_state/Exzzb2ZQTI-pLW7eXXlZFA]
    [2026-01-15T00:41:07,075][INFO ][o.o.c.m.MetadataCreateIndexService] [569e59d0e1f3] [.migrations_working_state] creating index, cause [api], templates [], shards [1]/[1]
    [2026-01-15T00:41:07,075][WARN ][o.o.c.r.a.AllocationService] [569e59d0e1f3] Falling back to single shard assignment since batch mode disable or multiple custom allocators set
    [2026-01-15T00:41:07,100][INFO ][o.o.p.PluginsService     ] [569e59d0e1f3] PluginService:onIndexModule index:[.migrations_working_state/Exzzb2ZQTI-pLW7eXXlZFA]
    [2026-01-15T00:41:07,176][WARN ][o.o.c.r.a.AllocationService] [569e59d0e1f3] Falling back to single shard assignment since batch mode disable or multiple custom allocators set
    [2026-01-15T00:41:07,450][INFO ][o.o.p.PluginsService     ] [569e59d0e1f3] PluginService:onIndexModule index:[.migrations_working_state/Exzzb2ZQTI-pLW7eXXlZFA]
    [2026-01-15T00:41:07,456][INFO ][o.o.c.m.MetadataMappingService] [569e59d0e1f3] [.migrations_working_state/Exzzb2ZQTI-pLW7eXXlZFA] update_mapping [_doc]
    [2026-01-15T00:41:07,837][WARN ][o.o.a.u.UpdateHelper     ] [569e59d0e1f3] Used upsert operation [noop] for script [      if (ctx._source.scriptVersion != "2.0") {        throw new IllegalArgumentException("scriptVersion mismatch.  Not all participants are using the same script: sourceVersion=" + ctx.source.scriptVersion);      }       long serverTimeSeconds = System.currentTimeMillis() / 1000;      if (Math.abs(params.clientTimestamp - serverTimeSeconds) > 3600) {        throw new IllegalArgumentException("The current times indicated between the client and server are too different.");      }      long newExpiration = params.clientTimestamp + (((long)Math.pow(2, ctx._source.nextAcquisitionLeaseExponent)) * params.expirationWindow);      if (params.expirationWindow > 0 && ctx._source.completedAt == null) {          if (ctx._source.leaseHolderId == params.workerId &&             ctx._source.expiration > serverTimeSeconds) {            ctx.op = "update";        } else if (ctx._source.expiration < serverTimeSeconds &&                      ctx._source.expiration < newExpiration) {            ctx._source.expiration = newExpiration;          ctx._source.leaseHolderId = params.workerId;          ctx._source.nextAcquisitionLeaseExponent += 1;        } else {          ctx.op = "noop";        }      } else if (params.expirationWindow != 0) {        ctx.op = "noop";      }], doing nothing...

    2026-01-15 00:46:57,171 INFO o.o.m.b.f.SearchClusterContainer [Test worker] Stopping container version:OPENSEARCH 1.3.16
    2026-01-15 00:46:57,187 DEBUG o.o.m.b.f.SearchClusterContainer [Test worker] Instance logs:
    Enabling execution of install_demo_configuration.sh for OpenSearch Security Plugin
    OpenSearch Security Demo Installer
     ** Warning: Do not use on production or public reachable systems **
    Basedir: /usr/share/opensearch
    OpenSearch install type: rpm/deb on NAME="Amazon Linux"
    OpenSearch config dir: /usr/share/opensearch/config
    OpenSearch config file: /usr/share/opensearch/config/opensearch.yml
    OpenSearch bin dir: /usr/share/opensearch/bin
    OpenSearch plugins dir: /usr/share/opensearch/plugins
    OpenSearch lib dir: /usr/share/opensearch/lib
    Detected OpenSearch Version: x-content-1.3.16
    Detected OpenSearch Security Version: 1.3.16.0

    ### Success
    ### Execute this script now on all your nodes and then start all nodes
    ### OpenSearch Security will be automatically initialized.
    ### If you like to change the runtime configuration 
    ### change the files in ../securityconfig and execute: 
    "/usr/share/opensearch/plugins/opensearch-security/tools/securityadmin.sh" -cd "/usr/share/opensearch/plugins/opensearch-security/securityconfig" -icl -key "/usr/share/opensearch/config/kirk-key.pem" -cert "/usr/share/opensearch/config/kirk.pem" -cacert "/usr/share/opensearch/config/root-ca.pem" -nhnv
    ### or run ./securityadmin_demo.sh
    ### To use the Security Plugin ConfigurationGUI
    ### To access your secured cluster open https://<hostname>:<HTTP port> and log in with admin/admin.
    ### (Ignore the SSL certificate warning because we installed self-signed demo certificates)
    Enabling OpenSearch Security Plugin
    Enabling execution of OPENSEARCH_HOME/bin/opensearch-performance-analyzer/performance-analyzer-agent-cli for OpenSearch Performance Analyzer Plugin
    [2026-01-15T00:40:51,551][INFO ][o.o.n.Node               ] [323a70cf0778] version[1.3.16], pid[108], build[tar/1870e738c6c11c6500965d394ca920e5890234a1/2024-04-22T21:49:55.289874Z], OS[Linux/6.12.54-linuxkit/aarch64], JVM[Eclipse Adoptium/OpenJDK 64-Bit Server VM/11.0.22/11.0.22+7]
    [2026-01-15T00:40:51,552][INFO ][o.o.n.Node               ] [323a70cf0778] JVM home [/usr/share/opensearch/jdk], using bundled JDK [true]
    [2026-01-15T00:40:51,552][INFO ][o.o.n.Node               ] [323a70cf0778] JVM arguments [-Xshare:auto, -Dopensearch.networkaddress.cache.ttl=60, -Dopensearch.networkaddress.cache.negative.ttl=10, -XX:+AlwaysPreTouch, -Xss1m, -Djava.awt.headless=true, -Dfile.encoding=UTF-8, -Djna.nosys=true, -XX:-OmitStackTraceInFastThrow, -Dio.netty.noUnsafe=true, -Dio.netty.noKeySetOptimization=true, -Dio.netty.recycler.maxCapacityPerThread=0, -Dio.netty.allocator.numDirectArenas=0, -Dlog4j.shutdownHookEnabled=false, -Dlog4j2.disable.jmx=true, -Djava.locale.providers=SPI,COMPAT, -Xms1g, -Xmx1g, -XX:+UseG1GC, -XX:G1ReservePercent=25, -XX:InitiatingHeapOccupancyPercent=30, -Djava.io.tmpdir=/tmp/opensearch-10907663658206673551, -XX:+HeapDumpOnOutOfMemoryError, -XX:HeapDumpPath=data, -XX:ErrorFile=logs/hs_err_pid%p.log, -Xlog:gc*,gc+age=trace,safepoint:file=logs/gc.log:utctime,pid,tags:filecount=32,filesize=64m, -Dclk.tck=100, -Djdk.attach.allowAttachSelf=true, -Djava.security.policy=/usr/share/opensearch/config/opensearch-performance-analyzer/opensearch_security.policy, --add-opens=jdk.attach/sun.tools.attach=ALL-UNNAMED, -Dopensearch.cgroups.hierarchy.override=/, -XX:MaxDirectMemorySize=536870912, -Dopensearch.path.home=/usr/share/opensearch, -Dopensearch.path.conf=/usr/share/opensearch/config, -Dopensearch.distribution.type=tar, -Dopensearch.bundled_jdk=true]
    [2026-01-15T00:40:51,967][WARN ][stderr                   ] [323a70cf0778] SLF4J: Failed to load class "org.slf4j.impl.StaticLoggerBinder".
    [2026-01-15T00:40:51,967][WARN ][stderr                   ] [323a70cf0778] SLF4J: Defaulting to no-operation (NOP) logger implementation
    [2026-01-15T00:40:51,967][WARN ][stderr                   ] [323a70cf0778] SLF4J: See http://www.slf4j.org/codes.html#StaticLoggerBinder for further details.
    [2026-01-15T00:40:51,972][INFO ][o.o.s.s.t.SSLConfig      ] [323a70cf0778] SSL dual mode is disabled
    [2026-01-15T00:40:51,973][WARN ][o.o.s.OpenSearchSecurityPlugin] [323a70cf0778] OpenSearch Security plugin installed but disabled. This can expose your configuration (including passwords) to the public.
    [2026-01-15T00:40:52,271][INFO ][o.o.p.c.PluginSettings   ] [323a70cf0778] Config: metricsLocation: /dev/shm/performanceanalyzer/, metricsDeletionInterval: 1, httpsEnabled: false, cleanup-metrics-db-files: true, batch-metrics-retention-period-minutes: 7, rpc-port: 9650, webservice-port 9600
    [2026-01-15T00:40:52,429][INFO ][o.o.i.r.ReindexPlugin    ] [323a70cf0778] ReindexPlugin reloadSPI called
    [2026-01-15T00:40:52,430][INFO ][o.o.i.r.ReindexPlugin    ] [323a70cf0778] Unable to find any implementation for RemoteReindexExtension
    [2026-01-15T00:40:52,451][INFO ][o.o.j.JobSchedulerPlugin ] [323a70cf0778] Loaded scheduler extension: reports-scheduler, index: .opendistro-reports-definitions
    [2026-01-15T00:40:52,453][INFO ][o.o.j.JobSchedulerPlugin ] [323a70cf0778] Loaded scheduler extension: opendistro_anomaly_detector, index: .opendistro-anomaly-detector-jobs
    [2026-01-15T00:40:52,454][INFO ][o.o.j.JobSchedulerPlugin ] [323a70cf0778] Loaded scheduler extension: opendistro-index-management, index: .opendistro-ism-config
    [2026-01-15T00:40:52,456][INFO ][o.o.p.PluginsService     ] [323a70cf0778] loaded module [aggs-matrix-stats]
    [2026-01-15T00:40:52,456][INFO ][o.o.p.PluginsService     ] [323a70cf0778] loaded module [analysis-common]
    [2026-01-15T00:40:52,456][INFO ][o.o.p.PluginsService     ] [323a70cf0778] loaded module [geo]
    [2026-01-15T00:40:52,456][INFO ][o.o.p.PluginsService     ] [323a70cf0778] loaded module [ingest-common]
    [2026-01-15T00:40:52,456][INFO ][o.o.p.PluginsService     ] [323a70cf0778] loaded module [ingest-geoip]
    [2026-01-15T00:40:52,456][INFO ][o.o.p.PluginsService     ] [323a70cf0778] loaded module [ingest-user-agent]
    [2026-01-15T00:40:52,456][INFO ][o.o.p.PluginsService     ] [323a70cf0778] loaded module [lang-expression]
    [2026-01-15T00:40:52,456][INFO ][o.o.p.PluginsService     ] [323a70cf0778] loaded module [lang-mustache]
    [2026-01-15T00:40:52,456][INFO ][o.o.p.PluginsService     ] [323a70cf0778] loaded module [lang-painless]
    [2026-01-15T00:40:52,456][INFO ][o.o.p.PluginsService     ] [323a70cf0778] loaded module [mapper-extras]
    [2026-01-15T00:40:52,456][INFO ][o.o.p.PluginsService     ] [323a70cf0778] loaded module [opensearch-dashboards]
    [2026-01-15T00:40:52,456][INFO ][o.o.p.PluginsService     ] [323a70cf0778] loaded module [parent-join]
    [2026-01-15T00:40:52,456][INFO ][o.o.p.PluginsService     ] [323a70cf0778] loaded module [percolator]
    [2026-01-15T00:40:52,456][INFO ][o.o.p.PluginsService     ] [323a70cf0778] loaded module [rank-eval]
    [2026-01-15T00:40:52,456][INFO ][o.o.p.PluginsService     ] [323a70cf0778] loaded module [reindex]
    [2026-01-15T00:40:52,456][INFO ][o.o.p.PluginsService     ] [323a70cf0778] loaded module [repository-url]
    [2026-01-15T00:40:52,456][INFO ][o.o.p.PluginsService     ] [323a70cf0778] loaded module [transport-netty4]
    [2026-01-15T00:40:52,457][INFO ][o.o.p.PluginsService     ] [323a70cf0778] loaded plugin [opensearch-alerting]
    [2026-01-15T00:40:52,457][INFO ][o.o.p.PluginsService     ] [323a70cf0778] loaded plugin [opensearch-anomaly-detection]
    [2026-01-15T00:40:52,457][INFO ][o.o.p.PluginsService     ] [323a70cf0778] loaded plugin [opensearch-asynchronous-search]
    [2026-01-15T00:40:52,457][INFO ][o.o.p.PluginsService     ] [323a70cf0778] loaded plugin [opensearch-cross-cluster-replication]
    [2026-01-15T00:40:52,457][INFO ][o.o.p.PluginsService     ] [323a70cf0778] loaded plugin [opensearch-index-management]
    [2026-01-15T00:40:52,457][INFO ][o.o.p.PluginsService     ] [323a70cf0778] loaded plugin [opensearch-job-scheduler]
    [2026-01-15T00:40:52,457][INFO ][o.o.p.PluginsService     ] [323a70cf0778] loaded plugin [opensearch-knn]
    [2026-01-15T00:40:52,457][INFO ][o.o.p.PluginsService     ] [323a70cf0778] loaded plugin [opensearch-ml]
    [2026-01-15T00:40:52,457][INFO ][o.o.p.PluginsService     ] [323a70cf0778] loaded plugin [opensearch-observability]
    [2026-01-15T00:40:52,457][INFO ][o.o.p.PluginsService     ] [323a70cf0778] loaded plugin [opensearch-performance-analyzer]
    [2026-01-15T00:40:52,457][INFO ][o.o.p.PluginsService     ] [323a70cf0778] loaded plugin [opensearch-reports-scheduler]
    [2026-01-15T00:40:52,457][INFO ][o.o.p.PluginsService     ] [323a70cf0778] loaded plugin [opensearch-security]
    [2026-01-15T00:40:52,457][INFO ][o.o.p.PluginsService     ] [323a70cf0778] loaded plugin [opensearch-sql]
    [2026-01-15T00:40:52,468][DEPRECATION][o.o.d.c.s.Settings       ] [323a70cf0778] [node.max_local_storage_nodes] setting was deprecated in OpenSearch and will be removed in a future release! See the breaking changes documentation for the next major version.
    [2026-01-15T00:40:52,471][INFO ][o.o.e.NodeEnvironment    ] [323a70cf0778] using [1] data paths, mounts [[/ (overlay)]], net usable_space [375.7gb], net total_space [452.1gb], types [overlay]
    [2026-01-15T00:40:52,471][INFO ][o.o.e.NodeEnvironment    ] [323a70cf0778] heap size [1gb], compressed ordinary object pointers [true]
    [2026-01-15T00:40:52,488][INFO ][o.o.n.Node               ] [323a70cf0778] node name [323a70cf0778], node ID [M22s-GM1Rv24IphqfW62QA], cluster name [docker-cluster], roles [master, remote_cluster_client, data, ingest]
    [2026-01-15T00:40:53,760][INFO ][o.o.a.b.ADCircuitBreakerService] [323a70cf0778] Registered memory breaker.
    [2026-01-15T00:40:53,906][INFO ][o.o.m.c.b.MLCircuitBreakerService] [323a70cf0778] Registered ML memory breaker.
    [2026-01-15T00:40:54,095][INFO ][o.o.t.NettyAllocator     ] [323a70cf0778] creating NettyAllocator with the following configs: [name=unpooled, suggested_max_allocation_size=256kb, factors={opensearch.unsafe.use_unpooled_allocator=null, g1gc_enabled=true, g1gc_region_size=1mb, heap_size=1gb}]
    [2026-01-15T00:40:54,127][INFO ][o.o.d.DiscoveryModule    ] [323a70cf0778] using discovery type [single-node] and seed hosts providers [settings]
    [2026-01-15T00:40:54,302][WARN ][o.o.g.DanglingIndicesState] [323a70cf0778] gateway.auto_import_dangling_indices is disabled, dangling indices will not be automatically detected or imported and must be managed manually
    [2026-01-15T00:40:54,424][INFO ][o.o.p.h.c.PerformanceAnalyzerConfigAction] [323a70cf0778] PerformanceAnalyzer Enabled: false
    [2026-01-15T00:40:54,437][INFO ][o.o.n.Node               ] [323a70cf0778] initialized
    [2026-01-15T00:40:54,437][INFO ][o.o.n.Node               ] [323a70cf0778] starting ...
    [2026-01-15T00:40:54,487][INFO ][o.o.t.TransportService   ] [323a70cf0778] publish_address {172.17.0.4:9300}, bound_addresses {[::]:9300}
    [2026-01-15T00:40:54,552][INFO ][o.o.c.c.Coordinator      ] [323a70cf0778] setting initial configuration to VotingConfiguration{M22s-GM1Rv24IphqfW62QA}
    [2026-01-15T00:40:54,647][INFO ][o.o.c.s.MasterService    ] [323a70cf0778] elected-as-master ([1] nodes joined)[{323a70cf0778}{M22s-GM1Rv24IphqfW62QA}{6OVBlXR2RUC9KoMLjXgprA}{172.17.0.4}{172.17.0.4:9300}{dimr}{shard_indexing_pressure_enabled=true} elect leader, _BECOME_MASTER_TASK_, _FINISH_ELECTION_], term: 1, version: 1, delta: master node changed {previous [], current [{323a70cf0778}{M22s-GM1Rv24IphqfW62QA}{6OVBlXR2RUC9KoMLjXgprA}{172.17.0.4}{172.17.0.4:9300}{dimr}{shard_indexing_pressure_enabled=true}]}
    [2026-01-15T00:40:54,661][INFO ][o.o.c.c.CoordinationState] [323a70cf0778] cluster UUID set to [YarMAc6vQj2AuZWiZCFQzQ]
    [2026-01-15T00:40:54,670][INFO ][o.o.c.s.ClusterApplierService] [323a70cf0778] master node changed {previous [], current [{323a70cf0778}{M22s-GM1Rv24IphqfW62QA}{6OVBlXR2RUC9KoMLjXgprA}{172.17.0.4}{172.17.0.4:9300}{dimr}{shard_indexing_pressure_enabled=true}]}, term: 1, version: 1, reason: Publication{term=1, version=1}
    [2026-01-15T00:40:54,673][INFO ][o.o.a.c.ADClusterEventListener] [323a70cf0778] Cluster is not recovered yet.
    [2026-01-15T00:40:54,677][INFO ][o.o.i.i.ManagedIndexCoordinator] [323a70cf0778] Cache master node onMaster time: 1768437654677
    [2026-01-15T00:40:54,684][WARN ][o.o.p.c.s.h.ConfigOverridesClusterSettingHandler] [323a70cf0778] Config override setting update called with empty string. Ignoring.
    [2026-01-15T00:40:54,693][INFO ][o.o.h.AbstractHttpServerTransport] [323a70cf0778] publish_address {172.17.0.4:9200}, bound_addresses {[::]:9200}
    [2026-01-15T00:40:54,693][INFO ][o.o.n.Node               ] [323a70cf0778] started
    [2026-01-15T00:40:54,693][INFO ][o.o.s.OpenSearchSecurityPlugin] [323a70cf0778] Node started
    [2026-01-15T00:40:54,694][INFO ][o.o.s.OpenSearchSecurityPlugin] [323a70cf0778] 0 OpenSearch Security modules loaded so far: []
    [2026-01-15T00:40:54,698][INFO ][o.o.a.c.HashRing         ] [323a70cf0778] Node added: [M22s-GM1Rv24IphqfW62QA]
    [2026-01-15T00:40:54,703][INFO ][o.o.a.c.HashRing         ] [323a70cf0778] Add data node to AD version hash ring: M22s-GM1Rv24IphqfW62QA
    [2026-01-15T00:40:54,704][INFO ][o.o.a.c.HashRing         ] [323a70cf0778] All nodes with known AD version: {M22s-GM1Rv24IphqfW62QA=ADNodeInfo{version=1.3.16, isEligibleDataNode=true}}
    [2026-01-15T00:40:54,704][INFO ][o.o.a.c.HashRing         ] [323a70cf0778] Rebuild AD hash ring for realtime AD with cooldown, nodeChangeEvents size 0
    [2026-01-15T00:40:54,704][INFO ][o.o.a.c.HashRing         ] [323a70cf0778] Build AD version hash ring successfully
    [2026-01-15T00:40:54,705][INFO ][o.o.a.c.ADDataMigrator   ] [323a70cf0778] Start migrating AD data
    [2026-01-15T00:40:54,705][INFO ][o.o.a.c.ADDataMigrator   ] [323a70cf0778] AD job index doesn't exist, no need to migrate
    [2026-01-15T00:40:54,705][INFO ][o.o.a.c.ADClusterEventListener] [323a70cf0778] Init AD version hash ring successfully
    [2026-01-15T00:40:54,718][INFO ][o.o.g.GatewayService     ] [323a70cf0778] recovered [0] indices into cluster_state
    [2026-01-15T00:41:04,586][INFO ][o.o.c.m.MetadataCreateIndexService] [323a70cf0778] [source_reconstruction_test] creating index, cause [api], templates [], shards [1]/[0]
    [2026-01-15T00:41:04,721][INFO ][o.o.c.r.a.AllocationService] [323a70cf0778] Cluster health status changed from [YELLOW] to [GREEN] (reason: [shards started [[source_reconstruction_test][0]]]).
    [2026-01-15T00:41:04,841][INFO ][o.o.r.RepositoriesService] [323a70cf0778] put repository [null]
    [2026-01-15T00:41:04,874][INFO ][o.o.s.SnapshotsService   ] [323a70cf0778] snapshot [null:snap/Xus-rK-NQMOiQdOL9mluGw] started
    [2026-01-15T00:41:04,920][INFO ][o.o.s.SnapshotsService   ] [323a70cf0778] snapshot [null:snap/Xus-rK-NQMOiQdOL9mluGw] completed with state [SUCCESS]


NoStoredSourceMigrationTest > testSourceReconstruction(ContainerVersion, ContainerVersion) > Container(OPENSEARCH 2.19.1) -> Container(OPENSEARCH 3.0.0) STANDARD_OUT
    2026-01-15 00:46:57,910 INFO o.o.m.b.f.SearchClusterContainer [Test worker] Starting container version:OPENSEARCH 2.19.1
    2026-01-15 00:46:57,911 INFO t.o.1.1 [Test worker] Creating container for image: opensearchproject/opensearch:2.19.1
    2026-01-15 00:46:58,006 INFO t.o.1.1 [Test worker] Container opensearchproject/opensearch:2.19.1 is starting: 53e330f5fe05df9c0637afcfe4862751f53705c26ce2688c409dfefc406d699c
    2026-01-15 00:46:58,196 INFO o.t.c.w.s.HttpWaitStrategy [Test worker] /awesome_hypatia: Waiting for 60 seconds for URL: http://localhost:49605/ (where port 49605 maps to container port 9200)
    2026-01-15 00:47:05,297 INFO t.o.1.1 [Test worker] Container opensearchproject/opensearch:2.19.1 started in PT7.386399S
    2026-01-15 00:47:05,298 INFO o.o.m.b.f.SearchClusterContainer [Test worker] Starting container version:OPENSEARCH 3.0.0
    2026-01-15 00:47:05,298 INFO t.o.0.0 [Test worker] Creating container for image: opensearchproject/opensearch:3.0.0
    2026-01-15 00:47:05,324 INFO t.o.0.0 [Test worker] Container opensearchproject/opensearch:3.0.0 is starting: 552798431f5554afd2d54fee95a8bef96bbbac598acd07f1f1d0ac438a8000fd
    2026-01-15 00:47:05,433 INFO o.t.c.w.s.HttpWaitStrategy [Test worker] /serene_jones: Waiting for 60 seconds for URL: http://localhost:49662/ (where port 49662 maps to container port 9200)
    2026-01-15 00:47:12,391 INFO t.o.0.0 [Test worker] Container opensearchproject/opensearch:3.0.0 started in PT7.09338S
    2026-01-15 00:47:12,393 INFO o.o.m.b.NoStoredSourceMigrationTest [Test worker] Source version: Container(OPENSEARCH 2.19.1), Target version: Container(OPENSEARCH 3.0.0)
    2026-01-15 00:47:12,393 INFO o.o.m.b.NoStoredSourceMigrationTest [Test worker] Index body: {"settings":{"number_of_shards":1,"number_of_replicas":0},"mappings":{"_source":{"enabled":false},"properties":{"keyword_dv_store": {"type": "keyword", "store": true},
    "keyword_dv_nostore": {"type": "keyword"},
    "keyword_nodv_store": {"type": "keyword", "doc_values": false, "store": true},
    "keyword_nodv_nostore": {"type": "keyword", "doc_values": false},
    "boolean_dv_store": {"type": "boolean", "store": true},
    "boolean_dv_nostore": {"type": "boolean"},
    "boolean_nodv_store": {"type": "boolean", "doc_values": false, "store": true},
    "boolean_nodv_nostore": {"type": "boolean", "doc_values": false},
    "binary_nodv_store": {"type": "binary", "store": true},
    "binary_nodv_nostore": {"type": "binary"},
    "integer_dv_store": {"type": "integer", "store": true},
    "integer_dv_nostore": {"type": "integer"},
    "integer_nodv_store": {"type": "integer", "doc_values": false, "store": true},
    "integer_nodv_nostore": {"type": "integer", "doc_values": false},
    "long_dv_store": {"type": "long", "store": true},
    "long_dv_nostore": {"type": "long"},
    "long_nodv_store": {"type": "long", "doc_values": false, "store": true},
    "long_nodv_nostore": {"type": "long", "doc_values": false},
    "float_dv_store": {"type": "float", "store": true},
    "float_dv_nostore": {"type": "float"},
    "float_nodv_store": {"type": "float", "doc_values": false, "store": true},
    "float_nodv_nostore": {"type": "float", "doc_values": false},
    "double_dv_store": {"type": "double", "store": true},
    "double_dv_nostore": {"type": "double"},
    "double_nodv_store": {"type": "double", "doc_values": false, "store": true},
    "double_nodv_nostore": {"type": "double", "doc_values": false},
    "ip_dv_store": {"type": "ip", "store": true},
    "ip_dv_nostore": {"type": "ip"},
    "ip_nodv_store": {"type": "ip", "doc_values": false, "store": true},
    "ip_nodv_nostore": {"type": "ip", "doc_values": false},
    "ipv6_dv_store": {"type": "ip", "store": true},
    "ipv6_dv_nostore": {"type": "ip"},
    "ipv6_nodv_store": {"type": "ip", "doc_values": false, "store": true},
    "ipv6_nodv_nostore": {"type": "ip", "doc_values": false},
    "date_dv_store": {"type": "date", "store": true},
    "date_dv_nostore": {"type": "date"},
    "date_nodv_store": {"type": "date", "doc_values": false, "store": true},
    "date_nodv_nostore": {"type": "date", "doc_values": false},
    "scaled_float_dv_store": {"type": "scaled_float", "scaling_factor": 100, "store": true},
    "scaled_float_dv_nostore": {"type": "scaled_float", "scaling_factor": 100},
    "scaled_float_nodv_store": {"type": "scaled_float", "scaling_factor": 100, "doc_values": false, "store": true},
    "scaled_float_nodv_nostore": {"type": "scaled_float", "scaling_factor": 100, "doc_values": false},
    "date_nanos_dv_store": {"type": "date_nanos", "store": true},
    "date_nanos_dv_nostore": {"type": "date_nanos"},
    "date_nanos_nodv_store": {"type": "date_nanos", "doc_values": false, "store": true},
    "date_nanos_nodv_nostore": {"type": "date_nanos", "doc_values": false},
    "geo_point_dv_store": {"type": "geo_point", "store": true},
    "geo_point_dv_nostore": {"type": "geo_point"},
    "geo_point_nodv_store": {"type": "geo_point", "doc_values": false, "store": true},
    "geo_point_nodv_nostore": {"type": "geo_point", "doc_values": false},
    "unsigned_long_dv_store": {"type": "unsigned_long", "store": true},
    "unsigned_long_dv_nostore": {"type": "unsigned_long"},
    "unsigned_long_nodv_store": {"type": "unsigned_long", "doc_values": false, "store": true},
    "unsigned_long_nodv_nostore": {"type": "unsigned_long", "doc_values": false}}}}
    2026-01-15 00:47:12,393 INFO o.o.m.b.NoStoredSourceMigrationTest [Test worker] Document: {"keyword_dv_store": "test_kw",
    "keyword_dv_nostore": "test_kw",
    "keyword_nodv_store": "test_kw",
    "keyword_nodv_nostore": "test_kw",
    "boolean_dv_store": true,
    "boolean_dv_nostore": true,
    "boolean_nodv_store": true,
    "boolean_nodv_nostore": true,
    "binary_nodv_store": "dGVzdA==",
    "binary_nodv_nostore": "dGVzdA==",
    "integer_dv_store": 42,
    "integer_dv_nostore": 42,
    "integer_nodv_store": 42,
    "integer_nodv_nostore": 42,
    "long_dv_store": 9999,
    "long_dv_nostore": 9999,
    "long_nodv_store": 9999,
    "long_nodv_nostore": 9999,
    "float_dv_store": 3.14,
    "float_dv_nostore": 3.14,
    "float_nodv_store": 3.14,
    "float_nodv_nostore": 3.14,
    "double_dv_store": 2.71828,
    "double_dv_nostore": 2.71828,
    "double_nodv_store": 2.71828,
    "double_nodv_nostore": 2.71828,
    "ip_dv_store": "192.168.1.1",
    "ip_dv_nostore": "192.168.1.1",
    "ip_nodv_store": "192.168.1.1",
    "ip_nodv_nostore": "192.168.1.1",
    "ipv6_dv_store": "2001:db8:85a3::8a2e:370:7334",
    "ipv6_dv_nostore": "2001:db8:85a3::8a2e:370:7334",
    "ipv6_nodv_store": "2001:db8:85a3::8a2e:370:7334",
    "ipv6_nodv_nostore": "2001:db8:85a3::8a2e:370:7334",
    "date_dv_store": "2024-01-15T10:30:00.000Z",
    "date_dv_nostore": "2024-01-15T10:30:00.000Z",
    "date_nodv_store": "2024-01-15T10:30:00.000Z",
    "date_nodv_nostore": "2024-01-15T10:30:00.000Z",
    "scaled_float_dv_store": 123.45,
    "scaled_float_dv_nostore": 123.45,
    "scaled_float_nodv_store": 123.45,
    "scaled_float_nodv_nostore": 123.45,
    "date_nanos_dv_store": "2024-01-15T10:30:00.123456789Z",
    "date_nanos_dv_nostore": "2024-01-15T10:30:00.123456789Z",
    "date_nanos_nodv_store": "2024-01-15T10:30:00.123456789Z",
    "date_nanos_nodv_nostore": "2024-01-15T10:30:00.123456789Z",
    "geo_point_dv_store": {"lat":40.7128,"lon":-74.006},
    "geo_point_dv_nostore": {"lat":40.7128,"lon":-74.006},
    "geo_point_nodv_store": {"lat":40.7128,"lon":-74.006},
    "geo_point_nodv_nostore": {"lat":40.7128,"lon":-74.006},
    "unsigned_long_dv_store": 9223372036854775807,
    "unsigned_long_dv_nostore": 9223372036854775807,
    "unsigned_long_nodv_store": 9223372036854775807,
    "unsigned_long_nodv_nostore": 9223372036854775807}
    2026-01-15 00:47:12,466 INFO o.o.m.b.h.ClusterOperations [Test worker] PUT /source_reconstruction_test
    {"settings":{"number_of_shards":1,"number_of_replicas":0},"mappings":{"_source":{"enabled":false},"properties":{"keyword_dv_store": {"type": "keyword", "store": true},
    "keyword_dv_nostore": {"type": "keyword"},
    "keyword_nodv_store": {"type": "keyword", "doc_values": false, "store": true},
    "keyword_nodv_nostore": {"type": "keyword", "doc_values": false},
    "boolean_dv_store": {"type": "boolean", "store": true},
    "boolean_dv_nostore": {"type": "boolean"},
    "boolean_nodv_store": {"type": "boolean", "doc_values": false, "store": true},
    "boolean_nodv_nostore": {"type": "boolean", "doc_values": false},
    "binary_nodv_store": {"type": "binary", "store": true},
    "binary_nodv_nostore": {"type": "binary"},
    "integer_dv_store": {"type": "integer", "store": true},
    "integer_dv_nostore": {"type": "integer"},
    "integer_nodv_store": {"type": "integer", "doc_values": false, "store": true},
    "integer_nodv_nostore": {"type": "integer", "doc_values": false},
    "long_dv_store": {"type": "long", "store": true},
    "long_d...
    Response: 200
    {"acknowledged":true,"shards_acknowledged":true,"index":"source_reconstruction_test"}
    2026-01-15 00:47:12,487 INFO o.o.m.b.h.ClusterOperations [Test worker] PUT /source_reconstruction_test/_doc/1
    {"keyword_dv_store": "test_kw",
    "keyword_dv_nostore": "test_kw",
    "keyword_nodv_store": "test_kw",
    "keyword_nodv_nostore": "test_kw",
    "boolean_dv_store": true,
    "boolean_dv_nostore": true,
    "boolean_nodv_store": true,
    "boolean_nodv_nostore": true,
    "binary_nodv_store": "dGVzdA==",
    "binary_nodv_nostore": "dGVzdA==",
    "integer_dv_store": 42,
    "integer_dv_nostore": 42,
    "integer_nodv_store": 42,
    "integer_nodv_nostore": 42,
    "long_dv_store": 9999,
    "long_dv_nostore": 9999,
    "long_nodv_store": 9999,
    "long_nodv_nostore": 9999,
    "float_dv_store": 3.14,
    "float_dv_nostore": 3.14,
    "float_nodv_store": 3.14,
    "float_nodv_nostore": 3.14,
    "double_dv_store": 2.71828,
    "double_dv_nostore": 2.71828,
    "double_nodv_store": 2.71828,
    "double_nodv_nostore": 2.71828,
    "ip_dv_store": "192.168.1.1",
    "ip_dv_nostore": "192.168.1.1",
    "ip_nodv_store": "192.168.1.1",
    "ip_nodv_nostore": "192.168.1.1",
    "ipv6_dv_store": "2001:db8:85a3::8a2e:370:7334",
    "ipv6_dv_nostore": "2001:db8:85a3::8a2e:370:7334",
    "ipv6_nodv_store": "2001:db8:85...
    Response: 201
    {"_index":"source_reconstruction_test","_id":"1","_version":1,"result":"created","_shards":{"total":1,"successful":1,"failed":0},"_seq_no":0,"_primary_term":1}
    2026-01-15 00:47:12,499 INFO o.o.m.b.h.ClusterOperations [Test worker] POST /_refresh

    Response: 200
    {"_shards":{"total":2,"successful":2,"failed":0}}
    2026-01-15 00:47:12,508 INFO o.o.m.b.w.SnapshotRunner [Test worker] Attempting to initiate the snapshot...
    2026-01-15 00:47:12,508 INFO o.o.m.b.c.OpenSearchClient [Test worker] Starting registerSnapshotRepo for repoName=null
    2026-01-15 00:47:12,531 INFO o.o.m.b.c.OpenSearchClient [Test worker] Completed registerSnapshotRepo for repoName=null in 23 ms with statusCode=200
    2026-01-15 00:47:12,531 INFO o.o.m.b.c.SnapshotCreator [Test worker] Snapshot repo registration successful
    2026-01-15 00:47:12,532 INFO o.o.m.b.c.OpenSearchClient [Test worker] Starting createSnapshot for repoName=null, snapshotName=snap
    2026-01-15 00:47:12,548 INFO o.o.m.b.c.OpenSearchClient [Test worker] Completed createSnapshot for repoName=null, snapshotName=snap in 16 ms with statusCode=200
    2026-01-15 00:47:12,549 INFO o.o.m.b.c.SnapshotCreator [Test worker] Snapshot snap creation initiated
    2026-01-15 00:47:12,549 INFO o.o.m.b.w.SnapshotRunner [Test worker] Snapshot in progress...
    2026-01-15 00:47:12,549 INFO o.o.m.b.c.OpenSearchClient [Test worker] Starting getSnapshotStatus for repoName=null, snapshotName=snap
    2026-01-15 00:47:12,554 INFO o.o.m.b.c.OpenSearchClient [Test worker] Completed getSnapshotStatus for repoName=null, snapshotName=snap in 5 ms with statusCode=200
    2026-01-15 00:47:12,555 INFO o.o.m.b.w.SnapshotRunner [Test worker] Snapshot not finished yet; sleeping for 1000ms...
    2026-01-15 00:47:13,560 INFO o.o.m.b.c.OpenSearchClient [Test worker] Starting getSnapshotStatus for repoName=null, snapshotName=snap
    2026-01-15 00:47:13,574 INFO o.o.m.b.c.OpenSearchClient [Test worker] Completed getSnapshotStatus for repoName=null, snapshotName=snap in 14 ms with statusCode=200
    2026-01-15 00:47:13,640 DEBUG o.o.m.b.f.SearchClusterContainer [Test worker] Process Exit Code: 0
    2026-01-15 00:47:13,640 DEBUG o.o.m.b.f.SearchClusterContainer [Test worker] Standard Output: /tmp/snapshots/index-0
    /tmp/snapshots/index.latest
    /tmp/snapshots/meta-xJVX1Bl-TDm7_zbBdRmHZQ.dat
    /tmp/snapshots/snap-xJVX1Bl-TDm7_zbBdRmHZQ.dat
    /tmp/snapshots/indices/XUhW9Z7OScqEYJoGdpxqbQ/meta-4igev5sB6gcbZj8W6InY.dat
    /tmp/snapshots/indices/XUhW9Z7OScqEYJoGdpxqbQ/0/index-ZtO1o9b7RdmHiPVSX95o_g
    /tmp/snapshots/indices/XUhW9Z7OScqEYJoGdpxqbQ/0/snap-xJVX1Bl-TDm7_zbBdRmHZQ.dat
    /tmp/snapshots/indices/d7KxO7NITUmD7ZAWP172tQ/meta-4Cgev5sB6gcbZj8W6InY.dat
    /tmp/snapshots/indices/d7KxO7NITUmD7ZAWP172tQ/0/__satvWNBpSDyyEHGFFsNOGg
    /tmp/snapshots/indices/d7KxO7NITUmD7ZAWP172tQ/0/__vqu0QE5rQoKxcmt2fh-zmg
    /tmp/snapshots/indices/d7KxO7NITUmD7ZAWP172tQ/0/index-ITD4JBXHTMycYR95njNdww
    /tmp/snapshots/indices/d7KxO7NITUmD7ZAWP172tQ/0/snap-xJVX1Bl-TDm7_zbBdRmHZQ.dat
    /tmp/snapshots/indices/dSiDw4r0QW2WUzvZ9MFUgg/meta-4Sgev5sB6gcbZj8W6InY.dat
    /tmp/snapshots/indices/dSiDw4r0QW2WUzvZ9MFUgg/0/__4QofYo-JRoWqHh6weX-Heg
    /tmp/snapshots/indices/dSiDw4r0QW2WUzvZ9MFUgg/0/__B9jvPM6lQLmue9z0bASkHw
    /tmp/snapshots/indices/dSiDw4r0QW2WUzvZ9MFUgg/0/__EXKflMRbR8iZrhwvKmUf6g
    /tmp/snapshots/indices/dSiDw4r0QW2WUzvZ9MFUgg/0/__ExGF9Yl9RuiDm70PkRomDg
    /tmp/snapshots/indices/dSiDw4r0QW2WUzvZ9MFUgg/0/__Fu9qLr88SrOTYkvTH9FJlg
    /tmp/snapshots/indices/dSiDw4r0QW2WUzvZ9MFUgg/0/__IKTK48pRRT6-EeLRc7wkFg
    /tmp/snapshots/indices/dSiDw4r0QW2WUzvZ9MFUgg/0/__JVoLdgeGR8i-38JrXMINpQ
    /tmp/snapshots/indices/dSiDw4r0QW2WUzvZ9MFUgg/0/__NwfJDTRWRXymJ9BIpJM-Pg
    /tmp/snapshots/indices/dSiDw4r0QW2WUzvZ9MFUgg/0/__PG2hKDoUQrm-zO9Lb8jtSw
    /tmp/snapshots/indices/dSiDw4r0QW2WUzvZ9MFUgg/0/__R5gW6MZWQqmI1AJuWRFKWQ
    /tmp/snapshots/indices/dSiDw4r0QW2WUzvZ9MFUgg/0/__RyKrVGOPQbKdHpD_G6sgfw
    /tmp/snapshots/indices/dSiDw4r0QW2WUzvZ9MFUgg/0/__Uv341iv4Sd-4Bb8iuNRiPQ
    /tmp/snapshots/indices/dSiDw4r0QW2WUzvZ9MFUgg/0/__WJlLnGTwQPSuJByI1iV7Uw
    /tmp/snapshots/indices/dSiDw4r0QW2WUzvZ9MFUgg/0/__YGgW34IbQwafckpy0mB9Iw
    /tmp/snapshots/indices/dSiDw4r0QW2WUzvZ9MFUgg/0/__Z9NZskLHQbWM6oHu3ajgZw
    /tmp/snapshots/indices/dSiDw4r0QW2WUzvZ9MFUgg/0/__psFFRqC4RgOhq9yHsotdhA
    /tmp/snapshots/indices/dSiDw4r0QW2WUzvZ9MFUgg/0/__tRFC_bYDSUeewggT4uxD1w
    /tmp/snapshots/indices/dSiDw4r0QW2WUzvZ9MFUgg/0/__w_xWrzfgQvSICV9gNecjSg
    /tmp/snapshots/indices/dSiDw4r0QW2WUzvZ9MFUgg/0/__z_GIAanzRamV21KQPS3SeQ
    /tmp/snapshots/indices/dSiDw4r0QW2WUzvZ9MFUgg/0/index-qUeP8jezSX-TBv4RaAymcg
    /tmp/snapshots/indices/dSiDw4r0QW2WUzvZ9MFUgg/0/snap-xJVX1Bl-TDm7_zbBdRmHZQ.dat

    2026-01-15 00:47:13,640 DEBUG o.o.m.b.f.SearchClusterContainer [Test worker] Standard Error : sh: line 1: find: command not found

    2026-01-15 00:47:13,641 INFO o.o.m.b.f.SearchClusterContainer [Test worker] Copying file /tmp/snapshots/index-0 from container onto /var/folders/d9/7fcs2fv55k59ps6tpm5gdv900000gq/T/junit-11789909977287802316/index-0
    2026-01-15 00:47:13,649 INFO o.o.m.b.f.SearchClusterContainer [Test worker] Copying file /tmp/snapshots/index.latest from container onto /var/folders/d9/7fcs2fv55k59ps6tpm5gdv900000gq/T/junit-11789909977287802316/index.latest
    2026-01-15 00:47:13,657 INFO o.o.m.b.f.SearchClusterContainer [Test worker] Copying file /tmp/snapshots/meta-xJVX1Bl-TDm7_zbBdRmHZQ.dat from container onto /var/folders/d9/7fcs2fv55k59ps6tpm5gdv900000gq/T/junit-11789909977287802316/meta-xJVX1Bl-TDm7_zbBdRmHZQ.dat
    2026-01-15 00:47:13,667 INFO o.o.m.b.f.SearchClusterContainer [Test worker] Copying file /tmp/snapshots/snap-xJVX1Bl-TDm7_zbBdRmHZQ.dat from container onto /var/folders/d9/7fcs2fv55k59ps6tpm5gdv900000gq/T/junit-11789909977287802316/snap-xJVX1Bl-TDm7_zbBdRmHZQ.dat
    2026-01-15 00:47:13,680 INFO o.o.m.b.f.SearchClusterContainer [Test worker] Copying file /tmp/snapshots/indices/XUhW9Z7OScqEYJoGdpxqbQ/meta-4igev5sB6gcbZj8W6InY.dat from container onto /var/folders/d9/7fcs2fv55k59ps6tpm5gdv900000gq/T/junit-11789909977287802316/indices/XUhW9Z7OScqEYJoGdpxqbQ/meta-4igev5sB6gcbZj8W6InY.dat
    2026-01-15 00:47:13,689 INFO o.o.m.b.f.SearchClusterContainer [Test worker] Copying file /tmp/snapshots/indices/XUhW9Z7OScqEYJoGdpxqbQ/0/index-ZtO1o9b7RdmHiPVSX95o_g from container onto /var/folders/d9/7fcs2fv55k59ps6tpm5gdv900000gq/T/junit-11789909977287802316/indices/XUhW9Z7OScqEYJoGdpxqbQ/0/index-ZtO1o9b7RdmHiPVSX95o_g
    2026-01-15 00:47:13,697 INFO o.o.m.b.f.SearchClusterContainer [Test worker] Copying file /tmp/snapshots/indices/XUhW9Z7OScqEYJoGdpxqbQ/0/snap-xJVX1Bl-TDm7_zbBdRmHZQ.dat from container onto /var/folders/d9/7fcs2fv55k59ps6tpm5gdv900000gq/T/junit-11789909977287802316/indices/XUhW9Z7OScqEYJoGdpxqbQ/0/snap-xJVX1Bl-TDm7_zbBdRmHZQ.dat
    2026-01-15 00:47:13,706 INFO o.o.m.b.f.SearchClusterContainer [Test worker] Copying file /tmp/snapshots/indices/d7KxO7NITUmD7ZAWP172tQ/meta-4Cgev5sB6gcbZj8W6InY.dat from container onto /var/folders/d9/7fcs2fv55k59ps6tpm5gdv900000gq/T/junit-11789909977287802316/indices/d7KxO7NITUmD7ZAWP172tQ/meta-4Cgev5sB6gcbZj8W6InY.dat
    2026-01-15 00:47:13,719 INFO o.o.m.b.f.SearchClusterContainer [Test worker] Copying file /tmp/snapshots/indices/d7KxO7NITUmD7ZAWP172tQ/0/__satvWNBpSDyyEHGFFsNOGg from container onto /var/folders/d9/7fcs2fv55k59ps6tpm5gdv900000gq/T/junit-11789909977287802316/indices/d7KxO7NITUmD7ZAWP172tQ/0/__satvWNBpSDyyEHGFFsNOGg
    2026-01-15 00:47:13,732 INFO o.o.m.b.f.SearchClusterContainer [Test worker] Copying file /tmp/snapshots/indices/d7KxO7NITUmD7ZAWP172tQ/0/__vqu0QE5rQoKxcmt2fh-zmg from container onto /var/folders/d9/7fcs2fv55k59ps6tpm5gdv900000gq/T/junit-11789909977287802316/indices/d7KxO7NITUmD7ZAWP172tQ/0/__vqu0QE5rQoKxcmt2fh-zmg
    2026-01-15 00:47:13,740 INFO o.o.m.b.f.SearchClusterContainer [Test worker] Copying file /tmp/snapshots/indices/d7KxO7NITUmD7ZAWP172tQ/0/index-ITD4JBXHTMycYR95njNdww from container onto /var/folders/d9/7fcs2fv55k59ps6tpm5gdv900000gq/T/junit-11789909977287802316/indices/d7KxO7NITUmD7ZAWP172tQ/0/index-ITD4JBXHTMycYR95njNdww
    2026-01-15 00:47:13,746 INFO o.o.m.b.f.SearchClusterContainer [Test worker] Copying file /tmp/snapshots/indices/d7KxO7NITUmD7ZAWP172tQ/0/snap-xJVX1Bl-TDm7_zbBdRmHZQ.dat from container onto /var/folders/d9/7fcs2fv55k59ps6tpm5gdv900000gq/T/junit-11789909977287802316/indices/d7KxO7NITUmD7ZAWP172tQ/0/snap-xJVX1Bl-TDm7_zbBdRmHZQ.dat
    2026-01-15 00:47:13,752 INFO o.o.m.b.f.SearchClusterContainer [Test worker] Copying file /tmp/snapshots/indices/dSiDw4r0QW2WUzvZ9MFUgg/meta-4Sgev5sB6gcbZj8W6InY.dat from container onto /var/folders/d9/7fcs2fv55k59ps6tpm5gdv900000gq/T/junit-11789909977287802316/indices/dSiDw4r0QW2WUzvZ9MFUgg/meta-4Sgev5sB6gcbZj8W6InY.dat
    2026-01-15 00:47:13,759 INFO o.o.m.b.f.SearchClusterContainer [Test worker] Copying file /tmp/snapshots/indices/dSiDw4r0QW2WUzvZ9MFUgg/0/__4QofYo-JRoWqHh6weX-Heg from container onto /var/folders/d9/7fcs2fv55k59ps6tpm5gdv900000gq/T/junit-11789909977287802316/indices/dSiDw4r0QW2WUzvZ9MFUgg/0/__4QofYo-JRoWqHh6weX-Heg
    2026-01-15 00:47:13,768 INFO o.o.m.b.f.SearchClusterContainer [Test worker] Copying file /tmp/snapshots/indices/dSiDw4r0QW2WUzvZ9MFUgg/0/__B9jvPM6lQLmue9z0bASkHw from container onto /var/folders/d9/7fcs2fv55k59ps6tpm5gdv900000gq/T/junit-11789909977287802316/indices/dSiDw4r0QW2WUzvZ9MFUgg/0/__B9jvPM6lQLmue9z0bASkHw
    2026-01-15 00:47:13,775 INFO o.o.m.b.f.SearchClusterContainer [Test worker] Copying file /tmp/snapshots/indices/dSiDw4r0QW2WUzvZ9MFUgg/0/__EXKflMRbR8iZrhwvKmUf6g from container onto /var/folders/d9/7fcs2fv55k59ps6tpm5gdv900000gq/T/junit-11789909977287802316/indices/dSiDw4r0QW2WUzvZ9MFUgg/0/__EXKflMRbR8iZrhwvKmUf6g
    2026-01-15 00:47:13,783 INFO o.o.m.b.f.SearchClusterContainer [Test worker] Copying file /tmp/snapshots/indices/dSiDw4r0QW2WUzvZ9MFUgg/0/__ExGF9Yl9RuiDm70PkRomDg from container onto /var/folders/d9/7fcs2fv55k59ps6tpm5gdv900000gq/T/junit-11789909977287802316/indices/dSiDw4r0QW2WUzvZ9MFUgg/0/__ExGF9Yl9RuiDm70PkRomDg
    2026-01-15 00:47:13,788 INFO o.o.m.b.f.SearchClusterContainer [Test worker] Copying file /tmp/snapshots/indices/dSiDw4r0QW2WUzvZ9MFUgg/0/__Fu9qLr88SrOTYkvTH9FJlg from container onto /var/folders/d9/7fcs2fv55k59ps6tpm5gdv900000gq/T/junit-11789909977287802316/indices/dSiDw4r0QW2WUzvZ9MFUgg/0/__Fu9qLr88SrOTYkvTH9FJlg
    2026-01-15 00:47:13,797 INFO o.o.m.b.f.SearchClusterContainer [Test worker] Copying file /tmp/snapshots/indices/dSiDw4r0QW2WUzvZ9MFUgg/0/__IKTK48pRRT6-EeLRc7wkFg from container onto /var/folders/d9/7fcs2fv55k59ps6tpm5gdv900000gq/T/junit-11789909977287802316/indices/dSiDw4r0QW2WUzvZ9MFUgg/0/__IKTK48pRRT6-EeLRc7wkFg
    2026-01-15 00:47:13,802 INFO o.o.m.b.f.SearchClusterContainer [Test worker] Copying file /tmp/snapshots/indices/dSiDw4r0QW2WUzvZ9MFUgg/0/__JVoLdgeGR8i-38JrXMINpQ from container onto /var/folders/d9/7fcs2fv55k59ps6tpm5gdv900000gq/T/junit-11789909977287802316/indices/dSiDw4r0QW2WUzvZ9MFUgg/0/__JVoLdgeGR8i-38JrXMINpQ
    2026-01-15 00:47:13,808 INFO o.o.m.b.f.SearchClusterContainer [Test worker] Copying file /tmp/snapshots/indices/dSiDw4r0QW2WUzvZ9MFUgg/0/__NwfJDTRWRXymJ9BIpJM-Pg from container onto /var/folders/d9/7fcs2fv55k59ps6tpm5gdv900000gq/T/junit-11789909977287802316/indices/dSiDw4r0QW2WUzvZ9MFUgg/0/__NwfJDTRWRXymJ9BIpJM-Pg
    2026-01-15 00:47:13,819 INFO o.o.m.b.f.SearchClusterContainer [Test worker] Copying file /tmp/snapshots/indices/dSiDw4r0QW2WUzvZ9MFUgg/0/__PG2hKDoUQrm-zO9Lb8jtSw from container onto /var/folders/d9/7fcs2fv55k59ps6tpm5gdv900000gq/T/junit-11789909977287802316/indices/dSiDw4r0QW2WUzvZ9MFUgg/0/__PG2hKDoUQrm-zO9Lb8jtSw
    2026-01-15 00:47:13,825 INFO o.o.m.b.f.SearchClusterContainer [Test worker] Copying file /tmp/snapshots/indices/dSiDw4r0QW2WUzvZ9MFUgg/0/__R5gW6MZWQqmI1AJuWRFKWQ from container onto /var/folders/d9/7fcs2fv55k59ps6tpm5gdv900000gq/T/junit-11789909977287802316/indices/dSiDw4r0QW2WUzvZ9MFUgg/0/__R5gW6MZWQqmI1AJuWRFKWQ
    2026-01-15 00:47:13,831 INFO o.o.m.b.f.SearchClusterContainer [Test worker] Copying file /tmp/snapshots/indices/dSiDw4r0QW2WUzvZ9MFUgg/0/__RyKrVGOPQbKdHpD_G6sgfw from container onto /var/folders/d9/7fcs2fv55k59ps6tpm5gdv900000gq/T/junit-11789909977287802316/indices/dSiDw4r0QW2WUzvZ9MFUgg/0/__RyKrVGOPQbKdHpD_G6sgfw
    2026-01-15 00:47:13,838 INFO o.o.m.b.f.SearchClusterContainer [Test worker] Copying file /tmp/snapshots/indices/dSiDw4r0QW2WUzvZ9MFUgg/0/__Uv341iv4Sd-4Bb8iuNRiPQ from container onto /var/folders/d9/7fcs2fv55k59ps6tpm5gdv900000gq/T/junit-11789909977287802316/indices/dSiDw4r0QW2WUzvZ9MFUgg/0/__Uv341iv4Sd-4Bb8iuNRiPQ
    2026-01-15 00:47:13,843 INFO o.o.m.b.f.SearchClusterContainer [Test worker] Copying file /tmp/snapshots/indices/dSiDw4r0QW2WUzvZ9MFUgg/0/__WJlLnGTwQPSuJByI1iV7Uw from container onto /var/folders/d9/7fcs2fv55k59ps6tpm5gdv900000gq/T/junit-11789909977287802316/indices/dSiDw4r0QW2WUzvZ9MFUgg/0/__WJlLnGTwQPSuJByI1iV7Uw
    2026-01-15 00:47:13,847 INFO o.o.m.b.f.SearchClusterContainer [Test worker] Copying file /tmp/snapshots/indices/dSiDw4r0QW2WUzvZ9MFUgg/0/__YGgW34IbQwafckpy0mB9Iw from container onto /var/folders/d9/7fcs2fv55k59ps6tpm5gdv900000gq/T/junit-11789909977287802316/indices/dSiDw4r0QW2WUzvZ9MFUgg/0/__YGgW34IbQwafckpy0mB9Iw
    2026-01-15 00:47:13,853 INFO o.o.m.b.f.SearchClusterContainer [Test worker] Copying file /tmp/snapshots/indices/dSiDw4r0QW2WUzvZ9MFUgg/0/__Z9NZskLHQbWM6oHu3ajgZw from container onto /var/folders/d9/7fcs2fv55k59ps6tpm5gdv900000gq/T/junit-11789909977287802316/indices/dSiDw4r0QW2WUzvZ9MFUgg/0/__Z9NZskLHQbWM6oHu3ajgZw
    2026-01-15 00:47:13,857 INFO o.o.m.b.f.SearchClusterContainer [Test worker] Copying file /tmp/snapshots/indices/dSiDw4r0QW2WUzvZ9MFUgg/0/__psFFRqC4RgOhq9yHsotdhA from container onto /var/folders/d9/7fcs2fv55k59ps6tpm5gdv900000gq/T/junit-11789909977287802316/indices/dSiDw4r0QW2WUzvZ9MFUgg/0/__psFFRqC4RgOhq9yHsotdhA
    2026-01-15 00:47:13,863 INFO o.o.m.b.f.SearchClusterContainer [Test worker] Copying file /tmp/snapshots/indices/dSiDw4r0QW2WUzvZ9MFUgg/0/__tRFC_bYDSUeewggT4uxD1w from container onto /var/folders/d9/7fcs2fv55k59ps6tpm5gdv900000gq/T/junit-11789909977287802316/indices/dSiDw4r0QW2WUzvZ9MFUgg/0/__tRFC_bYDSUeewggT4uxD1w
    2026-01-15 00:47:13,868 INFO o.o.m.b.f.SearchClusterContainer [Test worker] Copying file /tmp/snapshots/indices/dSiDw4r0QW2WUzvZ9MFUgg/0/__w_xWrzfgQvSICV9gNecjSg from container onto /var/folders/d9/7fcs2fv55k59ps6tpm5gdv900000gq/T/junit-11789909977287802316/indices/dSiDw4r0QW2WUzvZ9MFUgg/0/__w_xWrzfgQvSICV9gNecjSg
    2026-01-15 00:47:13,874 INFO o.o.m.b.f.SearchClusterContainer [Test worker] Copying file /tmp/snapshots/indices/dSiDw4r0QW2WUzvZ9MFUgg/0/__z_GIAanzRamV21KQPS3SeQ from container onto /var/folders/d9/7fcs2fv55k59ps6tpm5gdv900000gq/T/junit-11789909977287802316/indices/dSiDw4r0QW2WUzvZ9MFUgg/0/__z_GIAanzRamV21KQPS3SeQ
    2026-01-15 00:47:13,880 INFO o.o.m.b.f.SearchClusterContainer [Test worker] Copying file /tmp/snapshots/indices/dSiDw4r0QW2WUzvZ9MFUgg/0/index-qUeP8jezSX-TBv4RaAymcg from container onto /var/folders/d9/7fcs2fv55k59ps6tpm5gdv900000gq/T/junit-11789909977287802316/indices/dSiDw4r0QW2WUzvZ9MFUgg/0/index-qUeP8jezSX-TBv4RaAymcg
    2026-01-15 00:47:13,885 INFO o.o.m.b.f.SearchClusterContainer [Test worker] Copying file /tmp/snapshots/indices/dSiDw4r0QW2WUzvZ9MFUgg/0/snap-xJVX1Bl-TDm7_zbBdRmHZQ.dat from container onto /var/folders/d9/7fcs2fv55k59ps6tpm5gdv900000gq/T/junit-11789909977287802316/indices/dSiDw4r0QW2WUzvZ9MFUgg/0/snap-xJVX1Bl-TDm7_zbBdRmHZQ.dat
    2026-01-15 00:47:13,893 INFO o.o.m.b.NoStoredSourceMigrationTest [Test worker] Target index body: {"settings":{"number_of_shards":1,"number_of_replicas":0},"mappings":{"properties":{"keyword_dv_store": {"type": "keyword"},
    "keyword_dv_nostore": {"type": "keyword"},
    "keyword_nodv_store": {"type": "keyword"},
    "keyword_nodv_nostore": {"type": "keyword"},
    "boolean_dv_store": {"type": "boolean"},
    "boolean_dv_nostore": {"type": "boolean"},
    "boolean_nodv_store": {"type": "boolean"},
    "boolean_nodv_nostore": {"type": "boolean"},
    "binary_nodv_store": {"type": "binary"},
    "binary_nodv_nostore": {"type": "binary"},
    "integer_dv_store": {"type": "integer"},
    "integer_dv_nostore": {"type": "integer"},
    "integer_nodv_store": {"type": "integer"},
    "integer_nodv_nostore": {"type": "integer"},
    "long_dv_store": {"type": "long"},
    "long_dv_nostore": {"type": "long"},
    "long_nodv_store": {"type": "long"},
    "long_nodv_nostore": {"type": "long"},
    "float_dv_store": {"type": "float"},
    "float_dv_nostore": {"type": "float"},
    "float_nodv_store": {"type": "float"},
    "float_nodv_nostore": {"type": "float"},
    "double_dv_store": {"type": "double"},
    "double_dv_nostore": {"type": "double"},
    "double_nodv_store": {"type": "double"},
    "double_nodv_nostore": {"type": "double"},
    "ip_dv_store": {"type": "ip"},
    "ip_dv_nostore": {"type": "ip"},
    "ip_nodv_store": {"type": "ip"},
    "ip_nodv_nostore": {"type": "ip"},
    "ipv6_dv_store": {"type": "ip"},
    "ipv6_dv_nostore": {"type": "ip"},
    "ipv6_nodv_store": {"type": "ip"},
    "ipv6_nodv_nostore": {"type": "ip"},
    "date_dv_store": {"type": "date"},
    "date_dv_nostore": {"type": "date"},
    "date_nodv_store": {"type": "date"},
    "date_nodv_nostore": {"type": "date"},
    "scaled_float_dv_store": {"type": "scaled_float", "scaling_factor": 100},
    "scaled_float_dv_nostore": {"type": "scaled_float", "scaling_factor": 100},
    "scaled_float_nodv_store": {"type": "scaled_float", "scaling_factor": 100},
    "scaled_float_nodv_nostore": {"type": "scaled_float", "scaling_factor": 100},
    "date_nanos_dv_store": {"type": "date_nanos"},
    "date_nanos_dv_nostore": {"type": "date_nanos"},
    "date_nanos_nodv_store": {"type": "date_nanos"},
    "date_nanos_nodv_nostore": {"type": "date_nanos"},
    "geo_point_dv_store": {"type": "geo_point"},
    "geo_point_dv_nostore": {"type": "geo_point"},
    "geo_point_nodv_store": {"type": "geo_point"},
    "geo_point_nodv_nostore": {"type": "geo_point"},
    "unsigned_long_dv_store": {"type": "unsigned_long"},
    "unsigned_long_dv_nostore": {"type": "unsigned_long"},
    "unsigned_long_nodv_store": {"type": "unsigned_long"},
    "unsigned_long_nodv_nostore": {"type": "unsigned_long"}}}}
    2026-01-15 00:47:13,984 INFO o.o.m.b.h.ClusterOperations [Test worker] PUT /source_reconstruction_test
    {"settings":{"number_of_shards":1,"number_of_replicas":0},"mappings":{"properties":{"keyword_dv_store": {"type": "keyword"},
    "keyword_dv_nostore": {"type": "keyword"},
    "keyword_nodv_store": {"type": "keyword"},
    "keyword_nodv_nostore": {"type": "keyword"},
    "boolean_dv_store": {"type": "boolean"},
    "boolean_dv_nostore": {"type": "boolean"},
    "boolean_nodv_store": {"type": "boolean"},
    "boolean_nodv_nostore": {"type": "boolean"},
    "binary_nodv_store": {"type": "binary"},
    "binary_nodv_nostore": {"type": "binary"},
    "integer_dv_store": {"type": "integer"},
    "integer_dv_nostore": {"type": "integer"},
    "integer_nodv_store": {"type": "integer"},
    "integer_nodv_nostore": {"type": "integer"},
    "long_dv_store": {"type": "long"},
    "long_dv_nostore": {"type": "long"},
    "long_nodv_store": {"type": "long"},
    "long_nodv_nostore": {"type": "long"},
    "float_dv_store": {"type": "float"},
    "float_dv_nostore": {"type": "float"},
    "float_nodv_store": {"type": "float"},
    "float_nodv_nostore": {"type": "float"},
    "double_dv_s...
    Response: 200
    {"acknowledged":true,"shards_acknowledged":true,"index":"source_reconstruction_test"}
    2026-01-15 00:47:13,986 INFO o.o.m.c.ClusterProviderRegistry [Test worker] Found snapshot resource reader SnapshotReader_ES_7_10 for version: OPENSEARCH 2.19.1
    2026-01-15 00:47:13,986 INFO o.o.m.b.SourceTestBase [Test worker] nextClockShift=230
    2026-01-15 00:47:13,987 INFO o.o.m.b.l.LuceneIndexReader$Factory [Test worker] Creating IndexReader9
    2026-01-15 00:47:13,988 INFO o.o.m.t.TransformationLoader [Test worker] Adding IJsonTransfomerProvider: org.opensearch.migrations.transformation.JsonTransformerForDocumentTypeRemovalProvider@19b225a1
    2026-01-15 00:47:13,989 INFO o.o.m.t.TransformationLoader [Test worker] Adding IJsonTransfomerProvider: org.opensearch.migrations.transform.JsonConditionalTransformerProvider@5a3f22c1
    2026-01-15 00:47:13,989 INFO o.o.m.t.TransformationLoader [Test worker] Adding IJsonTransfomerProvider: org.opensearch.migrations.transform.TypeMappingSanitizationTransformerProvider@47cabbed
    2026-01-15 00:47:13,989 INFO o.o.m.t.TransformationLoader [Test worker] Adding IJsonTransfomerProvider: org.opensearch.migrations.transform.JsonJSTransformerProvider@523eae70
    2026-01-15 00:47:13,989 INFO o.o.m.t.TransformationLoader [Test worker] Adding IJsonTransfomerProvider: org.opensearch.migrations.transform.JsonJoltTransformerProvider@489a62c6
    2026-01-15 00:47:13,989 INFO o.o.m.t.TransformationLoader [Test worker] Adding IJsonTransfomerProvider: org.opensearch.migrations.transform.JsonJMESPathTransformerProvider@6a475493
    2026-01-15 00:47:13,990 INFO o.o.m.t.TransformationLoader [Test worker] Adding IJsonTransfomerProvider: org.opensearch.migrations.transform.NoopTransformerProvider@518799b5
    2026-01-15 00:47:13,990 INFO o.o.m.t.TransformationLoader [Test worker] IJsonTransformerProviders loaded: class org.opensearch.migrations.transformation.JsonTransformerForDocumentTypeRemovalProvider; class org.opensearch.migrations.transform.JsonConditionalTransformerProvider; class org.opensearch.migrations.transform.TypeMappingSanitizationTransformerProvider; class org.opensearch.migrations.transform.JsonJSTransformerProvider; class org.opensearch.migrations.transform.JsonJoltTransformerProvider; class org.opensearch.migrations.transform.JsonJMESPathTransformerProvider; class org.opensearch.migrations.transform.NoopTransformerProvider
    2026-01-15 00:47:13,991 INFO o.o.m.t.TransformationLoader [Test worker] Creating a transformer through provider=org.opensearch.migrations.transformation.JsonTransformerForDocumentTypeRemovalProvider@19b225a1 with configuration=
    2026-01-15 00:47:13,997 INFO o.o.m.b.c.OpenSearchClientFactory [Test worker] Checking compression on cluster
    2026-01-15 00:47:14,015 INFO o.o.m.b.c.OpenSearchClientFactory [reactor-http-kqueue-3] After querying target, compression=false
    2026-01-15 00:47:14,022 INFO o.o.m.b.w.OpenSearchWorkCoordinator [Test worker] Creating .migrations_working_state because HEAD returned 404
    2026-01-15 00:47:14,329 INFO o.o.m.b.w.ScopedWorkCoordinator [Test worker] Acquired work item: shard_setup with lease expiration at 2026-01-15T00:52:14.091253Z
    2026-01-15 00:47:14,329 INFO o.o.m.b.w.ShardWorkPreparer [Test worker] Acquired work to set the shard workitems
    2026-01-15 00:47:14,329 INFO o.o.m.b.w.ShardWorkPreparer [Test worker] Setting up the Documents Work Items...
    2026-01-15 00:47:14,336 INFO o.o.m.b.w.ShardWorkPreparer [Test worker] Index source_reconstruction_test has 1 shards
    2026-01-15 00:47:14,337 INFO o.o.m.b.w.ShardWorkPreparer [Test worker] Creating Documents Work Item for index: source_reconstruction_test, shard: 0
    2026-01-15 00:47:14,368 INFO o.o.m.b.w.ShardWorkPreparer [Test worker] None of the documents in index .opensearch-observability will be reindexed, it was not included in the allowlist: [source_reconstruction_test] 
    2026-01-15 00:47:14,368 INFO o.o.m.b.w.ShardWorkPreparer [Test worker] None of the documents in index .opensearch-sap-log-types-config will be reindexed, it was not included in the allowlist: [source_reconstruction_test] 
    2026-01-15 00:47:14,368 INFO o.o.m.b.w.ShardWorkPreparer [Test worker] Finished setting up the Documents Work Items.
    2026-01-15 00:47:14,368 INFO o.o.m.b.w.ScopedWorkCoordinator [Test worker] Finished onAcquiredWork for work item: shard_setup in 39 ms
    2026-01-15 00:47:14,398 INFO o.o.m.b.w.ScopedWorkCoordinator [Test worker] Marked work item shard_setup as completed and released lease
    2026-01-15 00:47:14,492 INFO o.o.m.b.w.OpenSearchWorkCoordinator [Test worker] Returning work item and lease: OpenSearchWorkCoordinator.WorkItemWithPotentialSuccessors(workItemId=source_reconstruction_test__0__-2147483648, leaseExpirationTime=2026-01-15T00:57:14Z, successorWorkItemIds=[])
    2026-01-15 00:47:14,492 INFO o.o.m.b.w.ScopedWorkCoordinator [Test worker] Acquired work item: source_reconstruction_test__0__-2147483648 with lease expiration at 2026-01-15T00:57:14Z
    2026-01-15 00:47:14,492 INFO o.o.m.b.w.DocumentsRunner [Test worker] Acquired work item: source_reconstruction_test__0__-2147483648
    2026-01-15 00:47:14,492 INFO o.o.m.b.w.DocumentsRunner [Test worker] Migrating docs for source_reconstruction_test__0__-2147483648
    2026-01-15 00:47:14,498 INFO o.o.m.RfsMigrateDocuments [Test worker] Shard size: 16333 for snapshotName=snap indexName=source_reconstruction_test shardId=0
    2026-01-15 00:47:14,499 INFO o.o.m.b.c.SnapshotShardUnpacker [Test worker] Starting parallel unpacking of 4 files for shard 0 with 12 threads
    2026-01-15 00:47:14,499 INFO o.o.m.b.c.SnapshotShardUnpacker [boundedElastic-4] Unpacking - Blob Name: __satvWNBpSDyyEHGFFsNOGg, Lucene Name: _0.cfe
    2026-01-15 00:47:14,499 INFO o.o.m.b.c.SnapshotShardUnpacker [boundedElastic-3] Unpacking - Blob Name: __vqu0QE5rQoKxcmt2fh-zmg, Lucene Name: _0.cfs
    2026-01-15 00:47:14,499 INFO o.o.m.b.c.SnapshotShardUnpacker [boundedElastic-2] Unpacking - Blob Name: v__QgGkTNJISQSKAR5W7txghQ, Lucene Name: _0.si
    2026-01-15 00:47:14,499 INFO o.o.m.b.c.SnapshotShardUnpacker [boundedElastic-1] Unpacking - Blob Name: v__YNaCRk_GSVyInoXSLGU7FQ, Lucene Name: segments_3
    2026-01-15 00:47:14,501 INFO o.o.m.b.c.SnapshotShardUnpacker [Test worker] Successfully unpacked 4 files for shard 0
    2026-01-15 00:47:14,501 INFO o.o.m.b.l.LuceneIndexReader$Factory [Test worker] Creating IndexReader9
    2026-01-15 00:47:14,502 INFO o.o.m.b.w.DocumentsRunner [Test worker] Setting up doc migration for index=source_reconstruction_test, shard=0
    2026-01-15 00:47:14,504 INFO o.o.m.RfsMigrateDocuments [Test worker] Shard size: 16333 for snapshotName=snap indexName=source_reconstruction_test shardId=0
    2026-01-15 00:47:14,536 INFO o.o.m.b.l.LuceneReader [Test worker] 1 documents in 1 leaves found in the current Lucene index
    2026-01-15 00:47:14,536 INFO o.o.m.b.w.DocumentsRunner [Test worker] Waiting on latch for index=source_reconstruction_test, shard=0...
    2026-01-15 00:47:14,536 INFO o.o.m.b.w.DocumentsRunner [workFinishScheduler-7] Subscribed to docMigrationCursors for index=source_reconstruction_test, shard=0
    2026-01-15 00:47:14,542 INFO o.o.m.b.c.DocumentReindexer [DocumentBatchReindexer-20] Last doc is: Source Index source_reconstruction_test Lucene Doc Number 0
    2026-01-15 00:47:14,543 INFO o.o.m.b.c.DocumentReindexer [DocumentBatchReindexer-20] Batch Id:9a5e63a6-4677-467f-990e-33af10ef7d2c, 1 documents in current bulk request.
    2026-01-15 00:47:14,570 INFO o.o.m.b.w.DocumentsRunner [DocumentBatchReindexer-21] Completed docMigration for index=source_reconstruction_test, shard=0
    2026-01-15 00:47:14,570 INFO o.o.m.b.w.DocumentsRunner [DocumentBatchReindexer-21] Terminating docMigration Flux for index=source_reconstruction_test, shard=0
    2026-01-15 00:47:14,570 INFO o.o.m.b.w.DocumentsRunner [DocumentBatchReindexer-21] Reindexing completed for Index source_reconstruction_test, Shard 0
    2026-01-15 00:47:14,570 INFO o.o.m.b.w.DocumentsRunner [Test worker] Latch released after 34 ms for index=source_reconstruction_test, shard=0
    2026-01-15 00:47:14,570 INFO o.o.m.b.w.ScopedWorkCoordinator [Test worker] Finished onAcquiredWork for work item: source_reconstruction_test__0__-2147483648 in 78 ms
    2026-01-15 00:47:14,585 INFO o.o.m.b.w.ScopedWorkCoordinator [Test worker] Marked work item source_reconstruction_test__0__-2147483648 as completed and released lease
    2026-01-15 00:47:14,590 INFO o.o.m.u.FileSystemUtils [Test worker] Successfully deleted directory tree at /var/folders/d9/7fcs2fv55k59ps6tpm5gdv900000gq/T/opensearchMigrationReindexFromSnapshot_test_lucene13602854342489968189
    2026-01-15 00:47:14,591 INFO o.o.m.c.ClusterProviderRegistry [Test worker] Found snapshot resource reader SnapshotReader_ES_7_10 for version: OPENSEARCH 2.19.1
    2026-01-15 00:47:14,591 INFO o.o.m.b.SourceTestBase [Test worker] nextClockShift=-90
    2026-01-15 00:47:14,591 INFO o.o.m.b.l.LuceneIndexReader$Factory [Test worker] Creating IndexReader9
    2026-01-15 00:47:14,592 INFO o.o.m.t.TransformationLoader [Test worker] Adding IJsonTransfomerProvider: org.opensearch.migrations.transformation.JsonTransformerForDocumentTypeRemovalProvider@1421e0d4
    2026-01-15 00:47:14,592 INFO o.o.m.t.TransformationLoader [Test worker] Adding IJsonTransfomerProvider: org.opensearch.migrations.transform.JsonConditionalTransformerProvider@5193456e
    2026-01-15 00:47:14,592 INFO o.o.m.t.TransformationLoader [Test worker] Adding IJsonTransfomerProvider: org.opensearch.migrations.transform.TypeMappingSanitizationTransformerProvider@4963da2b
    2026-01-15 00:47:14,592 INFO o.o.m.t.TransformationLoader [Test worker] Adding IJsonTransfomerProvider: org.opensearch.migrations.transform.JsonJSTransformerProvider@52383423
    2026-01-15 00:47:14,592 INFO o.o.m.t.TransformationLoader [Test worker] Adding IJsonTransfomerProvider: org.opensearch.migrations.transform.JsonJoltTransformerProvider@23e56d45
    2026-01-15 00:47:14,592 INFO o.o.m.t.TransformationLoader [Test worker] Adding IJsonTransfomerProvider: org.opensearch.migrations.transform.JsonJMESPathTransformerProvider@1a00979c
    2026-01-15 00:47:14,592 INFO o.o.m.t.TransformationLoader [Test worker] Adding IJsonTransfomerProvider: org.opensearch.migrations.transform.NoopTransformerProvider@6b776972
    2026-01-15 00:47:14,592 INFO o.o.m.t.TransformationLoader [Test worker] IJsonTransformerProviders loaded: class org.opensearch.migrations.transformation.JsonTransformerForDocumentTypeRemovalProvider; class org.opensearch.migrations.transform.JsonConditionalTransformerProvider; class org.opensearch.migrations.transform.TypeMappingSanitizationTransformerProvider; class org.opensearch.migrations.transform.JsonJSTransformerProvider; class org.opensearch.migrations.transform.JsonJoltTransformerProvider; class org.opensearch.migrations.transform.JsonJMESPathTransformerProvider; class org.opensearch.migrations.transform.NoopTransformerProvider
    2026-01-15 00:47:14,593 INFO o.o.m.t.TransformationLoader [Test worker] Creating a transformer through provider=org.opensearch.migrations.transformation.JsonTransformerForDocumentTypeRemovalProvider@1421e0d4 with configuration=
    2026-01-15 00:47:14,596 INFO o.o.m.b.c.OpenSearchClientFactory [Test worker] Checking compression on cluster
    2026-01-15 00:47:14,607 INFO o.o.m.b.c.OpenSearchClientFactory [reactor-http-kqueue-3] After querying target, compression=false
    2026-01-15 00:47:14,613 INFO o.o.m.b.w.OpenSearchWorkCoordinator [Test worker] Not creating .migrations_working_state because it already exists
    2026-01-15 00:47:14,629 INFO o.o.m.b.w.ScopedWorkCoordinator [Test worker] Work item already marked as completed. Skipping.
    2026-01-15 00:47:14,643 INFO o.o.m.u.FileSystemUtils [Test worker] Successfully deleted directory tree at /var/folders/d9/7fcs2fv55k59ps6tpm5gdv900000gq/T/opensearchMigrationReindexFromSnapshot_test_lucene8440805343156107405
    2026-01-15 00:47:14,643 INFO o.o.m.b.SourceTestBase [Test worker] No work at all was found.  Presuming that work was complete and that all worker processes should terminate
    2026-01-15 00:47:14,662 INFO o.o.m.b.h.ClusterOperations [Test worker] POST /_refresh

    Response: 200
    {"_shards":{"total":3,"successful":2,"failed":0}}
    2026-01-15 00:47:14,667 INFO o.o.m.b.h.ClusterOperations [Test worker] GET /source_reconstruction_test/_search

    Response: 200
    {"took":1,"timed_out":false,"_shards":{"total":1,"successful":1,"skipped":0,"failed":0},"hits":{"total":{"value":1,"relation":"eq"},"max_score":1.0,"hits":[{"_index":"source_reconstruction_test","_id":"1","_score":1.0,"_source":{"keyword_dv_store":"test_kw","keyword_nodv_store":"test_kw","boolean_dv_store":true,"boolean_nodv_store":true,"binary_nodv_store":"dGVzdA==","integer_dv_store":42,"integer_nodv_store":42,"long_dv_store":9999,"long_nodv_store":9999,"float_dv_store":3.14,"float_nodv_store":3.14,"double_dv_store":2.71828,"double_nodv_store":2.71828,"ip_dv_store":"192.168.1.1","ip_nodv_store":"192.168.1.1","ipv6_dv_store":"2001:db8:85a3:0:0:8a2e:370:7334","ipv6_nodv_store":"2001:db8:85a3:0:0:8a2e:370:7334","date_dv_store":"2024-01-15T10:30:00Z","date_nodv_store":"2024-01-15T10:30:00Z","scaled_float_dv_store":123.45,"scaled_float_nodv_store":123.45,"date_nanos_dv_store":"2024-01-15T10:30:00.123456789Z","date_nanos_nodv_store":"2024-01-15T10:30:00.123456789Z","geo_point_dv_store":"40...
    2026-01-15 00:47:14,668 INFO o.o.m.b.NoStoredSourceMigrationTest [Test worker] Migrated _source: {"keyword_dv_store":"test_kw","keyword_nodv_store":"test_kw","boolean_dv_store":true,"boolean_nodv_store":true,"binary_nodv_store":"dGVzdA==","integer_dv_store":42,"integer_nodv_store":42,"long_dv_store":9999,"long_nodv_store":9999,"float_dv_store":3.14,"float_nodv_store":3.14,"double_dv_store":2.71828,"double_nodv_store":2.71828,"ip_dv_store":"192.168.1.1","ip_nodv_store":"192.168.1.1","ipv6_dv_store":"2001:db8:85a3:0:0:8a2e:370:7334","ipv6_nodv_store":"2001:db8:85a3:0:0:8a2e:370:7334","date_dv_store":"2024-01-15T10:30:00Z","date_nodv_store":"2024-01-15T10:30:00Z","scaled_float_dv_store":123.45,"scaled_float_nodv_store":123.45,"date_nanos_dv_store":"2024-01-15T10:30:00.123456789Z","date_nanos_nodv_store":"2024-01-15T10:30:00.123456789Z","geo_point_dv_store":"40.7128, -74.006","geo_point_nodv_store":"40.7128, -74.006","unsigned_long_dv_store":"9223372036854775807","unsigned_long_nodv_store":"9223372036854775807","keyword_dv_nostore":"test_kw","boolean_dv_nostore":true,"integer_dv_nostore":42,"long_dv_nostore":9999,"float_dv_nostore":3.14,"double_dv_nostore":2.71828,"ip_dv_nostore":"192.168.1.1","ipv6_dv_nostore":"2001:db8:85a3:0:0:8a2e:370:7334","date_dv_nostore":"2024-01-15T10:30:00Z","scaled_float_dv_nostore":123.45,"date_nanos_dv_nostore":"2024-01-15T10:30:00.123456789Z","geo_point_dv_nostore":{"lon":148.0120000988245,"lat":-81.42559996806085},"unsigned_long_dv_nostore":9223372036854775807,"long_nodv_nostore":9999,"date_nodv_nostore":"2024-01-15T10:30:00Z","ipv6_nodv_nostore":"2001:db8:85a3:0:0:8a2e:370:7334","float_nodv_nostore":3.14,"double_nodv_nostore":2.71828,"integer_nodv_nostore":42,"date_nanos_nodv_nostore":"2024-01-15T10:30:00.123456789Z","ip_nodv_nostore":"192.168.1.1"}
    2026-01-15 00:47:14,669 INFO o.o.m.b.NoStoredSourceMigrationTest [Test worker] Skipping value check for keyword_nodv_store (keyword stored field in ES 5+)
    2026-01-15 00:47:14,669 INFO o.o.m.b.f.SearchClusterContainer [Test worker] Stopping container version:OPENSEARCH 3.0.0
    2026-01-15 00:47:14,683 DEBUG o.o.m.b.f.SearchClusterContainer [Test worker] Instance logs:
    Enabling OpenSearch Security Plugin
    Enabling execution of install_demo_configuration.sh for OpenSearch Security Plugin 
    OpenSearch 2.12.0 onwards, the OpenSearch Security Plugin a change that requires an initial password for 'admin' user. 
    Please define an environment variable 'OPENSEARCH_INITIAL_ADMIN_PASSWORD' with a strong password string. 
    If a password is not provided, the setup will quit. 
     For more details, please visit: https://opensearch.org/docs/latest/install-and-configure/install-opensearch/docker/
    ### OpenSearch Security Demo Installer
    ### ** Warning: Do not use on production or public reachable systems **
    OpenSearch install type: rpm/deb on Linux 6.12.54-linuxkit aarch64
    OpenSearch config dir: /usr/share/opensearch/config/
    OpenSearch config file: /usr/share/opensearch/config/opensearch.yml
    OpenSearch bin dir: /usr/share/opensearch/bin/
    OpenSearch plugins dir: /usr/share/opensearch/plugins/
    OpenSearch lib dir: /usr/share/opensearch/lib/
    Detected OpenSearch Version: 3.0.0
    Detected OpenSearch Security Version: 3.0.0.0
    Admin password set successfully.
    ### Success
    ### Execute this script now on all your nodes and then start all nodes
    ### OpenSearch Security will be automatically initialized.
    ### If you like to change the runtime configuration 
    ### change the files in ../../../config/opensearch-security and execute: 
    sudo "/usr/share/opensearch/plugins/opensearch-security/tools/securityadmin.sh" -cd "/usr/share/opensearch/config/opensearch-security" -icl -key "/usr/share/opensearch/config/kirk-key.pem" -cert "/usr/share/opensearch/config/kirk.pem" -cacert "/usr/share/opensearch/config/root-ca.pem" -nhnv
    ### or run ./securityadmin_demo.sh
    ### To use the Security Plugin ConfigurationGUI
    ### To access your secured cluster open https://<hostname>:<HTTP port> and log in with admin/<your-custom-admin-password>.
    ### (Ignore the SSL certificate warning because we installed self-signed demo certificates)
    Enabling execution of OPENSEARCH_HOME/bin/opensearch-performance-analyzer/performance-analyzer-agent-cli for OpenSearch Performance Analyzer Plugin
    WARNING: Using incubator modules: jdk.incubator.vector
    WARNING: Unknown module: org.apache.arrow.memory.core specified to --add-opens
    [2026-01-15T00:47:07,998][WARN ][stderr                   ] [552798431f55] Jan 15, 2026 12:47:07 AM org.opensearch.javaagent.bootstrap.AgentPolicy setPolicy
    [2026-01-15T00:47:07,999][WARN ][stderr                   ] [552798431f55] INFO: Policy attached successfully: org.opensearch.bootstrap.OpenSearchPolicy@2cfa2c4f
    [2026-01-15T00:47:08,004][INFO ][o.o.n.Node               ] [552798431f55] version[3.0.0], pid[1], build[tar/dc4efa821904cc2d7ea7ef61c0f577d3fc0d8be9/2025-05-03T06:23:50.311109522Z], OS[Linux/6.12.54-linuxkit/aarch64], JVM[Eclipse Adoptium/OpenJDK 64-Bit Server VM/21.0.7/21.0.7+6-LTS]
    [2026-01-15T00:47:08,004][INFO ][o.o.n.Node               ] [552798431f55] JVM home [/usr/share/opensearch/jdk], using bundled JDK/JRE [true]
    [2026-01-15T00:47:08,004][INFO ][o.o.n.Node               ] [552798431f55] JVM arguments [-Xshare:auto, -Dopensearch.networkaddress.cache.ttl=60, -Dopensearch.networkaddress.cache.negative.ttl=10, -XX:+AlwaysPreTouch, -Xss1m, -Djava.awt.headless=true, -Dfile.encoding=UTF-8, -Djna.nosys=true, -XX:-OmitStackTraceInFastThrow, -XX:+ShowCodeDetailsInExceptionMessages, -Dio.netty.noUnsafe=true, -Dio.netty.noKeySetOptimization=true, -Dio.netty.recycler.maxCapacityPerThread=0, -Dio.netty.allocator.numDirectArenas=0, -Dlog4j.shutdownHookEnabled=false, -Dlog4j2.disable.jmx=true, -Djava.locale.providers=SPI,CLDR, -Xms1g, -Xmx1g, -XX:+UseG1GC, -XX:G1ReservePercent=25, -XX:InitiatingHeapOccupancyPercent=30, -Djava.io.tmpdir=/tmp/opensearch-10526368713913979666, -XX:+HeapDumpOnOutOfMemoryError, -XX:HeapDumpPath=data, -XX:ErrorFile=logs/hs_err_pid%p.log, -Xlog:gc*,gc+age=trace,safepoint:file=logs/gc.log:utctime,pid,tags:filecount=32,filesize=64m, --add-modules=jdk.incubator.vector, -javaagent:agent/opensearch-agent.jar, --add-opens=java.base/java.nio=org.apache.arrow.memory.core,ALL-UNNAMED, -Dclk.tck=100, -Djdk.attach.allowAttachSelf=true, -Djava.security.policy=/usr/share/opensearch/config/opensearch-performance-analyzer/opensearch_security.policy, --add-opens=jdk.attach/sun.tools.attach=ALL-UNNAMED, -Dopensearch.cgroups.hierarchy.override=/, -XX:MaxDirectMemorySize=536870912, -Dopensearch.path.home=/usr/share/opensearch, -Dopensearch.path.conf=/usr/share/opensearch/config, -Dopensearch.distribution.type=tar, -Dopensearch.bundled_jdk=true]
    [2026-01-15T00:47:08,067][WARN ][stderr                   ] [552798431f55] Jan 15, 2026 12:47:08 AM org.apache.lucene.internal.vectorization.PanamaVectorizationProvider <init>
    [2026-01-15T00:47:08,067][WARN ][stderr                   ] [552798431f55] INFO: Java vector incubator API enabled; uses preferredBitSize=128; FMA enabled
    [2026-01-15T00:47:08,367][INFO ][o.o.s.s.t.SSLConfig      ] [552798431f55] SSL dual mode is disabled
    [2026-01-15T00:47:08,367][WARN ][o.o.s.OpenSearchSecurityPlugin] [552798431f55] OpenSearch Security plugin installed but disabled. This can expose your configuration (including passwords) to the public.
    [2026-01-15T00:47:08,650][ERROR][o.o.p.c.c.PluginSettings ] [552798431f55] Loading config file /usr/share/opensearch/config/opensearch-performance-analyzer/performance-analyzer.properties failed with error: org.opensearch.performanceanalyzer.commons.config.ConfigFileException: java.io.FileNotFoundException: /usr/share/opensearch/config/opensearch-performance-analyzer/performance-analyzer.properties (No such file or directory). Disabling plugin.
    [2026-01-15T00:47:08,651][INFO ][o.o.p.c.c.PluginSettings ] [552798431f55] Config: metricsLocation: /dev/shm/performanceanalyzer/, metricsDeletionInterval: 1, httpsEnabled: false, cleanup-metrics-db-files: false, batch-metrics-retention-period-minutes: 7, rpc-port: 9650, webservice-port 9600
    [2026-01-15T00:47:08,732][ERROR][o.o.p.c.c.StatsCollector ] [552798431f55] Error in loading metadata for folderLocation: /usr/share/opensearch/config/opensearch-performance-analyzer/, fileLocation: plugin-stats-metadata
    java.io.FileNotFoundException: /usr/share/opensearch/config/opensearch-performance-analyzer/plugin-stats-metadata (No such file or directory)
    	at java.base/java.io.FileInputStream.open0(Native Method) ~[?:?]
    	at java.base/java.io.FileInputStream.open(FileInputStream.java:213) ~[?:?]
    	at java.base/java.io.FileInputStream.<init>(FileInputStream.java:152) ~[?:?]
    	at java.base/java.io.FileInputStream.<init>(FileInputStream.java:106) ~[?:?]
    	at org.opensearch.performanceanalyzer.commons.collectors.StatsCollector.loadMetadata(StatsCollector.java:158) ~[performance-analyzer-commons-2.0.0.jar:?]
    	at org.opensearch.performanceanalyzer.commons.collectors.StatsCollector.instance(StatsCollector.java:73) ~[performance-analyzer-commons-2.0.0.jar:?]
    	at org.opensearch.performanceanalyzer.PerformanceAnalyzerPlugin.scheduleRcaCollectors(PerformanceAnalyzerPlugin.java:264) ~[opensearch-performance-analyzer-3.0.0.0.jar:3.0.0.0]
    	at org.opensearch.performanceanalyzer.PerformanceAnalyzerPlugin.<init>(PerformanceAnalyzerPlugin.java:213) ~[opensearch-performance-analyzer-3.0.0.0.jar:3.0.0.0]
    	at java.base/jdk.internal.reflect.DirectConstructorHandleAccessor.newInstance(DirectConstructorHandleAccessor.java:62) [?:?]
    	at java.base/java.lang.reflect.Constructor.newInstanceWithCaller(Constructor.java:502) [?:?]
    	at java.base/java.lang.reflect.Constructor.newInstance(Constructor.java:486) [?:?]
    	at org.opensearch.plugins.PluginsService.loadPlugin(PluginsService.java:840) [opensearch-3.0.0.jar:3.0.0]
    	at org.opensearch.plugins.PluginsService.loadBundle(PluginsService.java:788) [opensearch-3.0.0.jar:3.0.0]
    	at org.opensearch.plugins.PluginsService.loadBundles(PluginsService.java:582) [opensearch-3.0.0.jar:3.0.0]
    	at org.opensearch.plugins.PluginsService.<init>(PluginsService.java:197) [opensearch-3.0.0.jar:3.0.0]
    	at org.opensearch.node.Node.<init>(Node.java:533) [opensearch-3.0.0.jar:3.0.0]
    	at org.opensearch.node.Node.<init>(Node.java:460) [opensearch-3.0.0.jar:3.0.0]
    	at org.opensearch.bootstrap.Bootstrap$5.<init>(Bootstrap.java:243) [opensearch-3.0.0.jar:3.0.0]
    	at org.opensearch.bootstrap.Bootstrap.setup(Bootstrap.java:243) [opensearch-3.0.0.jar:3.0.0]
    	at org.opensearch.bootstrap.Bootstrap.init(Bootstrap.java:405) [opensearch-3.0.0.jar:3.0.0]
    	at org.opensearch.bootstrap.OpenSearch.init(OpenSearch.java:168) [opensearch-3.0.0.jar:3.0.0]
    	at org.opensearch.bootstrap.OpenSearch.execute(OpenSearch.java:159) [opensearch-3.0.0.jar:3.0.0]
    	at org.opensearch.common.cli.EnvironmentAwareCommand.execute(EnvironmentAwareCommand.java:110) [opensearch-3.0.0.jar:3.0.0]
    	at org.opensearch.cli.Command.mainWithoutErrorHandling(Command.java:138) [opensearch-cli-3.0.0.jar:3.0.0]
    	at org.opensearch.cli.Command.main(Command.java:101) [opensearch-cli-3.0.0.jar:3.0.0]
    	at org.opensearch.bootstrap.OpenSearch.main(OpenSearch.java:125) [opensearch-3.0.0.jar:3.0.0]
    	at org.opensearch.bootstrap.OpenSearch.main(OpenSearch.java:91) [opensearch-3.0.0.jar:3.0.0]
    [2026-01-15T00:47:08,734][INFO ][o.o.p.c.SearchBackPressureStatsCollector] [552798431f55] SearchBackPressureStatsCollector started
    [2026-01-15T00:47:08,861][INFO ][o.o.i.r.ReindexModulePlugin] [552798431f55] ReindexPlugin reloadSPI called
    [2026-01-15T00:47:08,862][INFO ][o.o.i.r.ReindexModulePlugin] [552798431f55] Unable to find any implementation for RemoteReindexExtension
    [2026-01-15T00:47:08,898][INFO ][o.o.j.JobSchedulerPlugin ] [552798431f55] Loaded scheduler extension: reports-scheduler, index: .opendistro-reports-definitions
    [2026-01-15T00:47:08,898][INFO ][o.o.j.JobSchedulerPlugin ] [552798431f55] Loaded scheduler extension: opensearch_time_series_analytics, index: .opendistro-anomaly-detector-jobs
    [2026-01-15T00:47:08,899][INFO ][o.o.j.JobSchedulerPlugin ] [552798431f55] Loaded scheduler extension: opendistro-index-management, index: .opendistro-ism-config
    [2026-01-15T00:47:08,900][INFO ][o.o.j.JobSchedulerPlugin ] [552798431f55] Loaded scheduler extension: checkBatchJobTaskStatus, index: .ml_commons_task_polling_job
    [2026-01-15T00:47:08,900][INFO ][o.o.j.JobSchedulerPlugin ] [552798431f55] Loaded scheduler extension: scheduler_geospatial_ip2geo_datasource, index: .scheduler-geospatial-ip2geo-datasource
    [2026-01-15T00:47:08,901][INFO ][o.o.j.JobSchedulerPlugin ] [552798431f55] Loaded scheduler extension: opensearch_sap_job, index: .opensearch-sap--job
    [2026-01-15T00:47:08,901][INFO ][o.o.j.JobSchedulerPlugin ] [552798431f55] Loaded scheduler extension: async-query-scheduler, index: .async-query-scheduler
    [2026-01-15T00:47:08,911][INFO ][o.o.p.PluginsService     ] [552798431f55] loaded module [aggs-matrix-stats]
    [2026-01-15T00:47:08,911][INFO ][o.o.p.PluginsService     ] [552798431f55] loaded module [analysis-common]
    [2026-01-15T00:47:08,911][INFO ][o.o.p.PluginsService     ] [552798431f55] loaded module [cache-common]
    [2026-01-15T00:47:08,911][INFO ][o.o.p.PluginsService     ] [552798431f55] loaded module [geo]
    [2026-01-15T00:47:08,911][INFO ][o.o.p.PluginsService     ] [552798431f55] loaded module [ingest-common]
    [2026-01-15T00:47:08,911][INFO ][o.o.p.PluginsService     ] [552798431f55] loaded module [ingest-geoip]
    [2026-01-15T00:47:08,911][INFO ][o.o.p.PluginsService     ] [552798431f55] loaded module [ingest-user-agent]
    [2026-01-15T00:47:08,911][INFO ][o.o.p.PluginsService     ] [552798431f55] loaded module [lang-expression]
    [2026-01-15T00:47:08,911][INFO ][o.o.p.PluginsService     ] [552798431f55] loaded module [lang-mustache]
    [2026-01-15T00:47:08,911][INFO ][o.o.p.PluginsService     ] [552798431f55] loaded module [lang-painless]
    [2026-01-15T00:47:08,911][INFO ][o.o.p.PluginsService     ] [552798431f55] loaded module [mapper-extras]
    [2026-01-15T00:47:08,911][INFO ][o.o.p.PluginsService     ] [552798431f55] loaded module [opensearch-dashboards]
    [2026-01-15T00:47:08,911][INFO ][o.o.p.PluginsService     ] [552798431f55] loaded module [parent-join]
    [2026-01-15T00:47:08,912][INFO ][o.o.p.PluginsService     ] [552798431f55] loaded module [percolator]
    [2026-01-15T00:47:08,912][INFO ][o.o.p.PluginsService     ] [552798431f55] loaded module [rank-eval]
    [2026-01-15T00:47:08,912][INFO ][o.o.p.PluginsService     ] [552798431f55] loaded module [reindex]
    [2026-01-15T00:47:08,912][INFO ][o.o.p.PluginsService     ] [552798431f55] loaded module [repository-url]
    [2026-01-15T00:47:08,912][INFO ][o.o.p.PluginsService     ] [552798431f55] loaded module [search-pipeline-common]
    [2026-01-15T00:47:08,912][INFO ][o.o.p.PluginsService     ] [552798431f55] loaded module [systemd]
    [2026-01-15T00:47:08,912][INFO ][o.o.p.PluginsService     ] [552798431f55] loaded module [transport-netty4]
    [2026-01-15T00:47:08,912][INFO ][o.o.p.PluginsService     ] [552798431f55] loaded plugin [opensearch-alerting]
    [2026-01-15T00:47:08,912][INFO ][o.o.p.PluginsService     ] [552798431f55] loaded plugin [opensearch-anomaly-detection]
    [2026-01-15T00:47:08,912][INFO ][o.o.p.PluginsService     ] [552798431f55] loaded plugin [opensearch-asynchronous-search]
    [2026-01-15T00:47:08,912][INFO ][o.o.p.PluginsService     ] [552798431f55] loaded plugin [opensearch-cross-cluster-replication]
    [2026-01-15T00:47:08,912][INFO ][o.o.p.PluginsService     ] [552798431f55] loaded plugin [opensearch-custom-codecs]
    [2026-01-15T00:47:08,912][INFO ][o.o.p.PluginsService     ] [552798431f55] loaded plugin [opensearch-flow-framework]
    [2026-01-15T00:47:08,912][INFO ][o.o.p.PluginsService     ] [552798431f55] loaded plugin [opensearch-geospatial]
    [2026-01-15T00:47:08,912][INFO ][o.o.p.PluginsService     ] [552798431f55] loaded plugin [opensearch-index-management]
    [2026-01-15T00:47:08,912][INFO ][o.o.p.PluginsService     ] [552798431f55] loaded plugin [opensearch-job-scheduler]
    [2026-01-15T00:47:08,912][INFO ][o.o.p.PluginsService     ] [552798431f55] loaded plugin [opensearch-knn]
    [2026-01-15T00:47:08,912][INFO ][o.o.p.PluginsService     ] [552798431f55] loaded plugin [opensearch-ltr]
    [2026-01-15T00:47:08,912][INFO ][o.o.p.PluginsService     ] [552798431f55] loaded plugin [opensearch-ml]
    [2026-01-15T00:47:08,912][INFO ][o.o.p.PluginsService     ] [552798431f55] loaded plugin [opensearch-neural-search]
    [2026-01-15T00:47:08,912][INFO ][o.o.p.PluginsService     ] [552798431f55] loaded plugin [opensearch-notifications]
    [2026-01-15T00:47:08,912][INFO ][o.o.p.PluginsService     ] [552798431f55] loaded plugin [opensearch-notifications-core]
    [2026-01-15T00:47:08,912][INFO ][o.o.p.PluginsService     ] [552798431f55] loaded plugin [opensearch-observability]
    [2026-01-15T00:47:08,913][INFO ][o.o.p.PluginsService     ] [552798431f55] loaded plugin [opensearch-performance-analyzer]
    [2026-01-15T00:47:08,913][INFO ][o.o.p.PluginsService     ] [552798431f55] loaded plugin [opensearch-reports-scheduler]
    [2026-01-15T00:47:08,913][INFO ][o.o.p.PluginsService     ] [552798431f55] loaded plugin [opensearch-security]
    [2026-01-15T00:47:08,913][INFO ][o.o.p.PluginsService     ] [552798431f55] loaded plugin [opensearch-security-analytics]
    [2026-01-15T00:47:08,913][INFO ][o.o.p.PluginsService     ] [552798431f55] loaded plugin [opensearch-skills]
    [2026-01-15T00:47:08,913][INFO ][o.o.p.PluginsService     ] [552798431f55] loaded plugin [opensearch-sql]
    [2026-01-15T00:47:08,913][INFO ][o.o.p.PluginsService     ] [552798431f55] loaded plugin [opensearch-system-templates]
    [2026-01-15T00:47:08,913][INFO ][o.o.p.PluginsService     ] [552798431f55] loaded plugin [query-insights]
    [2026-01-15T00:47:08,925][DEPRECATION][o.o.d.c.s.Settings       ] [552798431f55] [node.max_local_storage_nodes] setting was deprecated in OpenSearch and will be removed in a future release! See the breaking changes documentation for the next major version.
    [2026-01-15T00:47:08,931][WARN ][stderr                   ] [552798431f55] WARNING: A restricted method in java.lang.foreign.Linker has been called
    [2026-01-15T00:47:08,931][WARN ][stderr                   ] [552798431f55] WARNING: java.lang.foreign.Linker::downcallHandle has been called by the unnamed module
    [2026-01-15T00:47:08,931][WARN ][stderr                   ] [552798431f55] WARNING: Use --enable-native-access=ALL-UNNAMED to avoid a warning for this module
    [2026-01-15T00:47:08,963][INFO ][o.o.e.NodeEnvironment    ] [552798431f55] using [1] data paths, mounts [[/ (overlay)]], net usable_space [375.7gb], net total_space [452.1gb], types [overlay]
    [2026-01-15T00:47:08,963][INFO ][o.o.e.NodeEnvironment    ] [552798431f55] heap size [1gb], compressed ordinary object pointers [true]
    [2026-01-15T00:47:08,978][INFO ][o.o.n.Node               ] [552798431f55] node name [552798431f55], node ID [T2wtie0iQN-D2klwaQwalw], cluster name [docker-cluster], roles [ingest, remote_cluster_client, data, cluster_manager]
    [2026-01-15T00:47:09,005][INFO ][o.o.e.ExtensionsManager  ] [552798431f55] ExtensionsManager initialized
    [2026-01-15T00:47:09,707][DEPRECATION][o.o.d.c.s.Settings       ] [552798431f55] [plugins.security.ssl.transport.enforce_hostname_verification] setting was deprecated in OpenSearch and will be removed in a future release! See the breaking changes documentation for the next major version.
    [2026-01-15T00:47:10,249][WARN ][stderr                   ] [552798431f55] SLF4J: Failed to load class "org.slf4j.impl.StaticLoggerBinder".
    [2026-01-15T00:47:10,249][WARN ][stderr                   ] [552798431f55] SLF4J: Defaulting to no-operation (NOP) logger implementation
    [2026-01-15T00:47:10,250][WARN ][stderr                   ] [552798431f55] SLF4J: See http://www.slf4j.org/codes.html#StaticLoggerBinder for further details.
    [2026-01-15T00:47:10,261][INFO ][o.o.l.b.LTRCircuitBreakerService] [552798431f55] Registered memory breaker.
    [2026-01-15T00:47:10,350][INFO ][o.o.t.b.CircuitBreakerService] [552798431f55] Registered memory breaker.
    [2026-01-15T00:47:10,472][INFO ][o.o.r.m.c.i.SdkClientFactory] [552798431f55] Using local opensearch cluster as metadata store.
    [2026-01-15T00:47:10,636][INFO ][o.o.r.m.c.i.SdkClientFactory] [552798431f55] Using local opensearch cluster as metadata store.
    [2026-01-15T00:47:10,645][INFO ][o.o.m.b.MLCircuitBreakerService] [552798431f55] Registered ML memory breaker.
    [2026-01-15T00:47:10,645][INFO ][o.o.m.b.MLCircuitBreakerService] [552798431f55] Registered ML disk breaker.
    [2026-01-15T00:47:10,646][INFO ][o.o.m.b.MLCircuitBreakerService] [552798431f55] Registered ML native memory breaker.
    [2026-01-15T00:47:10,689][INFO ][o.r.Reflections          ] [552798431f55] Reflections took 24 ms to scan 1 urls, producing 31 keys and 81 values 
    [2026-01-15T00:47:10,707][INFO ][o.r.Reflections          ] [552798431f55] Reflections took 1 ms to scan 1 urls, producing 3 keys and 5 values 
    [2026-01-15T00:47:10,792][WARN ][o.o.s.p.SQLPlugin        ] [552798431f55] Master key is a required config for using create and update datasource APIs. Please set plugins.query.datasources.encryption.masterkey config in opensearch.yml in all the cluster nodes. More details can be found here: https://github.com/opensearch-project/sql/blob/main/docs/user/ppl/admin/datasources.rst#master-key-config-for-encrypting-credential-information
    [2026-01-15T00:47:10,924][INFO ][o.o.p.i.c.s.QueryInsightsService] [552798431f55] Setting query insights index template priority to [1847]
    [2026-01-15T00:47:11,240][INFO ][o.o.t.NettyAllocator     ] [552798431f55] creating NettyAllocator with the following configs: [name=unpooled, suggested_max_allocation_size=256kb, factors={opensearch.unsafe.use_unpooled_allocator=null, g1gc_enabled=true, g1gc_region_size=1mb, heap_size=1gb}]
    [2026-01-15T00:47:11,296][INFO ][o.o.d.DiscoveryModule    ] [552798431f55] using discovery type [single-node] and seed hosts providers [settings]
    [2026-01-15T00:47:11,533][WARN ][o.o.g.DanglingIndicesState] [552798431f55] gateway.auto_import_dangling_indices is disabled, dangling indices will not be automatically detected or imported and must be managed manually
    [2026-01-15T00:47:11,798][INFO ][o.o.p.h.c.PerformanceAnalyzerConfigAction] [552798431f55] PerformanceAnalyzer Enabled: false
    [2026-01-15T00:47:11,820][INFO ][o.o.n.Node               ] [552798431f55] initialized
    [2026-01-15T00:47:11,820][INFO ][o.o.n.Node               ] [552798431f55] starting ...
    [2026-01-15T00:47:11,843][INFO ][o.o.s.l.BuiltinLogTypeLoader] [552798431f55] Loaded [windows_logtype.json] log type
    [2026-01-15T00:47:11,843][INFO ][o.o.s.l.BuiltinLogTypeLoader] [552798431f55] Loaded [waf_logtype.json] log type
    [2026-01-15T00:47:11,843][INFO ][o.o.s.l.BuiltinLogTypeLoader] [552798431f55] Loaded [vpcflow_logtype.json] log type
    [2026-01-15T00:47:11,843][INFO ][o.o.s.l.BuiltinLogTypeLoader] [552798431f55] Loaded [test_windows_logtype.json] log type
    [2026-01-15T00:47:11,843][INFO ][o.o.s.l.BuiltinLogTypeLoader] [552798431f55] Loaded [s3_logtype.json] log type
    [2026-01-15T00:47:11,843][INFO ][o.o.s.l.BuiltinLogTypeLoader] [552798431f55] Loaded [others_web_logtype.json] log type
    [2026-01-15T00:47:11,844][INFO ][o.o.s.l.BuiltinLogTypeLoader] [552798431f55] Loaded [others_proxy_logtype.json] log type
    [2026-01-15T00:47:11,844][INFO ][o.o.s.l.BuiltinLogTypeLoader] [552798431f55] Loaded [others_macos_logtype.json] log type
    [2026-01-15T00:47:11,844][INFO ][o.o.s.l.BuiltinLogTypeLoader] [552798431f55] Loaded [others_compliance_logtype.json] log type
    [2026-01-15T00:47:11,844][INFO ][o.o.s.l.BuiltinLogTypeLoader] [552798431f55] Loaded [others_cloud_logtype.json] log type
    [2026-01-15T00:47:11,844][INFO ][o.o.s.l.BuiltinLogTypeLoader] [552798431f55] Loaded [others_apt_logtype.json] log type
    [2026-01-15T00:47:11,844][INFO ][o.o.s.l.BuiltinLogTypeLoader] [552798431f55] Loaded [others_application_logtype.json] log type
    [2026-01-15T00:47:11,844][INFO ][o.o.s.l.BuiltinLogTypeLoader] [552798431f55] Loaded [okta_logtype.json] log type
    [2026-01-15T00:47:11,844][INFO ][o.o.s.l.BuiltinLogTypeLoader] [552798431f55] Loaded [network_logtype.json] log type
    [2026-01-15T00:47:11,844][INFO ][o.o.s.l.BuiltinLogTypeLoader] [552798431f55] Loaded [netflow_logtype.json] log type
    [2026-01-15T00:47:11,845][INFO ][o.o.s.l.BuiltinLogTypeLoader] [552798431f55] Loaded [m365_logtype.json] log type
    [2026-01-15T00:47:11,845][INFO ][o.o.s.l.BuiltinLogTypeLoader] [552798431f55] Loaded [linux_logtype.json] log type
    [2026-01-15T00:47:11,845][INFO ][o.o.s.l.BuiltinLogTypeLoader] [552798431f55] Loaded [gworkspace_logtype.json] log type
    [2026-01-15T00:47:11,845][INFO ][o.o.s.l.BuiltinLogTypeLoader] [552798431f55] Loaded [github_logtype.json] log type
    [2026-01-15T00:47:11,845][INFO ][o.o.s.l.BuiltinLogTypeLoader] [552798431f55] Loaded [dns_logtype.json] log type
    [2026-01-15T00:47:11,845][INFO ][o.o.s.l.BuiltinLogTypeLoader] [552798431f55] Loaded [cloudtrail_logtype.json] log type
    [2026-01-15T00:47:11,845][INFO ][o.o.s.l.BuiltinLogTypeLoader] [552798431f55] Loaded [azure_logtype.json] log type
    [2026-01-15T00:47:11,845][INFO ][o.o.s.l.BuiltinLogTypeLoader] [552798431f55] Loaded [apache_access_logtype.json] log type
    [2026-01-15T00:47:11,845][INFO ][o.o.s.l.BuiltinLogTypeLoader] [552798431f55] Loaded [ad_ldap_logtype.json] log type
    [2026-01-15T00:47:11,911][INFO ][o.o.t.TransportService   ] [552798431f55] publish_address {172.17.0.5:9300}, bound_addresses {[::]:9300}
    [2026-01-15T00:47:11,912][INFO ][o.o.t.TransportService   ] [552798431f55] Remote clusters initialized successfully.
    [2026-01-15T00:47:11,992][INFO ][o.o.c.c.Coordinator      ] [552798431f55] setting initial configuration to VotingConfiguration{T2wtie0iQN-D2klwaQwalw}
    [2026-01-15T00:47:12,047][INFO ][o.o.c.s.ClusterManagerService] [552798431f55] Tasks batched with key: org.opensearch.cluster.coordination.JoinHelper, count:3 and sample tasks: elected-as-cluster-manager ([1] nodes joined)[{552798431f55}{T2wtie0iQN-D2klwaQwalw}{OGxbBc6lSyau487SonYWew}{172.17.0.5}{172.17.0.5:9300}{dimr}{shard_indexing_pressure_enabled=true} elect leader, _BECOME_CLUSTER_MANAGER_TASK_, _FINISH_ELECTION_], term: 1, version: 1, delta: cluster-manager node changed {previous [], current [{552798431f55}{T2wtie0iQN-D2klwaQwalw}{OGxbBc6lSyau487SonYWew}{172.17.0.5}{172.17.0.5:9300}{dimr}{shard_indexing_pressure_enabled=true}]}
    [2026-01-15T00:47:12,061][INFO ][o.o.c.c.CoordinationState] [552798431f55] cluster UUID set to [H5wVp4uwQ6uYCFyGIFDCnw]
    [2026-01-15T00:47:12,071][INFO ][o.o.c.s.ClusterApplierService] [552798431f55] cluster-manager node changed {previous [], current [{552798431f55}{T2wtie0iQN-D2klwaQwalw}{OGxbBc6lSyau487SonYWew}{172.17.0.5}{172.17.0.5:9300}{dimr}{shard_indexing_pressure_enabled=true}]}, term: 1, version: 1, reason: Publication{term=1, version=1}
    [2026-01-15T00:47:12,075][INFO ][o.o.t.i.IndexManagement  ] [552798431f55] Candidate custom result indices are empty.
    [2026-01-15T00:47:12,075][INFO ][o.o.t.i.IndexManagement  ] [552798431f55] Candidate custom result indices are empty.
    [2026-01-15T00:47:12,075][INFO ][o.o.t.c.ClusterEventListener] [552798431f55] Cluster is not recovered yet.
    [2026-01-15T00:47:12,101][INFO ][o.o.i.i.ManagedIndexCoordinator] [552798431f55] Cache cluster manager node onClusterManager time: 1768438032101
    [2026-01-15T00:47:12,104][WARN ][o.o.p.c.s.h.ConfigOverridesClusterSettingHandler] [552798431f55] Config override setting update called with empty string. Ignoring.
    [2026-01-15T00:47:12,107][INFO ][o.o.d.PeerFinder         ] [552798431f55] setting findPeersInterval to [1s] as node commission status = [true] for local node [{552798431f55}{T2wtie0iQN-D2klwaQwalw}{OGxbBc6lSyau487SonYWew}{172.17.0.5}{172.17.0.5:9300}{dimr}{shard_indexing_pressure_enabled=true}]
    [2026-01-15T00:47:12,108][WARN ][o.o.c.r.a.AllocationService] [552798431f55] Falling back to single shard assignment since batch mode disable or multiple custom allocators set
    [2026-01-15T00:47:12,110][INFO ][o.o.h.AbstractHttpServerTransport] [552798431f55] publish_address {172.17.0.5:9200}, bound_addresses {[::]:9200}
    [2026-01-15T00:47:12,110][INFO ][o.o.n.Node               ] [552798431f55] started
    [2026-01-15T00:47:12,111][INFO ][o.o.s.OpenSearchSecurityPlugin] [552798431f55] 0 OpenSearch Security modules loaded so far: []
    [2026-01-15T00:47:12,111][WARN ][o.o.c.r.a.AllocationService] [552798431f55] Falling back to single shard assignment since batch mode disable or multiple custom allocators set
    [2026-01-15T00:47:12,124][INFO ][o.o.t.c.HashRing         ] [552798431f55] Node added: [T2wtie0iQN-D2klwaQwalw]
    [2026-01-15T00:47:12,126][INFO ][o.o.t.c.HashRing         ] [552798431f55] Add data node to version hash ring: T2wtie0iQN-D2klwaQwalw
    [2026-01-15T00:47:12,127][INFO ][o.o.t.c.HashRing         ] [552798431f55] All nodes with known version: {T2wtie0iQN-D2klwaQwalw=ADNodeInfo{version=3.0.0, isEligibleDataNode=true}}
    [2026-01-15T00:47:12,127][INFO ][o.o.t.c.HashRing         ] [552798431f55] Rebuild hash ring for realtime with cooldown, nodeChangeEvents size 0
    [2026-01-15T00:47:12,127][INFO ][o.o.t.c.HashRing         ] [552798431f55] Build version hash ring successfully
    [2026-01-15T00:47:12,127][INFO ][o.o.t.c.ADDataMigrator   ] [552798431f55] Start migrating AD data
    [2026-01-15T00:47:12,127][INFO ][o.o.t.c.ADDataMigrator   ] [552798431f55] AD job index doesn't exist, no need to migrate
    [2026-01-15T00:47:12,127][INFO ][o.o.t.c.ClusterEventListener] [552798431f55] Init version hash ring successfully
    [2026-01-15T00:47:12,135][INFO ][o.o.c.s.ClusterManagerTaskThrottler] [552798431f55] Starting cluster manager throttling as all nodes are higher than or equal to 2.5.0
    [2026-01-15T00:47:12,135][INFO ][o.o.g.GatewayService     ] [552798431f55] recovered [0] indices into cluster_state
    [2026-01-15T00:47:12,146][INFO ][o.o.p.PluginsService     ] [552798431f55] PluginService:onIndexModule index:[.opensearch-sap-log-types-config/oir4-xBMSVeUmyw9bXaoqQ]
    [2026-01-15T00:47:12,204][INFO ][o.o.c.m.MetadataCreateIndexService] [552798431f55] [.opensearch-sap-log-types-config] creating index, cause [auto(sap-logtype api)], templates [], shards [1]/[1]
    [2026-01-15T00:47:12,207][INFO ][o.o.c.r.a.AllocationService] [552798431f55] updating number_of_replicas to [0] for indices [.opensearch-sap-log-types-config]
    [2026-01-15T00:47:12,208][WARN ][o.o.c.r.a.AllocationService] [552798431f55] Falling back to single shard assignment since batch mode disable or multiple custom allocators set
    [2026-01-15T00:47:12,227][INFO ][o.o.p.PluginsService     ] [552798431f55] PluginService:onIndexModule index:[.opensearch-sap-log-types-config/oir4-xBMSVeUmyw9bXaoqQ]
    [2026-01-15T00:47:12,301][INFO ][o.o.c.r.a.AllocationService] [552798431f55] Cluster health status changed from [YELLOW] to [GREEN] (reason: [shards started [[.opensearch-sap-log-types-config][0]]]).
    [2026-01-15T00:47:12,314][INFO ][o.o.s.l.LogTypeService   ] [552798431f55] Loading builtin types!
    [2026-01-15T00:47:12,315][INFO ][o.o.s.l.LogTypeService   ] [552798431f55] Indexing [432] fieldMappingDocs from logTypes: 24
    [2026-01-15T00:47:12,330][WARN ][o.o.c.r.a.AllocationService] [552798431f55] Falling back to single shard assignment since batch mode disable or multiple custom allocators set
    [2026-01-15T00:47:12,354][INFO ][o.o.s.l.LogTypeService   ] [552798431f55] Indexing [432] fieldMappingDocs
    [2026-01-15T00:47:12,376][INFO ][o.o.p.PluginsService     ] [552798431f55] PluginService:onIndexModule index:[.opensearch-sap-log-types-config/oir4-xBMSVeUmyw9bXaoqQ]
    [2026-01-15T00:47:12,380][INFO ][o.o.c.m.MetadataMappingService] [552798431f55] [.opensearch-sap-log-types-config/oir4-xBMSVeUmyw9bXaoqQ] update_mapping [_doc]
    [2026-01-15T00:47:12,409][INFO ][o.o.p.PluginsService     ] [552798431f55] PluginService:onIndexModule index:[.opensearch-sap-log-types-config/oir4-xBMSVeUmyw9bXaoqQ]
    [2026-01-15T00:47:12,414][INFO ][o.o.c.m.MetadataMappingService] [552798431f55] [.opensearch-sap-log-types-config/oir4-xBMSVeUmyw9bXaoqQ] update_mapping [_doc]
    [2026-01-15T00:47:12,563][INFO ][o.o.s.l.LogTypeService   ] [552798431f55] Loaded [432] field mapping docs successfully!
    [2026-01-15T00:47:12,573][INFO ][o.o.s.l.LogTypeService   ] [552798431f55] Indexing [23] customLogTypes
    [2026-01-15T00:47:12,594][INFO ][o.o.s.l.LogTypeService   ] [552798431f55] Loaded [23] customLogType docs successfully!
    [2026-01-15T00:47:12,594][INFO ][o.o.s.SecurityAnalyticsPlugin] [552798431f55] LogType config index successfully created and builtin log types loaded
    [2026-01-15T00:47:13,115][INFO ][o.o.s.i.DetectorIndexManagementService] [552798431f55] info deleteOldIndices
    [2026-01-15T00:47:13,118][INFO ][o.o.s.i.DetectorIndexManagementService] [552798431f55] No Old Correlation Indices to delete
    [2026-01-15T00:47:13,118][INFO ][o.o.s.l.LogTypeService   ] [552798431f55] Indexing [23] customLogTypes
    [2026-01-15T00:47:13,118][INFO ][o.o.s.i.DetectorIndexManagementService] [552798431f55] info deleteOldIndices
    [2026-01-15T00:47:13,119][INFO ][o.o.s.i.DetectorIndexManagementService] [552798431f55] No Old IOC Findings Indices to delete
    [2026-01-15T00:47:13,130][INFO ][o.o.s.l.LogTypeService   ] [552798431f55] Indexing [23] customLogTypes
    [2026-01-15T00:47:13,186][INFO ][o.o.s.l.LogTypeService   ] [552798431f55] Loaded [23] customLogType docs successfully!
    [2026-01-15T00:47:13,200][INFO ][o.o.s.l.LogTypeService   ] [552798431f55] Loaded [23] customLogType docs successfully!
    [2026-01-15T00:47:13,274][INFO ][o.o.s.i.DetectorIndexManagementService] [552798431f55] info deleteOldIndices
    [2026-01-15T00:47:13,274][INFO ][o.o.s.i.DetectorIndexManagementService] [552798431f55] info deleteOldIndices
    [2026-01-15T00:47:13,275][INFO ][o.o.s.i.DetectorIndexManagementService] [552798431f55] No Old Finding Indices to delete
    [2026-01-15T00:47:13,275][INFO ][o.o.s.i.DetectorIndexManagementService] [552798431f55] No Old Alert Indices to delete
    [2026-01-15T00:47:13,898][INFO ][o.o.p.PluginsService     ] [552798431f55] PluginService:onIndexModule index:[source_reconstruction_test/BPd-X-cWQ3qH-s28uRJj5Q]
    [2026-01-15T00:47:13,912][INFO ][o.o.c.m.MetadataCreateIndexService] [552798431f55] [source_reconstruction_test] creating index, cause [api], templates [], shards [1]/[0]
    [2026-01-15T00:47:13,912][WARN ][o.o.c.r.a.AllocationService] [552798431f55] Falling back to single shard assignment since batch mode disable or multiple custom allocators set
    [2026-01-15T00:47:13,926][INFO ][o.o.p.PluginsService     ] [552798431f55] PluginService:onIndexModule index:[source_reconstruction_test/BPd-X-cWQ3qH-s28uRJj5Q]
    [2026-01-15T00:47:13,953][INFO ][o.o.c.r.a.AllocationService] [552798431f55] Cluster health status changed from [YELLOW] to [GREEN] (reason: [shards started [[source_reconstruction_test][0]]]).
    [2026-01-15T00:47:13,968][WARN ][o.o.c.r.a.AllocationService] [552798431f55] Falling back to single shard assignment since batch mode disable or multiple custom allocators set
    [2026-01-15T00:47:14,025][DEPRECATION][o.o.d.c.m.MetadataCreateIndexService] [552798431f55] index name [.migrations_working_state] starts with a dot '.', in the next major version, index names starting with a dot are reserved for hidden indices and system indices
    [2026-01-15T00:47:14,026][INFO ][o.o.p.PluginsService     ] [552798431f55] PluginService:onIndexModule index:[.migrations_working_state/sWQmuRcRSeWmAXtx5gog4w]
    [2026-01-15T00:47:14,029][INFO ][o.o.c.m.MetadataCreateIndexService] [552798431f55] [.migrations_working_state] creating index, cause [api], templates [], shards [1]/[1]
    [2026-01-15T00:47:14,029][WARN ][o.o.c.r.a.AllocationService] [552798431f55] Falling back to single shard assignment since batch mode disable or multiple custom allocators set
    [2026-01-15T00:47:14,044][INFO ][o.o.p.PluginsService     ] [552798431f55] PluginService:onIndexModule index:[.migrations_working_state/sWQmuRcRSeWmAXtx5gog4w]
    [2026-01-15T00:47:14,085][WARN ][o.o.c.r.a.AllocationService] [552798431f55] Falling back to single shard assignment since batch mode disable or multiple custom allocators set
    [2026-01-15T00:47:14,268][INFO ][o.o.p.PluginsService     ] [552798431f55] PluginService:onIndexModule index:[.migrations_working_state/sWQmuRcRSeWmAXtx5gog4w]
    [2026-01-15T00:47:14,271][INFO ][o.o.c.m.MetadataMappingService] [552798431f55] [.migrations_working_state/sWQmuRcRSeWmAXtx5gog4w] update_mapping [_doc]
    [2026-01-15T00:47:14,615][WARN ][o.o.a.u.UpdateHelper     ] [552798431f55] Used upsert operation [noop] for script [      if (ctx._source.scriptVersion != "2.0") {        throw new IllegalArgumentException("scriptVersion mismatch.  Not all participants are using the same script: sourceVersion=" + ctx.source.scriptVersion);      }       long serverTimeSeconds = System.currentTimeMillis() / 1000;      if (Math.abs(params.clientTimestamp - serverTimeSeconds) > 3600) {        throw new IllegalArgumentException("The current times indicated between the client and server are too different.");      }      long newExpiration = params.clientTimestamp + (((long)Math.pow(2, ctx._source.nextAcquisitionLeaseExponent)) * params.expirationWindow);      if (params.expirationWindow > 0 && ctx._source.completedAt == null) {          if (ctx._source.leaseHolderId == params.workerId &&             ctx._source.expiration > serverTimeSeconds) {            ctx.op = "update";        } else if (ctx._source.expiration < serverTimeSeconds &&                      ctx._source.expiration < newExpiration) {            ctx._source.expiration = newExpiration;          ctx._source.leaseHolderId = params.workerId;          ctx._source.nextAcquisitionLeaseExponent += 1;        } else {          ctx.op = "noop";        }      } else if (params.expirationWindow != 0) {        ctx.op = "noop";      }], doing nothing...

    2026-01-15 00:47:14,927 INFO o.o.m.b.f.SearchClusterContainer [Test worker] Stopping container version:OPENSEARCH 2.19.1
    2026-01-15 00:47:14,941 DEBUG o.o.m.b.f.SearchClusterContainer [Test worker] Instance logs:
    Enabling OpenSearch Security Plugin
    Enabling execution of install_demo_configuration.sh for OpenSearch Security Plugin 
    OpenSearch 2.12.0 onwards, the OpenSearch Security Plugin a change that requires an initial password for 'admin' user. 
    Please define an environment variable 'OPENSEARCH_INITIAL_ADMIN_PASSWORD' with a strong password string. 
    If a password is not provided, the setup will quit. 
     For more details, please visit: https://opensearch.org/docs/latest/install-and-configure/install-opensearch/docker/
    ### OpenSearch Security Demo Installer
    ### ** Warning: Do not use on production or public reachable systems **
    OpenSearch install type: rpm/deb on Linux 6.12.54-linuxkit aarch64
    OpenSearch config dir: /usr/share/opensearch/config/
    OpenSearch config file: /usr/share/opensearch/config/opensearch.yml
    OpenSearch bin dir: /usr/share/opensearch/bin/
    OpenSearch plugins dir: /usr/share/opensearch/plugins/
    OpenSearch lib dir: /usr/share/opensearch/lib/
    Detected OpenSearch Version: 2.19.1
    Detected OpenSearch Security Version: 2.19.1.0
    Admin password set successfully.
    ### Success
    ### Execute this script now on all your nodes and then start all nodes
    ### OpenSearch Security will be automatically initialized.
    ### If you like to change the runtime configuration 
    ### change the files in ../../../config/opensearch-security and execute: 
    sudo "/usr/share/opensearch/plugins/opensearch-security/tools/securityadmin.sh" -cd "/usr/share/opensearch/config/opensearch-security" -icl -key "/usr/share/opensearch/config/kirk-key.pem" -cert "/usr/share/opensearch/config/kirk.pem" -cacert "/usr/share/opensearch/config/root-ca.pem" -nhnv
    ### or run ./securityadmin_demo.sh
    ### To use the Security Plugin ConfigurationGUI
    ### To access your secured cluster open https://<hostname>:<HTTP port> and log in with admin/<your-custom-admin-password>.
    ### (Ignore the SSL certificate warning because we installed self-signed demo certificates)
    Enabling execution of OPENSEARCH_HOME/bin/opensearch-performance-analyzer/performance-analyzer-agent-cli for OpenSearch Performance Analyzer Plugin
    WARNING: Using incubator modules: jdk.incubator.vector
    WARNING: A terminally deprecated method in java.lang.System has been called
    WARNING: System::setSecurityManager has been called by org.opensearch.bootstrap.OpenSearch (file:/usr/share/opensearch/lib/opensearch-2.19.1.jar)
    WARNING: Please consider reporting this to the maintainers of org.opensearch.bootstrap.OpenSearch
    WARNING: System::setSecurityManager will be removed in a future release
    Jan 15, 2026 12:47:00 AM sun.util.locale.provider.LocaleProviderAdapter <clinit>
    WARNING: COMPAT locale provider will be removed in a future release
    WARNING: A terminally deprecated method in java.lang.System has been called
    WARNING: System::setSecurityManager has been called by org.opensearch.bootstrap.Security (file:/usr/share/opensearch/lib/opensearch-2.19.1.jar)
    WARNING: Please consider reporting this to the maintainers of org.opensearch.bootstrap.Security
    WARNING: System::setSecurityManager will be removed in a future release
    [2026-01-15T00:47:00,666][INFO ][o.o.n.Node               ] [53e330f5fe05] version[2.19.1], pid[1], build[tar/2e4741fb45d1b150aaeeadf66d41445b23ff5982/2025-02-27T01:22:24.665339607Z], OS[Linux/6.12.54-linuxkit/aarch64], JVM[Eclipse Adoptium/OpenJDK 64-Bit Server VM/21.0.6/21.0.6+7-LTS]
    [2026-01-15T00:47:00,667][INFO ][o.o.n.Node               ] [53e330f5fe05] JVM home [/usr/share/opensearch/jdk], using bundled JDK/JRE [true]
    [2026-01-15T00:47:00,667][INFO ][o.o.n.Node               ] [53e330f5fe05] JVM arguments [-Xshare:auto, -Dopensearch.networkaddress.cache.ttl=60, -Dopensearch.networkaddress.cache.negative.ttl=10, -XX:+AlwaysPreTouch, -Xss1m, -Djava.awt.headless=true, -Dfile.encoding=UTF-8, -Djna.nosys=true, -XX:-OmitStackTraceInFastThrow, -XX:+ShowCodeDetailsInExceptionMessages, -Dio.netty.noUnsafe=true, -Dio.netty.noKeySetOptimization=true, -Dio.netty.recycler.maxCapacityPerThread=0, -Dio.netty.allocator.numDirectArenas=0, -Dlog4j.shutdownHookEnabled=false, -Dlog4j2.disable.jmx=true, -Djava.security.manager=allow, -Djava.locale.providers=SPI,COMPAT, -Xms1g, -Xmx1g, -XX:+UseG1GC, -XX:G1ReservePercent=25, -XX:InitiatingHeapOccupancyPercent=30, -Djava.io.tmpdir=/tmp/opensearch-13928865432084863910, -XX:+HeapDumpOnOutOfMemoryError, -XX:HeapDumpPath=data, -XX:ErrorFile=logs/hs_err_pid%p.log, -Xlog:gc*,gc+age=trace,safepoint:file=logs/gc.log:utctime,pid,tags:filecount=32,filesize=64m, -Djava.security.manager=allow, --add-modules=jdk.incubator.vector, -Djava.util.concurrent.ForkJoinPool.common.threadFactory=org.opensearch.secure_sm.SecuredForkJoinWorkerThreadFactory, -Dclk.tck=100, -Djdk.attach.allowAttachSelf=true, -Djava.security.policy=/usr/share/opensearch/config/opensearch-performance-analyzer/opensearch_security.policy, --add-opens=jdk.attach/sun.tools.attach=ALL-UNNAMED, -Dopensearch.cgroups.hierarchy.override=/, -XX:MaxDirectMemorySize=536870912, -Dopensearch.path.home=/usr/share/opensearch, -Dopensearch.path.conf=/usr/share/opensearch/config, -Dopensearch.distribution.type=tar, -Dopensearch.bundled_jdk=true]
    [2026-01-15T00:47:00,758][INFO ][o.a.l.i.v.PanamaVectorizationProvider] [53e330f5fe05] Java vector incubator API enabled; uses preferredBitSize=128; FMA enabled
    [2026-01-15T00:47:01,212][INFO ][o.o.s.s.t.SSLConfig      ] [53e330f5fe05] SSL dual mode is disabled
    [2026-01-15T00:47:01,212][WARN ][o.o.s.OpenSearchSecurityPlugin] [53e330f5fe05] OpenSearch Security plugin installed but disabled. This can expose your configuration (including passwords) to the public.
    [2026-01-15T00:47:01,648][INFO ][o.o.p.c.c.PluginSettings ] [53e330f5fe05] Config: metricsLocation: /dev/shm/performanceanalyzer/, metricsDeletionInterval: 1, httpsEnabled: false, cleanup-metrics-db-files: true, batch-metrics-retention-period-minutes: 7, rpc-port: 9650, webservice-port 9600
    [2026-01-15T00:47:01,904][INFO ][o.o.i.r.ReindexPlugin    ] [53e330f5fe05] ReindexPlugin reloadSPI called
    [2026-01-15T00:47:01,904][INFO ][o.o.i.r.ReindexPlugin    ] [53e330f5fe05] Unable to find any implementation for RemoteReindexExtension
    [2026-01-15T00:47:01,925][INFO ][o.o.j.JobSchedulerPlugin ] [53e330f5fe05] Loaded scheduler extension: reports-scheduler, index: .opendistro-reports-definitions
    [2026-01-15T00:47:01,925][INFO ][o.o.j.JobSchedulerPlugin ] [53e330f5fe05] Loaded scheduler extension: opensearch_time_series_analytics, index: .opendistro-anomaly-detector-jobs
    [2026-01-15T00:47:01,925][INFO ][o.o.j.JobSchedulerPlugin ] [53e330f5fe05] Loaded scheduler extension: opendistro-index-management, index: .opendistro-ism-config
    [2026-01-15T00:47:01,926][INFO ][o.o.j.JobSchedulerPlugin ] [53e330f5fe05] Loaded scheduler extension: checkBatchJobTaskStatus, index: .ml_commons_task_polling_job
    [2026-01-15T00:47:01,927][INFO ][o.o.j.JobSchedulerPlugin ] [53e330f5fe05] Loaded scheduler extension: scheduler_geospatial_ip2geo_datasource, index: .scheduler-geospatial-ip2geo-datasource
    [2026-01-15T00:47:01,927][INFO ][o.o.j.JobSchedulerPlugin ] [53e330f5fe05] Loaded scheduler extension: opensearch_sap_job, index: .opensearch-sap--job
    [2026-01-15T00:47:01,927][INFO ][o.o.j.JobSchedulerPlugin ] [53e330f5fe05] Loaded scheduler extension: async-query-scheduler, index: .async-query-scheduler
    [2026-01-15T00:47:01,937][INFO ][o.o.p.PluginsService     ] [53e330f5fe05] loaded module [aggs-matrix-stats]
    [2026-01-15T00:47:01,937][INFO ][o.o.p.PluginsService     ] [53e330f5fe05] loaded module [analysis-common]
    [2026-01-15T00:47:01,937][INFO ][o.o.p.PluginsService     ] [53e330f5fe05] loaded module [cache-common]
    [2026-01-15T00:47:01,937][INFO ][o.o.p.PluginsService     ] [53e330f5fe05] loaded module [geo]
    [2026-01-15T00:47:01,937][INFO ][o.o.p.PluginsService     ] [53e330f5fe05] loaded module [ingest-common]
    [2026-01-15T00:47:01,937][INFO ][o.o.p.PluginsService     ] [53e330f5fe05] loaded module [ingest-geoip]
    [2026-01-15T00:47:01,937][INFO ][o.o.p.PluginsService     ] [53e330f5fe05] loaded module [ingest-user-agent]
    [2026-01-15T00:47:01,937][INFO ][o.o.p.PluginsService     ] [53e330f5fe05] loaded module [lang-expression]
    [2026-01-15T00:47:01,938][INFO ][o.o.p.PluginsService     ] [53e330f5fe05] loaded module [lang-mustache]
    [2026-01-15T00:47:01,938][INFO ][o.o.p.PluginsService     ] [53e330f5fe05] loaded module [lang-painless]
    [2026-01-15T00:47:01,938][INFO ][o.o.p.PluginsService     ] [53e330f5fe05] loaded module [mapper-extras]
    [2026-01-15T00:47:01,938][INFO ][o.o.p.PluginsService     ] [53e330f5fe05] loaded module [opensearch-dashboards]
    [2026-01-15T00:47:01,938][INFO ][o.o.p.PluginsService     ] [53e330f5fe05] loaded module [parent-join]
    [2026-01-15T00:47:01,938][INFO ][o.o.p.PluginsService     ] [53e330f5fe05] loaded module [percolator]
    [2026-01-15T00:47:01,938][INFO ][o.o.p.PluginsService     ] [53e330f5fe05] loaded module [rank-eval]
    [2026-01-15T00:47:01,938][INFO ][o.o.p.PluginsService     ] [53e330f5fe05] loaded module [reindex]
    [2026-01-15T00:47:01,938][INFO ][o.o.p.PluginsService     ] [53e330f5fe05] loaded module [repository-url]
    [2026-01-15T00:47:01,938][INFO ][o.o.p.PluginsService     ] [53e330f5fe05] loaded module [search-pipeline-common]
    [2026-01-15T00:47:01,938][INFO ][o.o.p.PluginsService     ] [53e330f5fe05] loaded module [systemd]
    [2026-01-15T00:47:01,938][INFO ][o.o.p.PluginsService     ] [53e330f5fe05] loaded module [transport-netty4]
    [2026-01-15T00:47:01,938][INFO ][o.o.p.PluginsService     ] [53e330f5fe05] loaded plugin [opensearch-alerting]
    [2026-01-15T00:47:01,938][INFO ][o.o.p.PluginsService     ] [53e330f5fe05] loaded plugin [opensearch-anomaly-detection]
    [2026-01-15T00:47:01,938][INFO ][o.o.p.PluginsService     ] [53e330f5fe05] loaded plugin [opensearch-asynchronous-search]
    [2026-01-15T00:47:01,938][INFO ][o.o.p.PluginsService     ] [53e330f5fe05] loaded plugin [opensearch-cross-cluster-replication]
    [2026-01-15T00:47:01,938][INFO ][o.o.p.PluginsService     ] [53e330f5fe05] loaded plugin [opensearch-custom-codecs]
    [2026-01-15T00:47:01,938][INFO ][o.o.p.PluginsService     ] [53e330f5fe05] loaded plugin [opensearch-flow-framework]
    [2026-01-15T00:47:01,938][INFO ][o.o.p.PluginsService     ] [53e330f5fe05] loaded plugin [opensearch-geospatial]
    [2026-01-15T00:47:01,938][INFO ][o.o.p.PluginsService     ] [53e330f5fe05] loaded plugin [opensearch-index-management]
    [2026-01-15T00:47:01,939][INFO ][o.o.p.PluginsService     ] [53e330f5fe05] loaded plugin [opensearch-job-scheduler]
    [2026-01-15T00:47:01,939][INFO ][o.o.p.PluginsService     ] [53e330f5fe05] loaded plugin [opensearch-knn]
    [2026-01-15T00:47:01,939][INFO ][o.o.p.PluginsService     ] [53e330f5fe05] loaded plugin [opensearch-ltr]
    [2026-01-15T00:47:01,939][INFO ][o.o.p.PluginsService     ] [53e330f5fe05] loaded plugin [opensearch-ml]
    [2026-01-15T00:47:01,939][INFO ][o.o.p.PluginsService     ] [53e330f5fe05] loaded plugin [opensearch-neural-search]
    [2026-01-15T00:47:01,939][INFO ][o.o.p.PluginsService     ] [53e330f5fe05] loaded plugin [opensearch-notifications]
    [2026-01-15T00:47:01,939][INFO ][o.o.p.PluginsService     ] [53e330f5fe05] loaded plugin [opensearch-notifications-core]
    [2026-01-15T00:47:01,939][INFO ][o.o.p.PluginsService     ] [53e330f5fe05] loaded plugin [opensearch-observability]
    [2026-01-15T00:47:01,939][INFO ][o.o.p.PluginsService     ] [53e330f5fe05] loaded plugin [opensearch-performance-analyzer]
    [2026-01-15T00:47:01,939][INFO ][o.o.p.PluginsService     ] [53e330f5fe05] loaded plugin [opensearch-reports-scheduler]
    [2026-01-15T00:47:01,939][INFO ][o.o.p.PluginsService     ] [53e330f5fe05] loaded plugin [opensearch-security]
    [2026-01-15T00:47:01,939][INFO ][o.o.p.PluginsService     ] [53e330f5fe05] loaded plugin [opensearch-security-analytics]
    [2026-01-15T00:47:01,939][INFO ][o.o.p.PluginsService     ] [53e330f5fe05] loaded plugin [opensearch-skills]
    [2026-01-15T00:47:01,939][INFO ][o.o.p.PluginsService     ] [53e330f5fe05] loaded plugin [opensearch-sql]
    [2026-01-15T00:47:01,939][INFO ][o.o.p.PluginsService     ] [53e330f5fe05] loaded plugin [opensearch-system-templates]
    [2026-01-15T00:47:01,939][INFO ][o.o.p.PluginsService     ] [53e330f5fe05] loaded plugin [query-insights]
    [2026-01-15T00:47:01,978][DEPRECATION][o.o.d.c.s.Settings       ] [53e330f5fe05] [node.max_local_storage_nodes] setting was deprecated in OpenSearch and will be removed in a future release! See the breaking changes documentation for the next major version.
    [2026-01-15T00:47:01,983][WARN ][stderr                   ] [53e330f5fe05] WARNING: A restricted method in java.lang.foreign.Linker has been called
    [2026-01-15T00:47:01,984][WARN ][stderr                   ] [53e330f5fe05] WARNING: java.lang.foreign.Linker::downcallHandle has been called by the unnamed module
    [2026-01-15T00:47:01,984][WARN ][stderr                   ] [53e330f5fe05] WARNING: Use --enable-native-access=ALL-UNNAMED to avoid a warning for this module
    [2026-01-15T00:47:02,010][INFO ][o.a.l.s.MemorySegmentIndexInputProvider] [53e330f5fe05] Using MemorySegmentIndexInput and native madvise support with Java 21 or later; to disable start with -Dorg.apache.lucene.store.MMapDirectory.enableMemorySegments=false
    [2026-01-15T00:47:02,013][INFO ][o.o.e.NodeEnvironment    ] [53e330f5fe05] using [1] data paths, mounts [[/ (overlay)]], net usable_space [375.7gb], net total_space [452.1gb], types [overlay]
    [2026-01-15T00:47:02,013][INFO ][o.o.e.NodeEnvironment    ] [53e330f5fe05] heap size [1gb], compressed ordinary object pointers [true]
    [2026-01-15T00:47:02,025][INFO ][o.o.n.Node               ] [53e330f5fe05] node name [53e330f5fe05], node ID [OOPHVjJoQhmn0iOwUR3sJw], cluster name [docker-cluster], roles [ingest, remote_cluster_client, data, cluster_manager]
    [2026-01-15T00:47:02,045][INFO ][o.o.e.ExtensionsManager  ] [53e330f5fe05] ExtensionsManager initialized
    [2026-01-15T00:47:02,759][DEPRECATION][o.o.d.c.s.Settings       ] [53e330f5fe05] [index.store.hybrid.mmap.extensions] setting was deprecated in OpenSearch and will be removed in a future release! See the breaking changes documentation for the next major version.
    [2026-01-15T00:47:02,759][DEPRECATION][o.o.d.c.s.Settings       ] [53e330f5fe05] [plugins.security.ssl.transport.enforce_hostname_verification] setting was deprecated in OpenSearch and will be removed in a future release! See the breaking changes documentation for the next major version.
    [2026-01-15T00:47:03,081][INFO ][o.o.n.p.NeuralSearch     ] [53e330f5fe05] Registering hybrid query phase searcher with feature flag [plugins.neural_search.hybrid_search_disabled]
    [2026-01-15T00:47:03,284][INFO ][o.o.l.b.LTRCircuitBreakerService] [53e330f5fe05] Registered memory breaker.
    [2026-01-15T00:47:03,348][INFO ][o.o.t.b.CircuitBreakerService] [53e330f5fe05] Registered memory breaker.
    [2026-01-15T00:47:03,458][INFO ][o.o.r.m.c.i.SdkClientFactory] [53e330f5fe05] Using local opensearch cluster as metadata store.
    [2026-01-15T00:47:03,514][INFO ][o.o.r.m.c.i.SdkClientFactory] [53e330f5fe05] Using local opensearch cluster as metadata store.
    [2026-01-15T00:47:03,522][INFO ][o.o.m.b.MLCircuitBreakerService] [53e330f5fe05] Registered ML memory breaker.
    [2026-01-15T00:47:03,522][INFO ][o.o.m.b.MLCircuitBreakerService] [53e330f5fe05] Registered ML disk breaker.
    [2026-01-15T00:47:03,522][INFO ][o.o.m.b.MLCircuitBreakerService] [53e330f5fe05] Registered ML native memory breaker.
    [2026-01-15T00:47:03,559][INFO ][o.r.Reflections          ] [53e330f5fe05] Reflections took 21 ms to scan 1 urls, producing 27 keys and 67 values 
    [2026-01-15T00:47:03,569][INFO ][o.r.Reflections          ] [53e330f5fe05] Reflections took 1 ms to scan 1 urls, producing 3 keys and 5 values 
    [2026-01-15T00:47:03,633][WARN ][o.o.s.p.SQLPlugin        ] [53e330f5fe05] Master key is a required config for using create and update datasource APIs. Please set plugins.query.datasources.encryption.masterkey config in opensearch.yml in all the cluster nodes. More details can be found here: https://github.com/opensearch-project/sql/blob/main/docs/user/ppl/admin/datasources.rst#master-key-config-for-encrypting-credential-information
    [2026-01-15T00:47:03,920][INFO ][o.o.t.NettyAllocator     ] [53e330f5fe05] creating NettyAllocator with the following configs: [name=unpooled, suggested_max_allocation_size=256kb, factors={opensearch.unsafe.use_unpooled_allocator=null, g1gc_enabled=true, g1gc_region_size=1mb, heap_size=1gb}]
    [2026-01-15T00:47:03,985][INFO ][o.o.d.DiscoveryModule    ] [53e330f5fe05] using discovery type [single-node] and seed hosts providers [settings]
    [2026-01-15T00:47:04,208][WARN ][o.o.g.DanglingIndicesState] [53e330f5fe05] gateway.auto_import_dangling_indices is disabled, dangling indices will not be automatically detected or imported and must be managed manually
    [2026-01-15T00:47:04,518][INFO ][o.o.p.h.c.PerformanceAnalyzerConfigAction] [53e330f5fe05] PerformanceAnalyzer Enabled: false
    [2026-01-15T00:47:04,537][INFO ][o.o.n.Node               ] [53e330f5fe05] initialized
    [2026-01-15T00:47:04,537][INFO ][o.o.n.Node               ] [53e330f5fe05] starting ...
    [2026-01-15T00:47:04,551][INFO ][o.o.s.l.BuiltinLogTypeLoader] [53e330f5fe05] Loaded [windows_logtype.json] log type
    [2026-01-15T00:47:04,552][INFO ][o.o.s.l.BuiltinLogTypeLoader] [53e330f5fe05] Loaded [waf_logtype.json] log type
    [2026-01-15T00:47:04,552][INFO ][o.o.s.l.BuiltinLogTypeLoader] [53e330f5fe05] Loaded [vpcflow_logtype.json] log type
    [2026-01-15T00:47:04,552][INFO ][o.o.s.l.BuiltinLogTypeLoader] [53e330f5fe05] Loaded [test_windows_logtype.json] log type
    [2026-01-15T00:47:04,552][INFO ][o.o.s.l.BuiltinLogTypeLoader] [53e330f5fe05] Loaded [s3_logtype.json] log type
    [2026-01-15T00:47:04,552][INFO ][o.o.s.l.BuiltinLogTypeLoader] [53e330f5fe05] Loaded [others_web_logtype.json] log type
    [2026-01-15T00:47:04,553][INFO ][o.o.s.l.BuiltinLogTypeLoader] [53e330f5fe05] Loaded [others_proxy_logtype.json] log type
    [2026-01-15T00:47:04,553][INFO ][o.o.s.l.BuiltinLogTypeLoader] [53e330f5fe05] Loaded [others_macos_logtype.json] log type
    [2026-01-15T00:47:04,553][INFO ][o.o.s.l.BuiltinLogTypeLoader] [53e330f5fe05] Loaded [others_compliance_logtype.json] log type
    [2026-01-15T00:47:04,553][INFO ][o.o.s.l.BuiltinLogTypeLoader] [53e330f5fe05] Loaded [others_cloud_logtype.json] log type
    [2026-01-15T00:47:04,553][INFO ][o.o.s.l.BuiltinLogTypeLoader] [53e330f5fe05] Loaded [others_apt_logtype.json] log type
    [2026-01-15T00:47:04,553][INFO ][o.o.s.l.BuiltinLogTypeLoader] [53e330f5fe05] Loaded [others_application_logtype.json] log type
    [2026-01-15T00:47:04,553][INFO ][o.o.s.l.BuiltinLogTypeLoader] [53e330f5fe05] Loaded [okta_logtype.json] log type
    [2026-01-15T00:47:04,554][INFO ][o.o.s.l.BuiltinLogTypeLoader] [53e330f5fe05] Loaded [network_logtype.json] log type
    [2026-01-15T00:47:04,554][INFO ][o.o.s.l.BuiltinLogTypeLoader] [53e330f5fe05] Loaded [netflow_logtype.json] log type
    [2026-01-15T00:47:04,554][INFO ][o.o.s.l.BuiltinLogTypeLoader] [53e330f5fe05] Loaded [m365_logtype.json] log type
    [2026-01-15T00:47:04,554][INFO ][o.o.s.l.BuiltinLogTypeLoader] [53e330f5fe05] Loaded [linux_logtype.json] log type
    [2026-01-15T00:47:04,554][INFO ][o.o.s.l.BuiltinLogTypeLoader] [53e330f5fe05] Loaded [gworkspace_logtype.json] log type
    [2026-01-15T00:47:04,554][INFO ][o.o.s.l.BuiltinLogTypeLoader] [53e330f5fe05] Loaded [github_logtype.json] log type
    [2026-01-15T00:47:04,554][INFO ][o.o.s.l.BuiltinLogTypeLoader] [53e330f5fe05] Loaded [dns_logtype.json] log type
    [2026-01-15T00:47:04,555][INFO ][o.o.s.l.BuiltinLogTypeLoader] [53e330f5fe05] Loaded [cloudtrail_logtype.json] log type
    [2026-01-15T00:47:04,555][INFO ][o.o.s.l.BuiltinLogTypeLoader] [53e330f5fe05] Loaded [azure_logtype.json] log type
    [2026-01-15T00:47:04,555][INFO ][o.o.s.l.BuiltinLogTypeLoader] [53e330f5fe05] Loaded [apache_access_logtype.json] log type
    [2026-01-15T00:47:04,555][INFO ][o.o.s.l.BuiltinLogTypeLoader] [53e330f5fe05] Loaded [ad_ldap_logtype.json] log type
    [2026-01-15T00:47:04,608][INFO ][o.o.t.TransportService   ] [53e330f5fe05] publish_address {172.17.0.4:9300}, bound_addresses {[::]:9300}
    [2026-01-15T00:47:04,609][INFO ][o.o.t.TransportService   ] [53e330f5fe05] Remote clusters initialized successfully.
    [2026-01-15T00:47:04,683][INFO ][o.o.c.c.Coordinator      ] [53e330f5fe05] setting initial configuration to VotingConfiguration{OOPHVjJoQhmn0iOwUR3sJw}
    [2026-01-15T00:47:04,795][INFO ][o.o.c.s.MasterService    ] [53e330f5fe05] Tasks batched with key: org.opensearch.cluster.coordination.JoinHelper, count:3 and sample tasks: elected-as-cluster-manager ([1] nodes joined)[{53e330f5fe05}{OOPHVjJoQhmn0iOwUR3sJw}{YyvQ9EFKTQ65CiqMUv8mkQ}{172.17.0.4}{172.17.0.4:9300}{dimr}{shard_indexing_pressure_enabled=true} elect leader, _BECOME_CLUSTER_MANAGER_TASK_, _FINISH_ELECTION_], term: 1, version: 1, delta: cluster-manager node changed {previous [], current [{53e330f5fe05}{OOPHVjJoQhmn0iOwUR3sJw}{YyvQ9EFKTQ65CiqMUv8mkQ}{172.17.0.4}{172.17.0.4:9300}{dimr}{shard_indexing_pressure_enabled=true}]}
    [2026-01-15T00:47:04,809][INFO ][o.o.c.c.CoordinationState] [53e330f5fe05] cluster UUID set to [QA3CUIYUR7uWkQcqc7Pm_g]
    [2026-01-15T00:47:04,818][INFO ][o.o.c.s.ClusterApplierService] [53e330f5fe05] cluster-manager node changed {previous [], current [{53e330f5fe05}{OOPHVjJoQhmn0iOwUR3sJw}{YyvQ9EFKTQ65CiqMUv8mkQ}{172.17.0.4}{172.17.0.4:9300}{dimr}{shard_indexing_pressure_enabled=true}]}, term: 1, version: 1, reason: Publication{term=1, version=1}
    [2026-01-15T00:47:04,821][INFO ][o.o.t.i.IndexManagement  ] [53e330f5fe05] Candidate custom result indices are empty.
    [2026-01-15T00:47:04,821][INFO ][o.o.t.i.IndexManagement  ] [53e330f5fe05] Candidate custom result indices are empty.
    [2026-01-15T00:47:04,821][INFO ][o.o.t.c.ClusterEventListener] [53e330f5fe05] Cluster is not recovered yet.
    [2026-01-15T00:47:04,832][INFO ][o.o.i.i.ManagedIndexCoordinator] [53e330f5fe05] Cache cluster manager node onClusterManager time: 1768438024832
    [2026-01-15T00:47:04,836][WARN ][o.o.p.c.s.h.ConfigOverridesClusterSettingHandler] [53e330f5fe05] Config override setting update called with empty string. Ignoring.
    [2026-01-15T00:47:04,839][INFO ][o.o.d.PeerFinder         ] [53e330f5fe05] setting findPeersInterval to [1s] as node commission status = [true] for local node [{53e330f5fe05}{OOPHVjJoQhmn0iOwUR3sJw}{YyvQ9EFKTQ65CiqMUv8mkQ}{172.17.0.4}{172.17.0.4:9300}{dimr}{shard_indexing_pressure_enabled=true}]
    [2026-01-15T00:47:04,841][WARN ][o.o.c.r.a.AllocationService] [53e330f5fe05] Falling back to single shard assignment since batch mode disable or multiple custom allocators set
    [2026-01-15T00:47:04,842][INFO ][o.o.h.AbstractHttpServerTransport] [53e330f5fe05] publish_address {172.17.0.4:9200}, bound_addresses {[::]:9200}
    [2026-01-15T00:47:04,842][INFO ][o.o.n.Node               ] [53e330f5fe05] started
    [2026-01-15T00:47:04,842][INFO ][o.o.s.OpenSearchSecurityPlugin] [53e330f5fe05] 0 OpenSearch Security modules loaded so far: []
    [2026-01-15T00:47:04,844][WARN ][o.o.c.r.a.AllocationService] [53e330f5fe05] Falling back to single shard assignment since batch mode disable or multiple custom allocators set
    [2026-01-15T00:47:04,849][INFO ][o.o.t.c.HashRing         ] [53e330f5fe05] Node added: [OOPHVjJoQhmn0iOwUR3sJw]
    [2026-01-15T00:47:04,851][INFO ][o.o.t.c.HashRing         ] [53e330f5fe05] Add data node to version hash ring: OOPHVjJoQhmn0iOwUR3sJw
    [2026-01-15T00:47:04,852][INFO ][o.o.t.c.HashRing         ] [53e330f5fe05] All nodes with known version: {OOPHVjJoQhmn0iOwUR3sJw=ADNodeInfo{version=2.19.1, isEligibleDataNode=true}}
    [2026-01-15T00:47:04,852][INFO ][o.o.t.c.HashRing         ] [53e330f5fe05] Rebuild hash ring for realtime with cooldown, nodeChangeEvents size 0
    [2026-01-15T00:47:04,852][INFO ][o.o.t.c.HashRing         ] [53e330f5fe05] Build version hash ring successfully
    [2026-01-15T00:47:04,852][INFO ][o.o.t.c.ADDataMigrator   ] [53e330f5fe05] Start migrating AD data
    [2026-01-15T00:47:04,852][INFO ][o.o.t.c.ADDataMigrator   ] [53e330f5fe05] AD job index doesn't exist, no need to migrate
    [2026-01-15T00:47:04,852][INFO ][o.o.t.c.ClusterEventListener] [53e330f5fe05] Init version hash ring successfully
    [2026-01-15T00:47:04,858][INFO ][o.o.g.GatewayService     ] [53e330f5fe05] recovered [0] indices into cluster_state
    [2026-01-15T00:47:04,869][INFO ][o.o.p.PluginsService     ] [53e330f5fe05] PluginService:onIndexModule index:[.opensearch-observability/QawiUTggQUWMGDOi7knsYA]
    [2026-01-15T00:47:04,923][INFO ][o.o.c.m.MetadataCreateIndexService] [53e330f5fe05] [.opensearch-observability] creating index, cause [api], templates [], shards [1]/[0]
    [2026-01-15T00:47:04,926][WARN ][o.o.c.r.a.AllocationService] [53e330f5fe05] Falling back to single shard assignment since batch mode disable or multiple custom allocators set
    [2026-01-15T00:47:04,942][INFO ][o.o.p.PluginsService     ] [53e330f5fe05] PluginService:onIndexModule index:[.opensearch-observability/QawiUTggQUWMGDOi7knsYA]
    [2026-01-15T00:47:04,963][INFO ][o.o.p.PluginsService     ] [53e330f5fe05] PluginService:onIndexModule index:[.opensearch-sap-log-types-config/rhOuvkP1T9qTAehf3Gqf-g]
    [2026-01-15T00:47:04,968][INFO ][o.o.c.m.MetadataCreateIndexService] [53e330f5fe05] [.opensearch-sap-log-types-config] creating index, cause [auto(sap-logtype api)], templates [], shards [1]/[1]
    [2026-01-15T00:47:04,969][INFO ][o.o.c.r.a.AllocationService] [53e330f5fe05] updating number_of_replicas to [0] for indices [.opensearch-sap-log-types-config]
    [2026-01-15T00:47:04,969][WARN ][o.o.c.r.a.AllocationService] [53e330f5fe05] Falling back to single shard assignment since batch mode disable or multiple custom allocators set
    [2026-01-15T00:47:04,979][INFO ][o.o.p.PluginsService     ] [53e330f5fe05] PluginService:onIndexModule index:[.opensearch-sap-log-types-config/rhOuvkP1T9qTAehf3Gqf-g]
    [2026-01-15T00:47:05,020][INFO ][o.o.o.i.ObservabilityIndex] [53e330f5fe05] observability:Index .opensearch-observability creation Acknowledged
    [2026-01-15T00:47:05,021][INFO ][o.o.c.r.a.AllocationService] [53e330f5fe05] Cluster health status changed from [YELLOW] to [GREEN] (reason: [shards started [[.opensearch-sap-log-types-config][0]]]).
    [2026-01-15T00:47:05,030][INFO ][o.o.s.l.LogTypeService   ] [53e330f5fe05] Loading builtin types!
    [2026-01-15T00:47:05,032][INFO ][o.o.s.l.LogTypeService   ] [53e330f5fe05] Indexing [432] fieldMappingDocs from logTypes: 24
    [2026-01-15T00:47:05,047][WARN ][o.o.c.r.a.AllocationService] [53e330f5fe05] Falling back to single shard assignment since batch mode disable or multiple custom allocators set
    [2026-01-15T00:47:05,067][INFO ][o.o.s.l.LogTypeService   ] [53e330f5fe05] Indexing [432] fieldMappingDocs
    [2026-01-15T00:47:05,087][INFO ][o.o.p.PluginsService     ] [53e330f5fe05] PluginService:onIndexModule index:[.opensearch-sap-log-types-config/rhOuvkP1T9qTAehf3Gqf-g]
    [2026-01-15T00:47:05,091][INFO ][o.o.c.m.MetadataMappingService] [53e330f5fe05] [.opensearch-sap-log-types-config/rhOuvkP1T9qTAehf3Gqf-g] update_mapping [_doc]
    [2026-01-15T00:47:05,113][INFO ][o.o.p.PluginsService     ] [53e330f5fe05] PluginService:onIndexModule index:[.opensearch-sap-log-types-config/rhOuvkP1T9qTAehf3Gqf-g]
    [2026-01-15T00:47:05,116][INFO ][o.o.c.m.MetadataMappingService] [53e330f5fe05] [.opensearch-sap-log-types-config/rhOuvkP1T9qTAehf3Gqf-g] update_mapping [_doc]
    [2026-01-15T00:47:05,235][INFO ][o.o.s.l.LogTypeService   ] [53e330f5fe05] Loaded [432] field mapping docs successfully!
    [2026-01-15T00:47:05,245][INFO ][o.o.s.l.LogTypeService   ] [53e330f5fe05] Indexing [23] customLogTypes
    [2026-01-15T00:47:05,268][INFO ][o.o.s.l.LogTypeService   ] [53e330f5fe05] Loaded [23] customLogType docs successfully!
    [2026-01-15T00:47:05,268][INFO ][o.o.s.SecurityAnalyticsPlugin] [53e330f5fe05] LogType config index successfully created and builtin log types loaded
    [2026-01-15T00:47:05,846][INFO ][o.o.s.i.DetectorIndexManagementService] [53e330f5fe05] info deleteOldIndices
    [2026-01-15T00:47:05,847][INFO ][o.o.s.i.DetectorIndexManagementService] [53e330f5fe05] No Old Correlation Indices to delete
    [2026-01-15T00:47:05,848][INFO ][o.o.s.i.DetectorIndexManagementService] [53e330f5fe05] info deleteOldIndices
    [2026-01-15T00:47:05,848][INFO ][o.o.s.l.LogTypeService   ] [53e330f5fe05] Indexing [23] customLogTypes
    [2026-01-15T00:47:05,848][INFO ][o.o.s.i.DetectorIndexManagementService] [53e330f5fe05] No Old IOC Findings Indices to delete
    [2026-01-15T00:47:05,853][INFO ][o.o.s.l.LogTypeService   ] [53e330f5fe05] Indexing [23] customLogTypes
    [2026-01-15T00:47:05,880][INFO ][o.o.s.l.LogTypeService   ] [53e330f5fe05] Loaded [23] customLogType docs successfully!
    [2026-01-15T00:47:05,888][INFO ][o.o.s.l.LogTypeService   ] [53e330f5fe05] Loaded [23] customLogType docs successfully!
    [2026-01-15T00:47:05,917][INFO ][o.o.s.i.DetectorIndexManagementService] [53e330f5fe05] info deleteOldIndices
    [2026-01-15T00:47:05,917][INFO ][o.o.s.i.DetectorIndexManagementService] [53e330f5fe05] info deleteOldIndices
    [2026-01-15T00:47:05,918][INFO ][o.o.s.i.DetectorIndexManagementService] [53e330f5fe05] No Old Finding Indices to delete
    [2026-01-15T00:47:05,918][INFO ][o.o.s.i.DetectorIndexManagementService] [53e330f5fe05] No Old Alert Indices to delete
    [2026-01-15T00:47:12,397][INFO ][o.o.p.PluginsService     ] [53e330f5fe05] PluginService:onIndexModule index:[source_reconstruction_test/37DkTPmjTfC2loQYHHhb_w]
    [2026-01-15T00:47:12,407][INFO ][o.o.c.m.MetadataCreateIndexService] [53e330f5fe05] [source_reconstruction_test] creating index, cause [api], templates [], shards [1]/[0]
    [2026-01-15T00:47:12,408][WARN ][o.o.c.r.a.AllocationService] [53e330f5fe05] Falling back to single shard assignment since batch mode disable or multiple custom allocators set
    [2026-01-15T00:47:12,420][INFO ][o.o.p.PluginsService     ] [53e330f5fe05] PluginService:onIndexModule index:[source_reconstruction_test/37DkTPmjTfC2loQYHHhb_w]
    [2026-01-15T00:47:12,443][INFO ][o.o.c.r.a.AllocationService] [53e330f5fe05] Cluster health status changed from [YELLOW] to [GREEN] (reason: [shards started [[source_reconstruction_test][0]]]).
    [2026-01-15T00:47:12,453][WARN ][o.o.c.r.a.AllocationService] [53e330f5fe05] Falling back to single shard assignment since batch mode disable or multiple custom allocators set
    [2026-01-15T00:47:12,485][DEPRECATION][o.o.d.c.m.IndexNameExpressionResolver] [53e330f5fe05] this request accesses system indices: [.opensearch-observability], but in a future major version, direct access to system indices will be prevented by default
    [2026-01-15T00:47:12,508][INFO ][o.o.r.RepositoriesService] [53e330f5fe05] put repository [null]
    [2026-01-15T00:47:12,542][INFO ][o.o.s.SnapshotsService   ] [53e330f5fe05] snapshot [null:snap/xJVX1Bl-TDm7_zbBdRmHZQ] started
    [2026-01-15T00:47:12,621][INFO ][o.o.s.SnapshotsService   ] [53e330f5fe05] snapshot [null:snap/xJVX1Bl-TDm7_zbBdRmHZQ] completed with state [SUCCESS]
    [2026-01-15T00:47:14,838][INFO ][o.o.m.a.MLModelAutoReDeployer] [53e330f5fe05] Index not found, not performing auto reloading!
    [2026-01-15T00:47:14,838][INFO ][o.o.m.c.MLCommonsClusterManagerEventListener] [53e330f5fe05] Starting ML sync up job...


Gradle Test Executor 2 finished executing tests.

> Task :DocumentsFromSnapshotMigration:isolatedTest
Finished generating test XML results (0.021 secs) into: /Users/akurait/workplace/synthetic_source/DocumentsFromSnapshotMigration/build/test-results/isolatedTest
Generating HTML test report...
Finished generating test html results (0.022 secs) into: /Users/akurait/workplace/synthetic_source/DocumentsFromSnapshotMigration/build/reports/tests/isolatedTest
Stored cache entry for task ':DocumentsFromSnapshotMigration:isolatedTest' with cache key 7da217dad361d3dffa594e3b978570c0

0 problems were found storing the configuration cache.

See the complete report at file:///Users/akurait/workplace/synthetic_source/build/reports/configuration-cache/1iqk5x7veuvlqfawbs81767mg/7gk16t6he5ylglho7zcandpal/configuration-cache-report.html

[Incubating] Problems report is available at: file:///Users/akurait/workplace/synthetic_source/build/reports/problems/problems-report.html

Deprecated Gradle features were used in this build, making it incompatible with Gradle 9.0.

You can use '--warning-mode all' to show the individual deprecation warnings and determine if they come from your own scripts or plugins.

For more on this, please refer to https://docs.gradle.org/8.12.1/userguide/command_line_interface.html#sec:command_line_warnings in the Gradle documentation.

BUILD SUCCESSFUL in 8m 3s
99 actionable tasks: 2 executed, 97 up-to-date
Watched directory hierarchies: [/Users/akurait/workplace/synthetic_source]

Publishing build scan...
https://gradle.com/s/xwqbblxdcg7jc

Configuration cache entry stored.
Configuration Cache (/Users/akurait/workplace/synthetic_source/.gradle/configuration-cache) [subdir: /Users/akurait/workplace/synthetic_source/.gradle/configuration-cache/e0da8036-4279-41e7-be93-89f3a1c45e2b] cleanup deleted 26 files/directories.
